******************************************************************************
                  TI ARM Linker PC v18.12.2                    
******************************************************************************
>> Linked Sat Dec 14 17:12:43 2019

OUTPUT FILE NAME:   <Lab06_GPIO.out>
ENTRY POINT SYMBOL: "_c_int00_noargs"  address: 000011a5


MEMORY CONFIGURATION

         name            origin    length      used     unused   attr    fill
----------------------  --------  ---------  --------  --------  ----  --------
  MAIN                  00000000   00040000  00001288  0003ed78  R  X
  INFO                  00200000   00004000  00000000  00004000  R  X
  SRAM_CODE             01000000   00010000  00000276  0000fd8a  RW X
  SRAM_DATA             20000000   00010000  00000276  0000fd8a  RW  


SEGMENT ALLOCATION MAP

run origin  load origin   length   init length attrs members
----------  ----------- ---------- ----------- ----- -------
00000000    00000000    00001288   00001288    r-x
  00000000    00000000    000000e4   000000e4    r-- .intvecs
  000000e4    000000e4    00001134   00001134    r-x .text
  00001218    00001218    00000070   00000070    r-- .cinit
20000000    20000000    00000076   00000000    rw-
  20000000    20000000    0000006c   00000000    rw- .data
  2000006c    2000006c    0000000a   00000000    rw- .bss
2000fe00    2000fe00    00000200   00000000    rw-
  2000fe00    2000fe00    00000200   00000000    rw- .stack


SECTION ALLOCATION MAP

 output                                  attributes/
section   page    origin      length       input sections
--------  ----  ----------  ----------   ----------------
.intvecs   0    00000000    000000e4     
                  00000000    000000e4     startup_msp432p401r_ccs.obj (.intvecs:retain)

.text      0    000000e4    00001134     
                  000000e4    000006c8     TExaS.obj (.text)
                  000007ac    0000032c     system_msp432p401r.obj (.text)
                  00000ad8    000001fc     Reflectance.obj (.text)
                  00000cd4    000001e0     Clock.obj (.text)
                  00000eb4    000001a8     Lab06_GPIOmain.obj (.text)
                  0000105c    0000009c     rtsv7M4_T_le_v4SPD16_eabi.lib : memcpy_t2.asm.obj (.text)
                  000010f8    00000068                                   : copy_decompress_lzss.c.obj (.text:decompress:lzss:__TI_decompress_lzss)
                  00001160    00000044                                   : autoinit.c.obj (.text:__TI_auto_init_nobinit_nopinit:__TI_auto_init_nobinit_nopinit)
                  000011a4    00000034                                   : boot_cortex_m.c.obj (.text:_c_int00_noargs:_c_int00_noargs)
                  000011d8    0000001c                                   : copy_zero_init.c.obj (.text:decompress:ZI:__TI_zero_init_nomemset:__TI_zero_init_nomemset)
                  000011f4    0000000e                                   : copy_decompress_none.c.obj (.text:decompress:none:__TI_decompress_none)
                  00001202    0000000e     startup_msp432p401r_ccs.obj (.text)
                  00001210    00000004     rtsv7M4_T_le_v4SPD16_eabi.lib : pre_init.c.obj (.text:_system_pre_init)
                  00001214    00000004                                   : exit.c.obj (.text:abort:abort)

.cinit     0    00001218    00000070     
                  00001218    00000046     (.cinit..data.load) [load image, compression = lzss]
                  0000125e    00000002     --HOLE-- [fill = 0]
                  00001260    0000000c     (__TI_handler_table)
                  0000126c    00000004     --HOLE-- [fill = 0]
                  00001270    00000008     (.cinit..bss.load) [load image, compression = zero_init]
                  00001278    00000010     (__TI_cinit_table)

.init_array 
*          0    00000000    00000000     UNINITIALIZED

.binit     0    00000000    00000000     

.data      0    20000000    0000006c     UNINITIALIZED
                  20000000    00000020     Reflectance.obj (.data:HexPos)
                  20000020    00000020     Reflectance.obj (.data:W)
                  20000040    00000018     Clock.obj (.data)
                  20000058    0000000c     TExaS.obj (.data)
                  20000064    00000004     Reflectance.obj (.data)
                  20000068    00000004     system_msp432p401r.obj (.data)

.bss       0    2000006c    0000000a     UNINITIALIZED
                  2000006c    00000004     (.common:PeriodicTask2)
                  20000070    00000004     (.common:Position)
                  20000074    00000001     (.common:Data)
                  20000075    00000001     (.common:LogicData)

.stack     0    2000fe00    00000200     UNINITIALIZED
                  2000fe00    00000004     rtsv7M4_T_le_v4SPD16_eabi.lib : boot_cortex_m.c.obj (.stack)
                  2000fe04    000001fc     --HOLE--

MODULE SUMMARY

       Module                        code   ro data   rw data
       ------                        ----   -------   -------
    .\
       TExaS.obj                     1736   0         34     
       system_msp432p401r.obj        812    0         8      
       Reflectance.obj               508    0         136    
       Clock.obj                     480    0         48     
       Lab06_GPIOmain.obj            424    0         10     
       startup_msp432p401r_ccs.obj   14     228       0      
    +--+-----------------------------+------+---------+---------+
       Total:                        3974   228       236    
                                                             
    C:\ti\ccs910\ccs\tools\compiler\ti-cgt-arm_18.12.2.LTS\lib\rtsv7M4_T_le_v4SPD16_eabi.lib
       memcpy_t2.asm.obj             156    0         0      
       copy_decompress_lzss.c.obj    104    0         0      
       autoinit.c.obj                68     0         0      
       boot_cortex_m.c.obj           52     0         0      
       copy_zero_init.c.obj          28     0         0      
       copy_decompress_none.c.obj    14     0         0      
       exit.c.obj                    4      0         0      
       pre_init.c.obj                4      0         0      
    +--+-----------------------------+------+---------+---------+
       Total:                        430    0         0      
                                                             
       Stack:                        0      0         1024   
       Linker Generated:             0      106       0      
    +--+-----------------------------+------+---------+---------+
       Grand Total:                  4404   334       1260   


LINKER GENERATED COPY TABLES

__TI_cinit_table @ 00001278 records: 2, size/record: 8, table size: 16
	.data: load addr=00001218, load size=00000046 bytes, run addr=20000000, run size=0000006c bytes, compression=lzss
	.bss: load addr=00001270, load size=00000008 bytes, run addr=2000006c, run size=0000000a bytes, compression=zero_init


LINKER GENERATED HANDLER TABLE

__TI_handler_table @ 00001260 records: 3, size/record: 4, table size: 12
	index: 0, handler: __TI_decompress_lzss
	index: 1, handler: __TI_decompress_none
	index: 2, handler: __TI_zero_init


GLOBAL SYMBOLS: SORTED ALPHABETICALLY BY Name 

address   name                                   
-------   ----                                   
0000120f  ADC14_IRQHandler                       
000004f1  ADC_Init                               
0000120f  AES256_IRQHandler                      
0000120f  BusFault_Handler                       
00001215  C$$EXIT                                
0000120f  COMP_E0_IRQHandler                     
0000120f  COMP_E1_IRQHandler                     
20000048  CPMwait                                
0000120f  CS_IRQHandler                          
20000040  ClockFrequency                         
00000e29  Clock_Delay1ms                         
00000dff  Clock_Delay1us                         
00000deb  Clock_GetFreq                          
00000cd5  Clock_Init48MHz                        
20000054  Crystalstable                          
0000120f  DMA_ERR_IRQHandler                     
0000120f  DMA_INT0_IRQHandler                    
0000120f  DMA_INT1_IRQHandler                    
0000120f  DMA_INT2_IRQHandler                    
0000120f  DMA_INT3_IRQHandler                    
20000074  Data                                   
0000120f  DebugMon_Handler                       
0000120f  Default_Handler                        
0000120f  EUSCIA0_IRQHandler                     
0000120f  EUSCIA1_IRQHandler                     
0000120f  EUSCIA2_IRQHandler                     
0000120f  EUSCIA3_IRQHandler                     
0000120f  EUSCIB0_IRQHandler                     
0000120f  EUSCIB1_IRQHandler                     
0000120f  EUSCIB2_IRQHandler                     
0000120f  EUSCIB3_IRQHandler                     
0000120f  FLCTL_IRQHandler                       
0000120f  FPU_IRQHandler                         
0000120f  HardFault_Handler                      
20000000  HexPos                                 
20000050  IFlags                                 
000000e5  LogicAnalyzer                          
000000ef  LogicAnalyzer_P1                       
000001c5  LogicAnalyzer_P10                      
000000fd  LogicAnalyzer_P2                       
000001d3  LogicAnalyzer_P27_P26_P82_P92_P104_P105
0000010b  LogicAnalyzer_P2_7654                  
0000011b  LogicAnalyzer_P3                       
00000129  LogicAnalyzer_P4                       
00000147  LogicAnalyzer_P4_765320                
00000137  LogicAnalyzer_P4_765432                
0000017f  LogicAnalyzer_P5                       
0000020b  LogicAnalyzer_P55_P54_P27_P26_P37_P36  
0000018d  LogicAnalyzer_P6                       
0000019b  LogicAnalyzer_P7                       
000001a9  LogicAnalyzer_P8                       
000001b7  LogicAnalyzer_P9                       
20000075  LogicData                              
0000120f  MemManage_Handler                      
0000120f  NMI_Handler                            
0000120f  PCM_IRQHandler                         
0000120f  PORT1_IRQHandler                       
0000120f  PORT2_IRQHandler                       
0000120f  PORT3_IRQHandler                       
0000120f  PORT4_IRQHandler                       
0000120f  PORT5_IRQHandler                       
0000120f  PORT6_IRQHandler                       
0000120f  PSS_IRQHandler                         
0000120f  PendSV_Handler                         
2000006c  PeriodicTask2                          
000002b9  PeriodicTask2_Init                     
00000333  PeriodicTask2_Stop                     
20000070  Position                               
2000004c  Postwait                               
20000044  Prewait                                
00000eb5  Program6_1                             
0000120f  RTC_C_IRQHandler                       
00000bc3  Reflectance_Center                     
00000c67  Reflectance_End                        
00000ad9  Reflectance_Init                       
00000bcf  Reflectance_Position                   
00000b61  Reflectance_Read                       
00000c3d  Reflectance_Start                      
00001203  Reset_Handler                          
0000120f  SVC_Handler                            
00000235  Scope                                  
0000120f  SysTick_Handler                        
20000068  SystemCoreClock                        
000007ad  SystemCoreClockUpdate                  
00000a21  SystemInit                             
00000323  T32_INT1_IRQHandler                    
00000323  T32_INT1_IRQHandler                    
0000120f  T32_INT2_IRQHandler                    
0000120f  T32_INTC_IRQHandler                    
0000120f  TA0_0_IRQHandler                       
0000120f  TA0_N_IRQHandler                       
0000120f  TA1_0_IRQHandler                       
0000120f  TA1_N_IRQHandler                       
0000120f  TA2_0_IRQHandler                       
0000120f  TA2_N_IRQHandler                       
0000120f  TA3_0_IRQHandler                       
0000120f  TA3_N_IRQHandler                       
00000485  TExaS_Clear0                           
00000491  TExaS_Clear1                           
000004a5  TExaS_Clear2                           
000004b1  TExaS_Clear3                           
000004bd  TExaS_Clear4                           
000004bf  TExaS_Clear5                           
000004cb  TExaS_Clear6                           
000005b5  TExaS_Init                             
2000005c  TExaS_ScopeErrConflict                 
20000058  TExaS_ScopeErrLostData                 
20000060  TExaS_ScopeWrnReconfig                 
00000413  TExaS_Set                              
0000042b  TExaS_Set0                             
00000437  TExaS_Set1                             
00000443  TExaS_Set2                             
0000044f  TExaS_Set3                             
0000045b  TExaS_Set4                             
0000045d  TExaS_Set5                             
00000475  TExaS_Set6                             
00000741  TExaS_Stop                             
000003c9  TExaS_Task0                            
000003d5  TExaS_Task1                            
000003e1  TExaS_Task2                            
000003ed  TExaS_Task3                            
000003f9  TExaS_Task4                            
000003fb  TExaS_Task5                            
00000407  TExaS_Task6                            
0000039d  UART_InChar                            
00000343  UART_Init                              
000003ad  UART_OutChar                           
0000120f  UsageFault_Handler                     
20000020  W                                      
4000480c  WDTCTL_SYM                             
0000120f  WDT_A_IRQHandler                       
20010000  __STACK_END                            
00000200  __STACK_SIZE                           
00001278  __TI_CINIT_Base                        
00001288  __TI_CINIT_Limit                       
00001260  __TI_Handler_Table_Base                
0000126c  __TI_Handler_Table_Limit               
00001161  __TI_auto_init_nobinit_nopinit         
000010f9  __TI_decompress_lzss                   
000011f5  __TI_decompress_none                   
ffffffff  __TI_pprof_out_hndl                    
ffffffff  __TI_prof_data_size                    
ffffffff  __TI_prof_data_start                   
00000000  __TI_static_base__                     
000011d9  __TI_zero_init_nomemset                
0000105d  __aeabi_memcpy                         
0000105d  __aeabi_memcpy4                        
0000105d  __aeabi_memcpy8                        
ffffffff  __binit__                              
ffffffff  __c_args__                             
UNDEFED   __mpu_init                             
2000fe00  __stack                                
000011a5  _c_int00_noargs                        
UNDEFED   _system_post_cinit                     
00001211  _system_pre_init                       
00001215  abort                                  
ffffffff  binit                                  
00000df1  delay                                  
00000000  interruptVectors                       
20000064  line_result                            
00000ed9  main                                   
00000f03  main2                                  
00000fa3  main3                                  
0000105d  memcpy                                 


GLOBAL SYMBOLS: SORTED BY Symbol Address 

address   name                                   
-------   ----                                   
00000000  __TI_static_base__                     
00000000  interruptVectors                       
000000e5  LogicAnalyzer                          
000000ef  LogicAnalyzer_P1                       
000000fd  LogicAnalyzer_P2                       
0000010b  LogicAnalyzer_P2_7654                  
0000011b  LogicAnalyzer_P3                       
00000129  LogicAnalyzer_P4                       
00000137  LogicAnalyzer_P4_765432                
00000147  LogicAnalyzer_P4_765320                
0000017f  LogicAnalyzer_P5                       
0000018d  LogicAnalyzer_P6                       
0000019b  LogicAnalyzer_P7                       
000001a9  LogicAnalyzer_P8                       
000001b7  LogicAnalyzer_P9                       
000001c5  LogicAnalyzer_P10                      
000001d3  LogicAnalyzer_P27_P26_P82_P92_P104_P105
00000200  __STACK_SIZE                           
0000020b  LogicAnalyzer_P55_P54_P27_P26_P37_P36  
00000235  Scope                                  
000002b9  PeriodicTask2_Init                     
00000323  T32_INT1_IRQHandler                    
00000323  T32_INT1_IRQHandler                    
00000333  PeriodicTask2_Stop                     
00000343  UART_Init                              
0000039d  UART_InChar                            
000003ad  UART_OutChar                           
000003c9  TExaS_Task0                            
000003d5  TExaS_Task1                            
000003e1  TExaS_Task2                            
000003ed  TExaS_Task3                            
000003f9  TExaS_Task4                            
000003fb  TExaS_Task5                            
00000407  TExaS_Task6                            
00000413  TExaS_Set                              
0000042b  TExaS_Set0                             
00000437  TExaS_Set1                             
00000443  TExaS_Set2                             
0000044f  TExaS_Set3                             
0000045b  TExaS_Set4                             
0000045d  TExaS_Set5                             
00000475  TExaS_Set6                             
00000485  TExaS_Clear0                           
00000491  TExaS_Clear1                           
000004a5  TExaS_Clear2                           
000004b1  TExaS_Clear3                           
000004bd  TExaS_Clear4                           
000004bf  TExaS_Clear5                           
000004cb  TExaS_Clear6                           
000004f1  ADC_Init                               
000005b5  TExaS_Init                             
00000741  TExaS_Stop                             
000007ad  SystemCoreClockUpdate                  
00000a21  SystemInit                             
00000ad9  Reflectance_Init                       
00000b61  Reflectance_Read                       
00000bc3  Reflectance_Center                     
00000bcf  Reflectance_Position                   
00000c3d  Reflectance_Start                      
00000c67  Reflectance_End                        
00000cd5  Clock_Init48MHz                        
00000deb  Clock_GetFreq                          
00000df1  delay                                  
00000dff  Clock_Delay1us                         
00000e29  Clock_Delay1ms                         
00000eb5  Program6_1                             
00000ed9  main                                   
00000f03  main2                                  
00000fa3  main3                                  
0000105d  __aeabi_memcpy                         
0000105d  __aeabi_memcpy4                        
0000105d  __aeabi_memcpy8                        
0000105d  memcpy                                 
000010f9  __TI_decompress_lzss                   
00001161  __TI_auto_init_nobinit_nopinit         
000011a5  _c_int00_noargs                        
000011d9  __TI_zero_init_nomemset                
000011f5  __TI_decompress_none                   
00001203  Reset_Handler                          
0000120f  ADC14_IRQHandler                       
0000120f  AES256_IRQHandler                      
0000120f  BusFault_Handler                       
0000120f  COMP_E0_IRQHandler                     
0000120f  COMP_E1_IRQHandler                     
0000120f  CS_IRQHandler                          
0000120f  DMA_ERR_IRQHandler                     
0000120f  DMA_INT0_IRQHandler                    
0000120f  DMA_INT1_IRQHandler                    
0000120f  DMA_INT2_IRQHandler                    
0000120f  DMA_INT3_IRQHandler                    
0000120f  DebugMon_Handler                       
0000120f  Default_Handler                        
0000120f  EUSCIA0_IRQHandler                     
0000120f  EUSCIA1_IRQHandler                     
0000120f  EUSCIA2_IRQHandler                     
0000120f  EUSCIA3_IRQHandler                     
0000120f  EUSCIB0_IRQHandler                     
0000120f  EUSCIB1_IRQHandler                     
0000120f  EUSCIB2_IRQHandler                     
0000120f  EUSCIB3_IRQHandler                     
0000120f  FLCTL_IRQHandler                       
0000120f  FPU_IRQHandler                         
0000120f  HardFault_Handler                      
0000120f  MemManage_Handler                      
0000120f  NMI_Handler                            
0000120f  PCM_IRQHandler                         
0000120f  PORT1_IRQHandler                       
0000120f  PORT2_IRQHandler                       
0000120f  PORT3_IRQHandler                       
0000120f  PORT4_IRQHandler                       
0000120f  PORT5_IRQHandler                       
0000120f  PORT6_IRQHandler                       
0000120f  PSS_IRQHandler                         
0000120f  PendSV_Handler                         
0000120f  RTC_C_IRQHandler                       
0000120f  SVC_Handler                            
0000120f  SysTick_Handler                        
0000120f  T32_INT2_IRQHandler                    
0000120f  T32_INTC_IRQHandler                    
0000120f  TA0_0_IRQHandler                       
0000120f  TA0_N_IRQHandler                       
0000120f  TA1_0_IRQHandler                       
0000120f  TA1_N_IRQHandler                       
0000120f  TA2_0_IRQHandler                       
0000120f  TA2_N_IRQHandler                       
0000120f  TA3_0_IRQHandler                       
0000120f  TA3_N_IRQHandler                       
0000120f  UsageFault_Handler                     
0000120f  WDT_A_IRQHandler                       
00001211  _system_pre_init                       
00001215  C$$EXIT                                
00001215  abort                                  
00001260  __TI_Handler_Table_Base                
0000126c  __TI_Handler_Table_Limit               
00001278  __TI_CINIT_Base                        
00001288  __TI_CINIT_Limit                       
20000000  HexPos                                 
20000020  W                                      
20000040  ClockFrequency                         
20000044  Prewait                                
20000048  CPMwait                                
2000004c  Postwait                               
20000050  IFlags                                 
20000054  Crystalstable                          
20000058  TExaS_ScopeErrLostData                 
2000005c  TExaS_ScopeErrConflict                 
20000060  TExaS_ScopeWrnReconfig                 
20000064  line_result                            
20000068  SystemCoreClock                        
2000006c  PeriodicTask2                          
20000070  Position                               
20000074  Data                                   
20000075  LogicData                              
2000fe00  __stack                                
20010000  __STACK_END                            
4000480c  WDTCTL_SYM                             
ffffffff  __TI_pprof_out_hndl                    
ffffffff  __TI_prof_data_size                    
ffffffff  __TI_prof_data_start                   
ffffffff  __binit__                              
ffffffff  __c_args__                             
ffffffff  binit                                  
UNDEFED   __mpu_init                             
UNDEFED   _system_post_cinit                     

[164 symbols]
