******************************************************************************
                  TI ARM Linker PC v18.12.2                    
******************************************************************************
>> Linked Sat Dec 14 17:05:50 2019

OUTPUT FILE NAME:   <Lab15_ADC.out>
ENTRY POINT SYMBOL: "_c_int00_noargs"  address: 0000291d


MEMORY CONFIGURATION

         name            origin    length      used     unused   attr    fill
----------------------  --------  ---------  --------  --------  ----  --------
  MAIN                  00000000   00040000  00002bba  0003d446  R  X
  INFO                  00200000   00004000  00000000  00004000  R  X
  SRAM_CODE             01000000   00010000  00004638  0000b9c8  RW X
  SRAM_DATA             20000000   00010000  00004638  0000b9c8  RW  


SEGMENT ALLOCATION MAP

run origin  load origin   length   init length attrs members
----------  ----------- ---------- ----------- ----- -------
00000000    00000000    00002bc0   00002bc0    r-x
  00000000    00000000    000000e4   000000e4    r-- .intvecs
  000000e4    000000e4    00002a3e   00002a3e    r-x .text
  00002b28    00002b28    00000098   00000098    r-- .cinit
20000000    20000000    0000443c   00000000    rw-
  20000000    20000000    00003e2c   00000000    rw- .bss
  20003e30    20003e30    00000400   00000000    rw- .sysmem
  20004230    20004230    0000020c   00000000    rw- .data
2000fe00    2000fe00    00000200   00000000    rw-
  2000fe00    2000fe00    00000200   00000000    rw- .stack


SECTION ALLOCATION MAP

 output                                  attributes/
section   page    origin      length       input sections
--------  ----  ----------  ----------   ----------------
.intvecs   0    00000000    000000e4     
                  00000000    000000e4     startup_msp432p401r_ccs.obj (.intvecs:retain)

.text      0    000000e4    00002a3e     
                  000000e4    000007a8     Lab15_ADCmain.obj (.text)
                  0000088c    000006e0     UART0.obj (.text)
                  00000f6c    000003a0     LPF.obj (.text)
                  0000130c    0000032c     system_msp432p401r.obj (.text)
                  00001638    00000284     ADC14.obj (.text)
                  000018bc    000001e0     Clock.obj (.text)
                  00001a9c    0000010c     rtsv7M4_T_le_v4SPD16_eabi.lib : fopen.c.obj (.text:_openfile)
                  00001ba8    000000f4     LaunchPad.obj (.text)
                  00001c9c    000000f4     rtsv7M4_T_le_v4SPD16_eabi.lib : memory.c.obj (.text:aligned_alloc)
                  00001d90    000000e8                                   : memory.c.obj (.text:free)
                  00001e78    000000dc                                   : setvbuf.c.obj (.text:setvbuf)
                  00001f54    000000bc                                   : open.c.obj (.text:open)
                  00002010    000000b8                                   : add_device.c.obj (.text:add_device)
                  000020c8    0000009c                                   : fopen.c.obj (.text:fopen)
                  00002164    0000009c                                   : memcpy_t2.asm.obj (.text)
                  00002200    00000090     TimerA1.obj (.text)
                  00002290    0000007c     rtsv7M4_T_le_v4SPD16_eabi.lib : memory.c.obj (.text:split)
                  0000230c    0000007a                                   : memset_t2.asm.obj (.text)
                  00002386    00000002                                   : _lock.c.obj (.text:_nop)
                  00002388    00000074                                   : fclose.c.obj (.text:__TI_closefile)
                  000023fc    00000068                                   : hostlseek.c.obj (.text:HOSTlseek)
                  00002464    00000068                                   : hostrename.c.obj (.text:HOSTrename)
                  000024cc    00000068                                   : copy_decompress_lzss.c.obj (.text:decompress:lzss:__TI_decompress_lzss)
                  00002534    00000060                                   : hostopen.c.obj (.text:HOSTopen)
                  00002594    0000005c                                   : close.c.obj (.text:close)
                  000025f0    00000058                                   : hostread.c.obj (.text:HOSTread)
                  00002648    00000058                                   : hostwrite.c.obj (.text:HOSTwrite)
                  000026a0    0000004c                                   : fflush.c.obj (.text:__TI_doflush)
                  000026ec    00000048                                   : exit.c.obj (.text:exit)
                  00002734    00000044                                   : hostclose.c.obj (.text:HOSTclose)
                  00002778    00000044                                   : hostunlink.c.obj (.text:HOSTunlink)
                  000027bc    00000044                                   : autoinit.c.obj (.text:__TI_auto_init_nobinit_nopinit:__TI_auto_init_nobinit_nopinit)
                  00002800    00000044                                   : getdevice.c.obj (.text:getdevice)
                  00002844    00000038                                   : trgmsg.c.obj (.text:__TI_writemsg)
                  0000287c    00000036                                   : strncpy.c.obj (.text:strncpy)
                  000028b2    00000002     --HOLE-- [fill = 0]
                  000028b4    00000034                                   : fopen.c.obj (.text:__TI_cleanup)
                  000028e8    00000034                                   : trgmsg.c.obj (.text:__TI_readmsg)
                  0000291c    00000034                                   : boot_cortex_m.c.obj (.text:_c_int00_noargs:_c_int00_noargs)
                  00002950    00000034                                   : fopen.c.obj (.text:freopen)
                  00002984    00000030                                   : getdevice.c.obj (.text:finddevice)
                  000029b4    0000002c                                   : unlink.c.obj (.text:unlink)
                  000029e0    00000028                                   : memory.c.obj (.text:free_list_insert)
                  00002a08    00000028                                   : write.c.obj (.text:write)
                  00002a30    00000024     CortexM.obj (.text)
                  00002a54    00000024     IRDistance.obj (.text)
                  00002a78    0000001c     rtsv7M4_T_le_v4SPD16_eabi.lib : memory.c.obj (.text:free_list_remove)
                  00002a94    00000018                                   : strcmp.c.obj (.text:strcmp)
                  00002aac    00000016                                   : strchr.c.obj (.text:strchr)
                  00002ac2    00000014                                   : strcpy.c.obj (.text:strcpy)
                  00002ad6    00000014                                   : strlen.c.obj (.text:strlen)
                  00002aea    0000000e                                   : copy_decompress_none.c.obj (.text:decompress:none:__TI_decompress_none)
                  00002af8    0000000e     startup_msp432p401r_ccs.obj (.text)
                  00002b06    0000000c     rtsv7M4_T_le_v4SPD16_eabi.lib : copy_zero_init.c.obj (.text:decompress:ZI:__TI_zero_init)
                  00002b12    00000008                                   : memory.c.obj (.text:malloc)
                  00002b1a    00000004                                   : pre_init.c.obj (.text:_system_pre_init)
                  00002b1e    00000004                                   : exit.c.obj (.text:abort:abort)

.cinit     0    00002b28    00000098     
                  00002b28    00000071     (.cinit..data.load) [load image, compression = lzss]
                  00002b99    00000003     --HOLE-- [fill = 0]
                  00002b9c    0000000c     (__TI_handler_table)
                  00002ba8    00000008     (.cinit..bss.load) [load image, compression = zero_init]
                  00002bb0    00000010     (__TI_cinit_table)

.init_array 
*          0    00000000    00000000     UNINITIALIZED

.binit     0    00000000    00000000     

.bss       0    20000000    00003e2c     UNINITIALIZED
                  20000000    00001000     (.common:x)
                  20001000    00001000     (.common:x2)
                  20002000    00001000     (.common:x3)
                  20003000    00000800     (.common:Histogram)
                  20003800    00000400     (.common:Data)
                  20003c00    00000120     rtsv7M4_T_le_v4SPD16_eabi.lib : trgmsg.c.obj (.bss:_CIOBUF_)
                  20003d20    000000a0     (.common:__TI_tmpnams)
                  20003dc0    00000008     (.common:Messageb)
                  20003dc8    00000008     (.common:parmbuf)
                  20003dd0    00000004     (.common:ADCflag)
                  20003dd4    00000004     (.common:ADCvalue)
                  20003dd8    00000004     (.common:Average)
                  20003ddc    00000004     (.common:I1)
                  20003de0    00000004     (.common:LPFSum)
                  20003de4    00000004     (.common:LPFSum2)
                  20003de8    00000004     (.common:LPFSum3)
                  20003dec    00000004     (.common:Messageindexb)
                  20003df0    00000004     (.common:Pt)
                  20003df4    00000004     (.common:Pt2)
                  20003df8    00000004     (.common:Pt3)
                  20003dfc    00000004     (.common:Sigma)
                  20003e00    00000004     (.common:Size)
                  20003e04    00000004     (.common:Sum)
                  20003e08    00000004     (.common:Sum2)
                  20003e0c    00000004     (.common:TimerA1Task)
                  20003e10    00000004     (.common:Variance)
                  20003e14    00000004     (.common:nc)
                  20003e18    00000004     (.common:nl)
                  20003e1c    00000004     (.common:nr)
                  20003e20    00000004     (.common:u1)
                  20003e24    00000004     (.common:u2)
                  20003e28    00000004     (.common:u3)

.sysmem    0    20003e30    00000400     UNINITIALIZED
                  20003e30    00000010     rtsv7M4_T_le_v4SPD16_eabi.lib : memory.c.obj (.sysmem)
                  20003e40    000003f0     --HOLE--

.data      0    20004230    0000020c     UNINITIALIZED
                  20004230    000000f0     rtsv7M4_T_le_v4SPD16_eabi.lib : defs.c.obj (.data:_ftable)
                  20004320    00000078                                   : host_device.c.obj (.data:_device)
                  20004398    00000050                                   : host_device.c.obj (.data:_stream)
                  200043e8    00000018     Clock.obj (.data)
                  20004400    00000010     rtsv7M4_T_le_v4SPD16_eabi.lib : defs.c.obj (.data)
                  20004410    0000000c                                   : exit.c.obj (.data:$O1$$)
                  2000441c    00000008                                   : _lock.c.obj (.data:$O1$$)
                  20004424    00000008                                   : memory.c.obj (.data:$O1$$)
                  2000442c    00000004                                   : add_device.c.obj (.data)
                  20004430    00000004                                   : fopen.c.obj (.data)
                  20004434    00000004                                   : open.c.obj (.data)
                  20004438    00000004     system_msp432p401r.obj (.data)

.stack     0    2000fe00    00000200     UNINITIALIZED
                  2000fe00    00000004     rtsv7M4_T_le_v4SPD16_eabi.lib : boot_cortex_m.c.obj (.stack)
                  2000fe04    000001fc     --HOLE--

MODULE SUMMARY

       Module                        code    ro data   rw data
       ------                        ----    -------   -------
    ..\
       UART0.obj                     1760    0         24     
    +--+-----------------------------+-------+---------+---------+
       Total:                        1760    0         24     
                                                              
    .\
       LPF.obj                       928     0         24664  
       Lab15_ADCmain.obj             1960    0         6224   
       system_msp432p401r.obj        812     0         8      
       ADC14.obj                     644     0         0      
       Clock.obj                     480     0         48     
       LaunchPad.obj                 244     0         0      
       startup_msp432p401r_ccs.obj   14      228       0      
       TimerA1.obj                   144     0         8      
       CortexM.obj                   36      0         0      
       IRDistance.obj                36      0         0      
    +--+-----------------------------+-------+---------+---------+
       Total:                        5298    228       30952  
                                                              
    C:\ti\ccs910\ccs\tools\compiler\ti-cgt-arm_18.12.2.LTS\lib\rtsv7M4_T_le_v4SPD16_eabi.lib
       defs.c.obj                    0       0         832    
       memory.c.obj                  676     0         16     
       trgmsg.c.obj                  108     0         576    
       fopen.c.obj                   528     0         8      
       host_device.c.obj             0       0         400    
       setvbuf.c.obj                 220     0         0      
       open.c.obj                    188     0         8      
       add_device.c.obj              184     0         8      
       memcpy_t2.asm.obj             156     0         0      
       memset_t2.asm.obj             122     0         0      
       fclose.c.obj                  116     0         0      
       getdevice.c.obj               116     0         0      
       hostopen.c.obj                96      0         16     
       copy_decompress_lzss.c.obj    104     0         0      
       hostlseek.c.obj               104     0         0      
       hostrename.c.obj              104     0         0      
       exit.c.obj                    76      0         24     
       close.c.obj                   92      0         0      
       hostread.c.obj                88      0         0      
       hostwrite.c.obj               88      0         0      
       fflush.c.obj                  76      0         0      
       autoinit.c.obj                68      0         0      
       hostclose.c.obj               68      0         0      
       hostunlink.c.obj              68      0         0      
       strncpy.c.obj                 54      0         0      
       boot_cortex_m.c.obj           52      0         0      
       unlink.c.obj                  44      0         0      
       write.c.obj                   40      0         0      
       strcmp.c.obj                  24      0         0      
       strchr.c.obj                  22      0         0      
       strcpy.c.obj                  20      0         0      
       strlen.c.obj                  20      0         0      
       _lock.c.obj                   2       0         16     
       copy_decompress_none.c.obj    14      0         0      
       copy_zero_init.c.obj          12      0         0      
       pre_init.c.obj                4       0         0      
    +--+-----------------------------+-------+---------+---------+
       Total:                        3754    0         1904   
                                                              
       Heap:                         0       0         2048   
       Stack:                        0       0         1024   
       Linker Generated:             0       149       0      
    +--+-----------------------------+-------+---------+---------+
       Grand Total:                  10812   377       35952  


LINKER GENERATED COPY TABLES

__TI_cinit_table @ 00002bb0 records: 2, size/record: 8, table size: 16
	.data: load addr=00002b28, load size=00000071 bytes, run addr=20004230, run size=0000020c bytes, compression=lzss
	.bss: load addr=00002ba8, load size=00000008 bytes, run addr=20000000, run size=00003e2c bytes, compression=zero_init


LINKER GENERATED HANDLER TABLE

__TI_handler_table @ 00002b9c records: 3, size/record: 4, table size: 12
	index: 0, handler: __TI_decompress_lzss
	index: 1, handler: __TI_decompress_none
	index: 2, handler: __TI_zero_init


GLOBAL SYMBOLS: SORTED ALPHABETICALLY BY Name 

address   name                           
-------   ----                           
000017e7  ADC0_InitSWTriggerCh12         
00001735  ADC0_InitSWTriggerCh14         
0000173b  ADC0_InitSWTriggerCh17_14_16   
000017ed  ADC0_InitSWTriggerCh19         
0000174b  ADC0_InitSWTriggerCh21_22_23   
0000185d  ADC0_InitSWTriggerCh23         
00001639  ADC0_InitSWTriggerCh6          
000016a9  ADC0_InitSWTriggerCh67         
00002b05  ADC14_IRQHandler               
000017e9  ADC_In12                       
00001737  ADC_In14                       
0000173d  ADC_In17_14_16                 
0000183d  ADC_In19                       
000017a7  ADC_In21_22_23                 
0000185f  ADC_In23                       
00001689  ADC_In6                        
000016ff  ADC_In67                       
20003dd0  ADCflag                        
20003dd4  ADCvalue                       
00002b05  AES256_IRQHandler              
20003dd8  Average                        
00002b05  BusFault_Handler               
00002b1f  C$$EXIT                        
00002873  C$$IO$$                        
00002b05  COMP_E0_IRQHandler             
00002b05  COMP_E1_IRQHandler             
200043f0  CPMwait                        
00002b05  CS_IRQHandler                  
00002a61  CenterConvert                  
200043e8  ClockFrequency                 
00001a11  Clock_Delay1ms                 
000019e7  Clock_Delay1us                 
000019d3  Clock_GetFreq                  
000018bd  Clock_Init48MHz                
200043fc  Crystalstable                  
00002b05  DMA_ERR_IRQHandler             
00002b05  DMA_INT0_IRQHandler            
00002b05  DMA_INT1_IRQHandler            
00002b05  DMA_INT2_IRQHandler            
00002b05  DMA_INT3_IRQHandler            
20003800  Data                           
00002b05  DebugMon_Handler               
00002b05  Default_Handler                
00002a31  DisableInterrupts              
00002b05  EUSCIA0_IRQHandler             
00002b05  EUSCIA1_IRQHandler             
00002b05  EUSCIA2_IRQHandler             
00002b05  EUSCIA3_IRQHandler             
00002b05  EUSCIB0_IRQHandler             
00002b05  EUSCIB1_IRQHandler             
00002b05  EUSCIB2_IRQHandler             
00002b05  EUSCIB3_IRQHandler             
00002a37  EnableInterrupts               
00002a47  EndCritical                    
00002b05  FLCTL_IRQHandler               
00002b05  FPU_IRQHandler                 
00002735  HOSTclose                      
000023fd  HOSTlseek                      
00002535  HOSTopen                       
000025f1  HOSTread                       
00002465  HOSTrename                     
00002779  HOSTunlink                     
00002649  HOSTwrite                      
00002b05  HardFault_Handler              
20003000  Histogram                      
20003ddc  I1                             
200043f8  IFlags                         
20003de0  LPFSum                         
20003de4  LPFSum2                        
20003de8  LPFSum3                        
00001081  LPF_Calc                       
00001129  LPF_Calc2                      
000011ed  LPF_Calc3                      
00000fc1  LPF_Calc_old                   
00001023  LPF_Init                       
000010d5  LPF_Init2                      
0000118b  LPF_Init3                      
00000f6d  LPF_Init_old                   
00001ba9  LaunchPad_Init                 
00001c19  LaunchPad_Input                
00001c33  LaunchPad_LED                  
00001c51  LaunchPad_Output               
00002a55  LeftConvert                    
00001255  Median                         
00002b05  MemManage_Handler              
20003dc0  Messageb                       
20003dec  Messageindexb                  
00002b05  NMI_Handler                    
00002b05  PCM_IRQHandler                 
00002b05  PORT1_IRQHandler               
00002b05  PORT2_IRQHandler               
00002b05  PORT3_IRQHandler               
00002b05  PORT4_IRQHandler               
00002b05  PORT5_IRQHandler               
00002b05  PORT6_IRQHandler               
00002b05  PSS_IRQHandler                 
00002b05  PendSV_Handler                 
200043f4  Postwait                       
200043ec  Prewait                        
00000161  Program15_1                    
000000e5  Program15_1_ISR                
00000581  Program15_2                    
00000525  Program15_2_ISR                
20003df0  Pt                             
20003df4  Pt2                            
20003df8  Pt3                            
00002b05  RTC_C_IRQHandler               
00002af9  Reset_Handler                  
00002a6d  RightConvert                   
00002b05  SVC_Handler                    
20003dfc  Sigma                          
20003e00  Size                           
00002a3d  StartCritical                  
20003e04  Sum                            
20003e08  Sum2                           
00002b05  SysTick_Handler                
20004438  SystemCoreClock                
0000130d  SystemCoreClockUpdate          
00001581  SystemInit                     
00002b05  T32_INT1_IRQHandler            
00002b05  T32_INT2_IRQHandler            
00002b05  T32_INTC_IRQHandler            
00002b05  TA0_0_IRQHandler               
00002b05  TA0_N_IRQHandler               
00002261  TA1_0_IRQHandler               
00002261  TA1_0_IRQHandler               
00002b05  TA1_N_IRQHandler               
00002b05  TA2_0_IRQHandler               
00002b05  TA2_N_IRQHandler               
00002b05  TA3_0_IRQHandler               
00002b05  TA3_N_IRQHandler               
20003e0c  TimerA1Task                    
00002201  TimerA1_Init                   
0000225f  TimerA1_Stop                   
000008d3  UART0_InChar                   
00000d7d  UART0_InString                 
0000091d  UART0_InUDec                   
00000c31  UART0_InUHex                   
0000088d  UART0_Init                     
00000edf  UART0_Initprintf               
000008e3  UART0_OutChar                  
000009d1  UART0_OutSDec                  
000008ff  UART0_OutString                
000009a1  UART0_OutUDec                  
00000b45  UART0_OutUDec4                 
00000b8d  UART0_OutUDec5                 
00000bbf  UART0_OutUFix1                 
00000be7  UART0_OutUFix2                 
00000cf5  UART0_OutUHex                  
00000d61  UART0_OutUHex2                 
00002b05  UsageFault_Handler             
20003e10  Variance                       
4000480c  WDTCTL_SYM                     
00002b05  WDT_A_IRQHandler               
00002a4f  WaitForInterrupt               
20003c00  __CIOBUF_                      
20010000  __STACK_END                    
00000200  __STACK_SIZE                   
00000400  __SYSMEM_SIZE                  
00002bb0  __TI_CINIT_Base                
00002bc0  __TI_CINIT_Limit               
00002b9c  __TI_Handler_Table_Base        
00002ba8  __TI_Handler_Table_Limit       
000027bd  __TI_auto_init_nobinit_nopinit 
000028b5  __TI_cleanup                   
20004410  __TI_cleanup_ptr               
00002389  __TI_closefile                 
000024cd  __TI_decompress_lzss           
00002aeb  __TI_decompress_none           
000026a1  __TI_doflush                   
20004414  __TI_dtors_ptr                 
20004418  __TI_enable_exit_profile_output
20004400  __TI_ft_end                    
ffffffff  __TI_pprof_out_hndl            
ffffffff  __TI_prof_data_size            
ffffffff  __TI_prof_data_start           
000028e9  __TI_readmsg                   
00000000  __TI_static_base__             
20003d20  __TI_tmpnams                   
00002845  __TI_writemsg                  
00002b07  __TI_zero_init                 
0000230d  __aeabi_memclr                 
0000230d  __aeabi_memclr4                
0000230d  __aeabi_memclr8                
00002165  __aeabi_memcpy                 
00002165  __aeabi_memcpy4                
00002165  __aeabi_memcpy8                
0000230f  __aeabi_memset                 
0000230f  __aeabi_memset4                
0000230f  __aeabi_memset8                
2000440c  __aeabi_stderr                 
20004404  __aeabi_stdin                  
20004408  __aeabi_stdout                 
ffffffff  __binit__                      
ffffffff  __c_args__                     
UNDEFED   __mpu_init                     
2000fe00  __stack                        
0000291d  _c_int00_noargs                
20004320  _device                        
20004230  _ftable                        
2000441c  _lock                          
00002387  _nop                           
20004398  _stream                        
20003e30  _sys_memory                    
UNDEFED   _system_post_cinit             
00002b1b  _system_pre_init               
20004420  _unlock                        
00002b1f  abort                          
00002011  add_device                     
00001c9d  aligned_alloc                  
ffffffff  binit                          
00002595  close                          
000019d9  delay                          
000026ed  exit                           
00000e11  ferror                         
00000df7  fgetc                          
00002985  finddevice                     
000020c9  fopen                          
00001d91  free                           
00002951  freopen                        
00002801  getdevice                      
00000000  interruptVectors               
0000068d  main                           
00002b13  malloc                         
00001c9d  memalign                       
00002165  memcpy                         
00002315  memset                         
20003e14  nc                             
20003e18  nl                             
20003e1c  nr                             
00001f55  open                           
00000d39  outnibble                      
20003dc8  parmbuf                        
000029b5  remove                         
00001e79  setvbuf                        
0000011d  sqrt                           
00002aad  strchr                         
00002a95  strcmp                         
00002ac3  strcpy                         
00002ad7  strlen                         
0000287d  strncpy                        
20003e20  u1                             
20003e24  u2                             
20003e28  u3                             
00000e37  uart_close                     
00000eb5  uart_lseek                     
00000e27  uart_open                      
00000e43  uart_read                      
00000ed1  uart_rename                    
00000ec5  uart_unlink                    
00000e73  uart_write                     
000029b5  unlink                         
00002a09  write                          
20000000  x                              
20001000  x2                             
20002000  x3                             


GLOBAL SYMBOLS: SORTED BY Symbol Address 

address   name                           
-------   ----                           
00000000  __TI_static_base__             
00000000  interruptVectors               
000000e5  Program15_1_ISR                
0000011d  sqrt                           
00000161  Program15_1                    
00000200  __STACK_SIZE                   
00000400  __SYSMEM_SIZE                  
00000525  Program15_2_ISR                
00000581  Program15_2                    
0000068d  main                           
0000088d  UART0_Init                     
000008d3  UART0_InChar                   
000008e3  UART0_OutChar                  
000008ff  UART0_OutString                
0000091d  UART0_InUDec                   
000009a1  UART0_OutUDec                  
000009d1  UART0_OutSDec                  
00000b45  UART0_OutUDec4                 
00000b8d  UART0_OutUDec5                 
00000bbf  UART0_OutUFix1                 
00000be7  UART0_OutUFix2                 
00000c31  UART0_InUHex                   
00000cf5  UART0_OutUHex                  
00000d39  outnibble                      
00000d61  UART0_OutUHex2                 
00000d7d  UART0_InString                 
00000df7  fgetc                          
00000e11  ferror                         
00000e27  uart_open                      
00000e37  uart_close                     
00000e43  uart_read                      
00000e73  uart_write                     
00000eb5  uart_lseek                     
00000ec5  uart_unlink                    
00000ed1  uart_rename                    
00000edf  UART0_Initprintf               
00000f6d  LPF_Init_old                   
00000fc1  LPF_Calc_old                   
00001023  LPF_Init                       
00001081  LPF_Calc                       
000010d5  LPF_Init2                      
00001129  LPF_Calc2                      
0000118b  LPF_Init3                      
000011ed  LPF_Calc3                      
00001255  Median                         
0000130d  SystemCoreClockUpdate          
00001581  SystemInit                     
00001639  ADC0_InitSWTriggerCh6          
00001689  ADC_In6                        
000016a9  ADC0_InitSWTriggerCh67         
000016ff  ADC_In67                       
00001735  ADC0_InitSWTriggerCh14         
00001737  ADC_In14                       
0000173b  ADC0_InitSWTriggerCh17_14_16   
0000173d  ADC_In17_14_16                 
0000174b  ADC0_InitSWTriggerCh21_22_23   
000017a7  ADC_In21_22_23                 
000017e7  ADC0_InitSWTriggerCh12         
000017e9  ADC_In12                       
000017ed  ADC0_InitSWTriggerCh19         
0000183d  ADC_In19                       
0000185d  ADC0_InitSWTriggerCh23         
0000185f  ADC_In23                       
000018bd  Clock_Init48MHz                
000019d3  Clock_GetFreq                  
000019d9  delay                          
000019e7  Clock_Delay1us                 
00001a11  Clock_Delay1ms                 
00001ba9  LaunchPad_Init                 
00001c19  LaunchPad_Input                
00001c33  LaunchPad_LED                  
00001c51  LaunchPad_Output               
00001c9d  aligned_alloc                  
00001c9d  memalign                       
00001d91  free                           
00001e79  setvbuf                        
00001f55  open                           
00002011  add_device                     
000020c9  fopen                          
00002165  __aeabi_memcpy                 
00002165  __aeabi_memcpy4                
00002165  __aeabi_memcpy8                
00002165  memcpy                         
00002201  TimerA1_Init                   
0000225f  TimerA1_Stop                   
00002261  TA1_0_IRQHandler               
00002261  TA1_0_IRQHandler               
0000230d  __aeabi_memclr                 
0000230d  __aeabi_memclr4                
0000230d  __aeabi_memclr8                
0000230f  __aeabi_memset                 
0000230f  __aeabi_memset4                
0000230f  __aeabi_memset8                
00002315  memset                         
00002387  _nop                           
00002389  __TI_closefile                 
000023fd  HOSTlseek                      
00002465  HOSTrename                     
000024cd  __TI_decompress_lzss           
00002535  HOSTopen                       
00002595  close                          
000025f1  HOSTread                       
00002649  HOSTwrite                      
000026a1  __TI_doflush                   
000026ed  exit                           
00002735  HOSTclose                      
00002779  HOSTunlink                     
000027bd  __TI_auto_init_nobinit_nopinit 
00002801  getdevice                      
00002845  __TI_writemsg                  
00002873  C$$IO$$                        
0000287d  strncpy                        
000028b5  __TI_cleanup                   
000028e9  __TI_readmsg                   
0000291d  _c_int00_noargs                
00002951  freopen                        
00002985  finddevice                     
000029b5  remove                         
000029b5  unlink                         
00002a09  write                          
00002a31  DisableInterrupts              
00002a37  EnableInterrupts               
00002a3d  StartCritical                  
00002a47  EndCritical                    
00002a4f  WaitForInterrupt               
00002a55  LeftConvert                    
00002a61  CenterConvert                  
00002a6d  RightConvert                   
00002a95  strcmp                         
00002aad  strchr                         
00002ac3  strcpy                         
00002ad7  strlen                         
00002aeb  __TI_decompress_none           
00002af9  Reset_Handler                  
00002b05  ADC14_IRQHandler               
00002b05  AES256_IRQHandler              
00002b05  BusFault_Handler               
00002b05  COMP_E0_IRQHandler             
00002b05  COMP_E1_IRQHandler             
00002b05  CS_IRQHandler                  
00002b05  DMA_ERR_IRQHandler             
00002b05  DMA_INT0_IRQHandler            
00002b05  DMA_INT1_IRQHandler            
00002b05  DMA_INT2_IRQHandler            
00002b05  DMA_INT3_IRQHandler            
00002b05  DebugMon_Handler               
00002b05  Default_Handler                
00002b05  EUSCIA0_IRQHandler             
00002b05  EUSCIA1_IRQHandler             
00002b05  EUSCIA2_IRQHandler             
00002b05  EUSCIA3_IRQHandler             
00002b05  EUSCIB0_IRQHandler             
00002b05  EUSCIB1_IRQHandler             
00002b05  EUSCIB2_IRQHandler             
00002b05  EUSCIB3_IRQHandler             
00002b05  FLCTL_IRQHandler               
00002b05  FPU_IRQHandler                 
00002b05  HardFault_Handler              
00002b05  MemManage_Handler              
00002b05  NMI_Handler                    
00002b05  PCM_IRQHandler                 
00002b05  PORT1_IRQHandler               
00002b05  PORT2_IRQHandler               
00002b05  PORT3_IRQHandler               
00002b05  PORT4_IRQHandler               
00002b05  PORT5_IRQHandler               
00002b05  PORT6_IRQHandler               
00002b05  PSS_IRQHandler                 
00002b05  PendSV_Handler                 
00002b05  RTC_C_IRQHandler               
00002b05  SVC_Handler                    
00002b05  SysTick_Handler                
00002b05  T32_INT1_IRQHandler            
00002b05  T32_INT2_IRQHandler            
00002b05  T32_INTC_IRQHandler            
00002b05  TA0_0_IRQHandler               
00002b05  TA0_N_IRQHandler               
00002b05  TA1_N_IRQHandler               
00002b05  TA2_0_IRQHandler               
00002b05  TA2_N_IRQHandler               
00002b05  TA3_0_IRQHandler               
00002b05  TA3_N_IRQHandler               
00002b05  UsageFault_Handler             
00002b05  WDT_A_IRQHandler               
00002b07  __TI_zero_init                 
00002b13  malloc                         
00002b1b  _system_pre_init               
00002b1f  C$$EXIT                        
00002b1f  abort                          
00002b9c  __TI_Handler_Table_Base        
00002ba8  __TI_Handler_Table_Limit       
00002bb0  __TI_CINIT_Base                
00002bc0  __TI_CINIT_Limit               
20000000  x                              
20001000  x2                             
20002000  x3                             
20003000  Histogram                      
20003800  Data                           
20003c00  __CIOBUF_                      
20003d20  __TI_tmpnams                   
20003dc0  Messageb                       
20003dc8  parmbuf                        
20003dd0  ADCflag                        
20003dd4  ADCvalue                       
20003dd8  Average                        
20003ddc  I1                             
20003de0  LPFSum                         
20003de4  LPFSum2                        
20003de8  LPFSum3                        
20003dec  Messageindexb                  
20003df0  Pt                             
20003df4  Pt2                            
20003df8  Pt3                            
20003dfc  Sigma                          
20003e00  Size                           
20003e04  Sum                            
20003e08  Sum2                           
20003e0c  TimerA1Task                    
20003e10  Variance                       
20003e14  nc                             
20003e18  nl                             
20003e1c  nr                             
20003e20  u1                             
20003e24  u2                             
20003e28  u3                             
20003e30  _sys_memory                    
20004230  _ftable                        
20004320  _device                        
20004398  _stream                        
200043e8  ClockFrequency                 
200043ec  Prewait                        
200043f0  CPMwait                        
200043f4  Postwait                       
200043f8  IFlags                         
200043fc  Crystalstable                  
20004400  __TI_ft_end                    
20004404  __aeabi_stdin                  
20004408  __aeabi_stdout                 
2000440c  __aeabi_stderr                 
20004410  __TI_cleanup_ptr               
20004414  __TI_dtors_ptr                 
20004418  __TI_enable_exit_profile_output
2000441c  _lock                          
20004420  _unlock                        
20004438  SystemCoreClock                
2000fe00  __stack                        
20010000  __STACK_END                    
4000480c  WDTCTL_SYM                     
ffffffff  __TI_pprof_out_hndl            
ffffffff  __TI_prof_data_size            
ffffffff  __TI_prof_data_start           
ffffffff  __binit__                      
ffffffff  __c_args__                     
ffffffff  binit                          
UNDEFED   __mpu_init                     
UNDEFED   _system_post_cinit             

[256 symbols]
