******************************************************************************
                  TI ARM Linker PC v18.12.2                    
******************************************************************************
>> Linked Mon Nov 18 14:38:57 2019

OUTPUT FILE NAME:   <ProfileSqrt.out>
ENTRY POINT SYMBOL: "_c_int00_noargs"  address: 000005fd


MEMORY CONFIGURATION

         name            origin    length      used     unused   attr    fill
----------------------  --------  ---------  --------  --------  ----  --------
  MAIN                  00000000   00040000  000006a0  0003f960  R  X
  INFO                  00200000   00004000  00000000  00004000  R  X
  SRAM_CODE             01000000   00010000  00000214  0000fdec  RW X
  SRAM_DATA             20000000   00010000  00000214  0000fdec  RW  


SEGMENT ALLOCATION MAP

run origin  load origin   length   init length attrs members
----------  ----------- ---------- ----------- ----- -------
00000000    00000000    000006a0   000006a0    r-x
  00000000    00000000    000000e4   000000e4    r-- .intvecs
  000000e4    000000e4    0000058c   0000058c    r-x .text
  00000670    00000670    00000030   00000030    r-- .cinit
20000000    20000000    00000014   00000000    rw-
  20000000    20000000    00000010   00000000    rw- .bss
  20000010    20000010    00000004   00000000    rw- .data
2000fe00    2000fe00    00000200   00000000    rw-
  2000fe00    2000fe00    00000200   00000000    rw- .stack


SECTION ALLOCATION MAP

 output                                  attributes/
section   page    origin      length       input sections
--------  ----  ----------  ----------   ----------------
.intvecs   0    00000000    000000e4     
                  00000000    000000e4     startup_msp432p401r_ccs.obj (.intvecs:retain)

.text      0    000000e4    0000058c     
                  000000e4    0000032c     system_msp432p401r.obj (.text)
                  00000410    000000a4     ProfileSqrt.obj (.text)
                  000004b4    0000009c     rtsv7M4_T_le_v4SPD16_eabi.lib : memcpy_t2.asm.obj (.text)
                  00000550    00000068                                   : copy_decompress_lzss.c.obj (.text:decompress:lzss:__TI_decompress_lzss)
                  000005b8    00000044                                   : autoinit.c.obj (.text:__TI_auto_init_nobinit_nopinit:__TI_auto_init_nobinit_nopinit)
                  000005fc    00000034                                   : boot_cortex_m.c.obj (.text:_c_int00_noargs:_c_int00_noargs)
                  00000630    0000001c                                   : copy_zero_init.c.obj (.text:decompress:ZI:__TI_zero_init_nomemset:__TI_zero_init_nomemset)
                  0000064c    0000000e                                   : copy_decompress_none.c.obj (.text:decompress:none:__TI_decompress_none)
                  0000065a    0000000e     startup_msp432p401r_ccs.obj (.text)
                  00000668    00000004     rtsv7M4_T_le_v4SPD16_eabi.lib : pre_init.c.obj (.text:_system_pre_init)
                  0000066c    00000004                                   : exit.c.obj (.text:abort:abort)

.cinit     0    00000670    00000030     
                  00000670    0000000c     (__TI_handler_table)
                  0000067c    00000004     --HOLE-- [fill = 0]
                  00000680    00000008     (.cinit..bss.load) [load image, compression = zero_init]
                  00000688    00000008     (.cinit..data.load) [load image, compression = lzss]
                  00000690    00000010     (__TI_cinit_table)

.init_array 
*          0    00000000    00000000     UNINITIALIZED

.binit     0    00000000    00000000     

.bss       0    20000000    00000010     UNINITIALIZED
                  20000000    00000004     (.common:before)
                  20000004    00000004     (.common:elapsed)
                  20000008    00000004     (.common:ss)
                  2000000c    00000004     (.common:tt)

.data      0    20000010    00000004     UNINITIALIZED
                  20000010    00000004     system_msp432p401r.obj (.data)

.stack     0    2000fe00    00000200     UNINITIALIZED
                  2000fe00    00000004     rtsv7M4_T_le_v4SPD16_eabi.lib : boot_cortex_m.c.obj (.stack)
                  2000fe04    000001fc     --HOLE--

MODULE SUMMARY

       Module                        code   ro data   rw data
       ------                        ----   -------   -------
    .\
       system_msp432p401r.obj        812    0         8      
       startup_msp432p401r_ccs.obj   14     228       0      
       ProfileSqrt.obj               164    0         32     
    +--+-----------------------------+------+---------+---------+
       Total:                        990    228       40     
                                                             
    C:\ti\ccs910\ccs\tools\compiler\ti-cgt-arm_18.12.2.LTS\lib\rtsv7M4_T_le_v4SPD16_eabi.lib
       memcpy_t2.asm.obj             156    0         0      
       copy_decompress_lzss.c.obj    104    0         0      
       autoinit.c.obj                68     0         0      
       boot_cortex_m.c.obj           52     0         0      
       copy_zero_init.c.obj          28     0         0      
       copy_decompress_none.c.obj    14     0         0      
       exit.c.obj                    4      0         0      
       pre_init.c.obj                4      0         0      
    +--+-----------------------------+------+---------+---------+
       Total:                        430    0         0      
                                                             
       Stack:                        0      0         1024   
       Linker Generated:             0      44        0      
    +--+-----------------------------+------+---------+---------+
       Grand Total:                  1420   272       1064   


LINKER GENERATED COPY TABLES

__TI_cinit_table @ 00000690 records: 2, size/record: 8, table size: 16
	.bss: load addr=00000680, load size=00000008 bytes, run addr=20000000, run size=00000010 bytes, compression=zero_init
	.data: load addr=00000688, load size=00000008 bytes, run addr=20000010, run size=00000004 bytes, compression=lzss


LINKER GENERATED HANDLER TABLE

__TI_handler_table @ 00000670 records: 3, size/record: 4, table size: 12
	index: 0, handler: __TI_decompress_lzss
	index: 1, handler: __TI_decompress_none
	index: 2, handler: __TI_zero_init


GLOBAL SYMBOLS: SORTED ALPHABETICALLY BY Name 

address   name                          
-------   ----                          
00000667  ADC14_IRQHandler              
00000667  AES256_IRQHandler             
00000667  BusFault_Handler              
0000066d  C$$EXIT                       
00000667  COMP_E0_IRQHandler            
00000667  COMP_E1_IRQHandler            
00000667  CS_IRQHandler                 
00000667  DMA_ERR_IRQHandler            
00000667  DMA_INT0_IRQHandler           
00000667  DMA_INT1_IRQHandler           
00000667  DMA_INT2_IRQHandler           
00000667  DMA_INT3_IRQHandler           
00000667  DebugMon_Handler              
00000667  Default_Handler               
00000667  EUSCIA0_IRQHandler            
00000667  EUSCIA1_IRQHandler            
00000667  EUSCIA2_IRQHandler            
00000667  EUSCIA3_IRQHandler            
00000667  EUSCIB0_IRQHandler            
00000667  EUSCIB1_IRQHandler            
00000667  EUSCIB2_IRQHandler            
00000667  EUSCIB3_IRQHandler            
00000667  FLCTL_IRQHandler              
00000667  FPU_IRQHandler                
00000667  HardFault_Handler             
00000667  MemManage_Handler             
00000667  NMI_Handler                   
00000667  PCM_IRQHandler                
00000667  PORT1_IRQHandler              
00000667  PORT2_IRQHandler              
00000667  PORT3_IRQHandler              
00000667  PORT4_IRQHandler              
00000667  PORT5_IRQHandler              
00000667  PORT6_IRQHandler              
00000667  PSS_IRQHandler                
00000667  PendSV_Handler                
00000667  RTC_C_IRQHandler              
0000065b  Reset_Handler                 
00000667  SVC_Handler                   
00000667  SysTick_Handler               
00000411  SysTick_Init                  
20000010  SystemCoreClock               
000000e5  SystemCoreClockUpdate         
00000359  SystemInit                    
00000667  T32_INT1_IRQHandler           
00000667  T32_INT2_IRQHandler           
00000667  T32_INTC_IRQHandler           
00000667  TA0_0_IRQHandler              
00000667  TA0_N_IRQHandler              
00000667  TA1_0_IRQHandler              
00000667  TA1_N_IRQHandler              
00000667  TA2_0_IRQHandler              
00000667  TA2_N_IRQHandler              
00000667  TA3_0_IRQHandler              
00000667  TA3_N_IRQHandler              
00000667  UsageFault_Handler            
4000480c  WDTCTL_SYM                    
00000667  WDT_A_IRQHandler              
20010000  __STACK_END                   
00000200  __STACK_SIZE                  
00000690  __TI_CINIT_Base               
000006a0  __TI_CINIT_Limit              
00000670  __TI_Handler_Table_Base       
0000067c  __TI_Handler_Table_Limit      
000005b9  __TI_auto_init_nobinit_nopinit
00000551  __TI_decompress_lzss          
0000064d  __TI_decompress_none          
ffffffff  __TI_pprof_out_hndl           
ffffffff  __TI_prof_data_size           
ffffffff  __TI_prof_data_start          
00000000  __TI_static_base__            
00000631  __TI_zero_init_nomemset       
000004b5  __aeabi_memcpy                
000004b5  __aeabi_memcpy4               
000004b5  __aeabi_memcpy8               
ffffffff  __binit__                     
ffffffff  __c_args__                    
UNDEFED   __mpu_init                    
2000fe00  __stack                       
000005fd  _c_int00_noargs               
UNDEFED   _system_post_cinit            
00000669  _system_pre_init              
0000066d  abort                         
20000000  before                        
ffffffff  binit                         
20000004  elapsed                       
00000000  interruptVectors              
0000045f  main                          
000004b5  memcpy                        
00000421  sqrt                          
20000008  ss                            
2000000c  tt                            


GLOBAL SYMBOLS: SORTED BY Symbol Address 

address   name                          
-------   ----                          
00000000  __TI_static_base__            
00000000  interruptVectors              
000000e5  SystemCoreClockUpdate         
00000200  __STACK_SIZE                  
00000359  SystemInit                    
00000411  SysTick_Init                  
00000421  sqrt                          
0000045f  main                          
000004b5  __aeabi_memcpy                
000004b5  __aeabi_memcpy4               
000004b5  __aeabi_memcpy8               
000004b5  memcpy                        
00000551  __TI_decompress_lzss          
000005b9  __TI_auto_init_nobinit_nopinit
000005fd  _c_int00_noargs               
00000631  __TI_zero_init_nomemset       
0000064d  __TI_decompress_none          
0000065b  Reset_Handler                 
00000667  ADC14_IRQHandler              
00000667  AES256_IRQHandler             
00000667  BusFault_Handler              
00000667  COMP_E0_IRQHandler            
00000667  COMP_E1_IRQHandler            
00000667  CS_IRQHandler                 
00000667  DMA_ERR_IRQHandler            
00000667  DMA_INT0_IRQHandler           
00000667  DMA_INT1_IRQHandler           
00000667  DMA_INT2_IRQHandler           
00000667  DMA_INT3_IRQHandler           
00000667  DebugMon_Handler              
00000667  Default_Handler               
00000667  EUSCIA0_IRQHandler            
00000667  EUSCIA1_IRQHandler            
00000667  EUSCIA2_IRQHandler            
00000667  EUSCIA3_IRQHandler            
00000667  EUSCIB0_IRQHandler            
00000667  EUSCIB1_IRQHandler            
00000667  EUSCIB2_IRQHandler            
00000667  EUSCIB3_IRQHandler            
00000667  FLCTL_IRQHandler              
00000667  FPU_IRQHandler                
00000667  HardFault_Handler             
00000667  MemManage_Handler             
00000667  NMI_Handler                   
00000667  PCM_IRQHandler                
00000667  PORT1_IRQHandler              
00000667  PORT2_IRQHandler              
00000667  PORT3_IRQHandler              
00000667  PORT4_IRQHandler              
00000667  PORT5_IRQHandler              
00000667  PORT6_IRQHandler              
00000667  PSS_IRQHandler                
00000667  PendSV_Handler                
00000667  RTC_C_IRQHandler              
00000667  SVC_Handler                   
00000667  SysTick_Handler               
00000667  T32_INT1_IRQHandler           
00000667  T32_INT2_IRQHandler           
00000667  T32_INTC_IRQHandler           
00000667  TA0_0_IRQHandler              
00000667  TA0_N_IRQHandler              
00000667  TA1_0_IRQHandler              
00000667  TA1_N_IRQHandler              
00000667  TA2_0_IRQHandler              
00000667  TA2_N_IRQHandler              
00000667  TA3_0_IRQHandler              
00000667  TA3_N_IRQHandler              
00000667  UsageFault_Handler            
00000667  WDT_A_IRQHandler              
00000669  _system_pre_init              
0000066d  C$$EXIT                       
0000066d  abort                         
00000670  __TI_Handler_Table_Base       
0000067c  __TI_Handler_Table_Limit      
00000690  __TI_CINIT_Base               
000006a0  __TI_CINIT_Limit              
20000000  before                        
20000004  elapsed                       
20000008  ss                            
2000000c  tt                            
20000010  SystemCoreClock               
2000fe00  __stack                       
20010000  __STACK_END                   
4000480c  WDTCTL_SYM                    
ffffffff  __TI_pprof_out_hndl           
ffffffff  __TI_prof_data_size           
ffffffff  __TI_prof_data_start          
ffffffff  __binit__                     
ffffffff  __c_args__                    
ffffffff  binit                         
UNDEFED   __mpu_init                    
UNDEFED   _system_post_cinit            

[92 symbols]
