******************************************************************************
                  TI ARM Linker PC v18.12.1                    
******************************************************************************
>> Linked Wed Jul 31 21:54:54 2019

OUTPUT FILE NAME:   <ProfileSqrt.out>
ENTRY POINT SYMBOL: "_c_int00_noargs"  address: 000005fd


MEMORY CONFIGURATION

         name            origin    length      used     unused   attr    fill
----------------------  --------  ---------  --------  --------  ----  --------
  MAIN                  00000000   00040000  00000696  0003f96a  R  X
  INFO                  00200000   00004000  00000000  00004000  R  X
  SRAM_CODE             01000000   00010000  00000214  0000fdec  RW X
  SRAM_DATA             20000000   00010000  00000214  0000fdec  RW  


SEGMENT ALLOCATION MAP

run origin  load origin   length   init length attrs members
----------  ----------- ---------- ----------- ----- -------
00000000    00000000    00000698   00000698    r-x
  00000000    00000000    000000e4   000000e4    r-- .intvecs
  000000e4    000000e4    00000582   00000582    r-x .text
  00000668    00000668    00000030   00000030    r-- .cinit
20000000    20000000    00000014   00000000    rw-
  20000000    20000000    00000010   00000000    rw- .bss
  20000010    20000010    00000004   00000000    rw- .data
2000fe00    2000fe00    00000200   00000000    rw-
  2000fe00    2000fe00    00000200   00000000    rw- .stack


SECTION ALLOCATION MAP

 output                                  attributes/
section   page    origin      length       input sections
--------  ----  ----------  ----------   ----------------
.intvecs   0    00000000    000000e4     
                  00000000    000000e4     startup_msp432p401r_ccs.obj (.intvecs:retain)

.text      0    000000e4    00000582     
                  000000e4    0000032c     system_msp432p401r.obj (.text)
                  00000410    000000a4     ProfileSqrt.obj (.text)
                  000004b4    0000009c     rtsv7M4_T_le_v4SPD16_eabi.lib : memcpy_t2.asm.obj (.text)
                  00000550    00000068                                   : copy_decompress_lzss.c.obj (.text:decompress:lzss:__TI_decompress_lzss)
                  000005b8    00000044                                   : autoinit.c.obj (.text:__TI_auto_init_nobinit_nopinit:__TI_auto_init_nobinit_nopinit)
                  000005fc    00000034                                   : boot_cortex_m.c.obj (.text:_c_int00_noargs:_c_int00_noargs)
                  00000630    00000012                                   : copy_zero_init.c.obj (.text:decompress:ZI:__TI_zero_init_nomemset:__TI_zero_init_nomemset)
                  00000642    0000000e                                   : copy_decompress_none.c.obj (.text:decompress:none:__TI_decompress_none)
                  00000650    0000000e     startup_msp432p401r_ccs.obj (.text)
                  0000065e    00000004     rtsv7M4_T_le_v4SPD16_eabi.lib : pre_init.c.obj (.text:_system_pre_init)
                  00000662    00000004                                   : exit.c.obj (.text:abort:abort)

.cinit     0    00000668    00000030     
                  00000668    0000000c     (__TI_handler_table)
                  00000674    00000004     --HOLE-- [fill = 0]
                  00000678    00000008     (.cinit..bss.load) [load image, compression = zero_init]
                  00000680    00000008     (.cinit..data.load) [load image, compression = lzss]
                  00000688    00000010     (__TI_cinit_table)

.init_array 
*          0    00000000    00000000     UNINITIALIZED

.binit     0    00000000    00000000     

.bss       0    20000000    00000010     UNINITIALIZED
                  20000000    00000004     (.common:before)
                  20000004    00000004     (.common:elapsed)
                  20000008    00000004     (.common:ss)
                  2000000c    00000004     (.common:tt)

.data      0    20000010    00000004     UNINITIALIZED
                  20000010    00000004     system_msp432p401r.obj (.data)

.stack     0    2000fe00    00000200     UNINITIALIZED
                  2000fe00    00000004     rtsv7M4_T_le_v4SPD16_eabi.lib : boot_cortex_m.c.obj (.stack)
                  2000fe04    000001fc     --HOLE--

MODULE SUMMARY

       Module                        code   ro data   rw data
       ------                        ----   -------   -------
    .\
       system_msp432p401r.obj        812    0         8      
       startup_msp432p401r_ccs.obj   14     228       0      
       ProfileSqrt.obj               164    0         32     
    +--+-----------------------------+------+---------+---------+
       Total:                        990    228       40     
                                                             
    E:\ti\ccs900\ccs\tools\compiler\ti-cgt-arm_18.12.1.LTS\lib\rtsv7M4_T_le_v4SPD16_eabi.lib
       memcpy_t2.asm.obj             156    0         0      
       copy_decompress_lzss.c.obj    104    0         0      
       autoinit.c.obj                68     0         0      
       boot_cortex_m.c.obj           52     0         0      
       copy_zero_init.c.obj          18     0         0      
       copy_decompress_none.c.obj    14     0         0      
       exit.c.obj                    4      0         0      
       pre_init.c.obj                4      0         0      
    +--+-----------------------------+------+---------+---------+
       Total:                        420    0         0      
                                                             
       Stack:                        0      0         1024   
       Linker Generated:             0      44        0      
    +--+-----------------------------+------+---------+---------+
       Grand Total:                  1410   272       1064   


LINKER GENERATED COPY TABLES

__TI_cinit_table @ 00000688 records: 2, size/record: 8, table size: 16
	.bss: load addr=00000678, load size=00000008 bytes, run addr=20000000, run size=00000010 bytes, compression=zero_init
	.data: load addr=00000680, load size=00000008 bytes, run addr=20000010, run size=00000004 bytes, compression=lzss


LINKER GENERATED HANDLER TABLE

__TI_handler_table @ 00000668 records: 3, size/record: 4, table size: 12
	index: 0, handler: __TI_decompress_lzss
	index: 1, handler: __TI_decompress_none
	index: 2, handler: __TI_zero_init


GLOBAL SYMBOLS: SORTED ALPHABETICALLY BY Name 

address   name                          
-------   ----                          
0000065d  ADC14_IRQHandler              
0000065d  AES256_IRQHandler             
0000065d  BusFault_Handler              
00000663  C$$EXIT                       
0000065d  COMP_E0_IRQHandler            
0000065d  COMP_E1_IRQHandler            
0000065d  CS_IRQHandler                 
0000065d  DMA_ERR_IRQHandler            
0000065d  DMA_INT0_IRQHandler           
0000065d  DMA_INT1_IRQHandler           
0000065d  DMA_INT2_IRQHandler           
0000065d  DMA_INT3_IRQHandler           
0000065d  DebugMon_Handler              
0000065d  Default_Handler               
0000065d  EUSCIA0_IRQHandler            
0000065d  EUSCIA1_IRQHandler            
0000065d  EUSCIA2_IRQHandler            
0000065d  EUSCIA3_IRQHandler            
0000065d  EUSCIB0_IRQHandler            
0000065d  EUSCIB1_IRQHandler            
0000065d  EUSCIB2_IRQHandler            
0000065d  EUSCIB3_IRQHandler            
0000065d  FLCTL_IRQHandler              
0000065d  FPU_IRQHandler                
0000065d  HardFault_Handler             
0000065d  MemManage_Handler             
0000065d  NMI_Handler                   
0000065d  PCM_IRQHandler                
0000065d  PORT1_IRQHandler              
0000065d  PORT2_IRQHandler              
0000065d  PORT3_IRQHandler              
0000065d  PORT4_IRQHandler              
0000065d  PORT5_IRQHandler              
0000065d  PORT6_IRQHandler              
0000065d  PSS_IRQHandler                
0000065d  PendSV_Handler                
0000065d  RTC_C_IRQHandler              
00000651  Reset_Handler                 
0000065d  SVC_Handler                   
0000065d  SysTick_Handler               
00000411  SysTick_Init                  
20000010  SystemCoreClock               
000000e5  SystemCoreClockUpdate         
00000359  SystemInit                    
0000065d  T32_INT1_IRQHandler           
0000065d  T32_INT2_IRQHandler           
0000065d  T32_INTC_IRQHandler           
0000065d  TA0_0_IRQHandler              
0000065d  TA0_N_IRQHandler              
0000065d  TA1_0_IRQHandler              
0000065d  TA1_N_IRQHandler              
0000065d  TA2_0_IRQHandler              
0000065d  TA2_N_IRQHandler              
0000065d  TA3_0_IRQHandler              
0000065d  TA3_N_IRQHandler              
0000065d  UsageFault_Handler            
4000480c  WDTCTL_SYM                    
0000065d  WDT_A_IRQHandler              
20010000  __STACK_END                   
00000200  __STACK_SIZE                  
00000688  __TI_CINIT_Base               
00000698  __TI_CINIT_Limit              
00000668  __TI_Handler_Table_Base       
00000674  __TI_Handler_Table_Limit      
000005b9  __TI_auto_init_nobinit_nopinit
00000551  __TI_decompress_lzss          
00000643  __TI_decompress_none          
ffffffff  __TI_pprof_out_hndl           
ffffffff  __TI_prof_data_size           
ffffffff  __TI_prof_data_start          
00000000  __TI_static_base__            
00000631  __TI_zero_init_nomemset       
000004b5  __aeabi_memcpy                
000004b5  __aeabi_memcpy4               
000004b5  __aeabi_memcpy8               
ffffffff  __binit__                     
ffffffff  __c_args__                    
UNDEFED   __mpu_init                    
2000fe00  __stack                       
000005fd  _c_int00_noargs               
UNDEFED   _system_post_cinit            
0000065f  _system_pre_init              
00000663  abort                         
20000000  before                        
ffffffff  binit                         
20000004  elapsed                       
00000000  interruptVectors              
0000045f  main                          
000004b5  memcpy                        
00000421  sqrt                          
20000008  ss                            
2000000c  tt                            


GLOBAL SYMBOLS: SORTED BY Symbol Address 

address   name                          
-------   ----                          
00000000  __TI_static_base__            
00000000  interruptVectors              
000000e5  SystemCoreClockUpdate         
00000200  __STACK_SIZE                  
00000359  SystemInit                    
00000411  SysTick_Init                  
00000421  sqrt                          
0000045f  main                          
000004b5  __aeabi_memcpy                
000004b5  __aeabi_memcpy4               
000004b5  __aeabi_memcpy8               
000004b5  memcpy                        
00000551  __TI_decompress_lzss          
000005b9  __TI_auto_init_nobinit_nopinit
000005fd  _c_int00_noargs               
00000631  __TI_zero_init_nomemset       
00000643  __TI_decompress_none          
00000651  Reset_Handler                 
0000065d  ADC14_IRQHandler              
0000065d  AES256_IRQHandler             
0000065d  BusFault_Handler              
0000065d  COMP_E0_IRQHandler            
0000065d  COMP_E1_IRQHandler            
0000065d  CS_IRQHandler                 
0000065d  DMA_ERR_IRQHandler            
0000065d  DMA_INT0_IRQHandler           
0000065d  DMA_INT1_IRQHandler           
0000065d  DMA_INT2_IRQHandler           
0000065d  DMA_INT3_IRQHandler           
0000065d  DebugMon_Handler              
0000065d  Default_Handler               
0000065d  EUSCIA0_IRQHandler            
0000065d  EUSCIA1_IRQHandler            
0000065d  EUSCIA2_IRQHandler            
0000065d  EUSCIA3_IRQHandler            
0000065d  EUSCIB0_IRQHandler            
0000065d  EUSCIB1_IRQHandler            
0000065d  EUSCIB2_IRQHandler            
0000065d  EUSCIB3_IRQHandler            
0000065d  FLCTL_IRQHandler              
0000065d  FPU_IRQHandler                
0000065d  HardFault_Handler             
0000065d  MemManage_Handler             
0000065d  NMI_Handler                   
0000065d  PCM_IRQHandler                
0000065d  PORT1_IRQHandler              
0000065d  PORT2_IRQHandler              
0000065d  PORT3_IRQHandler              
0000065d  PORT4_IRQHandler              
0000065d  PORT5_IRQHandler              
0000065d  PORT6_IRQHandler              
0000065d  PSS_IRQHandler                
0000065d  PendSV_Handler                
0000065d  RTC_C_IRQHandler              
0000065d  SVC_Handler                   
0000065d  SysTick_Handler               
0000065d  T32_INT1_IRQHandler           
0000065d  T32_INT2_IRQHandler           
0000065d  T32_INTC_IRQHandler           
0000065d  TA0_0_IRQHandler              
0000065d  TA0_N_IRQHandler              
0000065d  TA1_0_IRQHandler              
0000065d  TA1_N_IRQHandler              
0000065d  TA2_0_IRQHandler              
0000065d  TA2_N_IRQHandler              
0000065d  TA3_0_IRQHandler              
0000065d  TA3_N_IRQHandler              
0000065d  UsageFault_Handler            
0000065d  WDT_A_IRQHandler              
0000065f  _system_pre_init              
00000663  C$$EXIT                       
00000663  abort                         
00000668  __TI_Handler_Table_Base       
00000674  __TI_Handler_Table_Limit      
00000688  __TI_CINIT_Base               
00000698  __TI_CINIT_Limit              
20000000  before                        
20000004  elapsed                       
20000008  ss                            
2000000c  tt                            
20000010  SystemCoreClock               
2000fe00  __stack                       
20010000  __STACK_END                   
4000480c  WDTCTL_SYM                    
ffffffff  __TI_pprof_out_hndl           
ffffffff  __TI_prof_data_size           
ffffffff  __TI_prof_data_start          
ffffffff  __binit__                     
ffffffff  __c_args__                    
ffffffff  binit                         
UNDEFED   __mpu_init                    
UNDEFED   _system_post_cinit            

[92 symbols]
