******************************************************************************
                  TI ARM Linker PC v18.12.1                    
******************************************************************************
>> Linked Thu Nov 21 09:57:36 2019

OUTPUT FILE NAME:   <PeriodicTimerA0Ints.out>
ENTRY POINT SYMBOL: "_c_int00_noargs"  address: 00000959


MEMORY CONFIGURATION

         name            origin    length      used     unused   attr    fill
----------------------  --------  ---------  --------  --------  ----  --------
  MAIN                  00000000   00040000  00000a1e  0003f5e2  R  X
  INFO                  00200000   00004000  00000000  00004000  R  X
  SRAM_CODE             01000000   00010000  00000228  0000fdd8  RW X
  SRAM_DATA             20000000   00010000  00000228  0000fdd8  RW  


SEGMENT ALLOCATION MAP

run origin  load origin   length   init length attrs members
----------  ----------- ---------- ----------- ----- -------
00000000    00000000    00000a20   00000a20    r-x
  00000000    00000000    000000e4   000000e4    r-- .intvecs
  000000e4    000000e4    00000902   00000902    r-x .text
  000009e8    000009e8    00000038   00000038    r-- .cinit
20000000    20000000    00000028   00000000    rw-
  20000000    20000000    0000001c   00000000    rw- .data
  2000001c    2000001c    0000000c   00000000    rw- .bss
2000fe00    2000fe00    00000200   00000000    rw-
  2000fe00    2000fe00    00000200   00000000    rw- .stack


SECTION ALLOCATION MAP

 output                                  attributes/
section   page    origin      length       input sections
--------  ----  ----------  ----------   ----------------
.intvecs   0    00000000    000000e4     
                  00000000    000000e4     startup_msp432p401r_ccs.obj (.intvecs:retain)

.text      0    000000e4    00000902     
                  000000e4    00000334     system_msp432p401r.obj (.text)
                  00000418    000001e0     Clock.obj (.text)
                  000005f8    000000f4     LaunchPad.obj (.text)
                  000006ec    000000ac     TimerA0.obj (.text)
                  00000798    0000009c     rtsv7M4_T_le_v4SPD16_eabi.lib : memcpy_t2.asm.obj (.text)
                  00000834    00000078     PeriodicTimerIntsMain.obj (.text)
                  000008ac    00000068     rtsv7M4_T_le_v4SPD16_eabi.lib : copy_decompress_lzss.c.obj (.text:decompress:lzss:__TI_decompress_lzss)
                  00000914    00000044                                   : autoinit.c.obj (.text:__TI_auto_init_nobinit_nopinit:__TI_auto_init_nobinit_nopinit)
                  00000958    00000034                                   : boot_cortex_m.c.obj (.text:_c_int00_noargs:_c_int00_noargs)
                  0000098c    00000024     CortexM.obj (.text)
                  000009b0    00000012     rtsv7M4_T_le_v4SPD16_eabi.lib : copy_zero_init.c.obj (.text:decompress:ZI:__TI_zero_init_nomemset:__TI_zero_init_nomemset)
                  000009c2    0000000e                                   : copy_decompress_none.c.obj (.text:decompress:none:__TI_decompress_none)
                  000009d0    0000000e     startup_msp432p401r_ccs.obj (.text)
                  000009de    00000004     rtsv7M4_T_le_v4SPD16_eabi.lib : pre_init.c.obj (.text:_system_pre_init)
                  000009e2    00000004                                   : exit.c.obj (.text:abort:abort)

.cinit     0    000009e8    00000038     
                  000009e8    0000000d     (.cinit..data.load) [load image, compression = lzss]
                  000009f5    00000003     --HOLE-- [fill = 0]
                  000009f8    0000000c     (__TI_handler_table)
                  00000a04    00000004     --HOLE-- [fill = 0]
                  00000a08    00000008     (.cinit..bss.load) [load image, compression = zero_init]
                  00000a10    00000010     (__TI_cinit_table)

.init_array 
*          0    00000000    00000000     UNINITIALIZED

.binit     0    00000000    00000000     

.data      0    20000000    0000001c     UNINITIALIZED
                  20000000    00000018     Clock.obj (.data)
                  20000018    00000004     system_msp432p401r.obj (.data)

.bss       0    2000001c    0000000c     UNINITIALIZED
                  2000001c    00000004     (.common:MainCount)
                  20000020    00000004     (.common:Time)
                  20000024    00000004     (.common:TimerA0Task)

.stack     0    2000fe00    00000200     UNINITIALIZED
                  2000fe00    00000004     rtsv7M4_T_le_v4SPD16_eabi.lib : boot_cortex_m.c.obj (.stack)
                  2000fe04    000001fc     --HOLE--

MODULE SUMMARY

       Module                        code   ro data   rw data
       ------                        ----   -------   -------
    .\
       system_msp432p401r.obj        820    0         8      
       Clock.obj                     480    0         48     
       LaunchPad.obj                 244    0         0      
       startup_msp432p401r_ccs.obj   14     228       0      
       TimerA0.obj                   172    0         8      
       PeriodicTimerIntsMain.obj     120    0         16     
       CortexM.obj                   36     0         0      
    +--+-----------------------------+------+---------+---------+
       Total:                        1886   228       80     
                                                             
    C:\ti\ccs901\ccs\tools\compiler\ti-cgt-arm_18.12.1.LTS\lib\rtsv7M4_T_le_v4SPD16_eabi.lib
       memcpy_t2.asm.obj             156    0         0      
       copy_decompress_lzss.c.obj    104    0         0      
       autoinit.c.obj                68     0         0      
       boot_cortex_m.c.obj           52     0         0      
       copy_zero_init.c.obj          18     0         0      
       copy_decompress_none.c.obj    14     0         0      
       exit.c.obj                    4      0         0      
       pre_init.c.obj                4      0         0      
    +--+-----------------------------+------+---------+---------+
       Total:                        420    0         0      
                                                             
       Stack:                        0      0         1024   
       Linker Generated:             0      49        0      
    +--+-----------------------------+------+---------+---------+
       Grand Total:                  2306   277       1104   


LINKER GENERATED COPY TABLES

__TI_cinit_table @ 00000a10 records: 2, size/record: 8, table size: 16
	.data: load addr=000009e8, load size=0000000d bytes, run addr=20000000, run size=0000001c bytes, compression=lzss
	.bss: load addr=00000a08, load size=00000008 bytes, run addr=2000001c, run size=0000000c bytes, compression=zero_init


LINKER GENERATED HANDLER TABLE

__TI_handler_table @ 000009f8 records: 3, size/record: 4, table size: 12
	index: 0, handler: __TI_decompress_lzss
	index: 1, handler: __TI_decompress_none
	index: 2, handler: __TI_zero_init


GLOBAL SYMBOLS: SORTED ALPHABETICALLY BY Name 

address   name                          
-------   ----                          
000009dd  ADC14_IRQHandler              
000009dd  AES256_IRQHandler             
000009dd  BusFault_Handler              
000009e3  C$$EXIT                       
000009dd  COMP_E0_IRQHandler            
000009dd  COMP_E1_IRQHandler            
20000008  CPMwait                       
000009dd  CS_IRQHandler                 
20000000  ClockFrequency                
0000056d  Clock_Delay1ms                
00000543  Clock_Delay1us                
0000052f  Clock_GetFreq                 
00000419  Clock_Init48MHz               
20000014  Crystalstable                 
000009dd  DMA_ERR_IRQHandler            
000009dd  DMA_INT0_IRQHandler           
000009dd  DMA_INT1_IRQHandler           
000009dd  DMA_INT2_IRQHandler           
000009dd  DMA_INT3_IRQHandler           
000009dd  DebugMon_Handler              
000009dd  Default_Handler               
0000098d  DisableInterrupts             
000009dd  EUSCIA0_IRQHandler            
000009dd  EUSCIA1_IRQHandler            
000009dd  EUSCIA2_IRQHandler            
000009dd  EUSCIA3_IRQHandler            
000009dd  EUSCIB0_IRQHandler            
000009dd  EUSCIB1_IRQHandler            
000009dd  EUSCIB2_IRQHandler            
000009dd  EUSCIB3_IRQHandler            
00000993  EnableInterrupts              
000009a3  EndCritical                   
000009dd  FLCTL_IRQHandler              
000009dd  FPU_IRQHandler                
000009dd  HardFault_Handler             
20000010  IFlags                        
000005f9  LaunchPad_Init                
00000669  LaunchPad_Input               
00000683  LaunchPad_LED                 
000006a1  LaunchPad_Output              
2000001c  MainCount                     
000009dd  MemManage_Handler             
000009dd  NMI_Handler                   
000009dd  PCM_IRQHandler                
000009dd  PORT1_IRQHandler              
000009dd  PORT2_IRQHandler              
000009dd  PORT3_IRQHandler              
000009dd  PORT4_IRQHandler              
000009dd  PORT5_IRQHandler              
000009dd  PORT6_IRQHandler              
000009dd  PSS_IRQHandler                
000009dd  PendSV_Handler                
00000835  PeriodicTask                  
2000000c  Postwait                      
20000004  Prewait                       
000009dd  RTC_C_IRQHandler              
000009d1  Reset_Handler                 
000009dd  SVC_Handler                   
00000999  StartCritical                 
000009dd  SysTick_Handler               
20000018  SystemCoreClock               
000000e5  SystemCoreClockUpdate         
0000035d  SystemInit                    
000009dd  T32_INT1_IRQHandler           
000009dd  T32_INT2_IRQHandler           
000009dd  T32_INTC_IRQHandler           
00000767  TA0_0_IRQHandler              
00000767  TA0_0_IRQHandler              
000009dd  TA0_N_IRQHandler              
000009dd  TA1_0_IRQHandler              
000009dd  TA1_N_IRQHandler              
000009dd  TA2_0_IRQHandler              
000009dd  TA2_N_IRQHandler              
000009dd  TA3_0_IRQHandler              
000009dd  TA3_N_IRQHandler              
20000020  Time                          
20000024  TimerA0Task                   
000006ed  TimerA0_Init                  
00000751  TimerA0_Stop                  
000009dd  UsageFault_Handler            
4000480c  WDTCTL_SYM                    
000009dd  WDT_A_IRQHandler              
000009ab  WaitForInterrupt              
20010000  __STACK_END                   
00000200  __STACK_SIZE                  
00000a10  __TI_CINIT_Base               
00000a20  __TI_CINIT_Limit              
000009f8  __TI_Handler_Table_Base       
00000a04  __TI_Handler_Table_Limit      
00000915  __TI_auto_init_nobinit_nopinit
000008ad  __TI_decompress_lzss          
000009c3  __TI_decompress_none          
ffffffff  __TI_pprof_out_hndl           
ffffffff  __TI_prof_data_size           
ffffffff  __TI_prof_data_start          
00000000  __TI_static_base__            
000009b1  __TI_zero_init_nomemset       
00000799  __aeabi_memcpy                
00000799  __aeabi_memcpy4               
00000799  __aeabi_memcpy8               
ffffffff  __binit__                     
ffffffff  __c_args__                    
UNDEFED   __mpu_init                    
2000fe00  __stack                       
00000959  _c_int00_noargs               
UNDEFED   _system_post_cinit            
000009df  _system_pre_init              
000009e3  abort                         
ffffffff  binit                         
00000535  delay                         
00000000  interruptVectors              
0000085f  main                          
00000799  memcpy                        


GLOBAL SYMBOLS: SORTED BY Symbol Address 

address   name                          
-------   ----                          
00000000  __TI_static_base__            
00000000  interruptVectors              
000000e5  SystemCoreClockUpdate         
00000200  __STACK_SIZE                  
0000035d  SystemInit                    
00000419  Clock_Init48MHz               
0000052f  Clock_GetFreq                 
00000535  delay                         
00000543  Clock_Delay1us                
0000056d  Clock_Delay1ms                
000005f9  LaunchPad_Init                
00000669  LaunchPad_Input               
00000683  LaunchPad_LED                 
000006a1  LaunchPad_Output              
000006ed  TimerA0_Init                  
00000751  TimerA0_Stop                  
00000767  TA0_0_IRQHandler              
00000767  TA0_0_IRQHandler              
00000799  __aeabi_memcpy                
00000799  __aeabi_memcpy4               
00000799  __aeabi_memcpy8               
00000799  memcpy                        
00000835  PeriodicTask                  
0000085f  main                          
000008ad  __TI_decompress_lzss          
00000915  __TI_auto_init_nobinit_nopinit
00000959  _c_int00_noargs               
0000098d  DisableInterrupts             
00000993  EnableInterrupts              
00000999  StartCritical                 
000009a3  EndCritical                   
000009ab  WaitForInterrupt              
000009b1  __TI_zero_init_nomemset       
000009c3  __TI_decompress_none          
000009d1  Reset_Handler                 
000009dd  ADC14_IRQHandler              
000009dd  AES256_IRQHandler             
000009dd  BusFault_Handler              
000009dd  COMP_E0_IRQHandler            
000009dd  COMP_E1_IRQHandler            
000009dd  CS_IRQHandler                 
000009dd  DMA_ERR_IRQHandler            
000009dd  DMA_INT0_IRQHandler           
000009dd  DMA_INT1_IRQHandler           
000009dd  DMA_INT2_IRQHandler           
000009dd  DMA_INT3_IRQHandler           
000009dd  DebugMon_Handler              
000009dd  Default_Handler               
000009dd  EUSCIA0_IRQHandler            
000009dd  EUSCIA1_IRQHandler            
000009dd  EUSCIA2_IRQHandler            
000009dd  EUSCIA3_IRQHandler            
000009dd  EUSCIB0_IRQHandler            
000009dd  EUSCIB1_IRQHandler            
000009dd  EUSCIB2_IRQHandler            
000009dd  EUSCIB3_IRQHandler            
000009dd  FLCTL_IRQHandler              
000009dd  FPU_IRQHandler                
000009dd  HardFault_Handler             
000009dd  MemManage_Handler             
000009dd  NMI_Handler                   
000009dd  PCM_IRQHandler                
000009dd  PORT1_IRQHandler              
000009dd  PORT2_IRQHandler              
000009dd  PORT3_IRQHandler              
000009dd  PORT4_IRQHandler              
000009dd  PORT5_IRQHandler              
000009dd  PORT6_IRQHandler              
000009dd  PSS_IRQHandler                
000009dd  PendSV_Handler                
000009dd  RTC_C_IRQHandler              
000009dd  SVC_Handler                   
000009dd  SysTick_Handler               
000009dd  T32_INT1_IRQHandler           
000009dd  T32_INT2_IRQHandler           
000009dd  T32_INTC_IRQHandler           
000009dd  TA0_N_IRQHandler              
000009dd  TA1_0_IRQHandler              
000009dd  TA1_N_IRQHandler              
000009dd  TA2_0_IRQHandler              
000009dd  TA2_N_IRQHandler              
000009dd  TA3_0_IRQHandler              
000009dd  TA3_N_IRQHandler              
000009dd  UsageFault_Handler            
000009dd  WDT_A_IRQHandler              
000009df  _system_pre_init              
000009e3  C$$EXIT                       
000009e3  abort                         
000009f8  __TI_Handler_Table_Base       
00000a04  __TI_Handler_Table_Limit      
00000a10  __TI_CINIT_Base               
00000a20  __TI_CINIT_Limit              
20000000  ClockFrequency                
20000004  Prewait                       
20000008  CPMwait                       
2000000c  Postwait                      
20000010  IFlags                        
20000014  Crystalstable                 
20000018  SystemCoreClock               
2000001c  MainCount                     
20000020  Time                          
20000024  TimerA0Task                   
2000fe00  __stack                       
20010000  __STACK_END                   
4000480c  WDTCTL_SYM                    
ffffffff  __TI_pprof_out_hndl           
ffffffff  __TI_prof_data_size           
ffffffff  __TI_prof_data_start          
ffffffff  __binit__                     
ffffffff  __c_args__                    
ffffffff  binit                         
UNDEFED   __mpu_init                    
UNDEFED   _system_post_cinit            

[113 symbols]
