******************************************************************************
                  TI ARM Linker PC v18.12.2                    
******************************************************************************
>> Linked Mon Nov 18 14:38:26 2019

OUTPUT FILE NAME:   <Lab14_EdgeInterrupts.out>
ENTRY POINT SYMBOL: "_c_int00_noargs"  address: 00000eb1


MEMORY CONFIGURATION

         name            origin    length      used     unused   attr    fill
----------------------  --------  ---------  --------  --------  ----  --------
  MAIN                  00000000   00040000  00000fa2  0003f05e  R  X
  INFO                  00200000   00004000  00000000  00004000  R  X
  SRAM_CODE             01000000   00010000  0000022f  0000fdd1  RW X
  SRAM_DATA             20000000   00010000  0000022f  0000fdd1  RW  


SEGMENT ALLOCATION MAP

run origin  load origin   length   init length attrs members
----------  ----------- ---------- ----------- ----- -------
00000000    00000000    00000fa8   00000fa8    r-x
  00000000    00000000    000000e4   000000e4    r-- .intvecs
  000000e4    000000e4    00000e86   00000e86    r-x .text
  00000f70    00000f70    00000038   00000038    r-- .cinit
20000000    20000000    0000002f   00000000    rw-
  20000000    20000000    00000028   00000000    rw- .data
  20000028    20000028    00000007   00000000    rw- .bss
2000fe00    2000fe00    00000200   00000000    rw-
  2000fe00    2000fe00    00000200   00000000    rw- .stack


SECTION ALLOCATION MAP

 output                                  attributes/
section   page    origin      length       input sections
--------  ----  ----------  ----------   ----------------
.intvecs   0    00000000    000000e4     
                  00000000    000000e4     startup_msp432p401r_ccs.obj (.intvecs:retain)

.text      0    000000e4    00000e86     
                  000000e4    000006c8     TExaS.obj (.text)
                  000007ac    0000032c     system_msp432p401r.obj (.text)
                  00000ad8    000001e0     Clock.obj (.text)
                  00000cb8    0000009c     rtsv7M4_T_le_v4SPD16_eabi.lib : memcpy_t2.asm.obj (.text)
                  00000d54    0000006c     Lab14_EdgeInterruptsmain.obj (.text)
                  00000dc0    00000068     rtsv7M4_T_le_v4SPD16_eabi.lib : copy_decompress_lzss.c.obj (.text:decompress:lzss:__TI_decompress_lzss)
                  00000e28    00000044     Motor.obj (.text)
                  00000e6c    00000044     rtsv7M4_T_le_v4SPD16_eabi.lib : autoinit.c.obj (.text:__TI_auto_init_nobinit_nopinit:__TI_auto_init_nobinit_nopinit)
                  00000eb0    00000034                                   : boot_cortex_m.c.obj (.text:_c_int00_noargs:_c_int00_noargs)
                  00000ee4    00000024     CortexM.obj (.text)
                  00000f08    0000001c     rtsv7M4_T_le_v4SPD16_eabi.lib : copy_zero_init.c.obj (.text:decompress:ZI:__TI_zero_init_nomemset:__TI_zero_init_nomemset)
                  00000f24    00000012     TimerA1.obj (.text)
                  00000f36    00000010     BumpInt.obj (.text)
                  00000f46    0000000e     rtsv7M4_T_le_v4SPD16_eabi.lib : copy_decompress_none.c.obj (.text:decompress:none:__TI_decompress_none)
                  00000f54    0000000e     startup_msp432p401r_ccs.obj (.text)
                  00000f62    00000004     rtsv7M4_T_le_v4SPD16_eabi.lib : pre_init.c.obj (.text:_system_pre_init)
                  00000f66    00000004                                   : exit.c.obj (.text:abort:abort)

.cinit     0    00000f70    00000038     
                  00000f70    0000000d     (.cinit..data.load) [load image, compression = lzss]
                  00000f7d    00000003     --HOLE-- [fill = 0]
                  00000f80    0000000c     (__TI_handler_table)
                  00000f8c    00000004     --HOLE-- [fill = 0]
                  00000f90    00000008     (.cinit..bss.load) [load image, compression = zero_init]
                  00000f98    00000010     (__TI_cinit_table)

.init_array 
*          0    00000000    00000000     UNINITIALIZED

.binit     0    00000000    00000000     

.data      0    20000000    00000028     UNINITIALIZED
                  20000000    00000018     Clock.obj (.data)
                  20000018    0000000c     TExaS.obj (.data)
                  20000024    00000004     system_msp432p401r.obj (.data)

.bss       0    20000028    00000007     UNINITIALIZED
                  20000028    00000004     (.common:PeriodicTask2)
                  2000002c    00000001     (.common:CollisionData)
                  2000002d    00000001     (.common:CollisionFlag)
                  2000002e    00000001     (.common:LogicData)

.stack     0    2000fe00    00000200     UNINITIALIZED
                  2000fe00    00000004     rtsv7M4_T_le_v4SPD16_eabi.lib : boot_cortex_m.c.obj (.stack)
                  2000fe04    000001fc     --HOLE--

MODULE SUMMARY

       Module                         code   ro data   rw data
       ------                         ----   -------   -------
    .\
       TExaS.obj                      1736   0         34     
       system_msp432p401r.obj         812    0         8      
       Clock.obj                      480    0         48     
       startup_msp432p401r_ccs.obj    14     228       0      
       Lab14_EdgeInterruptsmain.obj   108    0         4      
       Motor.obj                      68     0         0      
       CortexM.obj                    36     0         0      
       TimerA1.obj                    18     0         0      
       BumpInt.obj                    16     0         0      
    +--+------------------------------+------+---------+---------+
       Total:                         3288   228       94     
                                                              
    C:\ti\ccs910\ccs\tools\compiler\ti-cgt-arm_18.12.2.LTS\lib\rtsv7M4_T_le_v4SPD16_eabi.lib
       memcpy_t2.asm.obj              156    0         0      
       copy_decompress_lzss.c.obj     104    0         0      
       autoinit.c.obj                 68     0         0      
       boot_cortex_m.c.obj            52     0         0      
       copy_zero_init.c.obj           28     0         0      
       copy_decompress_none.c.obj     14     0         0      
       exit.c.obj                     4      0         0      
       pre_init.c.obj                 4      0         0      
    +--+------------------------------+------+---------+---------+
       Total:                         430    0         0      
                                                              
       Stack:                         0      0         1024   
       Linker Generated:              0      49        0      
    +--+------------------------------+------+---------+---------+
       Grand Total:                   3718   277       1118   


LINKER GENERATED COPY TABLES

__TI_cinit_table @ 00000f98 records: 2, size/record: 8, table size: 16
	.data: load addr=00000f70, load size=0000000d bytes, run addr=20000000, run size=00000028 bytes, compression=lzss
	.bss: load addr=00000f90, load size=00000008 bytes, run addr=20000028, run size=00000007 bytes, compression=zero_init


LINKER GENERATED HANDLER TABLE

__TI_handler_table @ 00000f80 records: 3, size/record: 4, table size: 12
	index: 0, handler: __TI_decompress_lzss
	index: 1, handler: __TI_decompress_none
	index: 2, handler: __TI_zero_init


GLOBAL SYMBOLS: SORTED ALPHABETICALLY BY Name 

address   name                                   
-------   ----                                   
00000f61  ADC14_IRQHandler                       
000004f1  ADC_Init                               
00000f61  AES256_IRQHandler                      
00000f37  BumpInt_Init                           
00000f41  Bump_Read                              
00000f61  BusFault_Handler                       
00000f67  C$$EXIT                                
00000f61  COMP_E0_IRQHandler                     
00000f61  COMP_E1_IRQHandler                     
20000008  CPMwait                                
00000f61  CS_IRQHandler                          
20000000  ClockFrequency                         
00000c2d  Clock_Delay1ms                         
00000c03  Clock_Delay1us                         
00000bef  Clock_GetFreq                          
00000ad9  Clock_Init48MHz                        
2000002c  CollisionData                          
2000002d  CollisionFlag                          
20000014  Crystalstable                          
00000f61  DMA_ERR_IRQHandler                     
00000f61  DMA_INT0_IRQHandler                    
00000f61  DMA_INT1_IRQHandler                    
00000f61  DMA_INT2_IRQHandler                    
00000f61  DMA_INT3_IRQHandler                    
00000f61  DebugMon_Handler                       
00000f61  Default_Handler                        
00000ee5  DisableInterrupts                      
00000f61  EUSCIA0_IRQHandler                     
00000f61  EUSCIA1_IRQHandler                     
00000f61  EUSCIA2_IRQHandler                     
00000f61  EUSCIA3_IRQHandler                     
00000f61  EUSCIB0_IRQHandler                     
00000f61  EUSCIB1_IRQHandler                     
00000f61  EUSCIB2_IRQHandler                     
00000f61  EUSCIB3_IRQHandler                     
00000eeb  EnableInterrupts                       
00000efb  EndCritical                            
00000f61  FLCTL_IRQHandler                       
00000f61  FPU_IRQHandler                         
00000d55  HandleCollision                        
00000f61  HardFault_Handler                      
20000010  IFlags                                 
000000e5  LogicAnalyzer                          
000000ef  LogicAnalyzer_P1                       
000001c5  LogicAnalyzer_P10                      
000000fd  LogicAnalyzer_P2                       
000001d3  LogicAnalyzer_P27_P26_P82_P92_P104_P105
0000010b  LogicAnalyzer_P2_7654                  
0000011b  LogicAnalyzer_P3                       
00000129  LogicAnalyzer_P4                       
00000147  LogicAnalyzer_P4_765320                
00000137  LogicAnalyzer_P4_765432                
0000017f  LogicAnalyzer_P5                       
0000020b  LogicAnalyzer_P55_P54_P27_P26_P37_P36  
0000018d  LogicAnalyzer_P6                       
0000019b  LogicAnalyzer_P7                       
000001a9  LogicAnalyzer_P8                       
000001b7  LogicAnalyzer_P9                       
2000002e  LogicData                              
00000f61  MemManage_Handler                      
00000e5d  Motor_Backward                         
00000e2d  Motor_Forward                          
00000e29  Motor_Init                             
00000e4d  Motor_Left                             
00000e3d  Motor_Right                            
00000e2b  Motor_Stop                             
00000f61  NMI_Handler                            
00000f61  PCM_IRQHandler                         
00000f61  PORT1_IRQHandler                       
00000f61  PORT2_IRQHandler                       
00000f61  PORT3_IRQHandler                       
00000f45  PORT4_IRQHandler                       
00000f45  PORT4_IRQHandler                       
00000f61  PORT5_IRQHandler                       
00000f61  PORT6_IRQHandler                       
00000f61  PSS_IRQHandler                         
00000f61  PendSV_Handler                         
20000028  PeriodicTask2                          
000002b9  PeriodicTask2_Init                     
00000333  PeriodicTask2_Stop                     
2000000c  Postwait                               
20000004  Prewait                                
00000f61  RTC_C_IRQHandler                       
00000f55  Reset_Handler                          
00000f61  SVC_Handler                            
00000235  Scope                                  
00000ef1  StartCritical                          
00000f61  SysTick_Handler                        
20000024  SystemCoreClock                        
000007ad  SystemCoreClockUpdate                  
00000a21  SystemInit                             
00000323  T32_INT1_IRQHandler                    
00000323  T32_INT1_IRQHandler                    
00000f61  T32_INT2_IRQHandler                    
00000f61  T32_INTC_IRQHandler                    
00000f61  TA0_0_IRQHandler                       
00000f61  TA0_N_IRQHandler                       
00000f35  TA1_0_IRQHandler                       
00000f35  TA1_0_IRQHandler                       
00000f61  TA1_N_IRQHandler                       
00000f61  TA2_0_IRQHandler                       
00000f61  TA2_N_IRQHandler                       
00000f61  TA3_0_IRQHandler                       
00000f61  TA3_N_IRQHandler                       
00000485  TExaS_Clear0                           
00000491  TExaS_Clear1                           
000004a5  TExaS_Clear2                           
000004b1  TExaS_Clear3                           
000004bd  TExaS_Clear4                           
000004bf  TExaS_Clear5                           
000004cb  TExaS_Clear6                           
000005b5  TExaS_Init                             
2000001c  TExaS_ScopeErrConflict                 
20000018  TExaS_ScopeErrLostData                 
20000020  TExaS_ScopeWrnReconfig                 
00000413  TExaS_Set                              
0000042b  TExaS_Set0                             
00000437  TExaS_Set1                             
00000443  TExaS_Set2                             
0000044f  TExaS_Set3                             
0000045b  TExaS_Set4                             
0000045d  TExaS_Set5                             
00000475  TExaS_Set6                             
00000741  TExaS_Stop                             
000003c9  TExaS_Task0                            
000003d5  TExaS_Task1                            
000003e1  TExaS_Task2                            
000003ed  TExaS_Task3                            
000003f9  TExaS_Task4                            
000003fb  TExaS_Task5                            
00000407  TExaS_Task6                            
00000f25  TimerA1_Init                           
00000f33  TimerA1_Stop                           
0000039d  UART_InChar                            
00000343  UART_Init                              
000003ad  UART_OutChar                           
00000f61  UsageFault_Handler                     
4000480c  WDTCTL_SYM                             
00000f61  WDT_A_IRQHandler                       
00000f03  WaitForInterrupt                       
20010000  __STACK_END                            
00000200  __STACK_SIZE                           
00000f98  __TI_CINIT_Base                        
00000fa8  __TI_CINIT_Limit                       
00000f80  __TI_Handler_Table_Base                
00000f8c  __TI_Handler_Table_Limit               
00000e6d  __TI_auto_init_nobinit_nopinit         
00000dc1  __TI_decompress_lzss                   
00000f47  __TI_decompress_none                   
ffffffff  __TI_pprof_out_hndl                    
ffffffff  __TI_prof_data_size                    
ffffffff  __TI_prof_data_start                   
00000000  __TI_static_base__                     
00000f09  __TI_zero_init_nomemset                
00000cb9  __aeabi_memcpy                         
00000cb9  __aeabi_memcpy4                        
00000cb9  __aeabi_memcpy8                        
ffffffff  __binit__                              
ffffffff  __c_args__                             
UNDEFED   __mpu_init                             
2000fe00  __stack                                
00000eb1  _c_int00_noargs                        
UNDEFED   _system_post_cinit                     
00000f63  _system_pre_init                       
00000f67  abort                                  
ffffffff  binit                                  
00000bf5  delay                                  
00000000  interruptVectors                       
00000da1  main                                   
00000d6f  main1                                  
00000cb9  memcpy                                 


GLOBAL SYMBOLS: SORTED BY Symbol Address 

address   name                                   
-------   ----                                   
00000000  __TI_static_base__                     
00000000  interruptVectors                       
000000e5  LogicAnalyzer                          
000000ef  LogicAnalyzer_P1                       
000000fd  LogicAnalyzer_P2                       
0000010b  LogicAnalyzer_P2_7654                  
0000011b  LogicAnalyzer_P3                       
00000129  LogicAnalyzer_P4                       
00000137  LogicAnalyzer_P4_765432                
00000147  LogicAnalyzer_P4_765320                
0000017f  LogicAnalyzer_P5                       
0000018d  LogicAnalyzer_P6                       
0000019b  LogicAnalyzer_P7                       
000001a9  LogicAnalyzer_P8                       
000001b7  LogicAnalyzer_P9                       
000001c5  LogicAnalyzer_P10                      
000001d3  LogicAnalyzer_P27_P26_P82_P92_P104_P105
00000200  __STACK_SIZE                           
0000020b  LogicAnalyzer_P55_P54_P27_P26_P37_P36  
00000235  Scope                                  
000002b9  PeriodicTask2_Init                     
00000323  T32_INT1_IRQHandler                    
00000323  T32_INT1_IRQHandler                    
00000333  PeriodicTask2_Stop                     
00000343  UART_Init                              
0000039d  UART_InChar                            
000003ad  UART_OutChar                           
000003c9  TExaS_Task0                            
000003d5  TExaS_Task1                            
000003e1  TExaS_Task2                            
000003ed  TExaS_Task3                            
000003f9  TExaS_Task4                            
000003fb  TExaS_Task5                            
00000407  TExaS_Task6                            
00000413  TExaS_Set                              
0000042b  TExaS_Set0                             
00000437  TExaS_Set1                             
00000443  TExaS_Set2                             
0000044f  TExaS_Set3                             
0000045b  TExaS_Set4                             
0000045d  TExaS_Set5                             
00000475  TExaS_Set6                             
00000485  TExaS_Clear0                           
00000491  TExaS_Clear1                           
000004a5  TExaS_Clear2                           
000004b1  TExaS_Clear3                           
000004bd  TExaS_Clear4                           
000004bf  TExaS_Clear5                           
000004cb  TExaS_Clear6                           
000004f1  ADC_Init                               
000005b5  TExaS_Init                             
00000741  TExaS_Stop                             
000007ad  SystemCoreClockUpdate                  
00000a21  SystemInit                             
00000ad9  Clock_Init48MHz                        
00000bef  Clock_GetFreq                          
00000bf5  delay                                  
00000c03  Clock_Delay1us                         
00000c2d  Clock_Delay1ms                         
00000cb9  __aeabi_memcpy                         
00000cb9  __aeabi_memcpy4                        
00000cb9  __aeabi_memcpy8                        
00000cb9  memcpy                                 
00000d55  HandleCollision                        
00000d6f  main1                                  
00000da1  main                                   
00000dc1  __TI_decompress_lzss                   
00000e29  Motor_Init                             
00000e2b  Motor_Stop                             
00000e2d  Motor_Forward                          
00000e3d  Motor_Right                            
00000e4d  Motor_Left                             
00000e5d  Motor_Backward                         
00000e6d  __TI_auto_init_nobinit_nopinit         
00000eb1  _c_int00_noargs                        
00000ee5  DisableInterrupts                      
00000eeb  EnableInterrupts                       
00000ef1  StartCritical                          
00000efb  EndCritical                            
00000f03  WaitForInterrupt                       
00000f09  __TI_zero_init_nomemset                
00000f25  TimerA1_Init                           
00000f33  TimerA1_Stop                           
00000f35  TA1_0_IRQHandler                       
00000f35  TA1_0_IRQHandler                       
00000f37  BumpInt_Init                           
00000f41  Bump_Read                              
00000f45  PORT4_IRQHandler                       
00000f45  PORT4_IRQHandler                       
00000f47  __TI_decompress_none                   
00000f55  Reset_Handler                          
00000f61  ADC14_IRQHandler                       
00000f61  AES256_IRQHandler                      
00000f61  BusFault_Handler                       
00000f61  COMP_E0_IRQHandler                     
00000f61  COMP_E1_IRQHandler                     
00000f61  CS_IRQHandler                          
00000f61  DMA_ERR_IRQHandler                     
00000f61  DMA_INT0_IRQHandler                    
00000f61  DMA_INT1_IRQHandler                    
00000f61  DMA_INT2_IRQHandler                    
00000f61  DMA_INT3_IRQHandler                    
00000f61  DebugMon_Handler                       
00000f61  Default_Handler                        
00000f61  EUSCIA0_IRQHandler                     
00000f61  EUSCIA1_IRQHandler                     
00000f61  EUSCIA2_IRQHandler                     
00000f61  EUSCIA3_IRQHandler                     
00000f61  EUSCIB0_IRQHandler                     
00000f61  EUSCIB1_IRQHandler                     
00000f61  EUSCIB2_IRQHandler                     
00000f61  EUSCIB3_IRQHandler                     
00000f61  FLCTL_IRQHandler                       
00000f61  FPU_IRQHandler                         
00000f61  HardFault_Handler                      
00000f61  MemManage_Handler                      
00000f61  NMI_Handler                            
00000f61  PCM_IRQHandler                         
00000f61  PORT1_IRQHandler                       
00000f61  PORT2_IRQHandler                       
00000f61  PORT3_IRQHandler                       
00000f61  PORT5_IRQHandler                       
00000f61  PORT6_IRQHandler                       
00000f61  PSS_IRQHandler                         
00000f61  PendSV_Handler                         
00000f61  RTC_C_IRQHandler                       
00000f61  SVC_Handler                            
00000f61  SysTick_Handler                        
00000f61  T32_INT2_IRQHandler                    
00000f61  T32_INTC_IRQHandler                    
00000f61  TA0_0_IRQHandler                       
00000f61  TA0_N_IRQHandler                       
00000f61  TA1_N_IRQHandler                       
00000f61  TA2_0_IRQHandler                       
00000f61  TA2_N_IRQHandler                       
00000f61  TA3_0_IRQHandler                       
00000f61  TA3_N_IRQHandler                       
00000f61  UsageFault_Handler                     
00000f61  WDT_A_IRQHandler                       
00000f63  _system_pre_init                       
00000f67  C$$EXIT                                
00000f67  abort                                  
00000f80  __TI_Handler_Table_Base                
00000f8c  __TI_Handler_Table_Limit               
00000f98  __TI_CINIT_Base                        
00000fa8  __TI_CINIT_Limit                       
20000000  ClockFrequency                         
20000004  Prewait                                
20000008  CPMwait                                
2000000c  Postwait                               
20000010  IFlags                                 
20000014  Crystalstable                          
20000018  TExaS_ScopeErrLostData                 
2000001c  TExaS_ScopeErrConflict                 
20000020  TExaS_ScopeWrnReconfig                 
20000024  SystemCoreClock                        
20000028  PeriodicTask2                          
2000002c  CollisionData                          
2000002d  CollisionFlag                          
2000002e  LogicData                              
2000fe00  __stack                                
20010000  __STACK_END                            
4000480c  WDTCTL_SYM                             
ffffffff  __TI_pprof_out_hndl                    
ffffffff  __TI_prof_data_size                    
ffffffff  __TI_prof_data_start                   
ffffffff  __binit__                              
ffffffff  __c_args__                             
ffffffff  binit                                  
UNDEFED   __mpu_init                             
UNDEFED   _system_post_cinit                     

[171 symbols]
