******************************************************************************
                  TI ARM Linker PC v18.12.1                    
******************************************************************************
>> Linked Wed Jul 31 21:55:39 2019

OUTPUT FILE NAME:   <VerySimpleApplicationProcessor.out>
ENTRY POINT SYMBOL: "_c_int00_noargs"  address: 00003395


MEMORY CONFIGURATION

         name            origin    length      used     unused   attr    fill
----------------------  --------  ---------  --------  --------  ----  --------
  MAIN                  00000000   00040000  00003801  0003c7ff  R  X
  INFO                  00200000   00004000  00000000  00004000  R  X
  SRAM_CODE             01000000   00010000  00000da6  0000f25a  RW X
  SRAM_DATA             20000000   00010000  00000da6  0000f25a  RW  


SEGMENT ALLOCATION MAP

run origin  load origin   length   init length attrs members
----------  ----------- ---------- ----------- ----- -------
00000000    00000000    00003808   00003808    r-x
  00000000    00000000    000000e4   000000e4    r-- .intvecs
  000000e4    000000e4    00003492   00003492    r-x .text
  00003576    00003576    0000013b   0000013b    r-- .const
  000036b8    000036b8    00000150   00000150    r-- .cinit
20000000    20000000    00000bac   00000000    rw-
  20000000    20000000    0000046a   00000000    rw- .bss
  20000470    20000470    00000400   00000000    rw- .sysmem
  20000870    20000870    0000033c   00000000    rw- .data
2000fe00    2000fe00    00000200   00000000    rw-
  2000fe00    2000fe00    00000200   00000000    rw- .stack


SECTION ALLOCATION MAP

 output                                  attributes/
section   page    origin      length       input sections
--------  ----  ----------  ----------   ----------------
.intvecs   0    00000000    000000e4     
                  00000000    000000e4     startup_msp432p401r_ccs.obj (.intvecs:retain)

.text      0    000000e4    00003492     
                  000000e4    00001014     AP.obj (.text)
                  000010f8    000006e0     UART0.obj (.text)
                  000017d8    0000065c     VerySimpleApplicationProcessor.obj (.text)
                  00001e34    0000032c     system_msp432p401r.obj (.text)
                  00002160    000001e0     Clock.obj (.text)
                  00002340    000001a4     UART1.obj (.text)
                  000024e4    0000010c     rtsv7M4_T_le_v4SPD16_eabi.lib : fopen.c.obj (.text:_openfile)
                  000025f0    000000f4     LaunchPad.obj (.text)
                  000026e4    000000f4     rtsv7M4_T_le_v4SPD16_eabi.lib : memory.c.obj (.text:aligned_alloc)
                  000027d8    000000e8                                   : memory.c.obj (.text:free)
                  000028c0    000000dc                                   : setvbuf.c.obj (.text:setvbuf)
                  0000299c    000000c0     GPIO.obj (.text)
                  00002a5c    000000bc     rtsv7M4_T_le_v4SPD16_eabi.lib : open.c.obj (.text:open)
                  00002b18    000000b8                                   : add_device.c.obj (.text:add_device)
                  00002bd0    0000009c                                   : fopen.c.obj (.text:fopen)
                  00002c6c    0000009c                                   : memcpy_t2.asm.obj (.text)
                  00002d08    0000007c                                   : memory.c.obj (.text:split)
                  00002d84    0000007a                                   : memset_t2.asm.obj (.text)
                  00002dfe    00000002                                   : _lock.c.obj (.text:_nop)
                  00002e00    00000074                                   : fclose.c.obj (.text:__TI_closefile)
                  00002e74    00000068                                   : hostlseek.c.obj (.text:HOSTlseek)
                  00002edc    00000068                                   : hostrename.c.obj (.text:HOSTrename)
                  00002f44    00000068                                   : copy_decompress_lzss.c.obj (.text:decompress:lzss:__TI_decompress_lzss)
                  00002fac    00000060                                   : hostopen.c.obj (.text:HOSTopen)
                  0000300c    0000005c                                   : close.c.obj (.text:close)
                  00003068    00000058                                   : hostread.c.obj (.text:HOSTread)
                  000030c0    00000058                                   : hostwrite.c.obj (.text:HOSTwrite)
                  00003118    0000004c                                   : fflush.c.obj (.text:__TI_doflush)
                  00003164    00000048                                   : exit.c.obj (.text:exit)
                  000031ac    00000044                                   : hostclose.c.obj (.text:HOSTclose)
                  000031f0    00000044                                   : hostunlink.c.obj (.text:HOSTunlink)
                  00003234    00000044                                   : autoinit.c.obj (.text:__TI_auto_init_nobinit_nopinit:__TI_auto_init_nobinit_nopinit)
                  00003278    00000044                                   : getdevice.c.obj (.text:getdevice)
                  000032bc    00000038                                   : trgmsg.c.obj (.text:__TI_writemsg)
                  000032f4    00000036                                   : strncpy.c.obj (.text:strncpy)
                  0000332a    00000002     --HOLE-- [fill = 0]
                  0000332c    00000034                                   : fopen.c.obj (.text:__TI_cleanup)
                  00003360    00000034                                   : trgmsg.c.obj (.text:__TI_readmsg)
                  00003394    00000034                                   : boot_cortex_m.c.obj (.text:_c_int00_noargs:_c_int00_noargs)
                  000033c8    00000034                                   : fopen.c.obj (.text:freopen)
                  000033fc    00000030                                   : getdevice.c.obj (.text:finddevice)
                  0000342c    0000002c                                   : unlink.c.obj (.text:unlink)
                  00003458    00000028                                   : memory.c.obj (.text:free_list_insert)
                  00003480    00000028                                   : write.c.obj (.text:write)
                  000034a8    00000024     CortexM.obj (.text)
                  000034cc    0000001c     rtsv7M4_T_le_v4SPD16_eabi.lib : memory.c.obj (.text:free_list_remove)
                  000034e8    00000018                                   : strcmp.c.obj (.text:strcmp)
                  00003500    00000016                                   : strchr.c.obj (.text:strchr)
                  00003516    00000014                                   : strcpy.c.obj (.text:strcpy)
                  0000352a    00000014                                   : strlen.c.obj (.text:strlen)
                  0000353e    0000000e                                   : copy_decompress_none.c.obj (.text:decompress:none:__TI_decompress_none)
                  0000354c    0000000e     startup_msp432p401r_ccs.obj (.text)
                  0000355a    0000000c     rtsv7M4_T_le_v4SPD16_eabi.lib : copy_zero_init.c.obj (.text:decompress:ZI:__TI_zero_init)
                  00003566    00000008                                   : memory.c.obj (.text:malloc)
                  0000356e    00000004                                   : pre_init.c.obj (.text:_system_pre_init)
                  00003572    00000004                                   : exit.c.obj (.text:abort:abort)

.const     0    00003576    0000013b     
                  00003576    00000021     VerySimpleApplicationProcessor.obj (.const:.string:NPI_SetAdvertisementDataMsg)
                  00003597    00000018     VerySimpleApplicationProcessor.obj (.const:.string:NPI_GATTSetDeviceNameMsg)
                  000035af    00000015     VerySimpleApplicationProcessor.obj (.const:.string:NPI_AddCharDescriptor2)
                  000035c4    00000014     AP.obj (.const:.string:NPI_StartAdvertisement)
                  000035d8    00000014     VerySimpleApplicationProcessor.obj (.const:.string:NPI_StartAdvertisementMsg)
                  000035ec    00000013     VerySimpleApplicationProcessor.obj (.const:.string:NPI_AddCharDescriptor4)
                  000035ff    00000011     VerySimpleApplicationProcessor.obj (.const:.string:NPI_AddCharDescriptor1)
                  00003610    00000011     VerySimpleApplicationProcessor.obj (.const:.string:NPI_AddCharDescriptor3)
                  00003621    00000011     AP.obj (.const:.string:NPI_SetAdvertisement1)
                  00003632    00000011     VerySimpleApplicationProcessor.obj (.const:.string:NPI_SetAdvertisementMsg)
                  00003643    0000000e     VerySimpleApplicationProcessor.obj (.const:.string:NPI_AddCharValue1)
                  00003651    0000000e     VerySimpleApplicationProcessor.obj (.const:.string:NPI_AddCharValue2)
                  0000365f    0000000e     VerySimpleApplicationProcessor.obj (.const:.string:NPI_AddCharValue3)
                  0000366d    0000000e     VerySimpleApplicationProcessor.obj (.const:.string:NPI_AddCharValue4)
                  0000367b    00000009     AP.obj (.const:.string:HCI_EXT_ResetSystemCmd)
                  00003684    00000009     VerySimpleApplicationProcessor.obj (.const:.string:NPI_AddServiceMsg)
                  0000368d    00000006     AP.obj (.const:.string:NPI_GetStatus)
                  00003693    00000006     VerySimpleApplicationProcessor.obj (.const:.string:NPI_GetStatusMsg)
                  00003699    00000006     AP.obj (.const:.string:NPI_GetVersion)
                  0000369f    00000006     VerySimpleApplicationProcessor.obj (.const:.string:NPI_GetVersionMsg)
                  000036a5    00000006     AP.obj (.const:.string:NPI_Register)
                  000036ab    00000006     VerySimpleApplicationProcessor.obj (.const:.string:NPI_RegisterMsg)

.cinit     0    000036b8    00000150     
                  000036b8    0000012a     (.cinit..data.load) [load image, compression = lzss]
                  000037e2    00000002     --HOLE-- [fill = 0]
                  000037e4    0000000c     (__TI_handler_table)
                  000037f0    00000008     (.cinit..bss.load) [load image, compression = zero_init]
                  000037f8    00000010     (__TI_cinit_table)

.init_array 
*          0    00000000    00000000     UNINITIALIZED

.binit     0    00000000    00000000     

.bss       0    20000000    0000046a     UNINITIALIZED
                  20000000    00000120     rtsv7M4_T_le_v4SPD16_eabi.lib : trgmsg.c.obj (.bss:_CIOBUF_)
                  20000120    00000100     (.common:RxFIFO)
                  20000220    000000a0     (.common:CharacteristicList)
                  200002c0    000000a0     (.common:__TI_tmpnams)
                  20000360    00000080     (.common:RecvBuf)
                  200003e0    00000050     (.common:NotifyCharacteristicList)
                  20000430    00000008     (.common:Messageb)
                  20000438    00000008     (.common:parmbuf)
                  20000440    00000004     (.common:Messageindexb)
                  20000444    00000004     (.common:NoSOFErr)
                  20000448    00000004     (.common:RxFifoLost)
                  2000044c    00000004     (.common:RxGetI)
                  20000450    00000004     (.common:RxPutI)
                  20000454    00000004     (.common:TimeOutErr)
                  20000458    00000004     (.common:fcserr)
                  2000045c    00000002     (.common:CCCDhandle)
                  2000045e    00000002     (.common:CCCDvalue)
                  20000460    00000002     (.common:Handle1)
                  20000462    00000002     (.common:Handle2)
                  20000464    00000002     (.common:Handle3)
                  20000466    00000002     (.common:Handle4)
                  20000468    00000001     (.common:Count)
                  20000469    00000001     (.common:Data)

.sysmem    0    20000470    00000400     UNINITIALIZED
                  20000470    00000010     rtsv7M4_T_le_v4SPD16_eabi.lib : memory.c.obj (.sysmem)
                  20000480    000003f0     --HOLE--

.data      0    20000870    0000033c     UNINITIALIZED
                  20000870    000000f0     rtsv7M4_T_le_v4SPD16_eabi.lib : defs.c.obj (.data:_ftable)
                  20000960    00000078                                   : host_device.c.obj (.data:_device)
                  200009d8    00000050                                   : host_device.c.obj (.data:_stream)
                  20000a28    00000025     AP.obj (.data:NPI_SetAdvertisementData)
                  20000a4d    00000020     AP.obj (.data:NPI_AddCharDescriptor)
                  20000a6d    0000001e     AP.obj (.data:NPI_SetAdvertisementDataJacki)
                  20000a8b    0000001c     AP.obj (.data:NPI_GATTSetDeviceName)
                  20000aa7    00000001     --HOLE--
                  20000aa8    00000018     Clock.obj (.data)
                  20000ac0    00000015     AP.obj (.data:NPI_GATTSetDeviceNameJacki)
                  20000ad5    00000015     AP.obj (.data:NPI_ReadConfirmation)
                  20000aea    00000015     VerySimpleApplicationProcessor.obj (.data:NPI_ReadConfirmationMsg)
                  20000aff    00000014     AP.obj (.data:NPI_SendNotificationIndication)
                  20000b13    00000014     VerySimpleApplicationProcessor.obj (.data:NPI_SendNotificationIndicationMsg)
                  20000b27    00000001     --HOLE--
                  20000b28    00000010     rtsv7M4_T_le_v4SPD16_eabi.lib : defs.c.obj (.data)
                  20000b38    0000000e     AP.obj (.data:NPI_AddCharValue)
                  20000b46    00000002     --HOLE--
                  20000b48    0000000c     rtsv7M4_T_le_v4SPD16_eabi.lib : exit.c.obj (.data:$O1$$)
                  20000b54    00000009     AP.obj (.data:NPI_AddService)
                  20000b5d    00000009     AP.obj (.data:NPI_CCCDUpdatedConfirmation)
                  20000b66    00000009     VerySimpleApplicationProcessor.obj (.data:NPI_CCCDUpdatedConfirmationMsg)
                  20000b6f    00000009     AP.obj (.data:NPI_WriteConfirmation)
                  20000b78    00000009     VerySimpleApplicationProcessor.obj (.data:NPI_WriteConfirmationMsg)
                  20000b81    00000003     --HOLE--
                  20000b84    00000008     rtsv7M4_T_le_v4SPD16_eabi.lib : _lock.c.obj (.data:$O1$$)
                  20000b8c    00000008                                   : memory.c.obj (.data:$O1$$)
                  20000b94    00000008     AP.obj (.data)
                  20000b9c    00000004     rtsv7M4_T_le_v4SPD16_eabi.lib : add_device.c.obj (.data)
                  20000ba0    00000004                                   : fopen.c.obj (.data)
                  20000ba4    00000004                                   : open.c.obj (.data)
                  20000ba8    00000004     system_msp432p401r.obj (.data)

.stack     0    2000fe00    00000200     UNINITIALIZED
                  2000fe00    00000004     rtsv7M4_T_le_v4SPD16_eabi.lib : boot_cortex_m.c.obj (.stack)
                  2000fe04    000001fc     --HOLE--

MODULE SUMMARY

       Module                               code    ro data   rw data
       ------                               ----    -------   -------
    ..\
       UART0.obj                            1760    0         24     
    +--+------------------------------------+-------+---------+---------+
       Total:                               1760    0         24     
                                                                     
    .\
       AP.obj                               4116    64        1236   
       VerySimpleApplicationProcessor.obj   1628    251       146    
       UART1.obj                            420     0         536    
       system_msp432p401r.obj               812     0         8      
       Clock.obj                            480     0         48     
       LaunchPad.obj                        244     0         0      
       startup_msp432p401r_ccs.obj          14      228       0      
       GPIO.obj                             192     0         0      
       CortexM.obj                          36      0         0      
    +--+------------------------------------+-------+---------+---------+
       Total:                               7942    543       1974   
                                                                     
    E:\ti\ccs900\ccs\tools\compiler\ti-cgt-arm_18.12.1.LTS\lib\rtsv7M4_T_le_v4SPD16_eabi.lib
       defs.c.obj                           0       0         832    
       memory.c.obj                         676     0         16     
       trgmsg.c.obj                         108     0         576    
       fopen.c.obj                          528     0         8      
       host_device.c.obj                    0       0         400    
       setvbuf.c.obj                        220     0         0      
       open.c.obj                           188     0         8      
       add_device.c.obj                     184     0         8      
       memcpy_t2.asm.obj                    156     0         0      
       memset_t2.asm.obj                    122     0         0      
       fclose.c.obj                         116     0         0      
       getdevice.c.obj                      116     0         0      
       hostopen.c.obj                       96      0         16     
       copy_decompress_lzss.c.obj           104     0         0      
       hostlseek.c.obj                      104     0         0      
       hostrename.c.obj                     104     0         0      
       exit.c.obj                           76      0         24     
       close.c.obj                          92      0         0      
       hostread.c.obj                       88      0         0      
       hostwrite.c.obj                      88      0         0      
       fflush.c.obj                         76      0         0      
       autoinit.c.obj                       68      0         0      
       hostclose.c.obj                      68      0         0      
       hostunlink.c.obj                     68      0         0      
       strncpy.c.obj                        54      0         0      
       boot_cortex_m.c.obj                  52      0         0      
       unlink.c.obj                         44      0         0      
       write.c.obj                          40      0         0      
       strcmp.c.obj                         24      0         0      
       strchr.c.obj                         22      0         0      
       strcpy.c.obj                         20      0         0      
       strlen.c.obj                         20      0         0      
       _lock.c.obj                          2       0         16     
       copy_decompress_none.c.obj           14      0         0      
       copy_zero_init.c.obj                 12      0         0      
       pre_init.c.obj                       4       0         0      
    +--+------------------------------------+-------+---------+---------+
       Total:                               3754    0         1904   
                                                                     
       Heap:                                0       0         2048   
       Stack:                               0       0         1024   
       Linker Generated:                    0       334       0      
    +--+------------------------------------+-------+---------+---------+
       Grand Total:                         13456   877       6974   


LINKER GENERATED COPY TABLES

__TI_cinit_table @ 000037f8 records: 2, size/record: 8, table size: 16
	.data: load addr=000036b8, load size=0000012a bytes, run addr=20000870, run size=0000033c bytes, compression=lzss
	.bss: load addr=000037f0, load size=00000008 bytes, run addr=20000000, run size=0000046a bytes, compression=zero_init


LINKER GENERATED HANDLER TABLE

__TI_handler_table @ 000037e4 records: 3, size/record: 4, table size: 12
	index: 0, handler: __TI_decompress_lzss
	index: 1, handler: __TI_decompress_none
	index: 2, handler: __TI_zero_init


GLOBAL SYMBOLS: SORTED ALPHABETICALLY BY Name 

address   name                             
-------   ----                             
00003559  ADC14_IRQHandler                 
00003559  AES256_IRQHandler                
00000745  AP_AddCharacteristic             
00000901  AP_AddNotifyCharacteristic       
000006ed  AP_AddService                    
00000e15  AP_BackgroundProcess             
00000289  AP_EchoReceived                  
0000021d  AP_EchoSendMessage               
000006d7  AP_GetNotifyCCCD                 
000001f3  AP_GetSize                       
00000ce9  AP_GetStatus                     
00000d21  AP_GetVersion                    
0000010d  AP_Init                          
000004ad  AP_RecvMessage                   
00000689  AP_RecvStatus                    
00000725  AP_RegisterService               
000000e5  AP_Reset                         
00000311  AP_SendMessage                   
00000697  AP_SendMessageResponse           
00000b2d  AP_SendNotification              
00000c2d  AP_StartAdvertisement            
00000c81  AP_StartAdvertisementJacki       
00003559  BusFault_Handler                 
00003573  C$$EXIT                          
000032eb  C$$IO$$                          
2000045c  CCCDhandle                       
2000045e  CCCDvalue                        
00003559  COMP_E0_IRQHandler               
00003559  COMP_E1_IRQHandler               
20000ab0  CPMwait                          
00003559  CS_IRQHandler                    
20000b94  CharacteristicCount              
20000220  CharacteristicList               
20000aa8  ClockFrequency                   
000022b5  Clock_Delay1ms                   
0000228b  Clock_Delay1us                   
00002277  Clock_GetFreq                    
00002161  Clock_Init48MHz                  
20000468  Count                            
20000abc  Crystalstable                    
00003559  DMA_ERR_IRQHandler               
00003559  DMA_INT0_IRQHandler              
00003559  DMA_INT1_IRQHandler              
00003559  DMA_INT2_IRQHandler              
00003559  DMA_INT3_IRQHandler              
20000469  Data                             
00003559  DebugMon_Handler                 
00003559  Default_Handler                  
000034a9  DisableInterrupts                
00003559  EUSCIA0_IRQHandler               
00003559  EUSCIA1_IRQHandler               
00002469  EUSCIA2_IRQHandler               
00002469  EUSCIA2_IRQHandler               
00003559  EUSCIA3_IRQHandler               
00003559  EUSCIB0_IRQHandler               
00003559  EUSCIB1_IRQHandler               
00003559  EUSCIB2_IRQHandler               
00003559  EUSCIB3_IRQHandler               
000034af  EnableInterrupts                 
000034bf  EndCritical                      
00003559  FLCTL_IRQHandler                 
00003559  FPU_IRQHandler                   
0000299d  GPIO_Init                        
0000367b  HCI_EXT_ResetSystemCmd           
000031ad  HOSTclose                        
00002e75  HOSTlseek                        
00002fad  HOSTopen                         
00003069  HOSTread                         
00002edd  HOSTrename                       
000031f1  HOSTunlink                       
000030c1  HOSTwrite                        
20000460  Handle1                          
20000462  Handle2                          
20000464  Handle3                          
20000466  Handle4                          
00003559  HardFault_Handler                
20000ab8  IFlags                           
000025f1  LaunchPad_Init                   
00002661  LaunchPad_Input                  
0000267b  LaunchPad_LED                    
00002699  LaunchPad_Output                 
00003559  MemManage_Handler                
20000430  Messageb                         
20000440  Messageindexb                    
00003559  NMI_Handler                      
20000a4d  NPI_AddCharDescriptor            
000035ff  NPI_AddCharDescriptor1           
000035af  NPI_AddCharDescriptor2           
00003610  NPI_AddCharDescriptor3           
000035ec  NPI_AddCharDescriptor4           
20000b38  NPI_AddCharValue                 
00003643  NPI_AddCharValue1                
00003651  NPI_AddCharValue2                
0000365f  NPI_AddCharValue3                
0000366d  NPI_AddCharValue4                
20000b54  NPI_AddService                   
00003684  NPI_AddServiceMsg                
20000b5d  NPI_CCCDUpdatedConfirmation      
20000b66  NPI_CCCDUpdatedConfirmationMsg   
20000a8b  NPI_GATTSetDeviceName            
20000ac0  NPI_GATTSetDeviceNameJacki       
00003597  NPI_GATTSetDeviceNameMsg         
0000368d  NPI_GetStatus                    
00003693  NPI_GetStatusMsg                 
00003699  NPI_GetVersion                   
0000369f  NPI_GetVersionMsg                
20000ad5  NPI_ReadConfirmation             
20000aea  NPI_ReadConfirmationMsg          
000036a5  NPI_Register                     
000036ab  NPI_RegisterMsg                  
20000aff  NPI_SendNotificationIndication   
20000b13  NPI_SendNotificationIndicationMsg
00003621  NPI_SetAdvertisement1            
20000a28  NPI_SetAdvertisementData         
20000a6d  NPI_SetAdvertisementDataJacki    
00003576  NPI_SetAdvertisementDataMsg      
00003632  NPI_SetAdvertisementMsg          
000035c4  NPI_StartAdvertisement           
000035d8  NPI_StartAdvertisementMsg        
20000b6f  NPI_WriteConfirmation            
20000b78  NPI_WriteConfirmationMsg         
20000444  NoSOFErr                         
20000b98  NotifyCharacteristicCount        
200003e0  NotifyCharacteristicList         
000017d9  OutValue                         
00003559  PCM_IRQHandler                   
00003559  PORT1_IRQHandler                 
00003559  PORT2_IRQHandler                 
00003559  PORT3_IRQHandler                 
00003559  PORT4_IRQHandler                 
00003559  PORT5_IRQHandler                 
00003559  PORT6_IRQHandler                 
00003559  PSS_IRQHandler                   
00003559  PendSV_Handler                   
20000ab4  Postwait                         
20000aac  Prewait                          
00003559  RTC_C_IRQHandler                 
20000360  RecvBuf                          
0000354d  Reset_Handler                    
20000120  RxFIFO                           
20000448  RxFifoLost                       
00002399  RxFifo_Get                       
00002341  RxFifo_Init                      
00002353  RxFifo_Put                       
2000044c  RxGetI                           
20000450  RxPutI                           
00003559  SVC_Handler                      
000034b5  StartCritical                    
00003559  SysTick_Handler                  
20000ba8  SystemCoreClock                  
00001e35  SystemCoreClockUpdate            
000020a9  SystemInit                       
00003559  T32_INT1_IRQHandler              
00003559  T32_INT2_IRQHandler              
00003559  T32_INTC_IRQHandler              
00003559  TA0_0_IRQHandler                 
00003559  TA0_N_IRQHandler                 
00003559  TA1_0_IRQHandler                 
00003559  TA1_N_IRQHandler                 
00003559  TA2_0_IRQHandler                 
00003559  TA2_N_IRQHandler                 
00003559  TA3_0_IRQHandler                 
00003559  TA3_N_IRQHandler                 
20000454  TimeOutErr                       
0000113f  UART0_InChar                     
000015e9  UART0_InString                   
00001189  UART0_InUDec                     
0000149d  UART0_InUHex                     
000010f9  UART0_Init                       
0000174b  UART0_Initprintf                 
0000114f  UART0_OutChar                    
0000123d  UART0_OutSDec                    
0000116b  UART0_OutString                  
0000120d  UART0_OutUDec                    
000013b1  UART0_OutUDec4                   
000013f9  UART0_OutUDec5                   
0000142b  UART0_OutUFix1                   
00001453  UART0_OutUFix2                   
00001561  UART0_OutUHex                    
000015cd  UART0_OutUHex2                   
0000249d  UART1_FinishOutput               
0000243b  UART1_InChar                     
000023cf  UART1_InStatus                   
000023df  UART1_Init                       
0000244d  UART1_OutChar                    
0000247f  UART1_OutString                  
00003559  UsageFault_Handler               
4000480c  WDTCTL_SYM                       
00003559  WDT_A_IRQHandler                 
000034c7  WaitForInterrupt                 
20000000  __CIOBUF_                        
20010000  __STACK_END                      
00000200  __STACK_SIZE                     
00000400  __SYSMEM_SIZE                    
000037f8  __TI_CINIT_Base                  
00003808  __TI_CINIT_Limit                 
000037e4  __TI_Handler_Table_Base          
000037f0  __TI_Handler_Table_Limit         
00003235  __TI_auto_init_nobinit_nopinit   
0000332d  __TI_cleanup                     
20000b48  __TI_cleanup_ptr                 
00002e01  __TI_closefile                   
00002f45  __TI_decompress_lzss             
0000353f  __TI_decompress_none             
00003119  __TI_doflush                     
20000b4c  __TI_dtors_ptr                   
20000b50  __TI_enable_exit_profile_output  
20000b28  __TI_ft_end                      
ffffffff  __TI_pprof_out_hndl              
ffffffff  __TI_prof_data_size              
ffffffff  __TI_prof_data_start             
00003361  __TI_readmsg                     
00000000  __TI_static_base__               
200002c0  __TI_tmpnams                     
000032bd  __TI_writemsg                    
0000355b  __TI_zero_init                   
00002d85  __aeabi_memclr                   
00002d85  __aeabi_memclr4                  
00002d85  __aeabi_memclr8                  
00002c6d  __aeabi_memcpy                   
00002c6d  __aeabi_memcpy4                  
00002c6d  __aeabi_memcpy8                  
00002d87  __aeabi_memset                   
00002d87  __aeabi_memset4                  
00002d87  __aeabi_memset8                  
20000b34  __aeabi_stderr                   
20000b2c  __aeabi_stdin                    
20000b30  __aeabi_stdout                   
ffffffff  __binit__                        
ffffffff  __c_args__                       
UNDEFED   __mpu_init                       
2000fe00  __stack                          
00003395  _c_int00_noargs                  
20000960  _device                          
20000870  _ftable                          
20000b84  _lock                            
00002dff  _nop                             
200009d8  _stream                          
20000470  _sys_memory                      
UNDEFED   _system_post_cinit               
0000356f  _system_pre_init                 
20000b88  _unlock                          
00003573  abort                            
00002b19  add_device                       
000026e5  aligned_alloc                    
ffffffff  binit                            
0000300d  close                            
0000227d  delay                            
00003165  exit                             
20000458  fcserr                           
0000167d  ferror                           
00001663  fgetc                            
000033fd  finddevice                       
00002bd1  fopen                            
000027d9  free                             
000033c9  freopen                          
00003279  getdevice                        
00000000  interruptVectors                 
000017ed  main                             
00003567  malloc                           
000026e5  memalign                         
00002c6d  memcpy                           
00002d8d  memset                           
00002a5d  open                             
000015a5  outnibble                        
20000438  parmbuf                          
0000342d  remove                           
000028c1  setvbuf                          
00003501  strchr                           
000034e9  strcmp                           
00003517  strcpy                           
0000352b  strlen                           
000032f5  strncpy                          
000016a3  uart_close                       
00001721  uart_lseek                       
00001693  uart_open                        
000016af  uart_read                        
0000173d  uart_rename                      
00001731  uart_unlink                      
000016df  uart_write                       
0000342d  unlink                           
00003481  write                            


GLOBAL SYMBOLS: SORTED BY Symbol Address 

address   name                             
-------   ----                             
00000000  __TI_static_base__               
00000000  interruptVectors                 
000000e5  AP_Reset                         
0000010d  AP_Init                          
000001f3  AP_GetSize                       
00000200  __STACK_SIZE                     
0000021d  AP_EchoSendMessage               
00000289  AP_EchoReceived                  
00000311  AP_SendMessage                   
00000400  __SYSMEM_SIZE                    
000004ad  AP_RecvMessage                   
00000689  AP_RecvStatus                    
00000697  AP_SendMessageResponse           
000006d7  AP_GetNotifyCCCD                 
000006ed  AP_AddService                    
00000725  AP_RegisterService               
00000745  AP_AddCharacteristic             
00000901  AP_AddNotifyCharacteristic       
00000b2d  AP_SendNotification              
00000c2d  AP_StartAdvertisement            
00000c81  AP_StartAdvertisementJacki       
00000ce9  AP_GetStatus                     
00000d21  AP_GetVersion                    
00000e15  AP_BackgroundProcess             
000010f9  UART0_Init                       
0000113f  UART0_InChar                     
0000114f  UART0_OutChar                    
0000116b  UART0_OutString                  
00001189  UART0_InUDec                     
0000120d  UART0_OutUDec                    
0000123d  UART0_OutSDec                    
000013b1  UART0_OutUDec4                   
000013f9  UART0_OutUDec5                   
0000142b  UART0_OutUFix1                   
00001453  UART0_OutUFix2                   
0000149d  UART0_InUHex                     
00001561  UART0_OutUHex                    
000015a5  outnibble                        
000015cd  UART0_OutUHex2                   
000015e9  UART0_InString                   
00001663  fgetc                            
0000167d  ferror                           
00001693  uart_open                        
000016a3  uart_close                       
000016af  uart_read                        
000016df  uart_write                       
00001721  uart_lseek                       
00001731  uart_unlink                      
0000173d  uart_rename                      
0000174b  UART0_Initprintf                 
000017d9  OutValue                         
000017ed  main                             
00001e35  SystemCoreClockUpdate            
000020a9  SystemInit                       
00002161  Clock_Init48MHz                  
00002277  Clock_GetFreq                    
0000227d  delay                            
0000228b  Clock_Delay1us                   
000022b5  Clock_Delay1ms                   
00002341  RxFifo_Init                      
00002353  RxFifo_Put                       
00002399  RxFifo_Get                       
000023cf  UART1_InStatus                   
000023df  UART1_Init                       
0000243b  UART1_InChar                     
0000244d  UART1_OutChar                    
00002469  EUSCIA2_IRQHandler               
00002469  EUSCIA2_IRQHandler               
0000247f  UART1_OutString                  
0000249d  UART1_FinishOutput               
000025f1  LaunchPad_Init                   
00002661  LaunchPad_Input                  
0000267b  LaunchPad_LED                    
00002699  LaunchPad_Output                 
000026e5  aligned_alloc                    
000026e5  memalign                         
000027d9  free                             
000028c1  setvbuf                          
0000299d  GPIO_Init                        
00002a5d  open                             
00002b19  add_device                       
00002bd1  fopen                            
00002c6d  __aeabi_memcpy                   
00002c6d  __aeabi_memcpy4                  
00002c6d  __aeabi_memcpy8                  
00002c6d  memcpy                           
00002d85  __aeabi_memclr                   
00002d85  __aeabi_memclr4                  
00002d85  __aeabi_memclr8                  
00002d87  __aeabi_memset                   
00002d87  __aeabi_memset4                  
00002d87  __aeabi_memset8                  
00002d8d  memset                           
00002dff  _nop                             
00002e01  __TI_closefile                   
00002e75  HOSTlseek                        
00002edd  HOSTrename                       
00002f45  __TI_decompress_lzss             
00002fad  HOSTopen                         
0000300d  close                            
00003069  HOSTread                         
000030c1  HOSTwrite                        
00003119  __TI_doflush                     
00003165  exit                             
000031ad  HOSTclose                        
000031f1  HOSTunlink                       
00003235  __TI_auto_init_nobinit_nopinit   
00003279  getdevice                        
000032bd  __TI_writemsg                    
000032eb  C$$IO$$                          
000032f5  strncpy                          
0000332d  __TI_cleanup                     
00003361  __TI_readmsg                     
00003395  _c_int00_noargs                  
000033c9  freopen                          
000033fd  finddevice                       
0000342d  remove                           
0000342d  unlink                           
00003481  write                            
000034a9  DisableInterrupts                
000034af  EnableInterrupts                 
000034b5  StartCritical                    
000034bf  EndCritical                      
000034c7  WaitForInterrupt                 
000034e9  strcmp                           
00003501  strchr                           
00003517  strcpy                           
0000352b  strlen                           
0000353f  __TI_decompress_none             
0000354d  Reset_Handler                    
00003559  ADC14_IRQHandler                 
00003559  AES256_IRQHandler                
00003559  BusFault_Handler                 
00003559  COMP_E0_IRQHandler               
00003559  COMP_E1_IRQHandler               
00003559  CS_IRQHandler                    
00003559  DMA_ERR_IRQHandler               
00003559  DMA_INT0_IRQHandler              
00003559  DMA_INT1_IRQHandler              
00003559  DMA_INT2_IRQHandler              
00003559  DMA_INT3_IRQHandler              
00003559  DebugMon_Handler                 
00003559  Default_Handler                  
00003559  EUSCIA0_IRQHandler               
00003559  EUSCIA1_IRQHandler               
00003559  EUSCIA3_IRQHandler               
00003559  EUSCIB0_IRQHandler               
00003559  EUSCIB1_IRQHandler               
00003559  EUSCIB2_IRQHandler               
00003559  EUSCIB3_IRQHandler               
00003559  FLCTL_IRQHandler                 
00003559  FPU_IRQHandler                   
00003559  HardFault_Handler                
00003559  MemManage_Handler                
00003559  NMI_Handler                      
00003559  PCM_IRQHandler                   
00003559  PORT1_IRQHandler                 
00003559  PORT2_IRQHandler                 
00003559  PORT3_IRQHandler                 
00003559  PORT4_IRQHandler                 
00003559  PORT5_IRQHandler                 
00003559  PORT6_IRQHandler                 
00003559  PSS_IRQHandler                   
00003559  PendSV_Handler                   
00003559  RTC_C_IRQHandler                 
00003559  SVC_Handler                      
00003559  SysTick_Handler                  
00003559  T32_INT1_IRQHandler              
00003559  T32_INT2_IRQHandler              
00003559  T32_INTC_IRQHandler              
00003559  TA0_0_IRQHandler                 
00003559  TA0_N_IRQHandler                 
00003559  TA1_0_IRQHandler                 
00003559  TA1_N_IRQHandler                 
00003559  TA2_0_IRQHandler                 
00003559  TA2_N_IRQHandler                 
00003559  TA3_0_IRQHandler                 
00003559  TA3_N_IRQHandler                 
00003559  UsageFault_Handler               
00003559  WDT_A_IRQHandler                 
0000355b  __TI_zero_init                   
00003567  malloc                           
0000356f  _system_pre_init                 
00003573  C$$EXIT                          
00003573  abort                            
00003576  NPI_SetAdvertisementDataMsg      
00003597  NPI_GATTSetDeviceNameMsg         
000035af  NPI_AddCharDescriptor2           
000035c4  NPI_StartAdvertisement           
000035d8  NPI_StartAdvertisementMsg        
000035ec  NPI_AddCharDescriptor4           
000035ff  NPI_AddCharDescriptor1           
00003610  NPI_AddCharDescriptor3           
00003621  NPI_SetAdvertisement1            
00003632  NPI_SetAdvertisementMsg          
00003643  NPI_AddCharValue1                
00003651  NPI_AddCharValue2                
0000365f  NPI_AddCharValue3                
0000366d  NPI_AddCharValue4                
0000367b  HCI_EXT_ResetSystemCmd           
00003684  NPI_AddServiceMsg                
0000368d  NPI_GetStatus                    
00003693  NPI_GetStatusMsg                 
00003699  NPI_GetVersion                   
0000369f  NPI_GetVersionMsg                
000036a5  NPI_Register                     
000036ab  NPI_RegisterMsg                  
000037e4  __TI_Handler_Table_Base          
000037f0  __TI_Handler_Table_Limit         
000037f8  __TI_CINIT_Base                  
00003808  __TI_CINIT_Limit                 
20000000  __CIOBUF_                        
20000120  RxFIFO                           
20000220  CharacteristicList               
200002c0  __TI_tmpnams                     
20000360  RecvBuf                          
200003e0  NotifyCharacteristicList         
20000430  Messageb                         
20000438  parmbuf                          
20000440  Messageindexb                    
20000444  NoSOFErr                         
20000448  RxFifoLost                       
2000044c  RxGetI                           
20000450  RxPutI                           
20000454  TimeOutErr                       
20000458  fcserr                           
2000045c  CCCDhandle                       
2000045e  CCCDvalue                        
20000460  Handle1                          
20000462  Handle2                          
20000464  Handle3                          
20000466  Handle4                          
20000468  Count                            
20000469  Data                             
20000470  _sys_memory                      
20000870  _ftable                          
20000960  _device                          
200009d8  _stream                          
20000a28  NPI_SetAdvertisementData         
20000a4d  NPI_AddCharDescriptor            
20000a6d  NPI_SetAdvertisementDataJacki    
20000a8b  NPI_GATTSetDeviceName            
20000aa8  ClockFrequency                   
20000aac  Prewait                          
20000ab0  CPMwait                          
20000ab4  Postwait                         
20000ab8  IFlags                           
20000abc  Crystalstable                    
20000ac0  NPI_GATTSetDeviceNameJacki       
20000ad5  NPI_ReadConfirmation             
20000aea  NPI_ReadConfirmationMsg          
20000aff  NPI_SendNotificationIndication   
20000b13  NPI_SendNotificationIndicationMsg
20000b28  __TI_ft_end                      
20000b2c  __aeabi_stdin                    
20000b30  __aeabi_stdout                   
20000b34  __aeabi_stderr                   
20000b38  NPI_AddCharValue                 
20000b48  __TI_cleanup_ptr                 
20000b4c  __TI_dtors_ptr                   
20000b50  __TI_enable_exit_profile_output  
20000b54  NPI_AddService                   
20000b5d  NPI_CCCDUpdatedConfirmation      
20000b66  NPI_CCCDUpdatedConfirmationMsg   
20000b6f  NPI_WriteConfirmation            
20000b78  NPI_WriteConfirmationMsg         
20000b84  _lock                            
20000b88  _unlock                          
20000b94  CharacteristicCount              
20000b98  NotifyCharacteristicCount        
20000ba8  SystemCoreClock                  
2000fe00  __stack                          
20010000  __STACK_END                      
4000480c  WDTCTL_SYM                       
ffffffff  __TI_pprof_out_hndl              
ffffffff  __TI_prof_data_size              
ffffffff  __TI_prof_data_start             
ffffffff  __binit__                        
ffffffff  __c_args__                       
ffffffff  binit                            
UNDEFED   __mpu_init                       
UNDEFED   _system_post_cinit               

[282 symbols]
