******************************************************************************
                  TI ARM Linker PC v18.12.2                    
******************************************************************************
>> Linked Sat Dec 14 17:06:03 2019

OUTPUT FILE NAME:   <PWMSine.out>
ENTRY POINT SYMBOL: "_c_int00_noargs"  address: 00000d51


MEMORY CONFIGURATION

         name            origin    length      used     unused   attr    fill
----------------------  --------  ---------  --------  --------  ----  --------
  MAIN                  00000000   00040000  00000e60  0003f1a0  R  X
  INFO                  00200000   00004000  00000000  00004000  R  X
  SRAM_CODE             01000000   00010000  00000221  0000fddf  RW X
  SRAM_DATA             20000000   00010000  00000221  0000fddf  RW  


SEGMENT ALLOCATION MAP

run origin  load origin   length   init length attrs members
----------  ----------- ---------- ----------- ----- -------
00000000    00000000    00000e60   00000e60    r-x
  00000000    00000000    000000e4   000000e4    r-- .intvecs
  000000e4    000000e4    00000d04   00000d04    r-x .text
  00000de8    00000de8    00000040   00000040    r-- .const
  00000e28    00000e28    00000038   00000038    r-- .cinit
20000000    20000000    00000024   00000000    rw-
  20000000    20000000    0000001d   00000000    rw- .data
  20000020    20000020    00000004   00000000    rw- .bss
2000fe00    2000fe00    00000200   00000000    rw-
  2000fe00    2000fe00    00000200   00000000    rw- .stack


SECTION ALLOCATION MAP

 output                                  attributes/
section   page    origin      length       input sections
--------  ----  ----------  ----------   ----------------
.intvecs   0    00000000    000000e4     
                  00000000    000000e4     startup_msp432p401r_ccs.obj (.intvecs:retain)

.text      0    000000e4    00000d04     
                  000000e4    00000420     PWM.obj (.text)
                  00000504    0000032c     system_msp432p401r.obj (.text)
                  00000830    000001e0     Clock.obj (.text)
                  00000a10    000000f4     LaunchPad.obj (.text)
                  00000b04    000000a8     TimerA2.obj (.text)
                  00000bac    0000009c     rtsv7M4_T_le_v4SPD16_eabi.lib : memcpy_t2.asm.obj (.text)
                  00000c48    00000068                                   : copy_decompress_lzss.c.obj (.text:decompress:lzss:__TI_decompress_lzss)
                  00000cb0    0000005c     PWMSine.obj (.text)
                  00000d0c    00000044     rtsv7M4_T_le_v4SPD16_eabi.lib : autoinit.c.obj (.text:__TI_auto_init_nobinit_nopinit:__TI_auto_init_nobinit_nopinit)
                  00000d50    00000034                                   : boot_cortex_m.c.obj (.text:_c_int00_noargs:_c_int00_noargs)
                  00000d84    00000024     CortexM.obj (.text)
                  00000da8    0000001c     rtsv7M4_T_le_v4SPD16_eabi.lib : copy_zero_init.c.obj (.text:decompress:ZI:__TI_zero_init_nomemset:__TI_zero_init_nomemset)
                  00000dc4    0000000e                                   : copy_decompress_none.c.obj (.text:decompress:none:__TI_decompress_none)
                  00000dd2    0000000e     startup_msp432p401r_ccs.obj (.text)
                  00000de0    00000004     rtsv7M4_T_le_v4SPD16_eabi.lib : pre_init.c.obj (.text:_system_pre_init)
                  00000de4    00000004                                   : exit.c.obj (.text:abort:abort)

.const     0    00000de8    00000040     
                  00000de8    00000040     PWMSine.obj (.const:Wave)

.cinit     0    00000e28    00000038     
                  00000e28    0000000d     (.cinit..data.load) [load image, compression = lzss]
                  00000e35    00000003     --HOLE-- [fill = 0]
                  00000e38    0000000c     (__TI_handler_table)
                  00000e44    00000004     --HOLE-- [fill = 0]
                  00000e48    00000008     (.cinit..bss.load) [load image, compression = zero_init]
                  00000e50    00000010     (__TI_cinit_table)

.init_array 
*          0    00000000    00000000     UNINITIALIZED

.binit     0    00000000    00000000     

.data      0    20000000    0000001d     UNINITIALIZED
                  20000000    00000018     Clock.obj (.data)
                  20000018    00000004     system_msp432p401r.obj (.data)
                  2000001c    00000001     PWMSine.obj (.data)

.bss       0    20000020    00000004     UNINITIALIZED
                  20000020    00000004     (.common:TimerA2Task)

.stack     0    2000fe00    00000200     UNINITIALIZED
                  2000fe00    00000004     rtsv7M4_T_le_v4SPD16_eabi.lib : boot_cortex_m.c.obj (.stack)
                  2000fe04    000001fc     --HOLE--

MODULE SUMMARY

       Module                        code   ro data   rw data
       ------                        ----   -------   -------
    .\
       PWM.obj                       1056   0         0      
       system_msp432p401r.obj        812    0         8      
       Clock.obj                     480    0         48     
       LaunchPad.obj                 244    0         0      
       startup_msp432p401r_ccs.obj   14     228       0      
       TimerA2.obj                   168    0         8      
       PWMSine.obj                   92     64        2      
       CortexM.obj                   36     0         0      
    +--+-----------------------------+------+---------+---------+
       Total:                        2902   292       66     
                                                             
    C:\ti\ccs910\ccs\tools\compiler\ti-cgt-arm_18.12.2.LTS\lib\rtsv7M4_T_le_v4SPD16_eabi.lib
       memcpy_t2.asm.obj             156    0         0      
       copy_decompress_lzss.c.obj    104    0         0      
       autoinit.c.obj                68     0         0      
       boot_cortex_m.c.obj           52     0         0      
       copy_zero_init.c.obj          28     0         0      
       copy_decompress_none.c.obj    14     0         0      
       exit.c.obj                    4      0         0      
       pre_init.c.obj                4      0         0      
    +--+-----------------------------+------+---------+---------+
       Total:                        430    0         0      
                                                             
       Stack:                        0      0         1024   
       Linker Generated:             0      49        0      
    +--+-----------------------------+------+---------+---------+
       Grand Total:                  3332   341       1090   


LINKER GENERATED COPY TABLES

__TI_cinit_table @ 00000e50 records: 2, size/record: 8, table size: 16
	.data: load addr=00000e28, load size=0000000d bytes, run addr=20000000, run size=0000001d bytes, compression=lzss
	.bss: load addr=00000e48, load size=00000008 bytes, run addr=20000020, run size=00000004 bytes, compression=zero_init


LINKER GENERATED HANDLER TABLE

__TI_handler_table @ 00000e38 records: 3, size/record: 4, table size: 12
	index: 0, handler: __TI_decompress_lzss
	index: 1, handler: __TI_decompress_none
	index: 2, handler: __TI_zero_init


GLOBAL SYMBOLS: SORTED ALPHABETICALLY BY Name 

address   name                          
-------   ----                          
00000ddf  ADC14_IRQHandler              
00000ddf  AES256_IRQHandler             
00000ddf  BusFault_Handler              
00000de5  C$$EXIT                       
00000ddf  COMP_E0_IRQHandler            
00000ddf  COMP_E1_IRQHandler            
20000008  CPMwait                       
00000ddf  CS_IRQHandler                 
20000000  ClockFrequency                
00000985  Clock_Delay1ms                
0000095b  Clock_Delay1us                
00000947  Clock_GetFreq                 
00000831  Clock_Init48MHz               
20000014  Crystalstable                 
00000ddf  DMA_ERR_IRQHandler            
00000ddf  DMA_INT0_IRQHandler           
00000ddf  DMA_INT1_IRQHandler           
00000ddf  DMA_INT2_IRQHandler           
00000ddf  DMA_INT3_IRQHandler           
00000ddf  DebugMon_Handler              
00000ddf  Default_Handler               
00000d85  DisableInterrupts             
00000ddf  EUSCIA0_IRQHandler            
00000ddf  EUSCIA1_IRQHandler            
00000ddf  EUSCIA2_IRQHandler            
00000ddf  EUSCIA3_IRQHandler            
00000ddf  EUSCIB0_IRQHandler            
00000ddf  EUSCIB1_IRQHandler            
00000ddf  EUSCIB2_IRQHandler            
00000ddf  EUSCIB3_IRQHandler            
00000d8b  EnableInterrupts              
00000d9b  EndCritical                   
00000ddf  FLCTL_IRQHandler              
00000ddf  FPU_IRQHandler                
00000ddf  HardFault_Handler             
20000010  IFlags                        
00000a11  LaunchPad_Init                
00000a81  LaunchPad_Input               
00000a9b  LaunchPad_LED                 
00000ab9  LaunchPad_Output              
00000ddf  MemManage_Handler             
00000ddf  NMI_Handler                   
00000cb1  OutputSineWave                
00000ddf  PCM_IRQHandler                
00000ddf  PORT1_IRQHandler              
00000ddf  PORT2_IRQHandler              
00000ddf  PORT3_IRQHandler              
00000ddf  PORT4_IRQHandler              
00000ddf  PORT5_IRQHandler              
00000ddf  PORT6_IRQHandler              
00000ddf  PSS_IRQHandler                
000001cf  PWM_Duty1                     
000001ef  PWM_Duty2                     
00000293  PWM_Duty3                     
000002b3  PWM_Duty4                     
000000e5  PWM_Init1                     
0000014b  PWM_Init12                    
0000020f  PWM_Init34                    
000003fb  PWM_RobotArmDuty0             
00000421  PWM_RobotArmDuty1             
00000447  PWM_RobotArmDuty2             
0000041b  PWM_RobotArmGetDuty0          
00000441  PWM_RobotArmGetDuty1          
00000467  PWM_RobotArmGetDuty2          
000002d3  PWM_RobotArmInit              
00000ddf  PendSV_Handler                
2000000c  Postwait                      
20000004  Prewait                       
00000ddf  RTC_C_IRQHandler              
00000dd3  Reset_Handler                 
00000ddf  SVC_Handler                   
00000d91  StartCritical                 
00000ddf  SysTick_Handler               
20000018  SystemCoreClock               
00000505  SystemCoreClockUpdate         
00000779  SystemInit                    
00000ddf  T32_INT1_IRQHandler           
00000ddf  T32_INT2_IRQHandler           
00000ddf  T32_INTC_IRQHandler           
00000ddf  TA0_0_IRQHandler              
00000ddf  TA0_N_IRQHandler              
00000ddf  TA1_0_IRQHandler              
00000ddf  TA1_N_IRQHandler              
00000b77  TA2_0_IRQHandler              
00000b77  TA2_0_IRQHandler              
00000ddf  TA2_N_IRQHandler              
00000ddf  TA3_0_IRQHandler              
00000ddf  TA3_N_IRQHandler              
20000020  TimerA2Task                   
00000b05  TimerA2_Init                  
00000b63  TimerA2_Stop                  
00000ddf  UsageFault_Handler            
4000480c  WDTCTL_SYM                    
00000ddf  WDT_A_IRQHandler              
00000da3  WaitForInterrupt              
00000de8  Wave                          
20010000  __STACK_END                   
00000200  __STACK_SIZE                  
00000e50  __TI_CINIT_Base               
00000e60  __TI_CINIT_Limit              
00000e38  __TI_Handler_Table_Base       
00000e44  __TI_Handler_Table_Limit      
00000d0d  __TI_auto_init_nobinit_nopinit
00000c49  __TI_decompress_lzss          
00000dc5  __TI_decompress_none          
ffffffff  __TI_pprof_out_hndl           
ffffffff  __TI_prof_data_size           
ffffffff  __TI_prof_data_start          
00000000  __TI_static_base__            
00000da9  __TI_zero_init_nomemset       
00000bad  __aeabi_memcpy                
00000bad  __aeabi_memcpy4               
00000bad  __aeabi_memcpy8               
ffffffff  __binit__                     
ffffffff  __c_args__                    
UNDEFED   __mpu_init                    
2000fe00  __stack                       
00000d51  _c_int00_noargs               
UNDEFED   _system_post_cinit            
00000de1  _system_pre_init              
00000de5  abort                         
ffffffff  binit                         
0000094d  delay                         
00000000  interruptVectors              
00000cdb  main                          
00000bad  memcpy                        


GLOBAL SYMBOLS: SORTED BY Symbol Address 

address   name                          
-------   ----                          
00000000  __TI_static_base__            
00000000  interruptVectors              
000000e5  PWM_Init1                     
0000014b  PWM_Init12                    
000001cf  PWM_Duty1                     
000001ef  PWM_Duty2                     
00000200  __STACK_SIZE                  
0000020f  PWM_Init34                    
00000293  PWM_Duty3                     
000002b3  PWM_Duty4                     
000002d3  PWM_RobotArmInit              
000003fb  PWM_RobotArmDuty0             
0000041b  PWM_RobotArmGetDuty0          
00000421  PWM_RobotArmDuty1             
00000441  PWM_RobotArmGetDuty1          
00000447  PWM_RobotArmDuty2             
00000467  PWM_RobotArmGetDuty2          
00000505  SystemCoreClockUpdate         
00000779  SystemInit                    
00000831  Clock_Init48MHz               
00000947  Clock_GetFreq                 
0000094d  delay                         
0000095b  Clock_Delay1us                
00000985  Clock_Delay1ms                
00000a11  LaunchPad_Init                
00000a81  LaunchPad_Input               
00000a9b  LaunchPad_LED                 
00000ab9  LaunchPad_Output              
00000b05  TimerA2_Init                  
00000b63  TimerA2_Stop                  
00000b77  TA2_0_IRQHandler              
00000b77  TA2_0_IRQHandler              
00000bad  __aeabi_memcpy                
00000bad  __aeabi_memcpy4               
00000bad  __aeabi_memcpy8               
00000bad  memcpy                        
00000c49  __TI_decompress_lzss          
00000cb1  OutputSineWave                
00000cdb  main                          
00000d0d  __TI_auto_init_nobinit_nopinit
00000d51  _c_int00_noargs               
00000d85  DisableInterrupts             
00000d8b  EnableInterrupts              
00000d91  StartCritical                 
00000d9b  EndCritical                   
00000da3  WaitForInterrupt              
00000da9  __TI_zero_init_nomemset       
00000dc5  __TI_decompress_none          
00000dd3  Reset_Handler                 
00000ddf  ADC14_IRQHandler              
00000ddf  AES256_IRQHandler             
00000ddf  BusFault_Handler              
00000ddf  COMP_E0_IRQHandler            
00000ddf  COMP_E1_IRQHandler            
00000ddf  CS_IRQHandler                 
00000ddf  DMA_ERR_IRQHandler            
00000ddf  DMA_INT0_IRQHandler           
00000ddf  DMA_INT1_IRQHandler           
00000ddf  DMA_INT2_IRQHandler           
00000ddf  DMA_INT3_IRQHandler           
00000ddf  DebugMon_Handler              
00000ddf  Default_Handler               
00000ddf  EUSCIA0_IRQHandler            
00000ddf  EUSCIA1_IRQHandler            
00000ddf  EUSCIA2_IRQHandler            
00000ddf  EUSCIA3_IRQHandler            
00000ddf  EUSCIB0_IRQHandler            
00000ddf  EUSCIB1_IRQHandler            
00000ddf  EUSCIB2_IRQHandler            
00000ddf  EUSCIB3_IRQHandler            
00000ddf  FLCTL_IRQHandler              
00000ddf  FPU_IRQHandler                
00000ddf  HardFault_Handler             
00000ddf  MemManage_Handler             
00000ddf  NMI_Handler                   
00000ddf  PCM_IRQHandler                
00000ddf  PORT1_IRQHandler              
00000ddf  PORT2_IRQHandler              
00000ddf  PORT3_IRQHandler              
00000ddf  PORT4_IRQHandler              
00000ddf  PORT5_IRQHandler              
00000ddf  PORT6_IRQHandler              
00000ddf  PSS_IRQHandler                
00000ddf  PendSV_Handler                
00000ddf  RTC_C_IRQHandler              
00000ddf  SVC_Handler                   
00000ddf  SysTick_Handler               
00000ddf  T32_INT1_IRQHandler           
00000ddf  T32_INT2_IRQHandler           
00000ddf  T32_INTC_IRQHandler           
00000ddf  TA0_0_IRQHandler              
00000ddf  TA0_N_IRQHandler              
00000ddf  TA1_0_IRQHandler              
00000ddf  TA1_N_IRQHandler              
00000ddf  TA2_N_IRQHandler              
00000ddf  TA3_0_IRQHandler              
00000ddf  TA3_N_IRQHandler              
00000ddf  UsageFault_Handler            
00000ddf  WDT_A_IRQHandler              
00000de1  _system_pre_init              
00000de5  C$$EXIT                       
00000de5  abort                         
00000de8  Wave                          
00000e38  __TI_Handler_Table_Base       
00000e44  __TI_Handler_Table_Limit      
00000e50  __TI_CINIT_Base               
00000e60  __TI_CINIT_Limit              
20000000  ClockFrequency                
20000004  Prewait                       
20000008  CPMwait                       
2000000c  Postwait                      
20000010  IFlags                        
20000014  Crystalstable                 
20000018  SystemCoreClock               
20000020  TimerA2Task                   
2000fe00  __stack                       
20010000  __STACK_END                   
4000480c  WDTCTL_SYM                    
ffffffff  __TI_pprof_out_hndl           
ffffffff  __TI_prof_data_size           
ffffffff  __TI_prof_data_start          
ffffffff  __binit__                     
ffffffff  __c_args__                    
ffffffff  binit                         
UNDEFED   __mpu_init                    
UNDEFED   _system_post_cinit            

[126 symbols]
