******************************************************************************
                  TI ARM Linker PC v18.12.2                    
******************************************************************************
>> Linked Sun Dec  8 11:38:45 2019

OUTPUT FILE NAME:   <Lab11_LCD.out>
ENTRY POINT SYMBOL: "_c_int00_noargs"  address: 000037e5


MEMORY CONFIGURATION

         name            origin    length      used     unused   attr    fill
----------------------  --------  ---------  --------  --------  ----  --------
  MAIN                  00000000   00040000  000043af  0003bc51  R  X
  INFO                  00200000   00004000  00000000  00004000  R  X
  SRAM_CODE             01000000   00010000  00000bc4  0000f43c  RW X
  SRAM_DATA             20000000   00010000  00000bc4  0000f43c  RW  


SEGMENT ALLOCATION MAP

run origin  load origin   length   init length attrs members
----------  ----------- ---------- ----------- ----- -------
00000000    00000000    000043b0   000043b0    r-x
  00000000    00000000    000000e4   000000e4    r-- .intvecs
  000000e4    000000e4    0000398c   0000398c    r-x .text
  00003a70    00003a70    000008a7   000008a7    r-- .const
  00004318    00004318    00000098   00000098    r-- .cinit
20000000    20000000    000009c4   00000000    rw-
  20000000    20000000    00000400   00000000    rw- .sysmem
  20000400    20000400    000003c0   00000000    rw- .bss
  200007c0    200007c0    00000204   00000000    rw- .data
2000fe00    2000fe00    00000200   00000000    rw-
  2000fe00    2000fe00    00000200   00000000    rw- .stack


SECTION ALLOCATION MAP

 output                                  attributes/
section   page    origin      length       input sections
--------  ----  ----------  ----------   ----------------
.intvecs   0    00000000    000000e4     
                  00000000    000000e4     startup_msp432p401r_ccs.obj (.intvecs:retain)

.text      0    000000e4    0000398c     
                  000000e4    00000a4e     rtsv7M4_T_le_v4SPD16_eabi.lib : _printfi.c.obj (.text:__TI_printfi)
                  00000b32    00000002                                   : _lock.c.obj (.text:_nop)
                  00000b34    0000080c     Nokia5110.obj (.text)
                  00001340    0000032c     system_msp432p401r.obj (.text)
                  0000166c    00000270     rtsv7M4_T_le_v4SPD16_eabi.lib : _printfi.c.obj (.text:_pconv_a)
                  000018dc    00000214     Lab11_LCDmain.obj (.text)
                  00001af0    000001e0     Clock.obj (.text)
                  00001cd0    000001d0     rtsv7M4_T_le_v4SPD16_eabi.lib : _printfi.c.obj (.text:_pconv_g)
                  00001ea0    000001b6                                   : fd_add_t2.asm.obj (.text)
                  00002056    00000002                                   : div0.asm.obj (.text)
                  00002058    0000013c                                   : _printfi.c.obj (.text:_pconv_e)
                  00002194    00000136                                   : fd_div_t2.asm.obj (.text)
                  000022ca    00000002     --HOLE-- [fill = 0]
                  000022cc    00000124                                   : _printfi.c.obj (.text:fcvt)
                  000023f0    00000114                                   : fputs.c.obj (.text:fputs)
                  00002504    00000110                                   : s_scalbn.c.obj (.text:scalbn)
                  00002614    000000fc                                   : fd_mul_t2.asm.obj (.text)
                  00002710    000000f4                                   : memory.c.obj (.text:aligned_alloc)
                  00002804    000000e8                                   : memory.c.obj (.text:free)
                  000028ec    000000dc                                   : setvbuf.c.obj (.text:setvbuf)
                  000029c8    000000b1                                   : _printfi.c.obj (.text:_ltostr)
                  00002a79    00000001     --HOLE-- [fill = 0]
                  00002a7a    0000009c                                   : memcpy_t2.asm.obj (.text)
                  00002b16    00000096                                   : ull_div_t2.asm.obj (.text)
                  00002bac    0000008c                                   : fputc.c.obj (.text:fputc)
                  00002c38    00000086                                   : fd_cmp_t2.asm.obj (.text:__aeabi_cdcmple)
                  00002cbe    00000086                                   : fd_cmp_t2.asm.obj (.text:__aeabi_cdrcmple)
                  00002d44    0000007c                                   : memory.c.obj (.text:split)
                  00002dc0    0000007a                                   : memset_t2.asm.obj (.text)
                  00002e3a    00000002     --HOLE-- [fill = 0]
                  00002e3c    00000074                                   : fclose.c.obj (.text:__TI_closefile)
                  00002eb0    0000006e                                   : _printfi.c.obj (.text:_mcpy)
                  00002f1e    00000002     --HOLE-- [fill = 0]
                  00002f20    00000068                                   : hostlseek.c.obj (.text:HOSTlseek)
                  00002f88    00000068                                   : hostrename.c.obj (.text:HOSTrename)
                  00002ff0    00000068                                   : copy_decompress_lzss.c.obj (.text:decompress:lzss:__TI_decompress_lzss)
                  00003058    00000068                                   : printf.c.obj (.text:printf)
                  000030c0    00000064                                   : s_frexp.c.obj (.text:frexp)
                  00003124    00000064                                   : fseek.c.obj (.text:fseek)
                  00003188    00000062                                   : _io_perm.c.obj (.text:__TI_wrt_ok)
                  000031ea    00000002     --HOLE-- [fill = 0]
                  000031ec    00000060                                   : hostopen.c.obj (.text:HOSTopen)
                  0000324c    0000005c                                   : close.c.obj (.text:close)
                  000032a8    00000058                                   : hostread.c.obj (.text:HOSTread)
                  00003300    00000058                                   : hostwrite.c.obj (.text:HOSTwrite)
                  00003358    00000056                                   : _printfi.c.obj (.text:_pconv_f)
                  000033ae    00000054                                   : ltoa.c.obj (.text:ltoa)
                  00003402    00000052                                   : _printfi.c.obj (.text:_ecpy)
                  00003454    0000004c                                   : fflush.c.obj (.text:__TI_doflush)
                  000034a0    0000004c                                   : atoi.c.obj (.text:atoi)
                  000034ec    00000048                                   : exit.c.obj (.text:exit)
                  00003534    00000048                                   : fd_toi_t2.asm.obj (.text)
                  0000357c    00000044                                   : hostclose.c.obj (.text:HOSTclose)
                  000035c0    00000044                                   : hostunlink.c.obj (.text:HOSTunlink)
                  00003604    00000044                                   : autoinit.c.obj (.text:__TI_auto_init_nobinit_nopinit:__TI_auto_init_nobinit_nopinit)
                  00003648    00000044                                   : getdevice.c.obj (.text:getdevice)
                  0000368c    00000040                                   : sprintf.c.obj (.text:sprintf)
                  000036cc    0000003e                                   : _printfi.c.obj (.text:_fcpy)
                  0000370a    00000002     --HOLE-- [fill = 0]
                  0000370c    00000038                                   : trgmsg.c.obj (.text:__TI_writemsg)
                  00003744    00000036                                   : strncpy.c.obj (.text:strncpy)
                  0000377a    00000002     --HOLE-- [fill = 0]
                  0000377c    00000034                                   : fopen.c.obj (.text:__TI_cleanup)
                  000037b0    00000034                                   : trgmsg.c.obj (.text:__TI_readmsg)
                  000037e4    00000034                                   : boot_cortex_m.c.obj (.text:_c_int00_noargs:_c_int00_noargs)
                  00003818    00000030                                   : getdevice.c.obj (.text:finddevice)
                  00003848    0000002e                                   : i_tofd_t2.asm.obj (.text)
                  00003876    00000002     --HOLE-- [fill = 0]
                  00003878    0000002c                                   : unlink.c.obj (.text:unlink)
                  000038a4    00000028                                   : memory.c.obj (.text:free_list_insert)
                  000038cc    00000028                                   : lseek.c.obj (.text:lseek)
                  000038f4    00000028                                   : write.c.obj (.text:write)
                  0000391c    00000020                                   : memchr.c.obj (.text:memchr)
                  0000393c    0000001c                                   : copy_zero_init.c.obj (.text:decompress:ZI:__TI_zero_init_nomemset:__TI_zero_init_nomemset)
                  00003958    0000001c                                   : memory.c.obj (.text:free_list_remove)
                  00003974    0000001c                                   : memccpy.c.obj (.text:memccpy)
                  00003990    0000001a                                   : s_copysign.c.obj (.text:copysign)
                  000039aa    00000018                                   : sprintf.c.obj (.text:_outs)
                  000039c2    00000018                                   : strcmp.c.obj (.text:strcmp)
                  000039da    00000016                                   : strchr.c.obj (.text:strchr)
                  000039f0    00000014                                   : strcpy.c.obj (.text:strcpy)
                  00003a04    00000014                                   : strlen.c.obj (.text:strlen)
                  00003a18    00000012                                   : wcslen.c.obj (.text:wcslen)
                  00003a2a    0000000e                                   : copy_decompress_none.c.obj (.text:decompress:none:__TI_decompress_none)
                  00003a38    0000000e     startup_msp432p401r_ccs.obj (.text)
                  00003a46    0000000a     rtsv7M4_T_le_v4SPD16_eabi.lib : sprintf.c.obj (.text:_outc)
                  00003a50    00000008                                   : errno.c.obj (.text:__aeabi_errno_addr)
                  00003a58    00000008                                   : memory.c.obj (.text:malloc)
                  00003a60    00000004                                   : printf.c.obj (.text:_outc)
                  00003a64    00000004                                   : printf.c.obj (.text:_outs)
                  00003a68    00000004                                   : pre_init.c.obj (.text:_system_pre_init)
                  00003a6c    00000004                                   : exit.c.obj (.text:abort:abort)

.const     0    00003a70    000008a7     
                  00003a70    000004f7     Lab11_LCDmain.obj (.const:.string:ti)
                  00003f67    000001e0     Nokia5110.obj (.const:ASCII)
                  00004147    00000101     rtsv7M4_T_le_v4SPD16_eabi.lib : ctype.c.obj (.const:.string:_ctypes_)
                  00004248    000000c7     Lab11_LCDmain.obj (.const:.string:Enemy)
                  0000430f    00000008     Nokia5110.obj (.const:.string:Masks)

.cinit     0    00004318    00000098     
                  00004318    00000070     (.cinit..data.load) [load image, compression = lzss]
                  00004388    0000000c     (__TI_handler_table)
                  00004394    00000004     --HOLE-- [fill = 0]
                  00004398    00000008     (.cinit..bss.load) [load image, compression = zero_init]
                  000043a0    00000010     (__TI_cinit_table)

.init_array 
*          0    00000000    00000000     UNINITIALIZED

.binit     0    00000000    00000000     

.sysmem    0    20000000    00000400     UNINITIALIZED
                  20000000    00000010     rtsv7M4_T_le_v4SPD16_eabi.lib : memory.c.obj (.sysmem)
                  20000010    000003f0     --HOLE--

.bss       0    20000400    000003c0     UNINITIALIZED
                  20000400    000001f8     (.common:Screen)
                  200005f8    00000120     rtsv7M4_T_le_v4SPD16_eabi.lib : trgmsg.c.obj (.bss:_CIOBUF_)
                  20000718    000000a0     (.common:__TI_tmpnams)
                  200007b8    00000008     (.common:parmbuf)

.data      0    200007c0    00000204     UNINITIALIZED
                  200007c0    000000f0     rtsv7M4_T_le_v4SPD16_eabi.lib : defs.c.obj (.data:_ftable)
                  200008b0    00000078                                   : host_device.c.obj (.data:_device)
                  20000928    00000050                                   : host_device.c.obj (.data:_stream)
                  20000978    00000018     Clock.obj (.data)
                  20000990    00000010     rtsv7M4_T_le_v4SPD16_eabi.lib : defs.c.obj (.data)
                  200009a0    0000000c                                   : exit.c.obj (.data:$O1$$)
                  200009ac    00000008                                   : _lock.c.obj (.data:$O1$$)
                  200009b4    00000008                                   : memory.c.obj (.data:$O1$$)
                  200009bc    00000004                                   : errno.c.obj (.data)
                  200009c0    00000004     system_msp432p401r.obj (.data)

.stack     0    2000fe00    00000200     UNINITIALIZED
                  2000fe00    00000004     rtsv7M4_T_le_v4SPD16_eabi.lib : boot_cortex_m.c.obj (.stack)
                  2000fe04    000001fc     --HOLE--

MODULE SUMMARY

       Module                        code    ro data   rw data
       ------                        ----    -------   -------
    .\
       Nokia5110.obj                 2060    488       1008   
       Lab11_LCDmain.obj             532     1470      0      
       system_msp432p401r.obj        812     0         8      
       Clock.obj                     480     0         48     
       startup_msp432p401r_ccs.obj   14      228       0      
    +--+-----------------------------+-------+---------+---------+
       Total:                        3898    2186      1064   
                                                              
    C:\ti\ccs910\ccs\tools\compiler\ti-cgt-arm_18.12.2.LTS\lib\rtsv7M4_T_le_v4SPD16_eabi.lib
       _printfi.c.obj                4851    0         0      
       defs.c.obj                    0       0         832    
       memory.c.obj                  676     0         16     
       trgmsg.c.obj                  108     0         576    
       fd_add_t2.asm.obj             438     0         0      
       host_device.c.obj             0       0         400    
       fd_div_t2.asm.obj             310     0         0      
       fputs.c.obj                   276     0         0      
       s_scalbn.c.obj                272     0         0      
       fd_cmp_t2.asm.obj             268     0         0      
       ctype.c.obj                   0       257       0      
       fd_mul_t2.asm.obj             252     0         0      
       setvbuf.c.obj                 220     0         0      
       memcpy_t2.asm.obj             156     0         0      
       ull_div_t2.asm.obj            150     0         0      
       fputc.c.obj                   140     0         0      
       memset_t2.asm.obj             122     0         0      
       fclose.c.obj                  116     0         0      
       getdevice.c.obj               116     0         0      
       hostopen.c.obj                96      0         16     
       printf.c.obj                  112     0         0      
       copy_decompress_lzss.c.obj    104     0         0      
       hostlseek.c.obj               104     0         0      
       hostrename.c.obj              104     0         0      
       exit.c.obj                    76      0         24     
       fseek.c.obj                   100     0         0      
       s_frexp.c.obj                 100     0         0      
       _io_perm.c.obj                98      0         0      
       sprintf.c.obj                 98      0         0      
       close.c.obj                   92      0         0      
       hostread.c.obj                88      0         0      
       hostwrite.c.obj               88      0         0      
       ltoa.c.obj                    84      0         0      
       atoi.c.obj                    76      0         0      
       fflush.c.obj                  76      0         0      
       fd_toi_t2.asm.obj             72      0         0      
       autoinit.c.obj                68      0         0      
       hostclose.c.obj               68      0         0      
       hostunlink.c.obj              68      0         0      
       strncpy.c.obj                 54      0         0      
       boot_cortex_m.c.obj           52      0         0      
       fopen.c.obj                   52      0         0      
       i_tofd_t2.asm.obj             46      0         0      
       unlink.c.obj                  44      0         0      
       lseek.c.obj                   40      0         0      
       write.c.obj                   40      0         0      
       memchr.c.obj                  32      0         0      
       copy_zero_init.c.obj          28      0         0      
       memccpy.c.obj                 28      0         0      
       s_copysign.c.obj              26      0         0      
       strcmp.c.obj                  24      0         0      
       strchr.c.obj                  22      0         0      
       strcpy.c.obj                  20      0         0      
       strlen.c.obj                  20      0         0      
       _lock.c.obj                   2       0         16     
       wcslen.c.obj                  18      0         0      
       errno.c.obj                   8       0         8      
       copy_decompress_none.c.obj    14      0         0      
       pre_init.c.obj                4       0         0      
       div0.asm.obj                  2       0         0      
    +--+-----------------------------+-------+---------+---------+
       Total:                        10819   257       1888   
                                                              
       Heap:                         0       0         2048   
       Stack:                        0       0         1024   
       Linker Generated:             0       148       0      
    +--+-----------------------------+-------+---------+---------+
       Grand Total:                  14717   2591      6024   


LINKER GENERATED COPY TABLES

__TI_cinit_table @ 000043a0 records: 2, size/record: 8, table size: 16
	.data: load addr=00004318, load size=00000070 bytes, run addr=200007c0, run size=00000204 bytes, compression=lzss
	.bss: load addr=00004398, load size=00000008 bytes, run addr=20000400, run size=000003c0 bytes, compression=zero_init


LINKER GENERATED HANDLER TABLE

__TI_handler_table @ 00004388 records: 3, size/record: 4, table size: 12
	index: 0, handler: __TI_decompress_lzss
	index: 1, handler: __TI_decompress_none
	index: 2, handler: __TI_zero_init


GLOBAL SYMBOLS: SORTED ALPHABETICALLY BY Name 

address   name                           
-------   ----                           
00003a45  ADC14_IRQHandler               
00003a45  AES256_IRQHandler              
00003a45  BusFault_Handler               
00003a6d  C$$EXIT                        
0000373b  C$$IO$$                        
00003a45  COMP_E0_IRQHandler             
00003a45  COMP_E1_IRQHandler             
20000980  CPMwait                        
00003a45  CS_IRQHandler                  
20000978  ClockFrequency                 
00001c45  Clock_Delay1ms                 
00001c1b  Clock_Delay1us                 
00001c07  Clock_GetFreq                  
00001af1  Clock_Init48MHz                
2000098c  Crystalstable                  
00003a45  DMA_ERR_IRQHandler             
00003a45  DMA_INT0_IRQHandler            
00003a45  DMA_INT1_IRQHandler            
00003a45  DMA_INT2_IRQHandler            
00003a45  DMA_INT3_IRQHandler            
00003a45  DebugMon_Handler               
00003a45  Default_Handler                
00003a45  EUSCIA0_IRQHandler             
00003a45  EUSCIA1_IRQHandler             
00003a45  EUSCIA2_IRQHandler             
00003a45  EUSCIA3_IRQHandler             
00003a45  EUSCIB0_IRQHandler             
00003a45  EUSCIB1_IRQHandler             
00003a45  EUSCIB2_IRQHandler             
00003a45  EUSCIB3_IRQHandler             
00004248  Enemy                          
00003a45  FLCTL_IRQHandler               
00003a45  FPU_IRQHandler                 
0000357d  HOSTclose                      
00002f21  HOSTlseek                      
000031ed  HOSTopen                       
000032a9  HOSTread                       
00002f89  HOSTrename                     
000035c1  HOSTunlink                     
00003301  HOSTwrite                      
00003a45  HardFault_Handler              
20000988  IFlags                         
0000430f  Masks                          
00003a45  MemManage_Handler              
00003a45  NMI_Handler                    
0000106d  Nokia5110_Clear                
000012b9  Nokia5110_ClearBuffer          
000012ed  Nokia5110_ClrPxl               
000012e3  Nokia5110_DisplayBuffer        
00001099  Nokia5110_DrawFullImage        
00000b8b  Nokia5110_Init                 
00000c35  Nokia5110_OutChar              
00000ed1  Nokia5110_OutHex7              
00000ce1  Nokia5110_OutSDec              
00000dc5  Nokia5110_OutSFix1             
00000c75  Nokia5110_OutString            
00000c9d  Nokia5110_OutUDec              
00000f35  Nokia5110_OutUDec16            
00000fdb  Nokia5110_OutUDec2             
00000d25  Nokia5110_OutUFix1             
00000f07  Nokia5110_OutUHex7             
000010d5  Nokia5110_PrintBMP             
00001031  Nokia5110_SetCursor            
00001313  Nokia5110_SetPxl               
00003a45  PCM_IRQHandler                 
00003a45  PORT1_IRQHandler               
00003a45  PORT2_IRQHandler               
00003a45  PORT3_IRQHandler               
00003a45  PORT4_IRQHandler               
00003a45  PORT5_IRQHandler               
00003a45  PORT6_IRQHandler               
00003a45  PSS_IRQHandler                 
00003a45  PendSV_Handler                 
20000984  Postwait                       
2000097c  Prewait                        
00003a45  RTC_C_IRQHandler               
00003a39  Reset_Handler                  
00003a45  SVC_Handler                    
20000400  Screen                         
00003a45  SysTick_Handler                
200009c0  SystemCoreClock                
00001341  SystemCoreClockUpdate          
000015b5  SystemInit                     
00003a45  T32_INT1_IRQHandler            
00003a45  T32_INT2_IRQHandler            
00003a45  T32_INTC_IRQHandler            
00003a45  TA0_0_IRQHandler               
00003a45  TA0_N_IRQHandler               
00003a45  TA1_0_IRQHandler               
00003a45  TA1_N_IRQHandler               
00003a45  TA2_0_IRQHandler               
00003a45  TA2_N_IRQHandler               
00003a45  TA3_0_IRQHandler               
00003a45  TA3_N_IRQHandler               
00000b5b  Testcommandwrite               
00003a45  UsageFault_Handler             
4000480c  WDTCTL_SYM                     
00003a45  WDT_A_IRQHandler               
200005f8  __CIOBUF_                      
20010000  __STACK_END                    
00000200  __STACK_SIZE                   
00000400  __SYSMEM_SIZE                  
000043a0  __TI_CINIT_Base                
000043b0  __TI_CINIT_Limit               
00004388  __TI_Handler_Table_Base        
00004394  __TI_Handler_Table_Limit       
00003605  __TI_auto_init_nobinit_nopinit 
0000377d  __TI_cleanup                   
200009a0  __TI_cleanup_ptr               
00002e3d  __TI_closefile                 
00002ff1  __TI_decompress_lzss           
00003a2b  __TI_decompress_none           
00003455  __TI_doflush                   
200009a4  __TI_dtors_ptr                 
200009a8  __TI_enable_exit_profile_output
20000990  __TI_ft_end                    
ffffffff  __TI_pprof_out_hndl            
000000e5  __TI_printfi                   
ffffffff  __TI_prof_data_size            
ffffffff  __TI_prof_data_start           
000037b1  __TI_readmsg                   
00000000  __TI_static_base__             
20000718  __TI_tmpnams                   
0000370d  __TI_writemsg                  
00003189  __TI_wrt_ok                    
0000393d  __TI_zero_init_nomemset        
00002c39  __aeabi_cdcmpeq                
00002c39  __aeabi_cdcmple                
00002cbf  __aeabi_cdrcmple               
00003535  __aeabi_d2iz                   
00001eab  __aeabi_dadd                   
00002195  __aeabi_ddiv                   
00002615  __aeabi_dmul                   
00001ea1  __aeabi_dsub                   
00003a51  __aeabi_errno_addr             
00003849  __aeabi_i2d                    
00002057  __aeabi_idiv0                  
00002057  __aeabi_ldiv0                  
00002dc1  __aeabi_memclr                 
00002dc1  __aeabi_memclr4                
00002dc1  __aeabi_memclr8                
00002a7b  __aeabi_memcpy                 
00002a7b  __aeabi_memcpy4                
00002a7b  __aeabi_memcpy8                
00002dc3  __aeabi_memset                 
00002dc3  __aeabi_memset4                
00002dc3  __aeabi_memset8                
2000099c  __aeabi_stderr                 
20000994  __aeabi_stdin                  
20000998  __aeabi_stdout                 
00002b17  __aeabi_uldivmod               
ffffffff  __binit__                      
ffffffff  __c_args__                     
UNDEFED   __mpu_init                     
2000fe00  __stack                        
000037e5  _c_int00_noargs                
00004147  _ctypes_                       
200008b0  _device                        
200007c0  _ftable                        
200009ac  _lock                          
00000b33  _nop                           
20000928  _stream                        
20000000  _sys_memory                    
UNDEFED   _system_post_cinit             
00003a69  _system_pre_init               
200009b0  _unlock                        
00003a6d  abort                          
00002711  aligned_alloc                  
000034a1  atoi                           
ffffffff  binit                          
0000324d  close                          
00003991  copysign                       
00003991  copysignl                      
00001c0d  delay                          
200009bc  errno                          
000034ed  exit                           
00003819  finddevice                     
00002bad  fputc                          
000023f1  fputs                          
00002805  free                           
000030c1  frexp                          
000030c1  frexpl                         
00003125  fseek                          
00003649  getdevice                      
00000000  interruptVectors               
00002505  ldexp                          
00002505  ldexpl                         
000038cd  lseek                          
000033af  ltoa                           
000018dd  main                           
00001927  main_                          
00003a59  malloc                         
00002711  memalign                       
00003975  memccpy                        
0000391d  memchr                         
00002a7b  memcpy                         
00002dc9  memset                         
200007b8  parmbuf                        
00003059  printf                         
00002bad  putc                           
00003879  remove                         
00002505  scalbn                         
00002505  scalbnl                        
000028ed  setvbuf                        
0000368d  sprintf                        
000039db  strchr                         
000039c3  strcmp                         
000039f1  strcpy                         
00003a05  strlen                         
00003745  strncpy                        
00003a70  ti                             
00003879  unlink                         
00003a19  wcslen                         
000038f5  write                          


GLOBAL SYMBOLS: SORTED BY Symbol Address 

address   name                           
-------   ----                           
00000000  __TI_static_base__             
00000000  interruptVectors               
000000e5  __TI_printfi                   
00000200  __STACK_SIZE                   
00000400  __SYSMEM_SIZE                  
00000b33  _nop                           
00000b5b  Testcommandwrite               
00000b8b  Nokia5110_Init                 
00000c35  Nokia5110_OutChar              
00000c75  Nokia5110_OutString            
00000c9d  Nokia5110_OutUDec              
00000ce1  Nokia5110_OutSDec              
00000d25  Nokia5110_OutUFix1             
00000dc5  Nokia5110_OutSFix1             
00000ed1  Nokia5110_OutHex7              
00000f07  Nokia5110_OutUHex7             
00000f35  Nokia5110_OutUDec16            
00000fdb  Nokia5110_OutUDec2             
00001031  Nokia5110_SetCursor            
0000106d  Nokia5110_Clear                
00001099  Nokia5110_DrawFullImage        
000010d5  Nokia5110_PrintBMP             
000012b9  Nokia5110_ClearBuffer          
000012e3  Nokia5110_DisplayBuffer        
000012ed  Nokia5110_ClrPxl               
00001313  Nokia5110_SetPxl               
00001341  SystemCoreClockUpdate          
000015b5  SystemInit                     
000018dd  main                           
00001927  main_                          
00001af1  Clock_Init48MHz                
00001c07  Clock_GetFreq                  
00001c0d  delay                          
00001c1b  Clock_Delay1us                 
00001c45  Clock_Delay1ms                 
00001ea1  __aeabi_dsub                   
00001eab  __aeabi_dadd                   
00002057  __aeabi_idiv0                  
00002057  __aeabi_ldiv0                  
00002195  __aeabi_ddiv                   
000023f1  fputs                          
00002505  ldexp                          
00002505  ldexpl                         
00002505  scalbn                         
00002505  scalbnl                        
00002615  __aeabi_dmul                   
00002711  aligned_alloc                  
00002711  memalign                       
00002805  free                           
000028ed  setvbuf                        
00002a7b  __aeabi_memcpy                 
00002a7b  __aeabi_memcpy4                
00002a7b  __aeabi_memcpy8                
00002a7b  memcpy                         
00002b17  __aeabi_uldivmod               
00002bad  fputc                          
00002bad  putc                           
00002c39  __aeabi_cdcmpeq                
00002c39  __aeabi_cdcmple                
00002cbf  __aeabi_cdrcmple               
00002dc1  __aeabi_memclr                 
00002dc1  __aeabi_memclr4                
00002dc1  __aeabi_memclr8                
00002dc3  __aeabi_memset                 
00002dc3  __aeabi_memset4                
00002dc3  __aeabi_memset8                
00002dc9  memset                         
00002e3d  __TI_closefile                 
00002f21  HOSTlseek                      
00002f89  HOSTrename                     
00002ff1  __TI_decompress_lzss           
00003059  printf                         
000030c1  frexp                          
000030c1  frexpl                         
00003125  fseek                          
00003189  __TI_wrt_ok                    
000031ed  HOSTopen                       
0000324d  close                          
000032a9  HOSTread                       
00003301  HOSTwrite                      
000033af  ltoa                           
00003455  __TI_doflush                   
000034a1  atoi                           
000034ed  exit                           
00003535  __aeabi_d2iz                   
0000357d  HOSTclose                      
000035c1  HOSTunlink                     
00003605  __TI_auto_init_nobinit_nopinit 
00003649  getdevice                      
0000368d  sprintf                        
0000370d  __TI_writemsg                  
0000373b  C$$IO$$                        
00003745  strncpy                        
0000377d  __TI_cleanup                   
000037b1  __TI_readmsg                   
000037e5  _c_int00_noargs                
00003819  finddevice                     
00003849  __aeabi_i2d                    
00003879  remove                         
00003879  unlink                         
000038cd  lseek                          
000038f5  write                          
0000391d  memchr                         
0000393d  __TI_zero_init_nomemset        
00003975  memccpy                        
00003991  copysign                       
00003991  copysignl                      
000039c3  strcmp                         
000039db  strchr                         
000039f1  strcpy                         
00003a05  strlen                         
00003a19  wcslen                         
00003a2b  __TI_decompress_none           
00003a39  Reset_Handler                  
00003a45  ADC14_IRQHandler               
00003a45  AES256_IRQHandler              
00003a45  BusFault_Handler               
00003a45  COMP_E0_IRQHandler             
00003a45  COMP_E1_IRQHandler             
00003a45  CS_IRQHandler                  
00003a45  DMA_ERR_IRQHandler             
00003a45  DMA_INT0_IRQHandler            
00003a45  DMA_INT1_IRQHandler            
00003a45  DMA_INT2_IRQHandler            
00003a45  DMA_INT3_IRQHandler            
00003a45  DebugMon_Handler               
00003a45  Default_Handler                
00003a45  EUSCIA0_IRQHandler             
00003a45  EUSCIA1_IRQHandler             
00003a45  EUSCIA2_IRQHandler             
00003a45  EUSCIA3_IRQHandler             
00003a45  EUSCIB0_IRQHandler             
00003a45  EUSCIB1_IRQHandler             
00003a45  EUSCIB2_IRQHandler             
00003a45  EUSCIB3_IRQHandler             
00003a45  FLCTL_IRQHandler               
00003a45  FPU_IRQHandler                 
00003a45  HardFault_Handler              
00003a45  MemManage_Handler              
00003a45  NMI_Handler                    
00003a45  PCM_IRQHandler                 
00003a45  PORT1_IRQHandler               
00003a45  PORT2_IRQHandler               
00003a45  PORT3_IRQHandler               
00003a45  PORT4_IRQHandler               
00003a45  PORT5_IRQHandler               
00003a45  PORT6_IRQHandler               
00003a45  PSS_IRQHandler                 
00003a45  PendSV_Handler                 
00003a45  RTC_C_IRQHandler               
00003a45  SVC_Handler                    
00003a45  SysTick_Handler                
00003a45  T32_INT1_IRQHandler            
00003a45  T32_INT2_IRQHandler            
00003a45  T32_INTC_IRQHandler            
00003a45  TA0_0_IRQHandler               
00003a45  TA0_N_IRQHandler               
00003a45  TA1_0_IRQHandler               
00003a45  TA1_N_IRQHandler               
00003a45  TA2_0_IRQHandler               
00003a45  TA2_N_IRQHandler               
00003a45  TA3_0_IRQHandler               
00003a45  TA3_N_IRQHandler               
00003a45  UsageFault_Handler             
00003a45  WDT_A_IRQHandler               
00003a51  __aeabi_errno_addr             
00003a59  malloc                         
00003a69  _system_pre_init               
00003a6d  C$$EXIT                        
00003a6d  abort                          
00003a70  ti                             
00004147  _ctypes_                       
00004248  Enemy                          
0000430f  Masks                          
00004388  __TI_Handler_Table_Base        
00004394  __TI_Handler_Table_Limit       
000043a0  __TI_CINIT_Base                
000043b0  __TI_CINIT_Limit               
20000000  _sys_memory                    
20000400  Screen                         
200005f8  __CIOBUF_                      
20000718  __TI_tmpnams                   
200007b8  parmbuf                        
200007c0  _ftable                        
200008b0  _device                        
20000928  _stream                        
20000978  ClockFrequency                 
2000097c  Prewait                        
20000980  CPMwait                        
20000984  Postwait                       
20000988  IFlags                         
2000098c  Crystalstable                  
20000990  __TI_ft_end                    
20000994  __aeabi_stdin                  
20000998  __aeabi_stdout                 
2000099c  __aeabi_stderr                 
200009a0  __TI_cleanup_ptr               
200009a4  __TI_dtors_ptr                 
200009a8  __TI_enable_exit_profile_output
200009ac  _lock                          
200009b0  _unlock                        
200009bc  errno                          
200009c0  SystemCoreClock                
2000fe00  __stack                        
20010000  __STACK_END                    
4000480c  WDTCTL_SYM                     
ffffffff  __TI_pprof_out_hndl            
ffffffff  __TI_prof_data_size            
ffffffff  __TI_prof_data_start           
ffffffff  __binit__                      
ffffffff  __c_args__                     
ffffffff  binit                          
UNDEFED   __mpu_init                     
UNDEFED   _system_post_cinit             

[214 symbols]
