******************************************************************************
                  TI ARM Linker PC v18.12.2                    
******************************************************************************
>> Linked Sat Dec 14 17:12:46 2019

OUTPUT FILE NAME:   <Lab11_LCD.out>
ENTRY POINT SYMBOL: "_c_int00_noargs"  address: 00002bd9


MEMORY CONFIGURATION

         name            origin    length      used     unused   attr    fill
----------------------  --------  ---------  --------  --------  ----  --------
  MAIN                  00000000   00040000  00003039  0003cfc7  R  X
  INFO                  00200000   00004000  00000000  00004000  R  X
  SRAM_CODE             01000000   00010000  00000418  0000fbe8  RW X
  SRAM_DATA             20000000   00010000  00000418  0000fbe8  RW  


SEGMENT ALLOCATION MAP

run origin  load origin   length   init length attrs members
----------  ----------- ---------- ----------- ----- -------
00000000    00000000    00003040   00003040    r-x
  00000000    00000000    000000e4   000000e4    r-- .intvecs
  000000e4    000000e4    00002c34   00002c34    r-x .text
  00002d18    00002d18    000002e9   000002e9    r-- .const
  00003008    00003008    00000038   00000038    r-- .cinit
20000000    20000000    00000218   00000000    rw-
  20000000    20000000    000001f8   00000000    rw- .bss
  200001f8    200001f8    00000020   00000000    rw- .data
2000fe00    2000fe00    00000200   00000000    rw-
  2000fe00    2000fe00    00000200   00000000    rw- .stack


SECTION ALLOCATION MAP

 output                                  attributes/
section   page    origin      length       input sections
--------  ----  ----------  ----------   ----------------
.intvecs   0    00000000    000000e4     
                  00000000    000000e4     startup_msp432p401r_ccs.obj (.intvecs:retain)

.text      0    000000e4    00002c34     
                  000000e4    00000a4e     rtsv7M4_T_le_v4SPD16_eabi.lib : _printfi.c.obj (.text:__TI_printfi)
                  00000b32    00000002                                   : div0.asm.obj (.text)
                  00000b34    00000800     Nokia5110.obj (.text)
                  00001334    0000032c     system_msp432p401r.obj (.text)
                  00001660    00000270     rtsv7M4_T_le_v4SPD16_eabi.lib : _printfi.c.obj (.text:_pconv_a)
                  000018d0    000001e0     Clock.obj (.text)
                  00001ab0    000001d0     rtsv7M4_T_le_v4SPD16_eabi.lib : _printfi.c.obj (.text:_pconv_g)
                  00001c80    000001b6                                   : fd_add_t2.asm.obj (.text)
                  00001e36    00000002     --HOLE-- [fill = 0]
                  00001e38    0000013c                                   : _printfi.c.obj (.text:_pconv_e)
                  00001f74    00000136                                   : fd_div_t2.asm.obj (.text)
                  000020aa    00000002     --HOLE-- [fill = 0]
                  000020ac    00000124                                   : _printfi.c.obj (.text:fcvt)
                  000021d0    00000110                                   : s_scalbn.c.obj (.text:scalbn)
                  000022e0    00000104     Lab11_LCDmain.obj (.text)
                  000023e4    000000fc     rtsv7M4_T_le_v4SPD16_eabi.lib : fd_mul_t2.asm.obj (.text)
                  000024e0    000000b1                                   : _printfi.c.obj (.text:_ltostr)
                  00002591    00000001     --HOLE-- [fill = 0]
                  00002592    0000009c                                   : memcpy_t2.asm.obj (.text)
                  0000262e    00000096                                   : ull_div_t2.asm.obj (.text)
                  000026c4    00000086                                   : fd_cmp_t2.asm.obj (.text:__aeabi_cdcmple)
                  0000274a    00000086                                   : fd_cmp_t2.asm.obj (.text:__aeabi_cdrcmple)
                  000027d0    0000007a                                   : memset_t2.asm.obj (.text)
                  0000284a    0000006e                                   : _printfi.c.obj (.text:_mcpy)
                  000028b8    00000068                                   : copy_decompress_lzss.c.obj (.text:decompress:lzss:__TI_decompress_lzss)
                  00002920    00000064                                   : s_frexp.c.obj (.text:frexp)
                  00002984    00000056                                   : _printfi.c.obj (.text:_pconv_f)
                  000029da    00000054                                   : ltoa.c.obj (.text:ltoa)
                  00002a2e    00000052                                   : _printfi.c.obj (.text:_ecpy)
                  00002a80    0000004c                                   : atoi.c.obj (.text:atoi)
                  00002acc    00000048                                   : fd_toi_t2.asm.obj (.text)
                  00002b14    00000044                                   : autoinit.c.obj (.text:__TI_auto_init_nobinit_nopinit:__TI_auto_init_nobinit_nopinit)
                  00002b58    00000040                                   : sprintf.c.obj (.text:sprintf)
                  00002b98    0000003e                                   : _printfi.c.obj (.text:_fcpy)
                  00002bd6    00000002     --HOLE-- [fill = 0]
                  00002bd8    00000034                                   : boot_cortex_m.c.obj (.text:_c_int00_noargs:_c_int00_noargs)
                  00002c0c    0000002e                                   : i_tofd_t2.asm.obj (.text)
                  00002c3a    0000001c                                   : copy_zero_init.c.obj (.text:decompress:ZI:__TI_zero_init_nomemset:__TI_zero_init_nomemset)
                  00002c56    0000001c                                   : memccpy.c.obj (.text:memccpy)
                  00002c72    0000001a                                   : s_copysign.c.obj (.text:copysign)
                  00002c8c    00000018                                   : sprintf.c.obj (.text:_outs)
                  00002ca4    00000016                                   : strchr.c.obj (.text:strchr)
                  00002cba    00000014                                   : strlen.c.obj (.text:strlen)
                  00002cce    00000012                                   : wcslen.c.obj (.text:wcslen)
                  00002ce0    0000000e                                   : copy_decompress_none.c.obj (.text:decompress:none:__TI_decompress_none)
                  00002cee    0000000e     startup_msp432p401r_ccs.obj (.text)
                  00002cfc    0000000a     rtsv7M4_T_le_v4SPD16_eabi.lib : sprintf.c.obj (.text:_outc)
                  00002d06    00000002     --HOLE-- [fill = 0]
                  00002d08    00000008                                   : errno.c.obj (.text:__aeabi_errno_addr)
                  00002d10    00000004                                   : pre_init.c.obj (.text:_system_pre_init)
                  00002d14    00000004                                   : exit.c.obj (.text:abort:abort)

.const     0    00002d18    000002e9     
                  00002d18    000001e0     Nokia5110.obj (.const:ASCII)
                  00002ef8    00000101     rtsv7M4_T_le_v4SPD16_eabi.lib : ctype.c.obj (.const:.string:_ctypes_)
                  00002ff9    00000008     Nokia5110.obj (.const:.string:Masks)

.cinit     0    00003008    00000038     
                  00003008    0000000d     (.cinit..data.load) [load image, compression = lzss]
                  00003015    00000003     --HOLE-- [fill = 0]
                  00003018    0000000c     (__TI_handler_table)
                  00003024    00000004     --HOLE-- [fill = 0]
                  00003028    00000008     (.cinit..bss.load) [load image, compression = zero_init]
                  00003030    00000010     (__TI_cinit_table)

.init_array 
*          0    00000000    00000000     UNINITIALIZED

.binit     0    00000000    00000000     

.bss       0    20000000    000001f8     UNINITIALIZED
                  20000000    000001f8     (.common:Screen)

.data      0    200001f8    00000020     UNINITIALIZED
                  200001f8    00000018     Clock.obj (.data)
                  20000210    00000004     rtsv7M4_T_le_v4SPD16_eabi.lib : errno.c.obj (.data)
                  20000214    00000004     system_msp432p401r.obj (.data)

.stack     0    2000fe00    00000200     UNINITIALIZED
                  2000fe00    00000004     rtsv7M4_T_le_v4SPD16_eabi.lib : boot_cortex_m.c.obj (.stack)
                  2000fe04    000001fc     --HOLE--

MODULE SUMMARY

       Module                        code    ro data   rw data
       ------                        ----    -------   -------
    .\
       Nokia5110.obj                 2048    488       1008   
       system_msp432p401r.obj        812     0         8      
       Clock.obj                     480     0         48     
       Lab11_LCDmain.obj             260     0         0      
       startup_msp432p401r_ccs.obj   14      228       0      
    +--+-----------------------------+-------+---------+---------+
       Total:                        3614    716       1064   
                                                              
    C:\ti\ccs910\ccs\tools\compiler\ti-cgt-arm_18.12.2.LTS\lib\rtsv7M4_T_le_v4SPD16_eabi.lib
       _printfi.c.obj                4851    0         0      
       fd_add_t2.asm.obj             438     0         0      
       fd_div_t2.asm.obj             310     0         0      
       s_scalbn.c.obj                272     0         0      
       fd_cmp_t2.asm.obj             268     0         0      
       ctype.c.obj                   0       257       0      
       fd_mul_t2.asm.obj             252     0         0      
       memcpy_t2.asm.obj             156     0         0      
       ull_div_t2.asm.obj            150     0         0      
       memset_t2.asm.obj             122     0         0      
       copy_decompress_lzss.c.obj    104     0         0      
       s_frexp.c.obj                 100     0         0      
       sprintf.c.obj                 98      0         0      
       ltoa.c.obj                    84      0         0      
       atoi.c.obj                    76      0         0      
       fd_toi_t2.asm.obj             72      0         0      
       autoinit.c.obj                68      0         0      
       boot_cortex_m.c.obj           52      0         0      
       i_tofd_t2.asm.obj             46      0         0      
       copy_zero_init.c.obj          28      0         0      
       memccpy.c.obj                 28      0         0      
       s_copysign.c.obj              26      0         0      
       strchr.c.obj                  22      0         0      
       strlen.c.obj                  20      0         0      
       wcslen.c.obj                  18      0         0      
       errno.c.obj                   8       0         8      
       copy_decompress_none.c.obj    14      0         0      
       exit.c.obj                    4       0         0      
       pre_init.c.obj                4       0         0      
       div0.asm.obj                  2       0         0      
    +--+-----------------------------+-------+---------+---------+
       Total:                        7693    257       8      
                                                              
       Stack:                        0       0         1024   
       Linker Generated:             0       49        0      
    +--+-----------------------------+-------+---------+---------+
       Grand Total:                  11307   1022      2096   


LINKER GENERATED COPY TABLES

__TI_cinit_table @ 00003030 records: 2, size/record: 8, table size: 16
	.data: load addr=00003008, load size=0000000d bytes, run addr=200001f8, run size=00000020 bytes, compression=lzss
	.bss: load addr=00003028, load size=00000008 bytes, run addr=20000000, run size=000001f8 bytes, compression=zero_init


LINKER GENERATED HANDLER TABLE

__TI_handler_table @ 00003018 records: 3, size/record: 4, table size: 12
	index: 0, handler: __TI_decompress_lzss
	index: 1, handler: __TI_decompress_none
	index: 2, handler: __TI_zero_init


GLOBAL SYMBOLS: SORTED ALPHABETICALLY BY Name 

address   name                          
-------   ----                          
00002cfb  ADC14_IRQHandler              
00002cfb  AES256_IRQHandler             
00002cfb  BusFault_Handler              
00002d15  C$$EXIT                       
00002cfb  COMP_E0_IRQHandler            
00002cfb  COMP_E1_IRQHandler            
20000200  CPMwait                       
00002cfb  CS_IRQHandler                 
200001f8  ClockFrequency                
00001a25  Clock_Delay1ms                
000019fb  Clock_Delay1us                
000019e7  Clock_GetFreq                 
000018d1  Clock_Init48MHz               
2000020c  Crystalstable                 
00002cfb  DMA_ERR_IRQHandler            
00002cfb  DMA_INT0_IRQHandler           
00002cfb  DMA_INT1_IRQHandler           
00002cfb  DMA_INT2_IRQHandler           
00002cfb  DMA_INT3_IRQHandler           
00002cfb  DebugMon_Handler              
00002cfb  Default_Handler               
00002cfb  EUSCIA0_IRQHandler            
00002cfb  EUSCIA1_IRQHandler            
00002cfb  EUSCIA2_IRQHandler            
00002cfb  EUSCIA3_IRQHandler            
00002cfb  EUSCIB0_IRQHandler            
00002cfb  EUSCIB1_IRQHandler            
00002cfb  EUSCIB2_IRQHandler            
00002cfb  EUSCIB3_IRQHandler            
00002cfb  FLCTL_IRQHandler              
00002cfb  FPU_IRQHandler                
00002cfb  HardFault_Handler             
20000208  IFlags                        
00002ff9  Masks                         
00002cfb  MemManage_Handler             
00002cfb  NMI_Handler                   
00001061  Nokia5110_Clear               
000012ad  Nokia5110_ClearBuffer         
000012e1  Nokia5110_ClrPxl              
000012d7  Nokia5110_DisplayBuffer       
0000108d  Nokia5110_DrawFullImage       
00000b8b  Nokia5110_Init                
00000c35  Nokia5110_OutChar             
00000ebd  Nokia5110_OutHex7             
00000cdb  Nokia5110_OutSDec             
00000db5  Nokia5110_OutSFix1            
00000c75  Nokia5110_OutString           
00000c9d  Nokia5110_OutUDec             
00000f29  Nokia5110_OutUDec16           
00000fcf  Nokia5110_OutUDec2            
00000d19  Nokia5110_OutUFix1            
00000efd  Nokia5110_OutUHex7            
000010c9  Nokia5110_PrintBMP            
00001025  Nokia5110_SetCursor           
00001307  Nokia5110_SetPxl              
00002cfb  PCM_IRQHandler                
00002cfb  PORT1_IRQHandler              
00002cfb  PORT2_IRQHandler              
00002cfb  PORT3_IRQHandler              
00002cfb  PORT4_IRQHandler              
00002cfb  PORT5_IRQHandler              
00002cfb  PORT6_IRQHandler              
00002cfb  PSS_IRQHandler                
00002cfb  PendSV_Handler                
20000204  Postwait                      
200001fc  Prewait                       
00002cfb  RTC_C_IRQHandler              
00002cef  Reset_Handler                 
00002cfb  SVC_Handler                   
20000000  Screen                        
00002cfb  SysTick_Handler               
20000214  SystemCoreClock               
00001335  SystemCoreClockUpdate         
000015a9  SystemInit                    
00002cfb  T32_INT1_IRQHandler           
00002cfb  T32_INT2_IRQHandler           
00002cfb  T32_INTC_IRQHandler           
00002cfb  TA0_0_IRQHandler              
00002cfb  TA0_N_IRQHandler              
00002cfb  TA1_0_IRQHandler              
00002cfb  TA1_N_IRQHandler              
00002cfb  TA2_0_IRQHandler              
00002cfb  TA2_N_IRQHandler              
00002cfb  TA3_0_IRQHandler              
00002cfb  TA3_N_IRQHandler              
00000b5b  Testcommandwrite              
00002cfb  UsageFault_Handler            
4000480c  WDTCTL_SYM                    
00002cfb  WDT_A_IRQHandler              
20010000  __STACK_END                   
00000200  __STACK_SIZE                  
00003030  __TI_CINIT_Base               
00003040  __TI_CINIT_Limit              
00003018  __TI_Handler_Table_Base       
00003024  __TI_Handler_Table_Limit      
00002b15  __TI_auto_init_nobinit_nopinit
000028b9  __TI_decompress_lzss          
00002ce1  __TI_decompress_none          
ffffffff  __TI_pprof_out_hndl           
000000e5  __TI_printfi                  
ffffffff  __TI_prof_data_size           
ffffffff  __TI_prof_data_start          
00000000  __TI_static_base__            
00002c3b  __TI_zero_init_nomemset       
000026c5  __aeabi_cdcmpeq               
000026c5  __aeabi_cdcmple               
0000274b  __aeabi_cdrcmple              
00002acd  __aeabi_d2iz                  
00001c8b  __aeabi_dadd                  
00001f75  __aeabi_ddiv                  
000023e5  __aeabi_dmul                  
00001c81  __aeabi_dsub                  
00002d09  __aeabi_errno_addr            
00002c0d  __aeabi_i2d                   
00000b33  __aeabi_idiv0                 
00000b33  __aeabi_ldiv0                 
000027d1  __aeabi_memclr                
000027d1  __aeabi_memclr4               
000027d1  __aeabi_memclr8               
00002593  __aeabi_memcpy                
00002593  __aeabi_memcpy4               
00002593  __aeabi_memcpy8               
000027d3  __aeabi_memset                
000027d3  __aeabi_memset4               
000027d3  __aeabi_memset8               
0000262f  __aeabi_uldivmod              
ffffffff  __binit__                     
ffffffff  __c_args__                    
UNDEFED   __mpu_init                    
2000fe00  __stack                       
00002bd9  _c_int00_noargs               
00002ef8  _ctypes_                      
UNDEFED   _system_post_cinit            
00002d11  _system_pre_init              
00002d15  abort                         
00002a81  atoi                          
ffffffff  binit                         
00002c73  copysign                      
00002c73  copysignl                     
000019ed  delay                         
20000210  errno                         
00002921  frexp                         
00002921  frexpl                        
00000000  interruptVectors              
000021d1  ldexp                         
000021d1  ldexpl                        
000029db  ltoa                          
00002333  main                          
000022e1  main_                         
00002c57  memccpy                       
00002593  memcpy                        
000027d9  memset                        
000021d1  scalbn                        
000021d1  scalbnl                       
00002b59  sprintf                       
00002ca5  strchr                        
00002cbb  strlen                        
00002ccf  wcslen                        


GLOBAL SYMBOLS: SORTED BY Symbol Address 

address   name                          
-------   ----                          
00000000  __TI_static_base__            
00000000  interruptVectors              
000000e5  __TI_printfi                  
00000200  __STACK_SIZE                  
00000b33  __aeabi_idiv0                 
00000b33  __aeabi_ldiv0                 
00000b5b  Testcommandwrite              
00000b8b  Nokia5110_Init                
00000c35  Nokia5110_OutChar             
00000c75  Nokia5110_OutString           
00000c9d  Nokia5110_OutUDec             
00000cdb  Nokia5110_OutSDec             
00000d19  Nokia5110_OutUFix1            
00000db5  Nokia5110_OutSFix1            
00000ebd  Nokia5110_OutHex7             
00000efd  Nokia5110_OutUHex7            
00000f29  Nokia5110_OutUDec16           
00000fcf  Nokia5110_OutUDec2            
00001025  Nokia5110_SetCursor           
00001061  Nokia5110_Clear               
0000108d  Nokia5110_DrawFullImage       
000010c9  Nokia5110_PrintBMP            
000012ad  Nokia5110_ClearBuffer         
000012d7  Nokia5110_DisplayBuffer       
000012e1  Nokia5110_ClrPxl              
00001307  Nokia5110_SetPxl              
00001335  SystemCoreClockUpdate         
000015a9  SystemInit                    
000018d1  Clock_Init48MHz               
000019e7  Clock_GetFreq                 
000019ed  delay                         
000019fb  Clock_Delay1us                
00001a25  Clock_Delay1ms                
00001c81  __aeabi_dsub                  
00001c8b  __aeabi_dadd                  
00001f75  __aeabi_ddiv                  
000021d1  ldexp                         
000021d1  ldexpl                        
000021d1  scalbn                        
000021d1  scalbnl                       
000022e1  main_                         
00002333  main                          
000023e5  __aeabi_dmul                  
00002593  __aeabi_memcpy                
00002593  __aeabi_memcpy4               
00002593  __aeabi_memcpy8               
00002593  memcpy                        
0000262f  __aeabi_uldivmod              
000026c5  __aeabi_cdcmpeq               
000026c5  __aeabi_cdcmple               
0000274b  __aeabi_cdrcmple              
000027d1  __aeabi_memclr                
000027d1  __aeabi_memclr4               
000027d1  __aeabi_memclr8               
000027d3  __aeabi_memset                
000027d3  __aeabi_memset4               
000027d3  __aeabi_memset8               
000027d9  memset                        
000028b9  __TI_decompress_lzss          
00002921  frexp                         
00002921  frexpl                        
000029db  ltoa                          
00002a81  atoi                          
00002acd  __aeabi_d2iz                  
00002b15  __TI_auto_init_nobinit_nopinit
00002b59  sprintf                       
00002bd9  _c_int00_noargs               
00002c0d  __aeabi_i2d                   
00002c3b  __TI_zero_init_nomemset       
00002c57  memccpy                       
00002c73  copysign                      
00002c73  copysignl                     
00002ca5  strchr                        
00002cbb  strlen                        
00002ccf  wcslen                        
00002ce1  __TI_decompress_none          
00002cef  Reset_Handler                 
00002cfb  ADC14_IRQHandler              
00002cfb  AES256_IRQHandler             
00002cfb  BusFault_Handler              
00002cfb  COMP_E0_IRQHandler            
00002cfb  COMP_E1_IRQHandler            
00002cfb  CS_IRQHandler                 
00002cfb  DMA_ERR_IRQHandler            
00002cfb  DMA_INT0_IRQHandler           
00002cfb  DMA_INT1_IRQHandler           
00002cfb  DMA_INT2_IRQHandler           
00002cfb  DMA_INT3_IRQHandler           
00002cfb  DebugMon_Handler              
00002cfb  Default_Handler               
00002cfb  EUSCIA0_IRQHandler            
00002cfb  EUSCIA1_IRQHandler            
00002cfb  EUSCIA2_IRQHandler            
00002cfb  EUSCIA3_IRQHandler            
00002cfb  EUSCIB0_IRQHandler            
00002cfb  EUSCIB1_IRQHandler            
00002cfb  EUSCIB2_IRQHandler            
00002cfb  EUSCIB3_IRQHandler            
00002cfb  FLCTL_IRQHandler              
00002cfb  FPU_IRQHandler                
00002cfb  HardFault_Handler             
00002cfb  MemManage_Handler             
00002cfb  NMI_Handler                   
00002cfb  PCM_IRQHandler                
00002cfb  PORT1_IRQHandler              
00002cfb  PORT2_IRQHandler              
00002cfb  PORT3_IRQHandler              
00002cfb  PORT4_IRQHandler              
00002cfb  PORT5_IRQHandler              
00002cfb  PORT6_IRQHandler              
00002cfb  PSS_IRQHandler                
00002cfb  PendSV_Handler                
00002cfb  RTC_C_IRQHandler              
00002cfb  SVC_Handler                   
00002cfb  SysTick_Handler               
00002cfb  T32_INT1_IRQHandler           
00002cfb  T32_INT2_IRQHandler           
00002cfb  T32_INTC_IRQHandler           
00002cfb  TA0_0_IRQHandler              
00002cfb  TA0_N_IRQHandler              
00002cfb  TA1_0_IRQHandler              
00002cfb  TA1_N_IRQHandler              
00002cfb  TA2_0_IRQHandler              
00002cfb  TA2_N_IRQHandler              
00002cfb  TA3_0_IRQHandler              
00002cfb  TA3_N_IRQHandler              
00002cfb  UsageFault_Handler            
00002cfb  WDT_A_IRQHandler              
00002d09  __aeabi_errno_addr            
00002d11  _system_pre_init              
00002d15  C$$EXIT                       
00002d15  abort                         
00002ef8  _ctypes_                      
00002ff9  Masks                         
00003018  __TI_Handler_Table_Base       
00003024  __TI_Handler_Table_Limit      
00003030  __TI_CINIT_Base               
00003040  __TI_CINIT_Limit              
20000000  Screen                        
200001f8  ClockFrequency                
200001fc  Prewait                       
20000200  CPMwait                       
20000204  Postwait                      
20000208  IFlags                        
2000020c  Crystalstable                 
20000210  errno                         
20000214  SystemCoreClock               
2000fe00  __stack                       
20010000  __STACK_END                   
4000480c  WDTCTL_SYM                    
ffffffff  __TI_pprof_out_hndl           
ffffffff  __TI_prof_data_size           
ffffffff  __TI_prof_data_start          
ffffffff  __binit__                     
ffffffff  __c_args__                    
ffffffff  binit                         
UNDEFED   __mpu_init                    
UNDEFED   _system_post_cinit            

[158 symbols]
