******************************************************************************
                  TI ARM Linker PC v18.12.1                    
******************************************************************************
>> Linked Wed Jul 31 21:53:13 2019

OUTPUT FILE NAME:   <Lab11_LCD.out>
ENTRY POINT SYMBOL: "_c_int00_noargs"  address: 0000147d


MEMORY CONFIGURATION

         name            origin    length      used     unused   attr    fill
----------------------  --------  ---------  --------  --------  ----  --------
  MAIN                  00000000   00040000  00001cc4  0003e33c  R  X
  INFO                  00200000   00004000  00000000  00004000  R  X
  SRAM_CODE             01000000   00010000  00000414  0000fbec  RW X
  SRAM_DATA             20000000   00010000  00000414  0000fbec  RW  


SEGMENT ALLOCATION MAP

run origin  load origin   length   init length attrs members
----------  ----------- ---------- ----------- ----- -------
00000000    00000000    00001cc8   00001cc8    r-x
  00000000    00000000    000000e4   000000e4    r-- .intvecs
  000000e4    000000e4    00001402   00001402    r-x .text
  000014e6    000014e6    000007a6   000007a6    r-- .const
  00001c90    00001c90    00000038   00000038    r-- .cinit
20000000    20000000    00000214   00000000    rw-
  20000000    20000000    000001f8   00000000    rw- .bss
  200001f8    200001f8    0000001c   00000000    rw- .data
2000fe00    2000fe00    00000200   00000000    rw-
  2000fe00    2000fe00    00000200   00000000    rw- .stack


SECTION ALLOCATION MAP

 output                                  attributes/
section   page    origin      length       input sections
--------  ----  ----------  ----------   ----------------
.intvecs   0    00000000    000000e4     
                  00000000    000000e4     startup_msp432p401r_ccs.obj (.intvecs:retain)

.text      0    000000e4    00001402     
                  000000e4    00000b7c     Nokia5110.obj (.text)
                  00000c60    0000032c     system_msp432p401r.obj (.text)
                  00000f8c    000001e0     Clock.obj (.text)
                  0000116c    000001c8     Lab11_LCDmain.obj (.text)
                  00001334    0000009c     rtsv7M4_T_le_v4SPD16_eabi.lib : memcpy_t2.asm.obj (.text)
                  000013d0    00000068                                   : copy_decompress_lzss.c.obj (.text:decompress:lzss:__TI_decompress_lzss)
                  00001438    00000044                                   : autoinit.c.obj (.text:__TI_auto_init_nobinit_nopinit:__TI_auto_init_nobinit_nopinit)
                  0000147c    00000034                                   : boot_cortex_m.c.obj (.text:_c_int00_noargs:_c_int00_noargs)
                  000014b0    00000012                                   : copy_zero_init.c.obj (.text:decompress:ZI:__TI_zero_init_nomemset:__TI_zero_init_nomemset)
                  000014c2    0000000e                                   : copy_decompress_none.c.obj (.text:decompress:none:__TI_decompress_none)
                  000014d0    0000000e     startup_msp432p401r_ccs.obj (.text)
                  000014de    00000004     rtsv7M4_T_le_v4SPD16_eabi.lib : pre_init.c.obj (.text:_system_pre_init)
                  000014e2    00000004                                   : exit.c.obj (.text:abort:abort)

.const     0    000014e6    000007a6     
                  000014e6    000004f7     Lab11_LCDmain.obj (.const:.string:ti)
                  000019dd    000001e0     Nokia5110.obj (.const:ASCII)
                  00001bbd    000000c7     Lab11_LCDmain.obj (.const:.string:Enemy)
                  00001c84    00000008     Nokia5110.obj (.const:.string:Masks)

.cinit     0    00001c90    00000038     
                  00001c90    0000000d     (.cinit..data.load) [load image, compression = lzss]
                  00001c9d    00000003     --HOLE-- [fill = 0]
                  00001ca0    0000000c     (__TI_handler_table)
                  00001cac    00000004     --HOLE-- [fill = 0]
                  00001cb0    00000008     (.cinit..bss.load) [load image, compression = zero_init]
                  00001cb8    00000010     (__TI_cinit_table)

.init_array 
*          0    00000000    00000000     UNINITIALIZED

.binit     0    00000000    00000000     

.bss       0    20000000    000001f8     UNINITIALIZED
                  20000000    000001f8     (.common:Screen)

.data      0    200001f8    0000001c     UNINITIALIZED
                  200001f8    00000018     Clock.obj (.data)
                  20000210    00000004     system_msp432p401r.obj (.data)

.stack     0    2000fe00    00000200     UNINITIALIZED
                  2000fe00    00000004     rtsv7M4_T_le_v4SPD16_eabi.lib : boot_cortex_m.c.obj (.stack)
                  2000fe04    000001fc     --HOLE--

MODULE SUMMARY

       Module                        code   ro data   rw data
       ------                        ----   -------   -------
    .\
       Nokia5110.obj                 2940   488       1008   
       Lab11_LCDmain.obj             456    1470      0      
       system_msp432p401r.obj        812    0         8      
       Clock.obj                     480    0         48     
       startup_msp432p401r_ccs.obj   14     228       0      
    +--+-----------------------------+------+---------+---------+
       Total:                        4702   2186      1064   
                                                             
    E:\ti\ccs900\ccs\tools\compiler\ti-cgt-arm_18.12.1.LTS\lib\rtsv7M4_T_le_v4SPD16_eabi.lib
       memcpy_t2.asm.obj             156    0         0      
       copy_decompress_lzss.c.obj    104    0         0      
       autoinit.c.obj                68     0         0      
       boot_cortex_m.c.obj           52     0         0      
       copy_zero_init.c.obj          18     0         0      
       copy_decompress_none.c.obj    14     0         0      
       exit.c.obj                    4      0         0      
       pre_init.c.obj                4      0         0      
    +--+-----------------------------+------+---------+---------+
       Total:                        420    0         0      
                                                             
       Stack:                        0      0         1024   
       Linker Generated:             0      49        0      
    +--+-----------------------------+------+---------+---------+
       Grand Total:                  5122   2235      2088   


LINKER GENERATED COPY TABLES

__TI_cinit_table @ 00001cb8 records: 2, size/record: 8, table size: 16
	.data: load addr=00001c90, load size=0000000d bytes, run addr=200001f8, run size=0000001c bytes, compression=lzss
	.bss: load addr=00001cb0, load size=00000008 bytes, run addr=20000000, run size=000001f8 bytes, compression=zero_init


LINKER GENERATED HANDLER TABLE

__TI_handler_table @ 00001ca0 records: 3, size/record: 4, table size: 12
	index: 0, handler: __TI_decompress_lzss
	index: 1, handler: __TI_decompress_none
	index: 2, handler: __TI_zero_init


GLOBAL SYMBOLS: SORTED ALPHABETICALLY BY Name 

address   name                          
-------   ----                          
000014dd  ADC14_IRQHandler              
000014dd  AES256_IRQHandler             
000014dd  BusFault_Handler              
000014e3  C$$EXIT                       
000014dd  COMP_E0_IRQHandler            
000014dd  COMP_E1_IRQHandler            
20000200  CPMwait                       
000014dd  CS_IRQHandler                 
200001f8  ClockFrequency                
000010e1  Clock_Delay1ms                
000010b7  Clock_Delay1us                
000010a3  Clock_GetFreq                 
00000f8d  Clock_Init48MHz               
2000020c  Crystalstable                 
000014dd  DMA_ERR_IRQHandler            
000014dd  DMA_INT0_IRQHandler           
000014dd  DMA_INT1_IRQHandler           
000014dd  DMA_INT2_IRQHandler           
000014dd  DMA_INT3_IRQHandler           
000014dd  DebugMon_Handler              
000014dd  Default_Handler               
000014dd  EUSCIA0_IRQHandler            
000014dd  EUSCIA1_IRQHandler            
000014dd  EUSCIA2_IRQHandler            
000014dd  EUSCIA3_IRQHandler            
000014dd  EUSCIB0_IRQHandler            
000014dd  EUSCIB1_IRQHandler            
000014dd  EUSCIB2_IRQHandler            
000014dd  EUSCIB3_IRQHandler            
00001bbd  Enemy                         
000014dd  FLCTL_IRQHandler              
000014dd  FPU_IRQHandler                
000014dd  HardFault_Handler             
20000208  IFlags                        
00001c84  Masks                         
000014dd  MemManage_Handler             
000014dd  NMI_Handler                   
0000098f  Nokia5110_Clear               
00000bd9  Nokia5110_ClearBuffer         
00000c0d  Nokia5110_ClrPxl              
00000c03  Nokia5110_DisplayBuffer       
000009bb  Nokia5110_DrawFullImage       
0000013b  Nokia5110_Init                
000001e5  Nokia5110_OutChar             
00000807  Nokia5110_OutHex7             
00000455  Nokia5110_OutSDec             
00000719  Nokia5110_OutSFix1            
00000225  Nokia5110_OutString           
00000243  Nokia5110_OutUDec             
00000865  Nokia5110_OutUDec16           
000008fd  Nokia5110_OutUDec2            
0000068b  Nokia5110_OutUFix1            
0000083d  Nokia5110_OutUHex7            
000009f5  Nokia5110_PrintBMP            
00000953  Nokia5110_SetCursor           
00000c33  Nokia5110_SetPxl              
000014dd  PCM_IRQHandler                
000014dd  PORT1_IRQHandler              
000014dd  PORT2_IRQHandler              
000014dd  PORT3_IRQHandler              
000014dd  PORT4_IRQHandler              
000014dd  PORT5_IRQHandler              
000014dd  PORT6_IRQHandler              
000014dd  PSS_IRQHandler                
000014dd  PendSV_Handler                
20000204  Postwait                      
200001fc  Prewait                       
000014dd  RTC_C_IRQHandler              
000014d1  Reset_Handler                 
000014dd  SVC_Handler                   
20000000  Screen                        
000014dd  SysTick_Handler               
20000210  SystemCoreClock               
00000c61  SystemCoreClockUpdate         
00000ed5  SystemInit                    
000014dd  T32_INT1_IRQHandler           
000014dd  T32_INT2_IRQHandler           
000014dd  T32_INTC_IRQHandler           
000014dd  TA0_0_IRQHandler              
000014dd  TA0_N_IRQHandler              
000014dd  TA1_0_IRQHandler              
000014dd  TA1_N_IRQHandler              
000014dd  TA2_0_IRQHandler              
000014dd  TA2_N_IRQHandler              
000014dd  TA3_0_IRQHandler              
000014dd  TA3_N_IRQHandler              
0000010f  Testcommandwrite              
000014dd  UsageFault_Handler            
4000480c  WDTCTL_SYM                    
000014dd  WDT_A_IRQHandler              
20010000  __STACK_END                   
00000200  __STACK_SIZE                  
00001cb8  __TI_CINIT_Base               
00001cc8  __TI_CINIT_Limit              
00001ca0  __TI_Handler_Table_Base       
00001cac  __TI_Handler_Table_Limit      
00001439  __TI_auto_init_nobinit_nopinit
000013d1  __TI_decompress_lzss          
000014c3  __TI_decompress_none          
ffffffff  __TI_pprof_out_hndl           
ffffffff  __TI_prof_data_size           
ffffffff  __TI_prof_data_start          
00000000  __TI_static_base__            
000014b1  __TI_zero_init_nomemset       
00001335  __aeabi_memcpy                
00001335  __aeabi_memcpy4               
00001335  __aeabi_memcpy8               
ffffffff  __binit__                     
ffffffff  __c_args__                    
UNDEFED   __mpu_init                    
2000fe00  __stack                       
0000147d  _c_int00_noargs               
UNDEFED   _system_post_cinit            
000014df  _system_pre_init              
000014e3  abort                         
ffffffff  binit                         
000010a9  delay                         
00000000  interruptVectors              
0000116d  main                          
00001335  memcpy                        
000014e6  ti                            


GLOBAL SYMBOLS: SORTED BY Symbol Address 

address   name                          
-------   ----                          
00000000  __TI_static_base__            
00000000  interruptVectors              
0000010f  Testcommandwrite              
0000013b  Nokia5110_Init                
000001e5  Nokia5110_OutChar             
00000200  __STACK_SIZE                  
00000225  Nokia5110_OutString           
00000243  Nokia5110_OutUDec             
00000455  Nokia5110_OutSDec             
0000068b  Nokia5110_OutUFix1            
00000719  Nokia5110_OutSFix1            
00000807  Nokia5110_OutHex7             
0000083d  Nokia5110_OutUHex7            
00000865  Nokia5110_OutUDec16           
000008fd  Nokia5110_OutUDec2            
00000953  Nokia5110_SetCursor           
0000098f  Nokia5110_Clear               
000009bb  Nokia5110_DrawFullImage       
000009f5  Nokia5110_PrintBMP            
00000bd9  Nokia5110_ClearBuffer         
00000c03  Nokia5110_DisplayBuffer       
00000c0d  Nokia5110_ClrPxl              
00000c33  Nokia5110_SetPxl              
00000c61  SystemCoreClockUpdate         
00000ed5  SystemInit                    
00000f8d  Clock_Init48MHz               
000010a3  Clock_GetFreq                 
000010a9  delay                         
000010b7  Clock_Delay1us                
000010e1  Clock_Delay1ms                
0000116d  main                          
00001335  __aeabi_memcpy                
00001335  __aeabi_memcpy4               
00001335  __aeabi_memcpy8               
00001335  memcpy                        
000013d1  __TI_decompress_lzss          
00001439  __TI_auto_init_nobinit_nopinit
0000147d  _c_int00_noargs               
000014b1  __TI_zero_init_nomemset       
000014c3  __TI_decompress_none          
000014d1  Reset_Handler                 
000014dd  ADC14_IRQHandler              
000014dd  AES256_IRQHandler             
000014dd  BusFault_Handler              
000014dd  COMP_E0_IRQHandler            
000014dd  COMP_E1_IRQHandler            
000014dd  CS_IRQHandler                 
000014dd  DMA_ERR_IRQHandler            
000014dd  DMA_INT0_IRQHandler           
000014dd  DMA_INT1_IRQHandler           
000014dd  DMA_INT2_IRQHandler           
000014dd  DMA_INT3_IRQHandler           
000014dd  DebugMon_Handler              
000014dd  Default_Handler               
000014dd  EUSCIA0_IRQHandler            
000014dd  EUSCIA1_IRQHandler            
000014dd  EUSCIA2_IRQHandler            
000014dd  EUSCIA3_IRQHandler            
000014dd  EUSCIB0_IRQHandler            
000014dd  EUSCIB1_IRQHandler            
000014dd  EUSCIB2_IRQHandler            
000014dd  EUSCIB3_IRQHandler            
000014dd  FLCTL_IRQHandler              
000014dd  FPU_IRQHandler                
000014dd  HardFault_Handler             
000014dd  MemManage_Handler             
000014dd  NMI_Handler                   
000014dd  PCM_IRQHandler                
000014dd  PORT1_IRQHandler              
000014dd  PORT2_IRQHandler              
000014dd  PORT3_IRQHandler              
000014dd  PORT4_IRQHandler              
000014dd  PORT5_IRQHandler              
000014dd  PORT6_IRQHandler              
000014dd  PSS_IRQHandler                
000014dd  PendSV_Handler                
000014dd  RTC_C_IRQHandler              
000014dd  SVC_Handler                   
000014dd  SysTick_Handler               
000014dd  T32_INT1_IRQHandler           
000014dd  T32_INT2_IRQHandler           
000014dd  T32_INTC_IRQHandler           
000014dd  TA0_0_IRQHandler              
000014dd  TA0_N_IRQHandler              
000014dd  TA1_0_IRQHandler              
000014dd  TA1_N_IRQHandler              
000014dd  TA2_0_IRQHandler              
000014dd  TA2_N_IRQHandler              
000014dd  TA3_0_IRQHandler              
000014dd  TA3_N_IRQHandler              
000014dd  UsageFault_Handler            
000014dd  WDT_A_IRQHandler              
000014df  _system_pre_init              
000014e3  C$$EXIT                       
000014e3  abort                         
000014e6  ti                            
00001bbd  Enemy                         
00001c84  Masks                         
00001ca0  __TI_Handler_Table_Base       
00001cac  __TI_Handler_Table_Limit      
00001cb8  __TI_CINIT_Base               
00001cc8  __TI_CINIT_Limit              
20000000  Screen                        
200001f8  ClockFrequency                
200001fc  Prewait                       
20000200  CPMwait                       
20000204  Postwait                      
20000208  IFlags                        
2000020c  Crystalstable                 
20000210  SystemCoreClock               
2000fe00  __stack                       
20010000  __STACK_END                   
4000480c  WDTCTL_SYM                    
ffffffff  __TI_pprof_out_hndl           
ffffffff  __TI_prof_data_size           
ffffffff  __TI_prof_data_start          
ffffffff  __binit__                     
ffffffff  __c_args__                    
ffffffff  binit                         
UNDEFED   __mpu_init                    
UNDEFED   _system_post_cinit            

[121 symbols]
