******************************************************************************
                  TI ARM Linker PC v18.12.2                    
******************************************************************************
>> Linked Mon Nov 18 14:38:20 2019

OUTPUT FILE NAME:   <Lab11_OLED.out>
ENTRY POINT SYMBOL: "_c_int00_noargs"  address: 00001d8d


MEMORY CONFIGURATION

         name            origin    length      used     unused   attr    fill
----------------------  --------  ---------  --------  --------  ----  --------
  MAIN                  00000000   00040000  00002606  0003d9fa  R  X
  INFO                  00200000   00004000  00000000  00004000  R  X
  SRAM_CODE             01000000   00010000  0000062c  0000f9d4  RW X
  SRAM_DATA             20000000   00010000  0000062c  0000f9d4  RW  


SEGMENT ALLOCATION MAP

run origin  load origin   length   init length attrs members
----------  ----------- ---------- ----------- ----- -------
00000000    00000000    00002608   00002608    r-x
  00000000    00000000    000000e4   000000e4    r-- .intvecs
  000000e4    000000e4    00001d0c   00001d0c    r-x .text
  00001df0    00001df0    000007de   000007de    r-- .const
  000025d0    000025d0    00000038   00000038    r-- .cinit
20000000    20000000    0000042c   00000000    rw-
  20000000    20000000    0000040c   00000000    rw- .bss
  2000040c    2000040c    00000020   00000000    rw- .data
2000fe00    2000fe00    00000200   00000000    rw-
  2000fe00    2000fe00    00000200   00000000    rw- .stack


SECTION ALLOCATION MAP

 output                                  attributes/
section   page    origin      length       input sections
--------  ----  ----------  ----------   ----------------
.intvecs   0    00000000    000000e4     
                  00000000    000000e4     startup_msp432p401r_ccs.obj (.intvecs:retain)

.text      0    000000e4    00001d0c     
                  000000e4    00001340     SSD1306.obj (.text)
                  00001424    0000032c     system_msp432p401r.obj (.text)
                  00001750    00000298     Lab11_OLEDmain.obj (.text)
                  000019e8    000001e0     Clock.obj (.text)
                  00001bc8    0000009c     rtsv7M4_T_le_v4SPD16_eabi.lib : memcpy_t2.asm.obj (.text)
                  00001c64    0000007a                                   : memset_t2.asm.obj (.text)
                  00001cde    00000068                                   : copy_decompress_lzss.c.obj (.text:decompress:lzss:__TI_decompress_lzss)
                  00001d46    00000002     --HOLE-- [fill = 0]
                  00001d48    00000044                                   : autoinit.c.obj (.text:__TI_auto_init_nobinit_nopinit:__TI_auto_init_nobinit_nopinit)
                  00001d8c    00000034                                   : boot_cortex_m.c.obj (.text:_c_int00_noargs:_c_int00_noargs)
                  00001dc0    0000000e                                   : copy_decompress_none.c.obj (.text:decompress:none:__TI_decompress_none)
                  00001dce    0000000e     startup_msp432p401r_ccs.obj (.text)
                  00001ddc    0000000c     rtsv7M4_T_le_v4SPD16_eabi.lib : copy_zero_init.c.obj (.text:decompress:ZI:__TI_zero_init)
                  00001de8    00000004                                   : pre_init.c.obj (.text:_system_pre_init)
                  00001dec    00000004                                   : exit.c.obj (.text:abort:abort)

.const     0    00001df0    000007de     
                  00001df0    000004f7     Lab11_OLEDmain.obj (.const:.string:ti)
                  000022e7    000001e0     SSD1306.obj (.const:ASCII)
                  000024c7    000000c7     Lab11_OLEDmain.obj (.const:.string:Enemy)
                  0000258e    00000008     SSD1306.obj (.const:.string:postmask)
                  00002596    00000008     SSD1306.obj (.const:.string:premask)
                  0000259e    00000006     SSD1306.obj (.const:.string:init5)
                  000025a4    00000005     SSD1306.obj (.const:.string:dlist1)
                  000025a9    00000004     SSD1306.obj (.const:.string:init1)
                  000025ad    00000004     SSD1306.obj (.const:.string:init2)
                  000025b1    00000004     SSD1306.obj (.const:.string:init3)
                  000025b5    00000003     SSD1306.obj (.const:.string:init4b)
                  000025b8    00000003     SSD1306.obj (.const:.string:scrollList1b)
                  000025bb    00000003     SSD1306.obj (.const:.string:scrollList2b)
                  000025be    00000002     SSD1306.obj (.const:.string:scrollList1a)
                  000025c0    00000002     SSD1306.obj (.const:.string:scrollList2a)
                  000025c2    00000002     SSD1306.obj (.const:.string:scrollList3a)
                  000025c4    00000002     SSD1306.obj (.const:.string:scrollList3b)
                  000025c6    00000002     SSD1306.obj (.const:.string:scrollList3c)
                  000025c8    00000002     SSD1306.obj (.const:.string:scrollList4a)
                  000025ca    00000002     SSD1306.obj (.const:.string:scrollList4b)
                  000025cc    00000002     SSD1306.obj (.const:.string:scrollList4c)

.cinit     0    000025d0    00000038     
                  000025d0    0000000d     (.cinit..data.load) [load image, compression = lzss]
                  000025dd    00000003     --HOLE-- [fill = 0]
                  000025e0    0000000c     (__TI_handler_table)
                  000025ec    00000004     --HOLE-- [fill = 0]
                  000025f0    00000008     (.cinit..bss.load) [load image, compression = zero_init]
                  000025f8    00000010     (__TI_cinit_table)

.init_array 
*          0    00000000    00000000     UNINITIALIZED

.binit     0    00000000    00000000     

.bss       0    20000000    0000040c     UNINITIALIZED
                  20000000    00000400     (.common:buffer)
                  20000400    00000004     (.common:rotation)
                  20000404    00000004     (.common:vccstate)
                  20000408    00000002     (.common:StartX)
                  2000040a    00000002     (.common:StartY)

.data      0    2000040c    00000020     UNINITIALIZED
                  2000040c    00000018     Clock.obj (.data)
                  20000424    00000004     SSD1306.obj (.data)
                  20000428    00000004     system_msp432p401r.obj (.data)

.stack     0    2000fe00    00000200     UNINITIALIZED
                  2000fe00    00000004     rtsv7M4_T_le_v4SPD16_eabi.lib : boot_cortex_m.c.obj (.stack)
                  2000fe04    000001fc     --HOLE--

MODULE SUMMARY

       Module                        code   ro data   rw data
       ------                        ----   -------   -------
    .\
       SSD1306.obj                   4928   544       2080   
       Lab11_OLEDmain.obj            664    1470      0      
       system_msp432p401r.obj        812    0         8      
       Clock.obj                     480    0         48     
       startup_msp432p401r_ccs.obj   14     228       0      
    +--+-----------------------------+------+---------+---------+
       Total:                        6898   2242      2136   
                                                             
    C:\ti\ccs910\ccs\tools\compiler\ti-cgt-arm_18.12.2.LTS\lib\rtsv7M4_T_le_v4SPD16_eabi.lib
       memcpy_t2.asm.obj             156    0         0      
       memset_t2.asm.obj             122    0         0      
       copy_decompress_lzss.c.obj    104    0         0      
       autoinit.c.obj                68     0         0      
       boot_cortex_m.c.obj           52     0         0      
       copy_decompress_none.c.obj    14     0         0      
       copy_zero_init.c.obj          12     0         0      
       exit.c.obj                    4      0         0      
       pre_init.c.obj                4      0         0      
    +--+-----------------------------+------+---------+---------+
       Total:                        536    0         0      
                                                             
       Stack:                        0      0         1024   
       Linker Generated:             0      49        0      
    +--+-----------------------------+------+---------+---------+
       Grand Total:                  7434   2291      3160   


LINKER GENERATED COPY TABLES

__TI_cinit_table @ 000025f8 records: 2, size/record: 8, table size: 16
	.data: load addr=000025d0, load size=0000000d bytes, run addr=2000040c, run size=00000020 bytes, compression=lzss
	.bss: load addr=000025f0, load size=00000008 bytes, run addr=20000000, run size=0000040c bytes, compression=zero_init


LINKER GENERATED HANDLER TABLE

__TI_handler_table @ 000025e0 records: 3, size/record: 4, table size: 12
	index: 0, handler: __TI_decompress_lzss
	index: 1, handler: __TI_decompress_none
	index: 2, handler: __TI_zero_init


GLOBAL SYMBOLS: SORTED ALPHABETICALLY BY Name 

address   name                          
-------   ----                          
00001ddb  ADC14_IRQHandler              
00001ddb  AES256_IRQHandler             
00001ddb  BusFault_Handler              
00001ded  C$$EXIT                       
00001ddb  COMP_E0_IRQHandler            
00001ddb  COMP_E1_IRQHandler            
20000414  CPMwait                       
00001ddb  CS_IRQHandler                 
2000040c  ClockFrequency                
00001b3d  Clock_Delay1ms                
00001b13  Clock_Delay1us                
00001aff  Clock_GetFreq                 
000019e9  Clock_Init48MHz               
20000420  Crystalstable                 
20000424  CurrentX                      
20000426  CurrentY                      
00001ddb  DMA_ERR_IRQHandler            
00001ddb  DMA_INT0_IRQHandler           
00001ddb  DMA_INT1_IRQHandler           
00001ddb  DMA_INT2_IRQHandler           
00001ddb  DMA_INT3_IRQHandler           
00001ddb  DebugMon_Handler              
00001ddb  Default_Handler               
00001ddb  EUSCIA0_IRQHandler            
00001ddb  EUSCIA1_IRQHandler            
00001ddb  EUSCIA2_IRQHandler            
00001ddb  EUSCIA3_IRQHandler            
00001ddb  EUSCIB0_IRQHandler            
00001ddb  EUSCIB1_IRQHandler            
00001ddb  EUSCIB2_IRQHandler            
00001ddb  EUSCIB3_IRQHandler            
000024c7  Enemy                         
00001ddb  FLCTL_IRQHandler              
00001ddb  FPU_IRQHandler                
00001ddb  HardFault_Handler             
2000041c  IFlags                        
00001ddb  MemManage_Handler             
00001ddb  NMI_Handler                   
00001ddb  PCM_IRQHandler                
00001ddb  PORT1_IRQHandler              
00001ddb  PORT2_IRQHandler              
00001ddb  PORT3_IRQHandler              
00001ddb  PORT4_IRQHandler              
00001ddb  PORT5_IRQHandler              
00001ddb  PORT6_IRQHandler              
00001ddb  PSS_IRQHandler                
00001ddb  PendSV_Handler                
20000418  Postwait                      
20000410  Prewait                       
00001ddb  RTC_C_IRQHandler              
00001dcf  Reset_Handler                 
00000501  SSD1306_Clear                 
000004c1  SSD1306_ClearBuffer           
00000f1d  SSD1306_Dim                   
00000dd7  SSD1306_DisplayBuffer         
000003c3  SSD1306_DrawChar              
00000799  SSD1306_DrawFastHLine         
000009bd  SSD1306_DrawFastVLine         
00000555  SSD1306_DrawFullImage         
00000255  SSD1306_DrawPixel             
00000471  SSD1306_DrawString            
00000dd3  SSD1306_GetBuffer             
00000cd5  SSD1306_GetPixel              
0000014f  SSD1306_Init                  
00000f07  SSD1306_InvertDisplay         
00000fc9  SSD1306_OutChar               
000012cb  SSD1306_OutHex7               
00001105  SSD1306_OutSDec               
000011dd  SSD1306_OutSFix1              
000010ef  SSD1306_OutString             
000010f9  SSD1306_OutUDec               
00001329  SSD1306_OutUDec16             
000013c5  SSD1306_OutUDec2              
00001129  SSD1306_OutUFix1              
00001301  SSD1306_OutUHex7              
000005b9  SSD1306_PrintBMP              
00000f4f  SSD1306_SetCursor             
000008ab  SSD1306_drawFastHLineInternal 
00000ad5  SSD1306_drawFastVLineInternal 
00000ebd  SSD1306_startscrolldiagleft   
00000e79  SSD1306_startscrolldiagright  
00000e43  SSD1306_startscrollleft       
00000e11  SSD1306_startscrollright      
00000efd  SSD1306_stopscroll            
00001ddb  SVC_Handler                   
20000408  StartX                        
2000040a  StartY                        
00001ddb  SysTick_Handler               
20000428  SystemCoreClock               
00001425  SystemCoreClockUpdate         
00001699  SystemInit                    
00001ddb  T32_INT1_IRQHandler           
00001ddb  T32_INT2_IRQHandler           
00001ddb  T32_INTC_IRQHandler           
00001ddb  TA0_0_IRQHandler              
00001ddb  TA0_N_IRQHandler              
00001ddb  TA1_0_IRQHandler              
00001ddb  TA1_N_IRQHandler              
00001ddb  TA2_0_IRQHandler              
00001ddb  TA2_N_IRQHandler              
00001ddb  TA3_0_IRQHandler              
00001ddb  TA3_N_IRQHandler              
00001ddb  UsageFault_Handler            
4000480c  WDTCTL_SYM                    
00001ddb  WDT_A_IRQHandler              
20010000  __STACK_END                   
00000200  __STACK_SIZE                  
000025f8  __TI_CINIT_Base               
00002608  __TI_CINIT_Limit              
000025e0  __TI_Handler_Table_Base       
000025ec  __TI_Handler_Table_Limit      
00001d49  __TI_auto_init_nobinit_nopinit
00001cdf  __TI_decompress_lzss          
00001dc1  __TI_decompress_none          
ffffffff  __TI_pprof_out_hndl           
ffffffff  __TI_prof_data_size           
ffffffff  __TI_prof_data_start          
00000000  __TI_static_base__            
00001ddd  __TI_zero_init                
00001c65  __aeabi_memclr                
00001c65  __aeabi_memclr4               
00001c65  __aeabi_memclr8               
00001bc9  __aeabi_memcpy                
00001bc9  __aeabi_memcpy4               
00001bc9  __aeabi_memcpy8               
00001c67  __aeabi_memset                
00001c67  __aeabi_memset4               
00001c67  __aeabi_memset8               
ffffffff  __binit__                     
ffffffff  __c_args__                    
UNDEFED   __mpu_init                    
2000fe00  __stack                       
00001d8d  _c_int00_noargs               
UNDEFED   _system_post_cinit            
00001de9  _system_pre_init              
00001ded  abort                         
ffffffff  binit                         
20000000  buffer                        
00001b05  delay                         
00000000  interruptVectors              
00001751  main                          
00001bc9  memcpy                        
00001c6d  memset                        
20000400  rotation                      
000000f1  ssd1306_Testcommandwrite      
00000107  ssd1306_command               
00000117  ssd1306_command1              
00000127  ssd1306_commandList           
00001df0  ti                            
20000404  vccstate                      


GLOBAL SYMBOLS: SORTED BY Symbol Address 

address   name                          
-------   ----                          
00000000  __TI_static_base__            
00000000  interruptVectors              
000000f1  ssd1306_Testcommandwrite      
00000107  ssd1306_command               
00000117  ssd1306_command1              
00000127  ssd1306_commandList           
0000014f  SSD1306_Init                  
00000200  __STACK_SIZE                  
00000255  SSD1306_DrawPixel             
000003c3  SSD1306_DrawChar              
00000471  SSD1306_DrawString            
000004c1  SSD1306_ClearBuffer           
00000501  SSD1306_Clear                 
00000555  SSD1306_DrawFullImage         
000005b9  SSD1306_PrintBMP              
00000799  SSD1306_DrawFastHLine         
000008ab  SSD1306_drawFastHLineInternal 
000009bd  SSD1306_DrawFastVLine         
00000ad5  SSD1306_drawFastVLineInternal 
00000cd5  SSD1306_GetPixel              
00000dd3  SSD1306_GetBuffer             
00000dd7  SSD1306_DisplayBuffer         
00000e11  SSD1306_startscrollright      
00000e43  SSD1306_startscrollleft       
00000e79  SSD1306_startscrolldiagright  
00000ebd  SSD1306_startscrolldiagleft   
00000efd  SSD1306_stopscroll            
00000f07  SSD1306_InvertDisplay         
00000f1d  SSD1306_Dim                   
00000f4f  SSD1306_SetCursor             
00000fc9  SSD1306_OutChar               
000010ef  SSD1306_OutString             
000010f9  SSD1306_OutUDec               
00001105  SSD1306_OutSDec               
00001129  SSD1306_OutUFix1              
000011dd  SSD1306_OutSFix1              
000012cb  SSD1306_OutHex7               
00001301  SSD1306_OutUHex7              
00001329  SSD1306_OutUDec16             
000013c5  SSD1306_OutUDec2              
00001425  SystemCoreClockUpdate         
00001699  SystemInit                    
00001751  main                          
000019e9  Clock_Init48MHz               
00001aff  Clock_GetFreq                 
00001b05  delay                         
00001b13  Clock_Delay1us                
00001b3d  Clock_Delay1ms                
00001bc9  __aeabi_memcpy                
00001bc9  __aeabi_memcpy4               
00001bc9  __aeabi_memcpy8               
00001bc9  memcpy                        
00001c65  __aeabi_memclr                
00001c65  __aeabi_memclr4               
00001c65  __aeabi_memclr8               
00001c67  __aeabi_memset                
00001c67  __aeabi_memset4               
00001c67  __aeabi_memset8               
00001c6d  memset                        
00001cdf  __TI_decompress_lzss          
00001d49  __TI_auto_init_nobinit_nopinit
00001d8d  _c_int00_noargs               
00001dc1  __TI_decompress_none          
00001dcf  Reset_Handler                 
00001ddb  ADC14_IRQHandler              
00001ddb  AES256_IRQHandler             
00001ddb  BusFault_Handler              
00001ddb  COMP_E0_IRQHandler            
00001ddb  COMP_E1_IRQHandler            
00001ddb  CS_IRQHandler                 
00001ddb  DMA_ERR_IRQHandler            
00001ddb  DMA_INT0_IRQHandler           
00001ddb  DMA_INT1_IRQHandler           
00001ddb  DMA_INT2_IRQHandler           
00001ddb  DMA_INT3_IRQHandler           
00001ddb  DebugMon_Handler              
00001ddb  Default_Handler               
00001ddb  EUSCIA0_IRQHandler            
00001ddb  EUSCIA1_IRQHandler            
00001ddb  EUSCIA2_IRQHandler            
00001ddb  EUSCIA3_IRQHandler            
00001ddb  EUSCIB0_IRQHandler            
00001ddb  EUSCIB1_IRQHandler            
00001ddb  EUSCIB2_IRQHandler            
00001ddb  EUSCIB3_IRQHandler            
00001ddb  FLCTL_IRQHandler              
00001ddb  FPU_IRQHandler                
00001ddb  HardFault_Handler             
00001ddb  MemManage_Handler             
00001ddb  NMI_Handler                   
00001ddb  PCM_IRQHandler                
00001ddb  PORT1_IRQHandler              
00001ddb  PORT2_IRQHandler              
00001ddb  PORT3_IRQHandler              
00001ddb  PORT4_IRQHandler              
00001ddb  PORT5_IRQHandler              
00001ddb  PORT6_IRQHandler              
00001ddb  PSS_IRQHandler                
00001ddb  PendSV_Handler                
00001ddb  RTC_C_IRQHandler              
00001ddb  SVC_Handler                   
00001ddb  SysTick_Handler               
00001ddb  T32_INT1_IRQHandler           
00001ddb  T32_INT2_IRQHandler           
00001ddb  T32_INTC_IRQHandler           
00001ddb  TA0_0_IRQHandler              
00001ddb  TA0_N_IRQHandler              
00001ddb  TA1_0_IRQHandler              
00001ddb  TA1_N_IRQHandler              
00001ddb  TA2_0_IRQHandler              
00001ddb  TA2_N_IRQHandler              
00001ddb  TA3_0_IRQHandler              
00001ddb  TA3_N_IRQHandler              
00001ddb  UsageFault_Handler            
00001ddb  WDT_A_IRQHandler              
00001ddd  __TI_zero_init                
00001de9  _system_pre_init              
00001ded  C$$EXIT                       
00001ded  abort                         
00001df0  ti                            
000024c7  Enemy                         
000025e0  __TI_Handler_Table_Base       
000025ec  __TI_Handler_Table_Limit      
000025f8  __TI_CINIT_Base               
00002608  __TI_CINIT_Limit              
20000000  buffer                        
20000400  rotation                      
20000404  vccstate                      
20000408  StartX                        
2000040a  StartY                        
2000040c  ClockFrequency                
20000410  Prewait                       
20000414  CPMwait                       
20000418  Postwait                      
2000041c  IFlags                        
20000420  Crystalstable                 
20000424  CurrentX                      
20000426  CurrentY                      
20000428  SystemCoreClock               
2000fe00  __stack                       
20010000  __STACK_END                   
4000480c  WDTCTL_SYM                    
ffffffff  __TI_pprof_out_hndl           
ffffffff  __TI_prof_data_size           
ffffffff  __TI_prof_data_start          
ffffffff  __binit__                     
ffffffff  __c_args__                    
ffffffff  binit                         
UNDEFED   __mpu_init                    
UNDEFED   _system_post_cinit            

[150 symbols]
