******************************************************************************
                  TI ARM Linker PC v18.12.1                    
******************************************************************************
>> Linked Wed Jul 31 21:53:17 2019

OUTPUT FILE NAME:   <Lab11_OLED.out>
ENTRY POINT SYMBOL: "_c_int00_noargs"  address: 000021e5


MEMORY CONFIGURATION

         name            origin    length      used     unused   attr    fill
----------------------  --------  ---------  --------  --------  ----  --------
  MAIN                  00000000   00040000  00002a5e  0003d5a2  R  X
  INFO                  00200000   00004000  00000000  00004000  R  X
  SRAM_CODE             01000000   00010000  0000062c  0000f9d4  RW X
  SRAM_DATA             20000000   00010000  0000062c  0000f9d4  RW  


SEGMENT ALLOCATION MAP

run origin  load origin   length   init length attrs members
----------  ----------- ---------- ----------- ----- -------
00000000    00000000    00002a60   00002a60    r-x
  00000000    00000000    000000e4   000000e4    r-- .intvecs
  000000e4    000000e4    00002164   00002164    r-x .text
  00002248    00002248    000007de   000007de    r-- .const
  00002a28    00002a28    00000038   00000038    r-- .cinit
20000000    20000000    0000042c   00000000    rw-
  20000000    20000000    0000040c   00000000    rw- .bss
  2000040c    2000040c    00000020   00000000    rw- .data
2000fe00    2000fe00    00000200   00000000    rw-
  2000fe00    2000fe00    00000200   00000000    rw- .stack


SECTION ALLOCATION MAP

 output                                  attributes/
section   page    origin      length       input sections
--------  ----  ----------  ----------   ----------------
.intvecs   0    00000000    000000e4     
                  00000000    000000e4     startup_msp432p401r_ccs.obj (.intvecs:retain)

.text      0    000000e4    00002164     
                  000000e4    00001798     SSD1306.obj (.text)
                  0000187c    0000032c     system_msp432p401r.obj (.text)
                  00001ba8    00000298     Lab11_OLEDmain.obj (.text)
                  00001e40    000001e0     Clock.obj (.text)
                  00002020    0000009c     rtsv7M4_T_le_v4SPD16_eabi.lib : memcpy_t2.asm.obj (.text)
                  000020bc    0000007a                                   : memset_t2.asm.obj (.text)
                  00002136    00000068                                   : copy_decompress_lzss.c.obj (.text:decompress:lzss:__TI_decompress_lzss)
                  0000219e    00000002     --HOLE-- [fill = 0]
                  000021a0    00000044                                   : autoinit.c.obj (.text:__TI_auto_init_nobinit_nopinit:__TI_auto_init_nobinit_nopinit)
                  000021e4    00000034                                   : boot_cortex_m.c.obj (.text:_c_int00_noargs:_c_int00_noargs)
                  00002218    0000000e                                   : copy_decompress_none.c.obj (.text:decompress:none:__TI_decompress_none)
                  00002226    0000000e     startup_msp432p401r_ccs.obj (.text)
                  00002234    0000000c     rtsv7M4_T_le_v4SPD16_eabi.lib : copy_zero_init.c.obj (.text:decompress:ZI:__TI_zero_init)
                  00002240    00000004                                   : pre_init.c.obj (.text:_system_pre_init)
                  00002244    00000004                                   : exit.c.obj (.text:abort:abort)

.const     0    00002248    000007de     
                  00002248    000004f7     Lab11_OLEDmain.obj (.const:.string:ti)
                  0000273f    000001e0     SSD1306.obj (.const:ASCII)
                  0000291f    000000c7     Lab11_OLEDmain.obj (.const:.string:Enemy)
                  000029e6    00000008     SSD1306.obj (.const:.string:postmask)
                  000029ee    00000008     SSD1306.obj (.const:.string:premask)
                  000029f6    00000006     SSD1306.obj (.const:.string:init5)
                  000029fc    00000005     SSD1306.obj (.const:.string:dlist1)
                  00002a01    00000004     SSD1306.obj (.const:.string:init1)
                  00002a05    00000004     SSD1306.obj (.const:.string:init2)
                  00002a09    00000004     SSD1306.obj (.const:.string:init3)
                  00002a0d    00000003     SSD1306.obj (.const:.string:init4b)
                  00002a10    00000003     SSD1306.obj (.const:.string:scrollList1b)
                  00002a13    00000003     SSD1306.obj (.const:.string:scrollList2b)
                  00002a16    00000002     SSD1306.obj (.const:.string:scrollList1a)
                  00002a18    00000002     SSD1306.obj (.const:.string:scrollList2a)
                  00002a1a    00000002     SSD1306.obj (.const:.string:scrollList3a)
                  00002a1c    00000002     SSD1306.obj (.const:.string:scrollList3b)
                  00002a1e    00000002     SSD1306.obj (.const:.string:scrollList3c)
                  00002a20    00000002     SSD1306.obj (.const:.string:scrollList4a)
                  00002a22    00000002     SSD1306.obj (.const:.string:scrollList4b)
                  00002a24    00000002     SSD1306.obj (.const:.string:scrollList4c)

.cinit     0    00002a28    00000038     
                  00002a28    0000000d     (.cinit..data.load) [load image, compression = lzss]
                  00002a35    00000003     --HOLE-- [fill = 0]
                  00002a38    0000000c     (__TI_handler_table)
                  00002a44    00000004     --HOLE-- [fill = 0]
                  00002a48    00000008     (.cinit..bss.load) [load image, compression = zero_init]
                  00002a50    00000010     (__TI_cinit_table)

.init_array 
*          0    00000000    00000000     UNINITIALIZED

.binit     0    00000000    00000000     

.bss       0    20000000    0000040c     UNINITIALIZED
                  20000000    00000400     (.common:buffer)
                  20000400    00000004     (.common:rotation)
                  20000404    00000004     (.common:vccstate)
                  20000408    00000002     (.common:StartX)
                  2000040a    00000002     (.common:StartY)

.data      0    2000040c    00000020     UNINITIALIZED
                  2000040c    00000018     Clock.obj (.data)
                  20000424    00000004     SSD1306.obj (.data)
                  20000428    00000004     system_msp432p401r.obj (.data)

.stack     0    2000fe00    00000200     UNINITIALIZED
                  2000fe00    00000004     rtsv7M4_T_le_v4SPD16_eabi.lib : boot_cortex_m.c.obj (.stack)
                  2000fe04    000001fc     --HOLE--

MODULE SUMMARY

       Module                        code   ro data   rw data
       ------                        ----   -------   -------
    .\
       SSD1306.obj                   6040   544       2080   
       Lab11_OLEDmain.obj            664    1470      0      
       system_msp432p401r.obj        812    0         8      
       Clock.obj                     480    0         48     
       startup_msp432p401r_ccs.obj   14     228       0      
    +--+-----------------------------+------+---------+---------+
       Total:                        8010   2242      2136   
                                                             
    E:\ti\ccs900\ccs\tools\compiler\ti-cgt-arm_18.12.1.LTS\lib\rtsv7M4_T_le_v4SPD16_eabi.lib
       memcpy_t2.asm.obj             156    0         0      
       memset_t2.asm.obj             122    0         0      
       copy_decompress_lzss.c.obj    104    0         0      
       autoinit.c.obj                68     0         0      
       boot_cortex_m.c.obj           52     0         0      
       copy_decompress_none.c.obj    14     0         0      
       copy_zero_init.c.obj          12     0         0      
       exit.c.obj                    4      0         0      
       pre_init.c.obj                4      0         0      
    +--+-----------------------------+------+---------+---------+
       Total:                        536    0         0      
                                                             
       Stack:                        0      0         1024   
       Linker Generated:             0      49        0      
    +--+-----------------------------+------+---------+---------+
       Grand Total:                  8546   2291      3160   


LINKER GENERATED COPY TABLES

__TI_cinit_table @ 00002a50 records: 2, size/record: 8, table size: 16
	.data: load addr=00002a28, load size=0000000d bytes, run addr=2000040c, run size=00000020 bytes, compression=lzss
	.bss: load addr=00002a48, load size=00000008 bytes, run addr=20000000, run size=0000040c bytes, compression=zero_init


LINKER GENERATED HANDLER TABLE

__TI_handler_table @ 00002a38 records: 3, size/record: 4, table size: 12
	index: 0, handler: __TI_decompress_lzss
	index: 1, handler: __TI_decompress_none
	index: 2, handler: __TI_zero_init


GLOBAL SYMBOLS: SORTED ALPHABETICALLY BY Name 

address   name                          
-------   ----                          
00002233  ADC14_IRQHandler              
00002233  AES256_IRQHandler             
00002233  BusFault_Handler              
00002245  C$$EXIT                       
00002233  COMP_E0_IRQHandler            
00002233  COMP_E1_IRQHandler            
20000414  CPMwait                       
00002233  CS_IRQHandler                 
2000040c  ClockFrequency                
00001f95  Clock_Delay1ms                
00001f6b  Clock_Delay1us                
00001f57  Clock_GetFreq                 
00001e41  Clock_Init48MHz               
20000420  Crystalstable                 
20000424  CurrentX                      
20000426  CurrentY                      
00002233  DMA_ERR_IRQHandler            
00002233  DMA_INT0_IRQHandler           
00002233  DMA_INT1_IRQHandler           
00002233  DMA_INT2_IRQHandler           
00002233  DMA_INT3_IRQHandler           
00002233  DebugMon_Handler              
00002233  Default_Handler               
00002233  EUSCIA0_IRQHandler            
00002233  EUSCIA1_IRQHandler            
00002233  EUSCIA2_IRQHandler            
00002233  EUSCIA3_IRQHandler            
00002233  EUSCIB0_IRQHandler            
00002233  EUSCIB1_IRQHandler            
00002233  EUSCIB2_IRQHandler            
00002233  EUSCIB3_IRQHandler            
0000291f  Enemy                         
00002233  FLCTL_IRQHandler              
00002233  FPU_IRQHandler                
00002233  HardFault_Handler             
2000041c  IFlags                        
00002233  MemManage_Handler             
00002233  NMI_Handler                   
00002233  PCM_IRQHandler                
00002233  PORT1_IRQHandler              
00002233  PORT2_IRQHandler              
00002233  PORT3_IRQHandler              
00002233  PORT4_IRQHandler              
00002233  PORT5_IRQHandler              
00002233  PORT6_IRQHandler              
00002233  PSS_IRQHandler                
00002233  PendSV_Handler                
20000418  Postwait                      
20000410  Prewait                       
00002233  RTC_C_IRQHandler              
00002227  Reset_Handler                 
00000549  SSD1306_Clear                 
00000509  SSD1306_ClearBuffer           
00000f65  SSD1306_Dim                   
00000e1f  SSD1306_DisplayBuffer         
00000409  SSD1306_DrawChar              
000007e1  SSD1306_DrawFastHLine         
00000a05  SSD1306_DrawFastVLine         
0000059d  SSD1306_DrawFullImage         
00000289  SSD1306_DrawPixel             
000004bd  SSD1306_DrawString            
00000e1b  SSD1306_GetBuffer             
00000d1d  SSD1306_GetPixel              
00000183  SSD1306_Init                  
00000f4f  SSD1306_InvertDisplay         
00001011  SSD1306_OutChar               
00001727  SSD1306_OutHex7               
00001375  SSD1306_OutSDec               
00001639  SSD1306_OutSFix1              
00001137  SSD1306_OutString             
00001191  SSD1306_OutUDec               
00001785  SSD1306_OutUDec16             
0000181d  SSD1306_OutUDec2              
000015ab  SSD1306_OutUFix1              
0000175d  SSD1306_OutUHex7              
00000601  SSD1306_PrintBMP              
00000f97  SSD1306_SetCursor             
000008f3  SSD1306_drawFastHLineInternal 
00000b1d  SSD1306_drawFastVLineInternal 
00000f05  SSD1306_startscrolldiagleft   
00000ec1  SSD1306_startscrolldiagright  
00000e8b  SSD1306_startscrollleft       
00000e59  SSD1306_startscrollright      
00000f45  SSD1306_stopscroll            
00002233  SVC_Handler                   
20000408  StartX                        
2000040a  StartY                        
00002233  SysTick_Handler               
20000428  SystemCoreClock               
0000187d  SystemCoreClockUpdate         
00001af1  SystemInit                    
00002233  T32_INT1_IRQHandler           
00002233  T32_INT2_IRQHandler           
00002233  T32_INTC_IRQHandler           
00002233  TA0_0_IRQHandler              
00002233  TA0_N_IRQHandler              
00002233  TA1_0_IRQHandler              
00002233  TA1_N_IRQHandler              
00002233  TA2_0_IRQHandler              
00002233  TA2_N_IRQHandler              
00002233  TA3_0_IRQHandler              
00002233  TA3_N_IRQHandler              
00002233  UsageFault_Handler            
4000480c  WDTCTL_SYM                    
00002233  WDT_A_IRQHandler              
20010000  __STACK_END                   
00000200  __STACK_SIZE                  
00002a50  __TI_CINIT_Base               
00002a60  __TI_CINIT_Limit              
00002a38  __TI_Handler_Table_Base       
00002a44  __TI_Handler_Table_Limit      
000021a1  __TI_auto_init_nobinit_nopinit
00002137  __TI_decompress_lzss          
00002219  __TI_decompress_none          
ffffffff  __TI_pprof_out_hndl           
ffffffff  __TI_prof_data_size           
ffffffff  __TI_prof_data_start          
00000000  __TI_static_base__            
00002235  __TI_zero_init                
000020bd  __aeabi_memclr                
000020bd  __aeabi_memclr4               
000020bd  __aeabi_memclr8               
00002021  __aeabi_memcpy                
00002021  __aeabi_memcpy4               
00002021  __aeabi_memcpy8               
000020bf  __aeabi_memset                
000020bf  __aeabi_memset4               
000020bf  __aeabi_memset8               
ffffffff  __binit__                     
ffffffff  __c_args__                    
UNDEFED   __mpu_init                    
2000fe00  __stack                       
000021e5  _c_int00_noargs               
UNDEFED   _system_post_cinit            
00002241  _system_pre_init              
00002245  abort                         
ffffffff  binit                         
20000000  buffer                        
00001f5d  delay                         
00000000  interruptVectors              
00001ba9  main                          
00002021  memcpy                        
000020c5  memset                        
20000400  rotation                      
0000010f  ssd1306_Testcommandwrite      
0000013b  ssd1306_command               
0000014b  ssd1306_command1              
0000015b  ssd1306_commandList           
00002248  ti                            
20000404  vccstate                      


GLOBAL SYMBOLS: SORTED BY Symbol Address 

address   name                          
-------   ----                          
00000000  __TI_static_base__            
00000000  interruptVectors              
0000010f  ssd1306_Testcommandwrite      
0000013b  ssd1306_command               
0000014b  ssd1306_command1              
0000015b  ssd1306_commandList           
00000183  SSD1306_Init                  
00000200  __STACK_SIZE                  
00000289  SSD1306_DrawPixel             
00000409  SSD1306_DrawChar              
000004bd  SSD1306_DrawString            
00000509  SSD1306_ClearBuffer           
00000549  SSD1306_Clear                 
0000059d  SSD1306_DrawFullImage         
00000601  SSD1306_PrintBMP              
000007e1  SSD1306_DrawFastHLine         
000008f3  SSD1306_drawFastHLineInternal 
00000a05  SSD1306_DrawFastVLine         
00000b1d  SSD1306_drawFastVLineInternal 
00000d1d  SSD1306_GetPixel              
00000e1b  SSD1306_GetBuffer             
00000e1f  SSD1306_DisplayBuffer         
00000e59  SSD1306_startscrollright      
00000e8b  SSD1306_startscrollleft       
00000ec1  SSD1306_startscrolldiagright  
00000f05  SSD1306_startscrolldiagleft   
00000f45  SSD1306_stopscroll            
00000f4f  SSD1306_InvertDisplay         
00000f65  SSD1306_Dim                   
00000f97  SSD1306_SetCursor             
00001011  SSD1306_OutChar               
00001137  SSD1306_OutString             
00001191  SSD1306_OutUDec               
00001375  SSD1306_OutSDec               
000015ab  SSD1306_OutUFix1              
00001639  SSD1306_OutSFix1              
00001727  SSD1306_OutHex7               
0000175d  SSD1306_OutUHex7              
00001785  SSD1306_OutUDec16             
0000181d  SSD1306_OutUDec2              
0000187d  SystemCoreClockUpdate         
00001af1  SystemInit                    
00001ba9  main                          
00001e41  Clock_Init48MHz               
00001f57  Clock_GetFreq                 
00001f5d  delay                         
00001f6b  Clock_Delay1us                
00001f95  Clock_Delay1ms                
00002021  __aeabi_memcpy                
00002021  __aeabi_memcpy4               
00002021  __aeabi_memcpy8               
00002021  memcpy                        
000020bd  __aeabi_memclr                
000020bd  __aeabi_memclr4               
000020bd  __aeabi_memclr8               
000020bf  __aeabi_memset                
000020bf  __aeabi_memset4               
000020bf  __aeabi_memset8               
000020c5  memset                        
00002137  __TI_decompress_lzss          
000021a1  __TI_auto_init_nobinit_nopinit
000021e5  _c_int00_noargs               
00002219  __TI_decompress_none          
00002227  Reset_Handler                 
00002233  ADC14_IRQHandler              
00002233  AES256_IRQHandler             
00002233  BusFault_Handler              
00002233  COMP_E0_IRQHandler            
00002233  COMP_E1_IRQHandler            
00002233  CS_IRQHandler                 
00002233  DMA_ERR_IRQHandler            
00002233  DMA_INT0_IRQHandler           
00002233  DMA_INT1_IRQHandler           
00002233  DMA_INT2_IRQHandler           
00002233  DMA_INT3_IRQHandler           
00002233  DebugMon_Handler              
00002233  Default_Handler               
00002233  EUSCIA0_IRQHandler            
00002233  EUSCIA1_IRQHandler            
00002233  EUSCIA2_IRQHandler            
00002233  EUSCIA3_IRQHandler            
00002233  EUSCIB0_IRQHandler            
00002233  EUSCIB1_IRQHandler            
00002233  EUSCIB2_IRQHandler            
00002233  EUSCIB3_IRQHandler            
00002233  FLCTL_IRQHandler              
00002233  FPU_IRQHandler                
00002233  HardFault_Handler             
00002233  MemManage_Handler             
00002233  NMI_Handler                   
00002233  PCM_IRQHandler                
00002233  PORT1_IRQHandler              
00002233  PORT2_IRQHandler              
00002233  PORT3_IRQHandler              
00002233  PORT4_IRQHandler              
00002233  PORT5_IRQHandler              
00002233  PORT6_IRQHandler              
00002233  PSS_IRQHandler                
00002233  PendSV_Handler                
00002233  RTC_C_IRQHandler              
00002233  SVC_Handler                   
00002233  SysTick_Handler               
00002233  T32_INT1_IRQHandler           
00002233  T32_INT2_IRQHandler           
00002233  T32_INTC_IRQHandler           
00002233  TA0_0_IRQHandler              
00002233  TA0_N_IRQHandler              
00002233  TA1_0_IRQHandler              
00002233  TA1_N_IRQHandler              
00002233  TA2_0_IRQHandler              
00002233  TA2_N_IRQHandler              
00002233  TA3_0_IRQHandler              
00002233  TA3_N_IRQHandler              
00002233  UsageFault_Handler            
00002233  WDT_A_IRQHandler              
00002235  __TI_zero_init                
00002241  _system_pre_init              
00002245  C$$EXIT                       
00002245  abort                         
00002248  ti                            
0000291f  Enemy                         
00002a38  __TI_Handler_Table_Base       
00002a44  __TI_Handler_Table_Limit      
00002a50  __TI_CINIT_Base               
00002a60  __TI_CINIT_Limit              
20000000  buffer                        
20000400  rotation                      
20000404  vccstate                      
20000408  StartX                        
2000040a  StartY                        
2000040c  ClockFrequency                
20000410  Prewait                       
20000414  CPMwait                       
20000418  Postwait                      
2000041c  IFlags                        
20000420  Crystalstable                 
20000424  CurrentX                      
20000426  CurrentY                      
20000428  SystemCoreClock               
2000fe00  __stack                       
20010000  __STACK_END                   
4000480c  WDTCTL_SYM                    
ffffffff  __TI_pprof_out_hndl           
ffffffff  __TI_prof_data_size           
ffffffff  __TI_prof_data_start          
ffffffff  __binit__                     
ffffffff  __c_args__                    
ffffffff  binit                         
UNDEFED   __mpu_init                    
UNDEFED   _system_post_cinit            

[150 symbols]
