******************************************************************************
                  TI ARM Linker PC v18.12.1                    
******************************************************************************
>> Linked Wed Jul 31 21:54:47 2019

OUTPUT FILE NAME:   <PeriodicSysTickInt.out>
ENTRY POINT SYMBOL: "_c_int00_noargs"  address: 00000929


MEMORY CONFIGURATION

         name            origin    length      used     unused   attr    fill
----------------------  --------  ---------  --------  --------  ----  --------
  MAIN                  00000000   00040000  000009f6  0003f60a  R  X
  INFO                  00200000   00004000  00000000  00004000  R  X
  SRAM_CODE             01000000   00010000  0000022c  0000fdd4  RW X
  SRAM_DATA             20000000   00010000  0000022c  0000fdd4  RW  


SEGMENT ALLOCATION MAP

run origin  load origin   length   init length attrs members
----------  ----------- ---------- ----------- ----- -------
00000000    00000000    000009f8   000009f8    r-x
  00000000    00000000    000000e4   000000e4    r-- .intvecs
  000000e4    000000e4    000008d2   000008d2    r-x .text
  000009b8    000009b8    00000040   00000040    r-- .cinit
20000000    20000000    0000002c   00000000    rw-
  20000000    20000000    00000024   00000000    rw- .data
  20000024    20000024    00000008   00000000    rw- .bss
2000fe00    2000fe00    00000200   00000000    rw-
  2000fe00    2000fe00    00000200   00000000    rw- .stack


SECTION ALLOCATION MAP

 output                                  attributes/
section   page    origin      length       input sections
--------  ----  ----------  ----------   ----------------
.intvecs   0    00000000    000000e4     
                  00000000    000000e4     startup_msp432p401r_ccs.obj (.intvecs:retain)

.text      0    000000e4    000008d2     
                  000000e4    0000032c     system_msp432p401r.obj (.text)
                  00000410    000001e0     Clock.obj (.text)
                  000005f0    000000f4     LaunchPad.obj (.text)
                  000006e4    000000bc     PeriodicSysTickIntsMain.obj (.text)
                  000007a0    0000009c     rtsv7M4_T_le_v4SPD16_eabi.lib : memcpy_t2.asm.obj (.text)
                  0000083c    00000068                                   : copy_decompress_lzss.c.obj (.text:decompress:lzss:__TI_decompress_lzss)
                  000008a4    00000044                                   : autoinit.c.obj (.text:__TI_auto_init_nobinit_nopinit:__TI_auto_init_nobinit_nopinit)
                  000008e8    00000040     SysTickInts.obj (.text)
                  00000928    00000034     rtsv7M4_T_le_v4SPD16_eabi.lib : boot_cortex_m.c.obj (.text:_c_int00_noargs:_c_int00_noargs)
                  0000095c    00000024     CortexM.obj (.text)
                  00000980    00000012     rtsv7M4_T_le_v4SPD16_eabi.lib : copy_zero_init.c.obj (.text:decompress:ZI:__TI_zero_init_nomemset:__TI_zero_init_nomemset)
                  00000992    0000000e                                   : copy_decompress_none.c.obj (.text:decompress:none:__TI_decompress_none)
                  000009a0    0000000e     startup_msp432p401r_ccs.obj (.text)
                  000009ae    00000004     rtsv7M4_T_le_v4SPD16_eabi.lib : pre_init.c.obj (.text:_system_pre_init)
                  000009b2    00000004                                   : exit.c.obj (.text:abort:abort)

.cinit     0    000009b8    00000040     
                  000009b8    00000016     (.cinit..data.load) [load image, compression = lzss]
                  000009ce    00000002     --HOLE-- [fill = 0]
                  000009d0    0000000c     (__TI_handler_table)
                  000009dc    00000004     --HOLE-- [fill = 0]
                  000009e0    00000008     (.cinit..bss.load) [load image, compression = zero_init]
                  000009e8    00000010     (__TI_cinit_table)

.init_array 
*          0    00000000    00000000     UNINITIALIZED

.binit     0    00000000    00000000     

.data      0    20000000    00000024     UNINITIALIZED
                  20000000    00000018     Clock.obj (.data)
                  20000018    00000008     PeriodicSysTickIntsMain.obj (.data)
                  20000020    00000004     system_msp432p401r.obj (.data)

.bss       0    20000024    00000008     UNINITIALIZED
                  20000024    00000004     (.common:MainCount)
                  20000028    00000004     (.common:Time)

.stack     0    2000fe00    00000200     UNINITIALIZED
                  2000fe00    00000004     rtsv7M4_T_le_v4SPD16_eabi.lib : boot_cortex_m.c.obj (.stack)
                  2000fe04    000001fc     --HOLE--

MODULE SUMMARY

       Module                        code   ro data   rw data
       ------                        ----   -------   -------
    .\
       system_msp432p401r.obj        812    0         8      
       Clock.obj                     480    0         48     
       LaunchPad.obj                 244    0         0      
       startup_msp432p401r_ccs.obj   14     228       0      
       PeriodicSysTickIntsMain.obj   188    0         32     
       SysTickInts.obj               64     0         0      
       CortexM.obj                   36     0         0      
    +--+-----------------------------+------+---------+---------+
       Total:                        1838   228       88     
                                                             
    E:\ti\ccs900\ccs\tools\compiler\ti-cgt-arm_18.12.1.LTS\lib\rtsv7M4_T_le_v4SPD16_eabi.lib
       memcpy_t2.asm.obj             156    0         0      
       copy_decompress_lzss.c.obj    104    0         0      
       autoinit.c.obj                68     0         0      
       boot_cortex_m.c.obj           52     0         0      
       copy_zero_init.c.obj          18     0         0      
       copy_decompress_none.c.obj    14     0         0      
       exit.c.obj                    4      0         0      
       pre_init.c.obj                4      0         0      
    +--+-----------------------------+------+---------+---------+
       Total:                        420    0         0      
                                                             
       Stack:                        0      0         1024   
       Linker Generated:             0      58        0      
    +--+-----------------------------+------+---------+---------+
       Grand Total:                  2258   286       1112   


LINKER GENERATED COPY TABLES

__TI_cinit_table @ 000009e8 records: 2, size/record: 8, table size: 16
	.data: load addr=000009b8, load size=00000016 bytes, run addr=20000000, run size=00000024 bytes, compression=lzss
	.bss: load addr=000009e0, load size=00000008 bytes, run addr=20000024, run size=00000008 bytes, compression=zero_init


LINKER GENERATED HANDLER TABLE

__TI_handler_table @ 000009d0 records: 3, size/record: 4, table size: 12
	index: 0, handler: __TI_decompress_lzss
	index: 1, handler: __TI_decompress_none
	index: 2, handler: __TI_zero_init


GLOBAL SYMBOLS: SORTED ALPHABETICALLY BY Name 

address   name                          
-------   ----                          
000009ad  ADC14_IRQHandler              
000009ad  AES256_IRQHandler             
000009ad  BusFault_Handler              
000009b3  C$$EXIT                       
000009ad  COMP_E0_IRQHandler            
000009ad  COMP_E1_IRQHandler            
20000008  CPMwait                       
000009ad  CS_IRQHandler                 
20000000  ClockFrequency                
00000565  Clock_Delay1ms                
0000053b  Clock_Delay1us                
00000527  Clock_GetFreq                 
00000411  Clock_Init48MHz               
20000014  Crystalstable                 
000009ad  DMA_ERR_IRQHandler            
000009ad  DMA_INT0_IRQHandler           
000009ad  DMA_INT1_IRQHandler           
000009ad  DMA_INT2_IRQHandler           
000009ad  DMA_INT3_IRQHandler           
000009ad  DebugMon_Handler              
000009ad  Default_Handler               
0000095d  DisableInterrupts             
000009ad  EUSCIA0_IRQHandler            
000009ad  EUSCIA1_IRQHandler            
000009ad  EUSCIA2_IRQHandler            
000009ad  EUSCIA3_IRQHandler            
000009ad  EUSCIB0_IRQHandler            
000009ad  EUSCIB1_IRQHandler            
000009ad  EUSCIB2_IRQHandler            
000009ad  EUSCIB3_IRQHandler            
00000963  EnableInterrupts              
00000973  EndCritical                   
000009ad  FLCTL_IRQHandler              
000009ad  FPU_IRQHandler                
000009ad  HardFault_Handler             
20000018  High                          
20000010  IFlags                        
000005f1  LaunchPad_Init                
00000661  LaunchPad_Input               
0000067b  LaunchPad_LED                 
00000699  LaunchPad_Output              
2000001c  Low                           
20000024  MainCount                     
000009ad  MemManage_Handler             
000009ad  NMI_Handler                   
000009ad  PCM_IRQHandler                
000009ad  PORT1_IRQHandler              
000009ad  PORT2_IRQHandler              
000009ad  PORT3_IRQHandler              
000009ad  PORT4_IRQHandler              
000009ad  PORT5_IRQHandler              
000009ad  PORT6_IRQHandler              
000009ad  PSS_IRQHandler                
000009ad  PendSV_Handler                
2000000c  Postwait                      
20000004  Prewait                       
000009ad  RTC_C_IRQHandler              
000009a1  Reset_Handler                 
000009ad  SVC_Handler                   
00000969  StartCritical                 
000006e5  SysTick_Handler               
000006e5  SysTick_Handler               
00000747  SysTick_Handler2              
000008e9  SysTick_Init                  
20000020  SystemCoreClock               
000000e5  SystemCoreClockUpdate         
00000359  SystemInit                    
000009ad  T32_INT1_IRQHandler           
000009ad  T32_INT2_IRQHandler           
000009ad  T32_INTC_IRQHandler           
000009ad  TA0_0_IRQHandler              
000009ad  TA0_N_IRQHandler              
000009ad  TA1_0_IRQHandler              
000009ad  TA1_N_IRQHandler              
000009ad  TA2_0_IRQHandler              
000009ad  TA2_N_IRQHandler              
000009ad  TA3_0_IRQHandler              
000009ad  TA3_N_IRQHandler              
20000028  Time                          
000009ad  UsageFault_Handler            
4000480c  WDTCTL_SYM                    
000009ad  WDT_A_IRQHandler              
0000097b  WaitForInterrupt              
20010000  __STACK_END                   
00000200  __STACK_SIZE                  
000009e8  __TI_CINIT_Base               
000009f8  __TI_CINIT_Limit              
000009d0  __TI_Handler_Table_Base       
000009dc  __TI_Handler_Table_Limit      
000008a5  __TI_auto_init_nobinit_nopinit
0000083d  __TI_decompress_lzss          
00000993  __TI_decompress_none          
ffffffff  __TI_pprof_out_hndl           
ffffffff  __TI_prof_data_size           
ffffffff  __TI_prof_data_start          
00000000  __TI_static_base__            
00000981  __TI_zero_init_nomemset       
000007a1  __aeabi_memcpy                
000007a1  __aeabi_memcpy4               
000007a1  __aeabi_memcpy8               
ffffffff  __binit__                     
ffffffff  __c_args__                    
UNDEFED   __mpu_init                    
2000fe00  __stack                       
00000929  _c_int00_noargs               
UNDEFED   _system_post_cinit            
000009af  _system_pre_init              
000009b3  abort                         
ffffffff  binit                         
0000052d  delay                         
00000000  interruptVectors              
0000070f  main                          
000007a1  memcpy                        


GLOBAL SYMBOLS: SORTED BY Symbol Address 

address   name                          
-------   ----                          
00000000  __TI_static_base__            
00000000  interruptVectors              
000000e5  SystemCoreClockUpdate         
00000200  __STACK_SIZE                  
00000359  SystemInit                    
00000411  Clock_Init48MHz               
00000527  Clock_GetFreq                 
0000052d  delay                         
0000053b  Clock_Delay1us                
00000565  Clock_Delay1ms                
000005f1  LaunchPad_Init                
00000661  LaunchPad_Input               
0000067b  LaunchPad_LED                 
00000699  LaunchPad_Output              
000006e5  SysTick_Handler               
000006e5  SysTick_Handler               
0000070f  main                          
00000747  SysTick_Handler2              
000007a1  __aeabi_memcpy                
000007a1  __aeabi_memcpy4               
000007a1  __aeabi_memcpy8               
000007a1  memcpy                        
0000083d  __TI_decompress_lzss          
000008a5  __TI_auto_init_nobinit_nopinit
000008e9  SysTick_Init                  
00000929  _c_int00_noargs               
0000095d  DisableInterrupts             
00000963  EnableInterrupts              
00000969  StartCritical                 
00000973  EndCritical                   
0000097b  WaitForInterrupt              
00000981  __TI_zero_init_nomemset       
00000993  __TI_decompress_none          
000009a1  Reset_Handler                 
000009ad  ADC14_IRQHandler              
000009ad  AES256_IRQHandler             
000009ad  BusFault_Handler              
000009ad  COMP_E0_IRQHandler            
000009ad  COMP_E1_IRQHandler            
000009ad  CS_IRQHandler                 
000009ad  DMA_ERR_IRQHandler            
000009ad  DMA_INT0_IRQHandler           
000009ad  DMA_INT1_IRQHandler           
000009ad  DMA_INT2_IRQHandler           
000009ad  DMA_INT3_IRQHandler           
000009ad  DebugMon_Handler              
000009ad  Default_Handler               
000009ad  EUSCIA0_IRQHandler            
000009ad  EUSCIA1_IRQHandler            
000009ad  EUSCIA2_IRQHandler            
000009ad  EUSCIA3_IRQHandler            
000009ad  EUSCIB0_IRQHandler            
000009ad  EUSCIB1_IRQHandler            
000009ad  EUSCIB2_IRQHandler            
000009ad  EUSCIB3_IRQHandler            
000009ad  FLCTL_IRQHandler              
000009ad  FPU_IRQHandler                
000009ad  HardFault_Handler             
000009ad  MemManage_Handler             
000009ad  NMI_Handler                   
000009ad  PCM_IRQHandler                
000009ad  PORT1_IRQHandler              
000009ad  PORT2_IRQHandler              
000009ad  PORT3_IRQHandler              
000009ad  PORT4_IRQHandler              
000009ad  PORT5_IRQHandler              
000009ad  PORT6_IRQHandler              
000009ad  PSS_IRQHandler                
000009ad  PendSV_Handler                
000009ad  RTC_C_IRQHandler              
000009ad  SVC_Handler                   
000009ad  T32_INT1_IRQHandler           
000009ad  T32_INT2_IRQHandler           
000009ad  T32_INTC_IRQHandler           
000009ad  TA0_0_IRQHandler              
000009ad  TA0_N_IRQHandler              
000009ad  TA1_0_IRQHandler              
000009ad  TA1_N_IRQHandler              
000009ad  TA2_0_IRQHandler              
000009ad  TA2_N_IRQHandler              
000009ad  TA3_0_IRQHandler              
000009ad  TA3_N_IRQHandler              
000009ad  UsageFault_Handler            
000009ad  WDT_A_IRQHandler              
000009af  _system_pre_init              
000009b3  C$$EXIT                       
000009b3  abort                         
000009d0  __TI_Handler_Table_Base       
000009dc  __TI_Handler_Table_Limit      
000009e8  __TI_CINIT_Base               
000009f8  __TI_CINIT_Limit              
20000000  ClockFrequency                
20000004  Prewait                       
20000008  CPMwait                       
2000000c  Postwait                      
20000010  IFlags                        
20000014  Crystalstable                 
20000018  High                          
2000001c  Low                           
20000020  SystemCoreClock               
20000024  MainCount                     
20000028  Time                          
2000fe00  __stack                       
20010000  __STACK_END                   
4000480c  WDTCTL_SYM                    
ffffffff  __TI_pprof_out_hndl           
ffffffff  __TI_prof_data_size           
ffffffff  __TI_prof_data_start          
ffffffff  __binit__                     
ffffffff  __c_args__                    
ffffffff  binit                         
UNDEFED   __mpu_init                    
UNDEFED   _system_post_cinit            

[113 symbols]
