******************************************************************************
                  TI ARM Linker PC v18.12.2                    
******************************************************************************
>> Linked Fri Dec  6 23:42:20 2019

OUTPUT FILE NAME:   <Lab12_Motors.out>
ENTRY POINT SYMBOL: "_c_int00_noargs"  address: 00000c09


MEMORY CONFIGURATION

         name            origin    length      used     unused   attr    fill
----------------------  --------  ---------  --------  --------  ----  --------
  MAIN                  00000000   00040000  00000cb4  0003f34c  R  X
  INFO                  00200000   00004000  00000000  00004000  R  X
  SRAM_CODE             01000000   00010000  00000222  0000fdde  RW X
  SRAM_DATA             20000000   00010000  00000222  0000fdde  RW  


SEGMENT ALLOCATION MAP

run origin  load origin   length   init length attrs members
----------  ----------- ---------- ----------- ----- -------
00000000    00000000    00000cb8   00000cb8    r-x
  00000000    00000000    000000e4   000000e4    r-- .intvecs
  000000e4    000000e4    00000b98   00000b98    r-x .text
  00000c80    00000c80    00000038   00000038    r-- .cinit
20000000    20000000    00000022   00000000    rw-
  20000000    20000000    0000001e   00000000    rw- .data
  2000001e    2000001e    00000004   00000000    rw- .bss
2000fe00    2000fe00    00000200   00000000    rw-
  2000fe00    2000fe00    00000200   00000000    rw- .stack


SECTION ALLOCATION MAP

 output                                  attributes/
section   page    origin      length       input sections
--------  ----  ----------  ----------   ----------------
.intvecs   0    00000000    000000e4     
                  00000000    000000e4     startup_msp432p401r_ccs.obj (.intvecs:retain)

.text      0    000000e4    00000b98     
                  000000e4    0000032c     system_msp432p401r.obj (.text)
                  00000410    000001e0     Clock.obj (.text)
                  000005f0    0000016c     MotorSimple.obj (.text)
                  0000075c    00000160     Lab12_Motorsmain.obj (.text)
                  000008bc    000000f4     LaunchPad.obj (.text)
                  000009b0    000000a4     Bump.obj (.text)
                  00000a54    0000009c     rtsv7M4_T_le_v4SPD16_eabi.lib : memcpy_t2.asm.obj (.text)
                  00000af0    0000006c     SysTick.obj (.text)
                  00000b5c    00000068     rtsv7M4_T_le_v4SPD16_eabi.lib : copy_decompress_lzss.c.obj (.text:decompress:lzss:__TI_decompress_lzss)
                  00000bc4    00000044                                   : autoinit.c.obj (.text:__TI_auto_init_nobinit_nopinit:__TI_auto_init_nobinit_nopinit)
                  00000c08    00000034                                   : boot_cortex_m.c.obj (.text:_c_int00_noargs:_c_int00_noargs)
                  00000c3c    0000001c                                   : copy_zero_init.c.obj (.text:decompress:ZI:__TI_zero_init_nomemset:__TI_zero_init_nomemset)
                  00000c58    0000000e                                   : copy_decompress_none.c.obj (.text:decompress:none:__TI_decompress_none)
                  00000c66    0000000e     startup_msp432p401r_ccs.obj (.text)
                  00000c74    00000004     rtsv7M4_T_le_v4SPD16_eabi.lib : pre_init.c.obj (.text:_system_pre_init)
                  00000c78    00000004                                   : exit.c.obj (.text:abort:abort)

.cinit     0    00000c80    00000038     
                  00000c80    00000010     (.cinit..data.load) [load image, compression = lzss]
                  00000c90    0000000c     (__TI_handler_table)
                  00000c9c    00000004     --HOLE-- [fill = 0]
                  00000ca0    00000008     (.cinit..bss.load) [load image, compression = zero_init]
                  00000ca8    00000010     (__TI_cinit_table)

.init_array 
*          0    00000000    00000000     UNINITIALIZED

.binit     0    00000000    00000000     

.data      0    20000000    0000001e     UNINITIALIZED
                  20000000    00000018     Clock.obj (.data)
                  20000018    00000004     system_msp432p401r.obj (.data)
                  2000001c    00000002     MotorSimple.obj (.data)

.bss       0    2000001e    00000004     UNINITIALIZED
                  2000001e    00000002     (.common:High)
                  20000020    00000002     (.common:Low)

.stack     0    2000fe00    00000200     UNINITIALIZED
                  2000fe00    00000004     rtsv7M4_T_le_v4SPD16_eabi.lib : boot_cortex_m.c.obj (.stack)
                  2000fe04    000001fc     --HOLE--

MODULE SUMMARY

       Module                        code   ro data   rw data
       ------                        ----   -------   -------
    .\
       system_msp432p401r.obj        812    0         8      
       Clock.obj                     480    0         48     
       MotorSimple.obj               364    0         12     
       Lab12_Motorsmain.obj          352    0         0      
       LaunchPad.obj                 244    0         0      
       startup_msp432p401r_ccs.obj   14     228       0      
       Bump.obj                      164    0         0      
       SysTick.obj                   108    0         0      
    +--+-----------------------------+------+---------+---------+
       Total:                        2538   228       68     
                                                             
    C:\ti\ccs910\ccs\tools\compiler\ti-cgt-arm_18.12.2.LTS\lib\rtsv7M4_T_le_v4SPD16_eabi.lib
       memcpy_t2.asm.obj             156    0         0      
       copy_decompress_lzss.c.obj    104    0         0      
       autoinit.c.obj                68     0         0      
       boot_cortex_m.c.obj           52     0         0      
       copy_zero_init.c.obj          28     0         0      
       copy_decompress_none.c.obj    14     0         0      
       exit.c.obj                    4      0         0      
       pre_init.c.obj                4      0         0      
    +--+-----------------------------+------+---------+---------+
       Total:                        430    0         0      
                                                             
       Stack:                        0      0         1024   
       Linker Generated:             0      52        0      
    +--+-----------------------------+------+---------+---------+
       Grand Total:                  2968   280       1092   


LINKER GENERATED COPY TABLES

__TI_cinit_table @ 00000ca8 records: 2, size/record: 8, table size: 16
	.data: load addr=00000c80, load size=00000010 bytes, run addr=20000000, run size=0000001e bytes, compression=lzss
	.bss: load addr=00000ca0, load size=00000008 bytes, run addr=2000001e, run size=00000004 bytes, compression=zero_init


LINKER GENERATED HANDLER TABLE

__TI_handler_table @ 00000c90 records: 3, size/record: 4, table size: 12
	index: 0, handler: __TI_decompress_lzss
	index: 1, handler: __TI_decompress_none
	index: 2, handler: __TI_zero_init


GLOBAL SYMBOLS: SORTED ALPHABETICALLY BY Name 

address   name                          
-------   ----                          
00000c73  ADC14_IRQHandler              
00000c73  AES256_IRQHandler             
00000a39  BumpCheck                     
000009b1  Bump_Init                     
000009bf  Bump_Read                     
00000c73  BusFault_Handler              
00000c79  C$$EXIT                       
00000c73  COMP_E0_IRQHandler            
00000c73  COMP_E1_IRQHandler            
20000008  CPMwait                       
00000c73  CS_IRQHandler                 
20000000  ClockFrequency                
00000565  Clock_Delay1ms                
0000053b  Clock_Delay1us                
00000527  Clock_GetFreq                 
00000411  Clock_Init48MHz               
20000014  Crystalstable                 
00000c73  DMA_ERR_IRQHandler            
00000c73  DMA_INT0_IRQHandler           
00000c73  DMA_INT1_IRQHandler           
00000c73  DMA_INT2_IRQHandler           
00000c73  DMA_INT3_IRQHandler           
00000c73  DebugMon_Handler              
00000c73  Default_Handler               
00000c73  EUSCIA0_IRQHandler            
00000c73  EUSCIA1_IRQHandler            
00000c73  EUSCIA2_IRQHandler            
00000c73  EUSCIA3_IRQHandler            
00000c73  EUSCIB0_IRQHandler            
00000c73  EUSCIB1_IRQHandler            
00000c73  EUSCIB2_IRQHandler            
00000c73  EUSCIB3_IRQHandler            
00000c73  FLCTL_IRQHandler              
00000c73  FPU_IRQHandler                
00000c73  HardFault_Handler             
2000001e  High                          
20000010  IFlags                        
000008bd  LaunchPad_Init                
0000092d  LaunchPad_Input               
00000947  LaunchPad_LED                 
00000965  LaunchPad_Output              
20000020  Low                           
00000c73  MemManage_Handler             
000006e3  Motor_BackwardSimple          
00000649  Motor_ForwardSimple           
000005f1  Motor_InitSimple              
000006f1  Motor_LeftSimple              
00000727  Motor_RightSimple             
UNDEFED   Motor_Stop                    
00000629  Motor_StopSimple              
00000c73  NMI_Handler                   
00000c73  PCM_IRQHandler                
00000c73  PORT1_IRQHandler              
00000c73  PORT2_IRQHandler              
00000c73  PORT3_IRQHandler              
00000c73  PORT4_IRQHandler              
00000c73  PORT5_IRQHandler              
00000c73  PORT6_IRQHandler              
00000c73  PSS_IRQHandler                
0000075d  Pause                         
00000c73  PendSV_Handler                
2000000c  Postwait                      
20000004  Prewait                       
00000771  Program12_1                   
0000083d  Program12_4                   
00000c73  RTC_C_IRQHandler              
00000c67  Reset_Handler                 
00000c73  SVC_Handler                   
00000c73  SysTick_Handler               
00000af1  SysTick_Init                  
00000b01  SysTick_Wait                  
00000b27  SysTick_Wait10ms              
20000018  SystemCoreClock               
000000e5  SystemCoreClockUpdate         
00000359  SystemInit                    
00000c73  T32_INT1_IRQHandler           
00000c73  T32_INT2_IRQHandler           
00000c73  T32_INTC_IRQHandler           
00000c73  TA0_0_IRQHandler              
00000c73  TA0_N_IRQHandler              
00000c73  TA1_0_IRQHandler              
00000c73  TA1_N_IRQHandler              
00000c73  TA2_0_IRQHandler              
00000c73  TA2_N_IRQHandler              
00000c73  TA3_0_IRQHandler              
00000c73  TA3_N_IRQHandler              
00000c73  UsageFault_Handler            
4000480c  WDTCTL_SYM                    
00000c73  WDT_A_IRQHandler              
20010000  __STACK_END                   
00000200  __STACK_SIZE                  
00000ca8  __TI_CINIT_Base               
00000cb8  __TI_CINIT_Limit              
00000c90  __TI_Handler_Table_Base       
00000c9c  __TI_Handler_Table_Limit      
00000bc5  __TI_auto_init_nobinit_nopinit
00000b5d  __TI_decompress_lzss          
00000c59  __TI_decompress_none          
ffffffff  __TI_pprof_out_hndl           
ffffffff  __TI_prof_data_size           
ffffffff  __TI_prof_data_start          
00000000  __TI_static_base__            
00000c3d  __TI_zero_init_nomemset       
00000a55  __aeabi_memcpy                
00000a55  __aeabi_memcpy4               
00000a55  __aeabi_memcpy8               
ffffffff  __binit__                     
ffffffff  __c_args__                    
UNDEFED   __mpu_init                    
2000fe00  __stack                       
00000c09  _c_int00_noargs               
UNDEFED   _system_post_cinit            
00000c75  _system_pre_init              
00000c79  abort                         
ffffffff  binit                         
0000052d  delay                         
00000000  interruptVectors              
00000819  main                          
000007c5  main_                         
00000a55  memcpy                        
2000001c  total_duty                    


GLOBAL SYMBOLS: SORTED BY Symbol Address 

address   name                          
-------   ----                          
00000000  __TI_static_base__            
00000000  interruptVectors              
000000e5  SystemCoreClockUpdate         
00000200  __STACK_SIZE                  
00000359  SystemInit                    
00000411  Clock_Init48MHz               
00000527  Clock_GetFreq                 
0000052d  delay                         
0000053b  Clock_Delay1us                
00000565  Clock_Delay1ms                
000005f1  Motor_InitSimple              
00000629  Motor_StopSimple              
00000649  Motor_ForwardSimple           
000006e3  Motor_BackwardSimple          
000006f1  Motor_LeftSimple              
00000727  Motor_RightSimple             
0000075d  Pause                         
00000771  Program12_1                   
000007c5  main_                         
00000819  main                          
0000083d  Program12_4                   
000008bd  LaunchPad_Init                
0000092d  LaunchPad_Input               
00000947  LaunchPad_LED                 
00000965  LaunchPad_Output              
000009b1  Bump_Init                     
000009bf  Bump_Read                     
00000a39  BumpCheck                     
00000a55  __aeabi_memcpy                
00000a55  __aeabi_memcpy4               
00000a55  __aeabi_memcpy8               
00000a55  memcpy                        
00000af1  SysTick_Init                  
00000b01  SysTick_Wait                  
00000b27  SysTick_Wait10ms              
00000b5d  __TI_decompress_lzss          
00000bc5  __TI_auto_init_nobinit_nopinit
00000c09  _c_int00_noargs               
00000c3d  __TI_zero_init_nomemset       
00000c59  __TI_decompress_none          
00000c67  Reset_Handler                 
00000c73  ADC14_IRQHandler              
00000c73  AES256_IRQHandler             
00000c73  BusFault_Handler              
00000c73  COMP_E0_IRQHandler            
00000c73  COMP_E1_IRQHandler            
00000c73  CS_IRQHandler                 
00000c73  DMA_ERR_IRQHandler            
00000c73  DMA_INT0_IRQHandler           
00000c73  DMA_INT1_IRQHandler           
00000c73  DMA_INT2_IRQHandler           
00000c73  DMA_INT3_IRQHandler           
00000c73  DebugMon_Handler              
00000c73  Default_Handler               
00000c73  EUSCIA0_IRQHandler            
00000c73  EUSCIA1_IRQHandler            
00000c73  EUSCIA2_IRQHandler            
00000c73  EUSCIA3_IRQHandler            
00000c73  EUSCIB0_IRQHandler            
00000c73  EUSCIB1_IRQHandler            
00000c73  EUSCIB2_IRQHandler            
00000c73  EUSCIB3_IRQHandler            
00000c73  FLCTL_IRQHandler              
00000c73  FPU_IRQHandler                
00000c73  HardFault_Handler             
00000c73  MemManage_Handler             
00000c73  NMI_Handler                   
00000c73  PCM_IRQHandler                
00000c73  PORT1_IRQHandler              
00000c73  PORT2_IRQHandler              
00000c73  PORT3_IRQHandler              
00000c73  PORT4_IRQHandler              
00000c73  PORT5_IRQHandler              
00000c73  PORT6_IRQHandler              
00000c73  PSS_IRQHandler                
00000c73  PendSV_Handler                
00000c73  RTC_C_IRQHandler              
00000c73  SVC_Handler                   
00000c73  SysTick_Handler               
00000c73  T32_INT1_IRQHandler           
00000c73  T32_INT2_IRQHandler           
00000c73  T32_INTC_IRQHandler           
00000c73  TA0_0_IRQHandler              
00000c73  TA0_N_IRQHandler              
00000c73  TA1_0_IRQHandler              
00000c73  TA1_N_IRQHandler              
00000c73  TA2_0_IRQHandler              
00000c73  TA2_N_IRQHandler              
00000c73  TA3_0_IRQHandler              
00000c73  TA3_N_IRQHandler              
00000c73  UsageFault_Handler            
00000c73  WDT_A_IRQHandler              
00000c75  _system_pre_init              
00000c79  C$$EXIT                       
00000c79  abort                         
00000c90  __TI_Handler_Table_Base       
00000c9c  __TI_Handler_Table_Limit      
00000ca8  __TI_CINIT_Base               
00000cb8  __TI_CINIT_Limit              
20000000  ClockFrequency                
20000004  Prewait                       
20000008  CPMwait                       
2000000c  Postwait                      
20000010  IFlags                        
20000014  Crystalstable                 
20000018  SystemCoreClock               
2000001c  total_duty                    
2000001e  High                          
20000020  Low                           
2000fe00  __stack                       
20010000  __STACK_END                   
4000480c  WDTCTL_SYM                    
ffffffff  __TI_pprof_out_hndl           
ffffffff  __TI_prof_data_size           
ffffffff  __TI_prof_data_start          
ffffffff  __binit__                     
ffffffff  __c_args__                    
ffffffff  binit                         
UNDEFED   Motor_Stop                    
UNDEFED   __mpu_init                    
UNDEFED   _system_post_cinit            

[121 symbols]
