******************************************************************************
                  TI ARM Linker PC v18.12.2                    
******************************************************************************
>> Linked Sat Sep 21 17:02:07 2019

OUTPUT FILE NAME:   <Lab04_SoftwareDesign.out>
ENTRY POINT SYMBOL: "_c_int00_noargs"  address: 000030bd


MEMORY CONFIGURATION

         name            origin    length      used     unused   attr    fill
----------------------  --------  ---------  --------  --------  ----  --------
  MAIN                  00000000   00040000  00003594  0003ca6c  R  X
  INFO                  00200000   00004000  00000000  00004000  R  X
  SRAM_CODE             01000000   00010000  000009c8  0000f638  RW X
  SRAM_DATA             20000000   00010000  000009c8  0000f638  RW  


SEGMENT ALLOCATION MAP

run origin  load origin   length   init length attrs members
----------  ----------- ---------- ----------- ----- -------
00000000    00000000    00003598   00003598    r-x
  00000000    00000000    000000e4   000000e4    r-- .intvecs
  000000e4    000000e4    00003244   00003244    r-x .text
  00003328    00003328    000001cc   000001cc    r-- .const
  000034f8    000034f8    000000a0   000000a0    r-- .cinit
20000000    20000000    000007c8   00000000    rw-
  20000000    20000000    00000400   00000000    rw- .sysmem
  20000400    20000400    000001fc   00000000    rw- .data
  200005fc    200005fc    000001cc   00000000    rw- .bss
2000fe00    2000fe00    00000200   00000000    rw-
  2000fe00    2000fe00    00000200   00000000    rw- .stack


SECTION ALLOCATION MAP

 output                                  attributes/
section   page    origin      length       input sections
--------  ----  ----------  ----------   ----------------
.intvecs   0    00000000    000000e4     
                  00000000    000000e4     startup_msp432p401r_ccs.obj (.intvecs:retain)

.text      0    000000e4    00003244     
                  000000e4    00000a4e     rtsv7M4_T_le_v4SPD16_eabi.lib : _printfi.c.obj (.text:__TI_printfi)
                  00000b32    00000002                                   : _lock.c.obj (.text:_nop)
                  00000b34    00000334     Lab04_SoftwareDesignmain.obj (.text)
                  00000e68    0000032c     system_msp432p401r.obj (.text)
                  00001194    00000270     rtsv7M4_T_le_v4SPD16_eabi.lib : _printfi.c.obj (.text:_pconv_a)
                  00001404    000001e4     Solution.obj (.text)
                  000015e8    000001d0     rtsv7M4_T_le_v4SPD16_eabi.lib : _printfi.c.obj (.text:_pconv_g)
                  000017b8    000001b6                                   : fd_add_t2.asm.obj (.text)
                  0000196e    00000002                                   : div0.asm.obj (.text)
                  00001970    0000013c                                   : _printfi.c.obj (.text:_pconv_e)
                  00001aac    00000136                                   : fd_div_t2.asm.obj (.text)
                  00001be2    00000002     --HOLE-- [fill = 0]
                  00001be4    00000124                                   : _printfi.c.obj (.text:fcvt)
                  00001d08    00000114                                   : fputs.c.obj (.text:fputs)
                  00001e1c    00000110                                   : s_scalbn.c.obj (.text:scalbn)
                  00001f2c    000000fc                                   : fd_mul_t2.asm.obj (.text)
                  00002028    000000f4                                   : memory.c.obj (.text:aligned_alloc)
                  0000211c    000000e8                                   : memory.c.obj (.text:free)
                  00002204    000000dc                                   : setvbuf.c.obj (.text:setvbuf)
                  000022e0    000000b1                                   : _printfi.c.obj (.text:_ltostr)
                  00002391    00000001     --HOLE-- [fill = 0]
                  00002392    0000009c                                   : memcpy_t2.asm.obj (.text)
                  0000242e    00000096                                   : ull_div_t2.asm.obj (.text)
                  000024c4    0000008c                                   : fputc.c.obj (.text:fputc)
                  00002550    00000086                                   : fd_cmp_t2.asm.obj (.text:__aeabi_cdcmple)
                  000025d6    00000086                                   : fd_cmp_t2.asm.obj (.text:__aeabi_cdrcmple)
                  0000265c    0000007c                                   : memory.c.obj (.text:split)
                  000026d8    0000007a                                   : memset_t2.asm.obj (.text)
                  00002752    00000002     --HOLE-- [fill = 0]
                  00002754    00000074                                   : fclose.c.obj (.text:__TI_closefile)
                  000027c8    0000006e                                   : _printfi.c.obj (.text:_mcpy)
                  00002836    00000002     --HOLE-- [fill = 0]
                  00002838    00000068                                   : hostlseek.c.obj (.text:HOSTlseek)
                  000028a0    00000068                                   : hostrename.c.obj (.text:HOSTrename)
                  00002908    00000068                                   : copy_decompress_lzss.c.obj (.text:decompress:lzss:__TI_decompress_lzss)
                  00002970    00000068                                   : printf.c.obj (.text:printf)
                  000029d8    00000064                                   : s_frexp.c.obj (.text:frexp)
                  00002a3c    00000064                                   : fseek.c.obj (.text:fseek)
                  00002aa0    00000062                                   : _io_perm.c.obj (.text:__TI_wrt_ok)
                  00002b02    00000002     --HOLE-- [fill = 0]
                  00002b04    00000060                                   : hostopen.c.obj (.text:HOSTopen)
                  00002b64    0000005c                                   : close.c.obj (.text:close)
                  00002bc0    00000058                                   : hostread.c.obj (.text:HOSTread)
                  00002c18    00000058                                   : hostwrite.c.obj (.text:HOSTwrite)
                  00002c70    00000056                                   : _printfi.c.obj (.text:_pconv_f)
                  00002cc6    00000054                                   : ltoa.c.obj (.text:ltoa)
                  00002d1a    00000052                                   : _printfi.c.obj (.text:_ecpy)
                  00002d6c    0000004c                                   : fflush.c.obj (.text:__TI_doflush)
                  00002db8    0000004c                                   : atoi.c.obj (.text:atoi)
                  00002e04    00000048                                   : exit.c.obj (.text:exit)
                  00002e4c    00000048                                   : fd_toi_t2.asm.obj (.text)
                  00002e94    00000044                                   : hostclose.c.obj (.text:HOSTclose)
                  00002ed8    00000044                                   : hostunlink.c.obj (.text:HOSTunlink)
                  00002f1c    00000044                                   : autoinit.c.obj (.text:__TI_auto_init_nobinit_nopinit:__TI_auto_init_nobinit_nopinit)
                  00002f60    00000044                                   : getdevice.c.obj (.text:getdevice)
                  00002fa4    0000003e                                   : _printfi.c.obj (.text:_fcpy)
                  00002fe2    00000002     --HOLE-- [fill = 0]
                  00002fe4    00000038                                   : trgmsg.c.obj (.text:__TI_writemsg)
                  0000301c    00000036                                   : strncpy.c.obj (.text:strncpy)
                  00003052    00000002     --HOLE-- [fill = 0]
                  00003054    00000034                                   : fopen.c.obj (.text:__TI_cleanup)
                  00003088    00000034                                   : trgmsg.c.obj (.text:__TI_readmsg)
                  000030bc    00000034                                   : boot_cortex_m.c.obj (.text:_c_int00_noargs:_c_int00_noargs)
                  000030f0    00000030                                   : getdevice.c.obj (.text:finddevice)
                  00003120    0000002e                                   : i_tofd_t2.asm.obj (.text)
                  0000314e    00000002     --HOLE-- [fill = 0]
                  00003150    0000002c                                   : unlink.c.obj (.text:unlink)
                  0000317c    00000028                                   : memory.c.obj (.text:free_list_insert)
                  000031a4    00000028                                   : lseek.c.obj (.text:lseek)
                  000031cc    00000028                                   : write.c.obj (.text:write)
                  000031f4    00000020                                   : memchr.c.obj (.text:memchr)
                  00003214    0000001c                                   : copy_zero_init.c.obj (.text:decompress:ZI:__TI_zero_init_nomemset:__TI_zero_init_nomemset)
                  00003230    0000001c                                   : memory.c.obj (.text:free_list_remove)
                  0000324c    0000001c                                   : memccpy.c.obj (.text:memccpy)
                  00003268    0000001a                                   : s_copysign.c.obj (.text:copysign)
                  00003282    00000018                                   : strcmp.c.obj (.text:strcmp)
                  0000329a    00000016                                   : strchr.c.obj (.text:strchr)
                  000032b0    00000014                                   : strcpy.c.obj (.text:strcpy)
                  000032c4    00000014                                   : strlen.c.obj (.text:strlen)
                  000032d8    00000012                                   : wcslen.c.obj (.text:wcslen)
                  000032ea    0000000e                                   : copy_decompress_none.c.obj (.text:decompress:none:__TI_decompress_none)
                  000032f8    0000000e     startup_msp432p401r_ccs.obj (.text)
                  00003306    00000002     --HOLE-- [fill = 0]
                  00003308    00000008     rtsv7M4_T_le_v4SPD16_eabi.lib : errno.c.obj (.text:__aeabi_errno_addr)
                  00003310    00000008                                   : memory.c.obj (.text:malloc)
                  00003318    00000004                                   : printf.c.obj (.text:_outc)
                  0000331c    00000004                                   : printf.c.obj (.text:_outs)
                  00003320    00000004                                   : pre_init.c.obj (.text:_system_pre_init)
                  00003324    00000004                                   : exit.c.obj (.text:abort:abort)

.const     0    00003328    000001cc     
                  00003328    00000101     rtsv7M4_T_le_v4SPD16_eabi.lib : ctype.c.obj (.const:.string:_ctypes_)
                  00003429    00000003     --HOLE-- [fill = 0]
                  0000342c    00000048     Lab04_SoftwareDesignmain.obj (.const:CornerCases)
                  00003474    00000040     Lab04_SoftwareDesignmain.obj (.const:ADCBuffer)
                  000034b4    00000040     Lab04_SoftwareDesignmain.obj (.const:DistanceBuffer)

.cinit     0    000034f8    000000a0     
                  000034f8    0000007a     (.cinit..data.load) [load image, compression = lzss]
                  00003572    00000002     --HOLE-- [fill = 0]
                  00003574    0000000c     (__TI_handler_table)
                  00003580    00000008     (.cinit..bss.load) [load image, compression = zero_init]
                  00003588    00000010     (__TI_cinit_table)

.init_array 
*          0    00000000    00000000     UNINITIALIZED

.binit     0    00000000    00000000     

.sysmem    0    20000000    00000400     UNINITIALIZED
                  20000000    00000010     rtsv7M4_T_le_v4SPD16_eabi.lib : memory.c.obj (.sysmem)
                  20000010    000003f0     --HOLE--

.data      0    20000400    000001fc     UNINITIALIZED
                  20000400    000000f0     rtsv7M4_T_le_v4SPD16_eabi.lib : defs.c.obj (.data:_ftable)
                  200004f0    00000078                                   : host_device.c.obj (.data:_device)
                  20000568    00000050                                   : host_device.c.obj (.data:_stream)
                  200005b8    00000010     Solution.obj (.data)
                  200005c8    00000010     rtsv7M4_T_le_v4SPD16_eabi.lib : defs.c.obj (.data)
                  200005d8    0000000c                                   : exit.c.obj (.data:$O1$$)
                  200005e4    00000008                                   : _lock.c.obj (.data:$O1$$)
                  200005ec    00000008                                   : memory.c.obj (.data:$O1$$)
                  200005f4    00000004                                   : errno.c.obj (.data)
                  200005f8    00000004     system_msp432p401r.obj (.data)

.bss       0    200005fc    000001cc     UNINITIALIZED
                  200005fc    00000120     rtsv7M4_T_le_v4SPD16_eabi.lib : trgmsg.c.obj (.bss:_CIOBUF_)
                  2000071c    000000a0     (.common:__TI_tmpnams)
                  200007bc    00000008     (.common:parmbuf)
                  200007c4    00000004     (.common:errors)

.stack     0    2000fe00    00000200     UNINITIALIZED
                  2000fe00    00000004     rtsv7M4_T_le_v4SPD16_eabi.lib : boot_cortex_m.c.obj (.stack)
                  2000fe04    000001fc     --HOLE--

MODULE SUMMARY

       Module                         code    ro data   rw data
       ------                         ----    -------   -------
    ..\
       Solution.obj                   484     0         32     
    +--+------------------------------+-------+---------+---------+
       Total:                         484     0         32     
                                                               
    .\
       Lab04_SoftwareDesignmain.obj   820     200       8      
       system_msp432p401r.obj         812     0         8      
       startup_msp432p401r_ccs.obj    14      228       0      
    +--+------------------------------+-------+---------+---------+
       Total:                         1646    428       16     
                                                               
    C:\ti\ccs910\ccs\tools\compiler\ti-cgt-arm_18.12.2.LTS\lib\rtsv7M4_T_le_v4SPD16_eabi.lib
       _printfi.c.obj                 4851    0         0      
       defs.c.obj                     0       0         832    
       memory.c.obj                   676     0         16     
       trgmsg.c.obj                   108     0         576    
       fd_add_t2.asm.obj              438     0         0      
       host_device.c.obj              0       0         400    
       fd_div_t2.asm.obj              310     0         0      
       fputs.c.obj                    276     0         0      
       s_scalbn.c.obj                 272     0         0      
       fd_cmp_t2.asm.obj              268     0         0      
       ctype.c.obj                    0       257       0      
       fd_mul_t2.asm.obj              252     0         0      
       setvbuf.c.obj                  220     0         0      
       memcpy_t2.asm.obj              156     0         0      
       ull_div_t2.asm.obj             150     0         0      
       fputc.c.obj                    140     0         0      
       memset_t2.asm.obj              122     0         0      
       fclose.c.obj                   116     0         0      
       getdevice.c.obj                116     0         0      
       hostopen.c.obj                 96      0         16     
       printf.c.obj                   112     0         0      
       copy_decompress_lzss.c.obj     104     0         0      
       hostlseek.c.obj                104     0         0      
       hostrename.c.obj               104     0         0      
       exit.c.obj                     76      0         24     
       fseek.c.obj                    100     0         0      
       s_frexp.c.obj                  100     0         0      
       _io_perm.c.obj                 98      0         0      
       close.c.obj                    92      0         0      
       hostread.c.obj                 88      0         0      
       hostwrite.c.obj                88      0         0      
       ltoa.c.obj                     84      0         0      
       atoi.c.obj                     76      0         0      
       fflush.c.obj                   76      0         0      
       fd_toi_t2.asm.obj              72      0         0      
       autoinit.c.obj                 68      0         0      
       hostclose.c.obj                68      0         0      
       hostunlink.c.obj               68      0         0      
       strncpy.c.obj                  54      0         0      
       boot_cortex_m.c.obj            52      0         0      
       fopen.c.obj                    52      0         0      
       i_tofd_t2.asm.obj              46      0         0      
       unlink.c.obj                   44      0         0      
       lseek.c.obj                    40      0         0      
       write.c.obj                    40      0         0      
       memchr.c.obj                   32      0         0      
       copy_zero_init.c.obj           28      0         0      
       memccpy.c.obj                  28      0         0      
       s_copysign.c.obj               26      0         0      
       strcmp.c.obj                   24      0         0      
       strchr.c.obj                   22      0         0      
       strcpy.c.obj                   20      0         0      
       strlen.c.obj                   20      0         0      
       _lock.c.obj                    2       0         16     
       wcslen.c.obj                   18      0         0      
       errno.c.obj                    8       0         8      
       copy_decompress_none.c.obj     14      0         0      
       pre_init.c.obj                 4       0         0      
       div0.asm.obj                   2       0         0      
    +--+------------------------------+-------+---------+---------+
       Total:                         10721   257       1888   
                                                               
       Heap:                          0       0         2048   
       Stack:                         0       0         1024   
       Linker Generated:              0       158       0      
    +--+------------------------------+-------+---------+---------+
       Grand Total:                   12851   843       5008   


LINKER GENERATED COPY TABLES

__TI_cinit_table @ 00003588 records: 2, size/record: 8, table size: 16
	.data: load addr=000034f8, load size=0000007a bytes, run addr=20000400, run size=000001fc bytes, compression=lzss
	.bss: load addr=00003580, load size=00000008 bytes, run addr=200005fc, run size=000001cc bytes, compression=zero_init


LINKER GENERATED HANDLER TABLE

__TI_handler_table @ 00003574 records: 3, size/record: 4, table size: 12
	index: 0, handler: __TI_decompress_lzss
	index: 1, handler: __TI_decompress_none
	index: 2, handler: __TI_zero_init


GLOBAL SYMBOLS: SORTED ALPHABETICALLY BY Name 

address   name                           
-------   ----                           
00003305  ADC14_IRQHandler               
00003474  ADCBuffer                      
00003305  AES256_IRQHandler              
00003305  BusFault_Handler               
00003325  C$$EXIT                        
00003013  C$$IO$$                        
00003305  COMP_E0_IRQHandler             
00003305  COMP_E1_IRQHandler             
00003305  CS_IRQHandler                  
200005c4  Centermin                      
200005c0  Centeropen                     
00000b35  Classify                       
00000c97  Convert                        
0000342c  CornerCases                    
00003305  DMA_ERR_IRQHandler             
00003305  DMA_INT0_IRQHandler            
00003305  DMA_INT1_IRQHandler            
00003305  DMA_INT2_IRQHandler            
00003305  DMA_INT3_IRQHandler            
00003305  DebugMon_Handler               
00003305  Default_Handler                
000034b4  DistanceBuffer                 
00003305  EUSCIA0_IRQHandler             
00003305  EUSCIA1_IRQHandler             
00003305  EUSCIA2_IRQHandler             
00003305  EUSCIA3_IRQHandler             
00003305  EUSCIB0_IRQHandler             
00003305  EUSCIB1_IRQHandler             
00003305  EUSCIB2_IRQHandler             
00003305  EUSCIB3_IRQHandler             
00003305  FLCTL_IRQHandler               
00003305  FPU_IRQHandler                 
00002e95  HOSTclose                      
00002839  HOSTlseek                      
00002b05  HOSTopen                       
00002bc1  HOSTread                       
000028a1  HOSTrename                     
00002ed9  HOSTunlink                     
00002c19  HOSTwrite                      
00003305  HardFault_Handler              
00003305  MemManage_Handler              
00003305  NMI_Handler                    
00003305  PCM_IRQHandler                 
00003305  PORT1_IRQHandler               
00003305  PORT2_IRQHandler               
00003305  PORT3_IRQHandler               
00003305  PORT4_IRQHandler               
00003305  PORT5_IRQHandler               
00003305  PORT6_IRQHandler               
00003305  PSS_IRQHandler                 
00003305  PendSV_Handler                 
00000cbd  Program4_1                     
00000d13  Program4_2                     
00000dbb  Program4_3                     
00003305  RTC_C_IRQHandler               
000032f9  Reset_Handler                  
00003305  SVC_Handler                    
00001405  SetParametersForSolution       
200005b8  Sidemax                        
200005bc  Sidemin                        
0000142d  Solution                       
00003305  SysTick_Handler                
200005f8  SystemCoreClock                
00000e69  SystemCoreClockUpdate          
000010dd  SystemInit                     
00003305  T32_INT1_IRQHandler            
00003305  T32_INT2_IRQHandler            
00003305  T32_INTC_IRQHandler            
00003305  TA0_0_IRQHandler               
00003305  TA0_N_IRQHandler               
00003305  TA1_0_IRQHandler               
00003305  TA1_N_IRQHandler               
00003305  TA2_0_IRQHandler               
00003305  TA2_N_IRQHandler               
00003305  TA3_0_IRQHandler               
00003305  TA3_N_IRQHandler               
00003305  UsageFault_Handler             
4000480c  WDTCTL_SYM                     
00003305  WDT_A_IRQHandler               
200005fc  __CIOBUF_                      
20010000  __STACK_END                    
00000200  __STACK_SIZE                   
00000400  __SYSMEM_SIZE                  
00003588  __TI_CINIT_Base                
00003598  __TI_CINIT_Limit               
00003574  __TI_Handler_Table_Base        
00003580  __TI_Handler_Table_Limit       
00002f1d  __TI_auto_init_nobinit_nopinit 
00003055  __TI_cleanup                   
200005d8  __TI_cleanup_ptr               
00002755  __TI_closefile                 
00002909  __TI_decompress_lzss           
000032eb  __TI_decompress_none           
00002d6d  __TI_doflush                   
200005dc  __TI_dtors_ptr                 
200005e0  __TI_enable_exit_profile_output
200005c8  __TI_ft_end                    
ffffffff  __TI_pprof_out_hndl            
000000e5  __TI_printfi                   
ffffffff  __TI_prof_data_size            
ffffffff  __TI_prof_data_start           
00003089  __TI_readmsg                   
00000000  __TI_static_base__             
2000071c  __TI_tmpnams                   
00002fe5  __TI_writemsg                  
00002aa1  __TI_wrt_ok                    
00003215  __TI_zero_init_nomemset        
00002551  __aeabi_cdcmpeq                
00002551  __aeabi_cdcmple                
000025d7  __aeabi_cdrcmple               
00002e4d  __aeabi_d2iz                   
000017c3  __aeabi_dadd                   
00001aad  __aeabi_ddiv                   
00001f2d  __aeabi_dmul                   
000017b9  __aeabi_dsub                   
00003309  __aeabi_errno_addr             
00003121  __aeabi_i2d                    
0000196f  __aeabi_idiv0                  
0000196f  __aeabi_ldiv0                  
000026d9  __aeabi_memclr                 
000026d9  __aeabi_memclr4                
000026d9  __aeabi_memclr8                
00002393  __aeabi_memcpy                 
00002393  __aeabi_memcpy4                
00002393  __aeabi_memcpy8                
000026db  __aeabi_memset                 
000026db  __aeabi_memset4                
000026db  __aeabi_memset8                
200005d4  __aeabi_stderr                 
200005cc  __aeabi_stdin                  
200005d0  __aeabi_stdout                 
0000242f  __aeabi_uldivmod               
ffffffff  __binit__                      
ffffffff  __c_args__                     
UNDEFED   __mpu_init                     
2000fe00  __stack                        
000030bd  _c_int00_noargs                
00003328  _ctypes_                       
200004f0  _device                        
20000400  _ftable                        
200005e4  _lock                          
00000b33  _nop                           
20000568  _stream                        
20000000  _sys_memory                    
UNDEFED   _system_post_cinit             
00003321  _system_pre_init               
200005e8  _unlock                        
00003325  abort                          
00002029  aligned_alloc                  
00002db9  atoi                           
ffffffff  binit                          
00002b65  close                          
00003269  copysign                       
00003269  copysignl                      
200005f4  errno                          
200007c4  errors                         
00002e05  exit                           
000030f1  finddevice                     
000024c5  fputc                          
00001d09  fputs                          
0000211d  free                           
000029d9  frexp                          
000029d9  frexpl                         
00002a3d  fseek                          
00002f61  getdevice                      
00000000  interruptVectors               
00001e1d  ldexp                          
00001e1d  ldexpl                         
000031a5  lseek                          
00002cc7  ltoa                           
00000e47  main                           
00003311  malloc                         
00002029  memalign                       
0000324d  memccpy                        
000031f5  memchr                         
00002393  memcpy                         
000026e1  memset                         
200007bc  parmbuf                        
00002971  printf                         
000024c5  putc                           
00003151  remove                         
00001e1d  scalbn                         
00001e1d  scalbnl                        
00002205  setvbuf                        
0000329b  strchr                         
00003283  strcmp                         
000032b1  strcpy                         
000032c5  strlen                         
0000301d  strncpy                        
00003151  unlink                         
000032d9  wcslen                         
000031cd  write                          


GLOBAL SYMBOLS: SORTED BY Symbol Address 

address   name                           
-------   ----                           
00000000  __TI_static_base__             
00000000  interruptVectors               
000000e5  __TI_printfi                   
00000200  __STACK_SIZE                   
00000400  __SYSMEM_SIZE                  
00000b33  _nop                           
00000b35  Classify                       
00000c97  Convert                        
00000cbd  Program4_1                     
00000d13  Program4_2                     
00000dbb  Program4_3                     
00000e47  main                           
00000e69  SystemCoreClockUpdate          
000010dd  SystemInit                     
00001405  SetParametersForSolution       
0000142d  Solution                       
000017b9  __aeabi_dsub                   
000017c3  __aeabi_dadd                   
0000196f  __aeabi_idiv0                  
0000196f  __aeabi_ldiv0                  
00001aad  __aeabi_ddiv                   
00001d09  fputs                          
00001e1d  ldexp                          
00001e1d  ldexpl                         
00001e1d  scalbn                         
00001e1d  scalbnl                        
00001f2d  __aeabi_dmul                   
00002029  aligned_alloc                  
00002029  memalign                       
0000211d  free                           
00002205  setvbuf                        
00002393  __aeabi_memcpy                 
00002393  __aeabi_memcpy4                
00002393  __aeabi_memcpy8                
00002393  memcpy                         
0000242f  __aeabi_uldivmod               
000024c5  fputc                          
000024c5  putc                           
00002551  __aeabi_cdcmpeq                
00002551  __aeabi_cdcmple                
000025d7  __aeabi_cdrcmple               
000026d9  __aeabi_memclr                 
000026d9  __aeabi_memclr4                
000026d9  __aeabi_memclr8                
000026db  __aeabi_memset                 
000026db  __aeabi_memset4                
000026db  __aeabi_memset8                
000026e1  memset                         
00002755  __TI_closefile                 
00002839  HOSTlseek                      
000028a1  HOSTrename                     
00002909  __TI_decompress_lzss           
00002971  printf                         
000029d9  frexp                          
000029d9  frexpl                         
00002a3d  fseek                          
00002aa1  __TI_wrt_ok                    
00002b05  HOSTopen                       
00002b65  close                          
00002bc1  HOSTread                       
00002c19  HOSTwrite                      
00002cc7  ltoa                           
00002d6d  __TI_doflush                   
00002db9  atoi                           
00002e05  exit                           
00002e4d  __aeabi_d2iz                   
00002e95  HOSTclose                      
00002ed9  HOSTunlink                     
00002f1d  __TI_auto_init_nobinit_nopinit 
00002f61  getdevice                      
00002fe5  __TI_writemsg                  
00003013  C$$IO$$                        
0000301d  strncpy                        
00003055  __TI_cleanup                   
00003089  __TI_readmsg                   
000030bd  _c_int00_noargs                
000030f1  finddevice                     
00003121  __aeabi_i2d                    
00003151  remove                         
00003151  unlink                         
000031a5  lseek                          
000031cd  write                          
000031f5  memchr                         
00003215  __TI_zero_init_nomemset        
0000324d  memccpy                        
00003269  copysign                       
00003269  copysignl                      
00003283  strcmp                         
0000329b  strchr                         
000032b1  strcpy                         
000032c5  strlen                         
000032d9  wcslen                         
000032eb  __TI_decompress_none           
000032f9  Reset_Handler                  
00003305  ADC14_IRQHandler               
00003305  AES256_IRQHandler              
00003305  BusFault_Handler               
00003305  COMP_E0_IRQHandler             
00003305  COMP_E1_IRQHandler             
00003305  CS_IRQHandler                  
00003305  DMA_ERR_IRQHandler             
00003305  DMA_INT0_IRQHandler            
00003305  DMA_INT1_IRQHandler            
00003305  DMA_INT2_IRQHandler            
00003305  DMA_INT3_IRQHandler            
00003305  DebugMon_Handler               
00003305  Default_Handler                
00003305  EUSCIA0_IRQHandler             
00003305  EUSCIA1_IRQHandler             
00003305  EUSCIA2_IRQHandler             
00003305  EUSCIA3_IRQHandler             
00003305  EUSCIB0_IRQHandler             
00003305  EUSCIB1_IRQHandler             
00003305  EUSCIB2_IRQHandler             
00003305  EUSCIB3_IRQHandler             
00003305  FLCTL_IRQHandler               
00003305  FPU_IRQHandler                 
00003305  HardFault_Handler              
00003305  MemManage_Handler              
00003305  NMI_Handler                    
00003305  PCM_IRQHandler                 
00003305  PORT1_IRQHandler               
00003305  PORT2_IRQHandler               
00003305  PORT3_IRQHandler               
00003305  PORT4_IRQHandler               
00003305  PORT5_IRQHandler               
00003305  PORT6_IRQHandler               
00003305  PSS_IRQHandler                 
00003305  PendSV_Handler                 
00003305  RTC_C_IRQHandler               
00003305  SVC_Handler                    
00003305  SysTick_Handler                
00003305  T32_INT1_IRQHandler            
00003305  T32_INT2_IRQHandler            
00003305  T32_INTC_IRQHandler            
00003305  TA0_0_IRQHandler               
00003305  TA0_N_IRQHandler               
00003305  TA1_0_IRQHandler               
00003305  TA1_N_IRQHandler               
00003305  TA2_0_IRQHandler               
00003305  TA2_N_IRQHandler               
00003305  TA3_0_IRQHandler               
00003305  TA3_N_IRQHandler               
00003305  UsageFault_Handler             
00003305  WDT_A_IRQHandler               
00003309  __aeabi_errno_addr             
00003311  malloc                         
00003321  _system_pre_init               
00003325  C$$EXIT                        
00003325  abort                          
00003328  _ctypes_                       
0000342c  CornerCases                    
00003474  ADCBuffer                      
000034b4  DistanceBuffer                 
00003574  __TI_Handler_Table_Base        
00003580  __TI_Handler_Table_Limit       
00003588  __TI_CINIT_Base                
00003598  __TI_CINIT_Limit               
20000000  _sys_memory                    
20000400  _ftable                        
200004f0  _device                        
20000568  _stream                        
200005b8  Sidemax                        
200005bc  Sidemin                        
200005c0  Centeropen                     
200005c4  Centermin                      
200005c8  __TI_ft_end                    
200005cc  __aeabi_stdin                  
200005d0  __aeabi_stdout                 
200005d4  __aeabi_stderr                 
200005d8  __TI_cleanup_ptr               
200005dc  __TI_dtors_ptr                 
200005e0  __TI_enable_exit_profile_output
200005e4  _lock                          
200005e8  _unlock                        
200005f4  errno                          
200005f8  SystemCoreClock                
200005fc  __CIOBUF_                      
2000071c  __TI_tmpnams                   
200007bc  parmbuf                        
200007c4  errors                         
2000fe00  __stack                        
20010000  __STACK_END                    
4000480c  WDTCTL_SYM                     
ffffffff  __TI_pprof_out_hndl            
ffffffff  __TI_prof_data_size            
ffffffff  __TI_prof_data_start           
ffffffff  __binit__                      
ffffffff  __c_args__                     
ffffffff  binit                          
UNDEFED   __mpu_init                     
UNDEFED   _system_post_cinit             

[192 symbols]
