******************************************************************************
                  TI ARM Linker PC v18.12.2                    
******************************************************************************
>> Linked Sat Dec 14 17:05:52 2019

OUTPUT FILE NAME:   <Lab16_Tach.out>
ENTRY POINT SYMBOL: "_c_int00_noargs"  address: 00002475


MEMORY CONFIGURATION

         name            origin    length      used     unused   attr    fill
----------------------  --------  ---------  --------  --------  ----  --------
  MAIN                  00000000   00040000  0000255c  0003daa4  R  X
  INFO                  00200000   00004000  00000000  00004000  R  X
  SRAM_CODE             01000000   00010000  000015d1  0000ea2f  RW X
  SRAM_DATA             20000000   00010000  000015d1  0000ea2f  RW  


SEGMENT ALLOCATION MAP

run origin  load origin   length   init length attrs members
----------  ----------- ---------- ----------- ----- -------
00000000    00000000    00002560   00002560    r-x
  00000000    00000000    000000e4   000000e4    r-- .intvecs
  000000e4    000000e4    00002440   00002440    r-x .text
  00002528    00002528    00000038   00000038    r-- .cinit
20000000    20000000    000013d4   00000000    rw-
  20000000    20000000    000013a9   00000000    rw- .bss
  200013ac    200013ac    00000028   00000000    rw- .data
2000fe00    2000fe00    00000200   00000000    rw-
  2000fe00    2000fe00    00000200   00000000    rw- .stack


SECTION ALLOCATION MAP

 output                                  attributes/
section   page    origin      length       input sections
--------  ----  ----------  ----------   ----------------
.intvecs   0    00000000    000000e4     
                  00000000    000000e4     startup_msp432p401r_ccs.obj (.intvecs:retain)

.text      0    000000e4    00002440     
                  000000e4    000009e8     FlashProgram.obj (.text)
                  00000acc    000006c8     TExaS.obj (.text)
                  00001194    00000468     Lab16_Tachmain.obj (.text)
                  000015fc    00000420     PWM.obj (.text)
                  00001a1c    0000032c     system_msp432p401r.obj (.text)
                  00001d48    000001e0     Clock.obj (.text)
                  00001f28    00000170     Motor.obj (.text)
                  00002098    000000f4     LaunchPad.obj (.text)
                  0000218c    0000009c     rtsv7M4_T_le_v4SPD16_eabi.lib : memcpy_t2.asm.obj (.text)
                  00002228    00000094     Bump.obj (.text)
                  000022bc    00000090     TimerA1.obj (.text)
                  0000234c    0000007a     rtsv7M4_T_le_v4SPD16_eabi.lib : memset_t2.asm.obj (.text)
                  000023c6    00000068                                   : copy_decompress_lzss.c.obj (.text:decompress:lzss:__TI_decompress_lzss)
                  0000242e    00000002     --HOLE-- [fill = 0]
                  00002430    00000044                                   : autoinit.c.obj (.text:__TI_auto_init_nobinit_nopinit:__TI_auto_init_nobinit_nopinit)
                  00002474    00000034                                   : boot_cortex_m.c.obj (.text:_c_int00_noargs:_c_int00_noargs)
                  000024a8    00000028     TA3InputCapture.obj (.text)
                  000024d0    00000024     CortexM.obj (.text)
                  000024f4    0000000e     rtsv7M4_T_le_v4SPD16_eabi.lib : copy_decompress_none.c.obj (.text:decompress:none:__TI_decompress_none)
                  00002502    0000000e     startup_msp432p401r_ccs.obj (.text)
                  00002510    0000000c     rtsv7M4_T_le_v4SPD16_eabi.lib : copy_zero_init.c.obj (.text:decompress:ZI:__TI_zero_init)
                  0000251c    00000004                                   : pre_init.c.obj (.text:_system_pre_init)
                  00002520    00000004                                   : exit.c.obj (.text:abort:abort)

.cinit     0    00002528    00000038     
                  00002528    0000000d     (.cinit..data.load) [load image, compression = lzss]
                  00002535    00000003     --HOLE-- [fill = 0]
                  00002538    0000000c     (__TI_handler_table)
                  00002544    00000004     --HOLE-- [fill = 0]
                  00002548    00000008     (.cinit..bss.load) [load image, compression = zero_init]
                  00002550    00000010     (__TI_cinit_table)

.init_array 
*          0    00000000    00000000     UNINITIALIZED

.binit     0    00000000    00000000     

.bss       0    20000000    000013a9     UNINITIALIZED
                  20000000    000007d0     (.common:DutyBuffer)
                  200007d0    000007d0     (.common:PeriodBuffer)
                  20000fa0    000003e8     (.common:SpeedBuffer)
                  20001388    00000004     (.common:Done0)
                  2000138c    00000004     (.common:Done1)
                  20001390    00000004     (.common:Duty)
                  20001394    00000004     (.common:PeriodicTask2)
                  20001398    00000004     (.common:Time)
                  2000139c    00000004     (.common:TimerA1Task)
                  200013a0    00000002     (.common:First0)
                  200013a2    00000002     (.common:First1)
                  200013a4    00000002     (.common:Period0)
                  200013a6    00000002     (.common:Period1)
                  200013a8    00000001     (.common:LogicData)

.data      0    200013ac    00000028     UNINITIALIZED
                  200013ac    00000018     Clock.obj (.data)
                  200013c4    0000000c     TExaS.obj (.data)
                  200013d0    00000004     system_msp432p401r.obj (.data)

.stack     0    2000fe00    00000200     UNINITIALIZED
                  2000fe00    00000004     rtsv7M4_T_le_v4SPD16_eabi.lib : boot_cortex_m.c.obj (.stack)
                  2000fe04    000001fc     --HOLE--

MODULE SUMMARY

       Module                        code   ro data   rw data
       ------                        ----   -------   -------
    .\
       Lab16_Tachmain.obj            1128   0         10048  
       FlashProgram.obj              2536   0         0      
       TExaS.obj                     1736   0         34     
       PWM.obj                       1056   0         0      
       system_msp432p401r.obj        812    0         8      
       Clock.obj                     480    0         48     
       Motor.obj                     368    0         0      
       LaunchPad.obj                 244    0         0      
       startup_msp432p401r_ccs.obj   14     228       0      
       TimerA1.obj                   144    0         8      
       Bump.obj                      148    0         0      
       TA3InputCapture.obj           40     0         0      
       CortexM.obj                   36     0         0      
    +--+-----------------------------+------+---------+---------+
       Total:                        8742   228       10146  
                                                             
    C:\ti\ccs910\ccs\tools\compiler\ti-cgt-arm_18.12.2.LTS\lib\rtsv7M4_T_le_v4SPD16_eabi.lib
       memcpy_t2.asm.obj             156    0         0      
       memset_t2.asm.obj             122    0         0      
       copy_decompress_lzss.c.obj    104    0         0      
       autoinit.c.obj                68     0         0      
       boot_cortex_m.c.obj           52     0         0      
       copy_decompress_none.c.obj    14     0         0      
       copy_zero_init.c.obj          12     0         0      
       exit.c.obj                    4      0         0      
       pre_init.c.obj                4      0         0      
    +--+-----------------------------+------+---------+---------+
       Total:                        536    0         0      
                                                             
       Stack:                        0      0         1024   
       Linker Generated:             0      49        0      
    +--+-----------------------------+------+---------+---------+
       Grand Total:                  9278   277       11170  


LINKER GENERATED COPY TABLES

__TI_cinit_table @ 00002550 records: 2, size/record: 8, table size: 16
	.data: load addr=00002528, load size=0000000d bytes, run addr=200013ac, run size=00000028 bytes, compression=lzss
	.bss: load addr=00002548, load size=00000008 bytes, run addr=20000000, run size=000013a9 bytes, compression=zero_init


LINKER GENERATED HANDLER TABLE

__TI_handler_table @ 00002538 records: 3, size/record: 4, table size: 12
	index: 0, handler: __TI_decompress_lzss
	index: 1, handler: __TI_decompress_none
	index: 2, handler: __TI_zero_init


GLOBAL SYMBOLS: SORTED ALPHABETICALLY BY Name 

address   name                                   
-------   ----                                   
0000250f  ADC14_IRQHandler                       
00000ed9  ADC_Init                               
0000250f  AES256_IRQHandler                      
00002229  Bump_Init                              
00002237  Bump_Read                              
0000250f  BusFault_Handler                       
00002521  C$$EXIT                                
0000250f  COMP_E0_IRQHandler                     
0000250f  COMP_E1_IRQHandler                     
200013b4  CPMwait                                
0000250f  CS_IRQHandler                          
200013ac  ClockFrequency                         
00001e9d  Clock_Delay1ms                         
00001e73  Clock_Delay1us                         
00001e5f  Clock_GetFreq                          
00001d49  Clock_Init48MHz                        
00001281  Collect                                
200013c0  Crystalstable                          
0000250f  DMA_ERR_IRQHandler                     
0000250f  DMA_INT0_IRQHandler                    
0000250f  DMA_INT1_IRQHandler                    
0000250f  DMA_INT2_IRQHandler                    
0000250f  DMA_INT3_IRQHandler                    
0000250f  DebugMon_Handler                       
0000142b  Debug_FlashInit                        
00001487  Debug_FlashRecord                      
0000250f  Default_Handler                        
000024d1  DisableInterrupts                      
20001388  Done0                                  
2000138c  Done1                                  
20001390  Duty                                   
20000000  DutyBuffer                             
0000250f  EUSCIA0_IRQHandler                     
0000250f  EUSCIA1_IRQHandler                     
0000250f  EUSCIA2_IRQHandler                     
0000250f  EUSCIA3_IRQHandler                     
0000250f  EUSCIB0_IRQHandler                     
0000250f  EUSCIB1_IRQHandler                     
0000250f  EUSCIB2_IRQHandler                     
0000250f  EUSCIB3_IRQHandler                     
000024d7  EnableInterrupts                       
000024e7  EndCritical                            
0000250f  FLCTL_IRQHandler                       
0000250f  FPU_IRQHandler                         
200013a0  First0                                 
200013a2  First1                                 
000008c9  Flash_Erase                            
0000040d  Flash_FastWrite                        
00000187  Flash_Init                             
00000193  Flash_Write                            
000003a9  Flash_WriteArray                       
0000250f  HardFault_Handler                      
200013bc  IFlags                                 
00002099  LaunchPad_Init                         
00002109  LaunchPad_Input                        
00002123  LaunchPad_LED                          
00002141  LaunchPad_Output                       
00000acd  LogicAnalyzer                          
00000ad7  LogicAnalyzer_P1                       
00000bad  LogicAnalyzer_P10                      
00000ae5  LogicAnalyzer_P2                       
00000bbb  LogicAnalyzer_P27_P26_P82_P92_P104_P105
00000af3  LogicAnalyzer_P2_7654                  
00000b03  LogicAnalyzer_P3                       
00000b11  LogicAnalyzer_P4                       
00000b2f  LogicAnalyzer_P4_765320                
00000b1f  LogicAnalyzer_P4_765432                
00000b67  LogicAnalyzer_P5                       
00000bf3  LogicAnalyzer_P55_P54_P27_P26_P37_P36  
00000b75  LogicAnalyzer_P6                       
00000b83  LogicAnalyzer_P7                       
00000b91  LogicAnalyzer_P8                       
00000b9f  LogicAnalyzer_P9                       
200013a8  LogicData                              
0000250f  MemManage_Handler                      
00002043  Motor_Backward                         
00001f81  Motor_Forward                          
00001f29  Motor_Init                             
00001fff  Motor_Left                             
00001fbb  Motor_Right                            
00001f61  Motor_Stop                             
0000250f  NMI_Handler                            
0000250f  PCM_IRQHandler                         
0000250f  PORT1_IRQHandler                       
0000250f  PORT2_IRQHandler                       
0000250f  PORT3_IRQHandler                       
0000250f  PORT4_IRQHandler                       
0000250f  PORT5_IRQHandler                       
0000250f  PORT6_IRQHandler                       
0000250f  PSS_IRQHandler                         
000016e7  PWM_Duty1                              
00001707  PWM_Duty2                              
000017ab  PWM_Duty3                              
000017cb  PWM_Duty4                              
000015fd  PWM_Init1                              
00001663  PWM_Init12                             
00001727  PWM_Init34                             
00001913  PWM_RobotArmDuty0                      
00001939  PWM_RobotArmDuty1                      
0000195f  PWM_RobotArmDuty2                      
00001933  PWM_RobotArmGetDuty0                   
00001959  PWM_RobotArmGetDuty1                   
0000197f  PWM_RobotArmGetDuty2                   
000017eb  PWM_RobotArmInit                       
0000250f  PendSV_Handler                         
200013a4  Period0                                
200013a6  Period1                                
200007d0  PeriodBuffer                           
00001195  PeriodMeasure0                         
000011cd  PeriodMeasure1                         
20001394  PeriodicTask2                          
00000ca1  PeriodicTask2_Init                     
00000d1b  PeriodicTask2_Stop                     
200013b8  Postwait                               
200013b0  Prewait                                
0000250f  RTC_C_IRQHandler                       
00002503  Reset_Handler                          
0000250f  SVC_Handler                            
00000c1d  Scope                                  
20000fa0  SpeedBuffer                            
000024dd  StartCritical                          
0000250f  SysTick_Handler                        
200013d0  SystemCoreClock                        
00001a1d  SystemCoreClockUpdate                  
00001c91  SystemInit                             
00000d0b  T32_INT1_IRQHandler                    
00000d0b  T32_INT1_IRQHandler                    
0000250f  T32_INT2_IRQHandler                    
0000250f  T32_INTC_IRQHandler                    
0000250f  TA0_0_IRQHandler                       
0000250f  TA0_N_IRQHandler                       
0000231d  TA1_0_IRQHandler                       
0000231d  TA1_0_IRQHandler                       
0000250f  TA1_N_IRQHandler                       
0000250f  TA2_0_IRQHandler                       
0000250f  TA2_N_IRQHandler                       
000024c1  TA3_0_IRQHandler                       
000024c1  TA3_0_IRQHandler                       
000024c3  TA3_N_IRQHandler                       
000024c3  TA3_N_IRQHandler                       
00000e6d  TExaS_Clear0                           
00000e79  TExaS_Clear1                           
00000e8d  TExaS_Clear2                           
00000e99  TExaS_Clear3                           
00000ea5  TExaS_Clear4                           
00000ea7  TExaS_Clear5                           
00000eb3  TExaS_Clear6                           
00000f9d  TExaS_Init                             
200013c8  TExaS_ScopeErrConflict                 
200013c4  TExaS_ScopeErrLostData                 
200013cc  TExaS_ScopeWrnReconfig                 
00000dfb  TExaS_Set                              
00000e13  TExaS_Set0                             
00000e1f  TExaS_Set1                             
00000e2b  TExaS_Set2                             
00000e37  TExaS_Set3                             
00000e43  TExaS_Set4                             
00000e45  TExaS_Set5                             
00000e5d  TExaS_Set6                             
00001129  TExaS_Stop                             
00000db1  TExaS_Task0                            
00000dbd  TExaS_Task1                            
00000dc9  TExaS_Task2                            
00000dd5  TExaS_Task3                            
00000de1  TExaS_Task4                            
00000de3  TExaS_Task5                            
00000def  TExaS_Task6                            
20001398  Time                                   
2000139c  TimerA1Task                            
000022bd  TimerA1_Init                           
0000231b  TimerA1_Stop                           
000024b5  TimerA3Capture_Init01                  
000024c5  TimerA3Capture_Init02                  
00000d85  UART_InChar                            
00000d2b  UART_Init                              
00000d95  UART_OutChar                           
0000250f  UsageFault_Handler                     
4000480c  WDTCTL_SYM                             
0000250f  WDT_A_IRQHandler                       
000024ef  WaitForInterrupt                       
20010000  __STACK_END                            
00000200  __STACK_SIZE                           
00002550  __TI_CINIT_Base                        
00002560  __TI_CINIT_Limit                       
00002538  __TI_Handler_Table_Base                
00002544  __TI_Handler_Table_Limit               
00002431  __TI_auto_init_nobinit_nopinit         
000023c7  __TI_decompress_lzss                   
000024f5  __TI_decompress_none                   
ffffffff  __TI_pprof_out_hndl                    
ffffffff  __TI_prof_data_size                    
ffffffff  __TI_prof_data_start                   
00000000  __TI_static_base__                     
00002511  __TI_zero_init                         
0000234d  __aeabi_memclr                         
0000234d  __aeabi_memclr4                        
0000234d  __aeabi_memclr8                        
0000218d  __aeabi_memcpy                         
0000218d  __aeabi_memcpy4                        
0000218d  __aeabi_memcpy8                        
0000234f  __aeabi_memset                         
0000234f  __aeabi_memset4                        
0000234f  __aeabi_memset8                        
ffffffff  __binit__                              
ffffffff  __c_args__                             
UNDEFED   __mpu_init                             
2000fe00  __stack                                
00002475  _c_int00_noargs                        
UNDEFED   _system_post_cinit                     
0000251d  _system_pre_init                       
00002521  abort                                  
ffffffff  binit                                  
00001e65  delay                                  
00000000  interruptVectors                       
000015d3  main                                   
00001205  main0                                  
0000138d  main1                                  
000014f5  main2                                  
0000218d  memcpy                                 
00002355  memset                                 
000024a9  ta3dummy                               


GLOBAL SYMBOLS: SORTED BY Symbol Address 

address   name                                   
-------   ----                                   
00000000  __TI_static_base__                     
00000000  interruptVectors                       
00000187  Flash_Init                             
00000193  Flash_Write                            
00000200  __STACK_SIZE                           
000003a9  Flash_WriteArray                       
0000040d  Flash_FastWrite                        
000008c9  Flash_Erase                            
00000acd  LogicAnalyzer                          
00000ad7  LogicAnalyzer_P1                       
00000ae5  LogicAnalyzer_P2                       
00000af3  LogicAnalyzer_P2_7654                  
00000b03  LogicAnalyzer_P3                       
00000b11  LogicAnalyzer_P4                       
00000b1f  LogicAnalyzer_P4_765432                
00000b2f  LogicAnalyzer_P4_765320                
00000b67  LogicAnalyzer_P5                       
00000b75  LogicAnalyzer_P6                       
00000b83  LogicAnalyzer_P7                       
00000b91  LogicAnalyzer_P8                       
00000b9f  LogicAnalyzer_P9                       
00000bad  LogicAnalyzer_P10                      
00000bbb  LogicAnalyzer_P27_P26_P82_P92_P104_P105
00000bf3  LogicAnalyzer_P55_P54_P27_P26_P37_P36  
00000c1d  Scope                                  
00000ca1  PeriodicTask2_Init                     
00000d0b  T32_INT1_IRQHandler                    
00000d0b  T32_INT1_IRQHandler                    
00000d1b  PeriodicTask2_Stop                     
00000d2b  UART_Init                              
00000d85  UART_InChar                            
00000d95  UART_OutChar                           
00000db1  TExaS_Task0                            
00000dbd  TExaS_Task1                            
00000dc9  TExaS_Task2                            
00000dd5  TExaS_Task3                            
00000de1  TExaS_Task4                            
00000de3  TExaS_Task5                            
00000def  TExaS_Task6                            
00000dfb  TExaS_Set                              
00000e13  TExaS_Set0                             
00000e1f  TExaS_Set1                             
00000e2b  TExaS_Set2                             
00000e37  TExaS_Set3                             
00000e43  TExaS_Set4                             
00000e45  TExaS_Set5                             
00000e5d  TExaS_Set6                             
00000e6d  TExaS_Clear0                           
00000e79  TExaS_Clear1                           
00000e8d  TExaS_Clear2                           
00000e99  TExaS_Clear3                           
00000ea5  TExaS_Clear4                           
00000ea7  TExaS_Clear5                           
00000eb3  TExaS_Clear6                           
00000ed9  ADC_Init                               
00000f9d  TExaS_Init                             
00001129  TExaS_Stop                             
00001195  PeriodMeasure0                         
000011cd  PeriodMeasure1                         
00001205  main0                                  
00001281  Collect                                
0000138d  main1                                  
0000142b  Debug_FlashInit                        
00001487  Debug_FlashRecord                      
000014f5  main2                                  
000015d3  main                                   
000015fd  PWM_Init1                              
00001663  PWM_Init12                             
000016e7  PWM_Duty1                              
00001707  PWM_Duty2                              
00001727  PWM_Init34                             
000017ab  PWM_Duty3                              
000017cb  PWM_Duty4                              
000017eb  PWM_RobotArmInit                       
00001913  PWM_RobotArmDuty0                      
00001933  PWM_RobotArmGetDuty0                   
00001939  PWM_RobotArmDuty1                      
00001959  PWM_RobotArmGetDuty1                   
0000195f  PWM_RobotArmDuty2                      
0000197f  PWM_RobotArmGetDuty2                   
00001a1d  SystemCoreClockUpdate                  
00001c91  SystemInit                             
00001d49  Clock_Init48MHz                        
00001e5f  Clock_GetFreq                          
00001e65  delay                                  
00001e73  Clock_Delay1us                         
00001e9d  Clock_Delay1ms                         
00001f29  Motor_Init                             
00001f61  Motor_Stop                             
00001f81  Motor_Forward                          
00001fbb  Motor_Right                            
00001fff  Motor_Left                             
00002043  Motor_Backward                         
00002099  LaunchPad_Init                         
00002109  LaunchPad_Input                        
00002123  LaunchPad_LED                          
00002141  LaunchPad_Output                       
0000218d  __aeabi_memcpy                         
0000218d  __aeabi_memcpy4                        
0000218d  __aeabi_memcpy8                        
0000218d  memcpy                                 
00002229  Bump_Init                              
00002237  Bump_Read                              
000022bd  TimerA1_Init                           
0000231b  TimerA1_Stop                           
0000231d  TA1_0_IRQHandler                       
0000231d  TA1_0_IRQHandler                       
0000234d  __aeabi_memclr                         
0000234d  __aeabi_memclr4                        
0000234d  __aeabi_memclr8                        
0000234f  __aeabi_memset                         
0000234f  __aeabi_memset4                        
0000234f  __aeabi_memset8                        
00002355  memset                                 
000023c7  __TI_decompress_lzss                   
00002431  __TI_auto_init_nobinit_nopinit         
00002475  _c_int00_noargs                        
000024a9  ta3dummy                               
000024b5  TimerA3Capture_Init01                  
000024c1  TA3_0_IRQHandler                       
000024c1  TA3_0_IRQHandler                       
000024c3  TA3_N_IRQHandler                       
000024c3  TA3_N_IRQHandler                       
000024c5  TimerA3Capture_Init02                  
000024d1  DisableInterrupts                      
000024d7  EnableInterrupts                       
000024dd  StartCritical                          
000024e7  EndCritical                            
000024ef  WaitForInterrupt                       
000024f5  __TI_decompress_none                   
00002503  Reset_Handler                          
0000250f  ADC14_IRQHandler                       
0000250f  AES256_IRQHandler                      
0000250f  BusFault_Handler                       
0000250f  COMP_E0_IRQHandler                     
0000250f  COMP_E1_IRQHandler                     
0000250f  CS_IRQHandler                          
0000250f  DMA_ERR_IRQHandler                     
0000250f  DMA_INT0_IRQHandler                    
0000250f  DMA_INT1_IRQHandler                    
0000250f  DMA_INT2_IRQHandler                    
0000250f  DMA_INT3_IRQHandler                    
0000250f  DebugMon_Handler                       
0000250f  Default_Handler                        
0000250f  EUSCIA0_IRQHandler                     
0000250f  EUSCIA1_IRQHandler                     
0000250f  EUSCIA2_IRQHandler                     
0000250f  EUSCIA3_IRQHandler                     
0000250f  EUSCIB0_IRQHandler                     
0000250f  EUSCIB1_IRQHandler                     
0000250f  EUSCIB2_IRQHandler                     
0000250f  EUSCIB3_IRQHandler                     
0000250f  FLCTL_IRQHandler                       
0000250f  FPU_IRQHandler                         
0000250f  HardFault_Handler                      
0000250f  MemManage_Handler                      
0000250f  NMI_Handler                            
0000250f  PCM_IRQHandler                         
0000250f  PORT1_IRQHandler                       
0000250f  PORT2_IRQHandler                       
0000250f  PORT3_IRQHandler                       
0000250f  PORT4_IRQHandler                       
0000250f  PORT5_IRQHandler                       
0000250f  PORT6_IRQHandler                       
0000250f  PSS_IRQHandler                         
0000250f  PendSV_Handler                         
0000250f  RTC_C_IRQHandler                       
0000250f  SVC_Handler                            
0000250f  SysTick_Handler                        
0000250f  T32_INT2_IRQHandler                    
0000250f  T32_INTC_IRQHandler                    
0000250f  TA0_0_IRQHandler                       
0000250f  TA0_N_IRQHandler                       
0000250f  TA1_N_IRQHandler                       
0000250f  TA2_0_IRQHandler                       
0000250f  TA2_N_IRQHandler                       
0000250f  UsageFault_Handler                     
0000250f  WDT_A_IRQHandler                       
00002511  __TI_zero_init                         
0000251d  _system_pre_init                       
00002521  C$$EXIT                                
00002521  abort                                  
00002538  __TI_Handler_Table_Base                
00002544  __TI_Handler_Table_Limit               
00002550  __TI_CINIT_Base                        
00002560  __TI_CINIT_Limit                       
20000000  DutyBuffer                             
200007d0  PeriodBuffer                           
20000fa0  SpeedBuffer                            
20001388  Done0                                  
2000138c  Done1                                  
20001390  Duty                                   
20001394  PeriodicTask2                          
20001398  Time                                   
2000139c  TimerA1Task                            
200013a0  First0                                 
200013a2  First1                                 
200013a4  Period0                                
200013a6  Period1                                
200013a8  LogicData                              
200013ac  ClockFrequency                         
200013b0  Prewait                                
200013b4  CPMwait                                
200013b8  Postwait                               
200013bc  IFlags                                 
200013c0  Crystalstable                          
200013c4  TExaS_ScopeErrLostData                 
200013c8  TExaS_ScopeErrConflict                 
200013cc  TExaS_ScopeWrnReconfig                 
200013d0  SystemCoreClock                        
2000fe00  __stack                                
20010000  __STACK_END                            
4000480c  WDTCTL_SYM                             
ffffffff  __TI_pprof_out_hndl                    
ffffffff  __TI_prof_data_size                    
ffffffff  __TI_prof_data_start                   
ffffffff  __binit__                              
ffffffff  __c_args__                             
ffffffff  binit                                  
UNDEFED   __mpu_init                             
UNDEFED   _system_post_cinit                     

[221 symbols]
