******************************************************************************
                  TI ARM Linker PC v18.12.2                    
******************************************************************************
>> Linked Mon Nov 18 14:39:00 2019

OUTPUT FILE NAME:   <RobotArm.out>
ENTRY POINT SYMBOL: "_c_int00_noargs"  address: 000036d9


MEMORY CONFIGURATION

         name            origin    length      used     unused   attr    fill
----------------------  --------  ---------  --------  --------  ----  --------
  MAIN                  00000000   00040000  00003aac  0003c554  R  X
  INFO                  00200000   00004000  00000000  00004000  R  X
  SRAM_CODE             01000000   00010000  0000069e  0000f962  RW X
  SRAM_DATA             20000000   00010000  0000069e  0000f962  RW  


SEGMENT ALLOCATION MAP

run origin  load origin   length   init length attrs members
----------  ----------- ---------- ----------- ----- -------
00000000    00000000    00003ab0   00003ab0    r-x
  00000000    00000000    000000e4   000000e4    r-- .intvecs
  000000e4    000000e4    000036a4   000036a4    r-x .text
  00003788    00003788    000002d4   000002d4    r-- .const
  00003a60    00003a60    00000050   00000050    r-- .cinit
20000000    20000000    000004a0   00000000    rw-
  20000000    20000000    00000456   00000000    rw- .bss
  20000458    20000458    00000048   00000000    rw- .data
2000fe00    2000fe00    00000200   00000000    rw-
  2000fe00    2000fe00    00000200   00000000    rw- .stack


SECTION ALLOCATION MAP

 output                                  attributes/
section   page    origin      length       input sections
--------  ----  ----------  ----------   ----------------
.intvecs   0    00000000    000000e4     
                  00000000    000000e4     startup_msp432p401r_ccs.obj (.intvecs:retain)

.text      0    000000e4    000036a4     
                  000000e4    00001340     SSD1306.obj (.text)
                  00001424    000012a0     RobotArmmain.obj (.text)
                  000026c4    00000378     PWM.obj (.text)
                  00002a3c    0000032c     system_msp432p401r.obj (.text)
                  00002d68    00000284     ADC14.obj (.text)
                  00002fec    000001e0     Clock.obj (.text)
                  000031cc    0000013c     Tachometer.obj (.text)
                  00003308    000000f4     LaunchPad.obj (.text)
                  000033fc    0000009c     rtsv7M4_T_le_v4SPD16_eabi.lib : memcpy_t2.asm.obj (.text)
                  00003498    00000094     Bump.obj (.text)
                  0000352c    0000007a     rtsv7M4_T_le_v4SPD16_eabi.lib : memset_t2.asm.obj (.text)
                  000035a6    00000068                                   : copy_decompress_lzss.c.obj (.text:decompress:lzss:__TI_decompress_lzss)
                  0000360e    00000044     Motor.obj (.text)
                  00003652    00000002     --HOLE-- [fill = 0]
                  00003654    00000044     rtsv7M4_T_le_v4SPD16_eabi.lib : autoinit.c.obj (.text:__TI_auto_init_nobinit_nopinit:__TI_auto_init_nobinit_nopinit)
                  00003698    00000040     SysTickInts.obj (.text)
                  000036d8    00000034     rtsv7M4_T_le_v4SPD16_eabi.lib : boot_cortex_m.c.obj (.text:_c_int00_noargs:_c_int00_noargs)
                  0000370c    00000028     TA3InputCapture.obj (.text)
                  00003734    00000024     CortexM.obj (.text)
                  00003758    0000000e     rtsv7M4_T_le_v4SPD16_eabi.lib : copy_decompress_none.c.obj (.text:decompress:none:__TI_decompress_none)
                  00003766    0000000e     startup_msp432p401r_ccs.obj (.text)
                  00003774    0000000c     rtsv7M4_T_le_v4SPD16_eabi.lib : copy_zero_init.c.obj (.text:decompress:ZI:__TI_zero_init)
                  00003780    00000004                                   : pre_init.c.obj (.text:_system_pre_init)
                  00003784    00000004                                   : exit.c.obj (.text:abort:abort)

.const     0    00003788    000002d4     
                  00003788    000001e0     SSD1306.obj (.const:ASCII)
                  00003968    0000003c     RobotArmmain.obj (.const:GRIPDUTY)
                  000039a4    0000003c     RobotArmmain.obj (.const:HEIGHTDUTY)
                  000039e0    0000003c     RobotArmmain.obj (.const:TILTDUTY)
                  00003a1c    00000008     SSD1306.obj (.const:.string:postmask)
                  00003a24    00000008     SSD1306.obj (.const:.string:premask)
                  00003a2c    00000006     SSD1306.obj (.const:.string:init5)
                  00003a32    00000005     SSD1306.obj (.const:.string:dlist1)
                  00003a37    00000004     SSD1306.obj (.const:.string:init1)
                  00003a3b    00000004     SSD1306.obj (.const:.string:init2)
                  00003a3f    00000004     SSD1306.obj (.const:.string:init3)
                  00003a43    00000003     SSD1306.obj (.const:.string:init4b)
                  00003a46    00000003     SSD1306.obj (.const:.string:scrollList1b)
                  00003a49    00000003     SSD1306.obj (.const:.string:scrollList2b)
                  00003a4c    00000002     SSD1306.obj (.const:.string:scrollList1a)
                  00003a4e    00000002     SSD1306.obj (.const:.string:scrollList2a)
                  00003a50    00000002     SSD1306.obj (.const:.string:scrollList3a)
                  00003a52    00000002     SSD1306.obj (.const:.string:scrollList3b)
                  00003a54    00000002     SSD1306.obj (.const:.string:scrollList3c)
                  00003a56    00000002     SSD1306.obj (.const:.string:scrollList4a)
                  00003a58    00000002     SSD1306.obj (.const:.string:scrollList4b)
                  00003a5a    00000002     SSD1306.obj (.const:.string:scrollList4c)

.cinit     0    00003a60    00000050     
                  00003a60    0000002b     (.cinit..data.load) [load image, compression = lzss]
                  00003a8b    00000001     --HOLE-- [fill = 0]
                  00003a8c    0000000c     (__TI_handler_table)
                  00003a98    00000008     (.cinit..bss.load) [load image, compression = zero_init]
                  00003aa0    00000010     (__TI_cinit_table)

.init_array 
*          0    00000000    00000000     UNINITIALIZED

.binit     0    00000000    00000000     

.bss       0    20000000    00000456     UNINITIALIZED
                  20000000    00000400     (.common:buffer)
                  20000400    00000014     (.common:LeftTach)
                  20000414    00000014     (.common:RightTach)
                  20000428    00000004     (.common:GripADC)
                  2000042c    00000004     (.common:HeightADC)
                  20000430    00000004     (.common:LeftSteps)
                  20000434    00000004     (.common:RightSteps)
                  20000438    00000004     (.common:TiltADC)
                  2000043c    00000004     (.common:rotation)
                  20000440    00000004     (.common:vccstate)
                  20000444    00000002     (.common:ActualL)
                  20000446    00000002     (.common:ActualR)
                  20000448    00000002     (.common:StartX)
                  2000044a    00000002     (.common:StartY)
                  2000044c    00000002     (.common:Tachometer_FirstLeftTime)
                  2000044e    00000002     (.common:Tachometer_FirstRightTime)
                  20000450    00000002     (.common:Tachometer_SecondLeftTime)
                  20000452    00000002     (.common:Tachometer_SecondRightTime)
                  20000454    00000001     (.common:LeftDir)
                  20000455    00000001     (.common:RightDir)

.data      0    20000458    00000048     UNINITIALIZED
                  20000458    0000001b     RobotArmmain.obj (.data)
                  20000473    00000001     --HOLE--
                  20000474    00000018     Clock.obj (.data)
                  2000048c    0000000a     Tachometer.obj (.data)
                  20000496    00000004     SSD1306.obj (.data)
                  2000049a    00000002     --HOLE--
                  2000049c    00000004     system_msp432p401r.obj (.data)

.stack     0    2000fe00    00000200     UNINITIALIZED
                  2000fe00    00000004     rtsv7M4_T_le_v4SPD16_eabi.lib : boot_cortex_m.c.obj (.stack)
                  2000fe04    000001fc     --HOLE--

MODULE SUMMARY

       Module                        code    ro data   rw data
       ------                        ----    -------   -------
    .\
       SSD1306.obj                   4928    544       2080   
       RobotArmmain.obj              4768    180       186    
       PWM.obj                       888     0         0      
       system_msp432p401r.obj        812     0         8      
       ADC14.obj                     644     0         0      
       Clock.obj                     480     0         48     
       Tachometer.obj                316     0         36     
       LaunchPad.obj                 244     0         0      
       startup_msp432p401r_ccs.obj   14      228       0      
       Bump.obj                      148     0         0      
       Motor.obj                     68      0         0      
       SysTickInts.obj               64      0         0      
       TA3InputCapture.obj           40      0         0      
       CortexM.obj                   36      0         0      
    +--+-----------------------------+-------+---------+---------+
       Total:                        13450   952       2358   
                                                              
    C:\ti\ccs910\ccs\tools\compiler\ti-cgt-arm_18.12.2.LTS\lib\rtsv7M4_T_le_v4SPD16_eabi.lib
       memcpy_t2.asm.obj             156     0         0      
       memset_t2.asm.obj             122     0         0      
       copy_decompress_lzss.c.obj    104     0         0      
       autoinit.c.obj                68      0         0      
       boot_cortex_m.c.obj           52      0         0      
       copy_decompress_none.c.obj    14      0         0      
       copy_zero_init.c.obj          12      0         0      
       exit.c.obj                    4       0         0      
       pre_init.c.obj                4       0         0      
    +--+-----------------------------+-------+---------+---------+
       Total:                        536     0         0      
                                                              
       Stack:                        0       0         1024   
       Linker Generated:             0       79        0      
    +--+-----------------------------+-------+---------+---------+
       Grand Total:                  13986   1031      3382   


LINKER GENERATED COPY TABLES

__TI_cinit_table @ 00003aa0 records: 2, size/record: 8, table size: 16
	.data: load addr=00003a60, load size=0000002b bytes, run addr=20000458, run size=00000048 bytes, compression=lzss
	.bss: load addr=00003a98, load size=00000008 bytes, run addr=20000000, run size=00000456 bytes, compression=zero_init


LINKER GENERATED HANDLER TABLE

__TI_handler_table @ 00003a8c records: 3, size/record: 4, table size: 12
	index: 0, handler: __TI_decompress_lzss
	index: 1, handler: __TI_decompress_none
	index: 2, handler: __TI_zero_init


GLOBAL SYMBOLS: SORTED ALPHABETICALLY BY Name 

address   name                          
-------   ----                          
00002f17  ADC0_InitSWTriggerCh12        
00002e65  ADC0_InitSWTriggerCh14        
00002e6b  ADC0_InitSWTriggerCh17_14_16  
00002f1d  ADC0_InitSWTriggerCh19        
00002e7b  ADC0_InitSWTriggerCh21_22_23  
00002f8d  ADC0_InitSWTriggerCh23        
00002d69  ADC0_InitSWTriggerCh6         
00002dd9  ADC0_InitSWTriggerCh67        
00003773  ADC14_IRQHandler              
00002f19  ADC_In12                      
00002e67  ADC_In14                      
00002e6d  ADC_In17_14_16                
00002f6d  ADC_In19                      
00002ed7  ADC_In21_22_23                
00002f8f  ADC_In23                      
00002db9  ADC_In6                       
00002e2f  ADC_In67                      
00003773  AES256_IRQHandler             
20000444  ActualL                       
20000446  ActualR                       
00003499  Bump_Init                     
000034a7  Bump_Read                     
00003773  BusFault_Handler              
00003785  C$$EXIT                       
00003773  COMP_E0_IRQHandler            
00003773  COMP_E1_IRQHandler            
2000047c  CPMwait                       
00003773  CS_IRQHandler                 
20000474  ClockFrequency                
00003141  Clock_Delay1ms                
00003117  Clock_Delay1us                
00003103  Clock_GetFreq                 
00002fed  Clock_Init48MHz               
20000488  Crystalstable                 
20000496  CurrentX                      
20000498  CurrentY                      
00003773  DMA_ERR_IRQHandler            
00003773  DMA_INT0_IRQHandler           
00003773  DMA_INT1_IRQHandler           
00003773  DMA_INT2_IRQHandler           
00003773  DMA_INT3_IRQHandler           
00003773  DebugMon_Handler              
00003773  Default_Handler               
2000046a  DesiredL                      
2000046c  DesiredR                      
00003735  DisableInterrupts             
00003773  EUSCIA0_IRQHandler            
00003773  EUSCIA1_IRQHandler            
00003773  EUSCIA2_IRQHandler            
00003773  EUSCIA3_IRQHandler            
00003773  EUSCIB0_IRQHandler            
00003773  EUSCIB1_IRQHandler            
00003773  EUSCIB2_IRQHandler            
00003773  EUSCIB3_IRQHandler            
0000373b  EnableInterrupts              
0000374b  EndCritical                   
00003773  FLCTL_IRQHandler              
00003773  FPU_IRQHandler                
00003968  GRIPDUTY                      
20000428  GripADC                       
20000460  GripIndex                     
000039a4  HEIGHTDUTY                    
00003773  HardFault_Handler             
2000042c  HeightADC                     
20000458  HeightIndex                   
20000484  IFlags                        
00003309  LaunchPad_Init                
00003379  LaunchPad_Input               
00003393  LaunchPad_LED                 
000033b1  LaunchPad_Output              
20000454  LeftDir                       
2000046e  LeftDuty                      
20000430  LeftSteps                     
20000400  LeftTach                      
00003773  MemManage_Handler             
00003643  Motor_Backward                
00003613  Motor_Forward                 
0000360f  Motor_Init                    
00003633  Motor_Left                    
00003623  Motor_Right                   
00003611  Motor_Stop                    
00003773  NMI_Handler                   
00003773  PCM_IRQHandler                
00003773  PORT1_IRQHandler              
00003773  PORT2_IRQHandler              
00003773  PORT3_IRQHandler              
00003773  PORT4_IRQHandler              
00003773  PORT5_IRQHandler              
00003773  PORT6_IRQHandler              
00003773  PSS_IRQHandler                
000027af  PWM_Duty1                     
000027cf  PWM_Duty2                     
00002803  PWM_Duty3                     
0000280f  PWM_Duty4                     
000026c5  PWM_Init1                     
0000272b  PWM_Init12                    
000027ef  PWM_Init34                    
00002943  PWM_RobotArmDuty0             
00002969  PWM_RobotArmDuty1             
0000298f  PWM_RobotArmDuty2             
00002963  PWM_RobotArmGetDuty0          
00002989  PWM_RobotArmGetDuty1          
000029af  PWM_RobotArmGetDuty2          
0000281b  PWM_RobotArmInit              
00003773  PendSV_Handler                
20000480  Postwait                      
20000478  Prewait                       
00003773  RTC_C_IRQHandler              
00003767  Reset_Handler                 
20000455  RightDir                      
20000470  RightDuty                     
20000434  RightSteps                    
20000414  RightTach                     
00000501  SSD1306_Clear                 
000004c1  SSD1306_ClearBuffer           
00000f1d  SSD1306_Dim                   
00000dd7  SSD1306_DisplayBuffer         
000003c3  SSD1306_DrawChar              
00000799  SSD1306_DrawFastHLine         
000009bd  SSD1306_DrawFastVLine         
00000555  SSD1306_DrawFullImage         
00000255  SSD1306_DrawPixel             
00000471  SSD1306_DrawString            
00000dd3  SSD1306_GetBuffer             
00000cd5  SSD1306_GetPixel              
0000014f  SSD1306_Init                  
00000f07  SSD1306_InvertDisplay         
00000fc9  SSD1306_OutChar               
000012cb  SSD1306_OutHex7               
00001105  SSD1306_OutSDec               
000011dd  SSD1306_OutSFix1              
000010ef  SSD1306_OutString             
000010f9  SSD1306_OutUDec               
00001329  SSD1306_OutUDec16             
000013c5  SSD1306_OutUDec2              
00001129  SSD1306_OutUFix1              
00001301  SSD1306_OutUHex7              
000005b9  SSD1306_PrintBMP              
00000f4f  SSD1306_SetCursor             
000008ab  SSD1306_drawFastHLineInternal 
00000ad5  SSD1306_drawFastVLineInternal 
00000ebd  SSD1306_startscrolldiagleft   
00000e79  SSD1306_startscrolldiagright  
00000e43  SSD1306_startscrollleft       
00000e11  SSD1306_startscrollright      
00000efd  SSD1306_stopscroll            
00003773  SVC_Handler                   
00003741  StartCritical                 
20000448  StartX                        
2000044a  StartY                        
000014eb  SysTick_Handler               
000014eb  SysTick_Handler               
00003699  SysTick_Init                  
2000049c  SystemCoreClock               
00002a3d  SystemCoreClockUpdate         
00002cb1  SystemInit                    
00003773  T32_INT1_IRQHandler           
00003773  T32_INT2_IRQHandler           
00003773  T32_INTC_IRQHandler           
00003773  TA0_0_IRQHandler              
00003773  TA0_N_IRQHandler              
00003773  TA1_0_IRQHandler              
00003773  TA1_N_IRQHandler              
00003773  TA2_0_IRQHandler              
00003773  TA2_N_IRQHandler              
00003725  TA3_0_IRQHandler              
00003725  TA3_0_IRQHandler              
00003727  TA3_N_IRQHandler              
00003727  TA3_N_IRQHandler              
000039e0  TILTDUTY                      
2000044c  Tachometer_FirstLeftTime      
2000044e  Tachometer_FirstRightTime     
00003283  Tachometer_Get                
00003259  Tachometer_Init               
20000495  Tachometer_LeftDir            
20000490  Tachometer_LeftSteps          
20000494  Tachometer_RightDir           
2000048c  Tachometer_RightSteps         
20000450  Tachometer_SecondLeftTime     
20000452  Tachometer_SecondRightTime    
20000438  TiltADC                       
2000045c  TiltIndex                     
20000464  Time                          
00003719  TimerA3Capture_Init01         
00003729  TimerA3Capture_Init02         
00003773  UsageFault_Handler            
4000480c  WDTCTL_SYM                    
00003773  WDT_A_IRQHandler              
00003753  WaitForInterrupt              
20010000  __STACK_END                   
00000200  __STACK_SIZE                  
00003aa0  __TI_CINIT_Base               
00003ab0  __TI_CINIT_Limit              
00003a8c  __TI_Handler_Table_Base       
00003a98  __TI_Handler_Table_Limit      
00003655  __TI_auto_init_nobinit_nopinit
000035a7  __TI_decompress_lzss          
00003759  __TI_decompress_none          
ffffffff  __TI_pprof_out_hndl           
ffffffff  __TI_prof_data_size           
ffffffff  __TI_prof_data_start          
00000000  __TI_static_base__            
00003775  __TI_zero_init                
0000352d  __aeabi_memclr                
0000352d  __aeabi_memclr4               
0000352d  __aeabi_memclr8               
000033fd  __aeabi_memcpy                
000033fd  __aeabi_memcpy4               
000033fd  __aeabi_memcpy8               
0000352f  __aeabi_memset                
0000352f  __aeabi_memset4               
0000352f  __aeabi_memset8               
ffffffff  __binit__                     
ffffffff  __c_args__                    
UNDEFED   __mpu_init                    
2000fe00  __stack                       
000036d9  _c_int00_noargs               
UNDEFED   _system_post_cinit            
00003781  _system_pre_init              
00003785  abort                         
000014a9  avg                           
ffffffff  binit                         
20000000  buffer                        
20000468  currentMode                   
00003109  delay                         
0000147d  getactualgrip                 
00001425  getactualheight               
00001451  getactualtilt                 
00000000  interruptVectors              
000017ad  main                          
000033fd  memcpy                        
00003535  memset                        
2000043c  rotation                      
000000f1  ssd1306_Testcommandwrite      
00000107  ssd1306_command               
00000117  ssd1306_command1              
00000127  ssd1306_commandList           
0000370d  ta3dummy                      
00003213  tachometerLeftInt             
000031cd  tachometerRightInt            
000016f1  updatescreen                  
20000440  vccstate                      


GLOBAL SYMBOLS: SORTED BY Symbol Address 

address   name                          
-------   ----                          
00000000  __TI_static_base__            
00000000  interruptVectors              
000000f1  ssd1306_Testcommandwrite      
00000107  ssd1306_command               
00000117  ssd1306_command1              
00000127  ssd1306_commandList           
0000014f  SSD1306_Init                  
00000200  __STACK_SIZE                  
00000255  SSD1306_DrawPixel             
000003c3  SSD1306_DrawChar              
00000471  SSD1306_DrawString            
000004c1  SSD1306_ClearBuffer           
00000501  SSD1306_Clear                 
00000555  SSD1306_DrawFullImage         
000005b9  SSD1306_PrintBMP              
00000799  SSD1306_DrawFastHLine         
000008ab  SSD1306_drawFastHLineInternal 
000009bd  SSD1306_DrawFastVLine         
00000ad5  SSD1306_drawFastVLineInternal 
00000cd5  SSD1306_GetPixel              
00000dd3  SSD1306_GetBuffer             
00000dd7  SSD1306_DisplayBuffer         
00000e11  SSD1306_startscrollright      
00000e43  SSD1306_startscrollleft       
00000e79  SSD1306_startscrolldiagright  
00000ebd  SSD1306_startscrolldiagleft   
00000efd  SSD1306_stopscroll            
00000f07  SSD1306_InvertDisplay         
00000f1d  SSD1306_Dim                   
00000f4f  SSD1306_SetCursor             
00000fc9  SSD1306_OutChar               
000010ef  SSD1306_OutString             
000010f9  SSD1306_OutUDec               
00001105  SSD1306_OutSDec               
00001129  SSD1306_OutUFix1              
000011dd  SSD1306_OutSFix1              
000012cb  SSD1306_OutHex7               
00001301  SSD1306_OutUHex7              
00001329  SSD1306_OutUDec16             
000013c5  SSD1306_OutUDec2              
00001425  getactualheight               
00001451  getactualtilt                 
0000147d  getactualgrip                 
000014a9  avg                           
000014eb  SysTick_Handler               
000014eb  SysTick_Handler               
000016f1  updatescreen                  
000017ad  main                          
000026c5  PWM_Init1                     
0000272b  PWM_Init12                    
000027af  PWM_Duty1                     
000027cf  PWM_Duty2                     
000027ef  PWM_Init34                    
00002803  PWM_Duty3                     
0000280f  PWM_Duty4                     
0000281b  PWM_RobotArmInit              
00002943  PWM_RobotArmDuty0             
00002963  PWM_RobotArmGetDuty0          
00002969  PWM_RobotArmDuty1             
00002989  PWM_RobotArmGetDuty1          
0000298f  PWM_RobotArmDuty2             
000029af  PWM_RobotArmGetDuty2          
00002a3d  SystemCoreClockUpdate         
00002cb1  SystemInit                    
00002d69  ADC0_InitSWTriggerCh6         
00002db9  ADC_In6                       
00002dd9  ADC0_InitSWTriggerCh67        
00002e2f  ADC_In67                      
00002e65  ADC0_InitSWTriggerCh14        
00002e67  ADC_In14                      
00002e6b  ADC0_InitSWTriggerCh17_14_16  
00002e6d  ADC_In17_14_16                
00002e7b  ADC0_InitSWTriggerCh21_22_23  
00002ed7  ADC_In21_22_23                
00002f17  ADC0_InitSWTriggerCh12        
00002f19  ADC_In12                      
00002f1d  ADC0_InitSWTriggerCh19        
00002f6d  ADC_In19                      
00002f8d  ADC0_InitSWTriggerCh23        
00002f8f  ADC_In23                      
00002fed  Clock_Init48MHz               
00003103  Clock_GetFreq                 
00003109  delay                         
00003117  Clock_Delay1us                
00003141  Clock_Delay1ms                
000031cd  tachometerRightInt            
00003213  tachometerLeftInt             
00003259  Tachometer_Init               
00003283  Tachometer_Get                
00003309  LaunchPad_Init                
00003379  LaunchPad_Input               
00003393  LaunchPad_LED                 
000033b1  LaunchPad_Output              
000033fd  __aeabi_memcpy                
000033fd  __aeabi_memcpy4               
000033fd  __aeabi_memcpy8               
000033fd  memcpy                        
00003499  Bump_Init                     
000034a7  Bump_Read                     
0000352d  __aeabi_memclr                
0000352d  __aeabi_memclr4               
0000352d  __aeabi_memclr8               
0000352f  __aeabi_memset                
0000352f  __aeabi_memset4               
0000352f  __aeabi_memset8               
00003535  memset                        
000035a7  __TI_decompress_lzss          
0000360f  Motor_Init                    
00003611  Motor_Stop                    
00003613  Motor_Forward                 
00003623  Motor_Right                   
00003633  Motor_Left                    
00003643  Motor_Backward                
00003655  __TI_auto_init_nobinit_nopinit
00003699  SysTick_Init                  
000036d9  _c_int00_noargs               
0000370d  ta3dummy                      
00003719  TimerA3Capture_Init01         
00003725  TA3_0_IRQHandler              
00003725  TA3_0_IRQHandler              
00003727  TA3_N_IRQHandler              
00003727  TA3_N_IRQHandler              
00003729  TimerA3Capture_Init02         
00003735  DisableInterrupts             
0000373b  EnableInterrupts              
00003741  StartCritical                 
0000374b  EndCritical                   
00003753  WaitForInterrupt              
00003759  __TI_decompress_none          
00003767  Reset_Handler                 
00003773  ADC14_IRQHandler              
00003773  AES256_IRQHandler             
00003773  BusFault_Handler              
00003773  COMP_E0_IRQHandler            
00003773  COMP_E1_IRQHandler            
00003773  CS_IRQHandler                 
00003773  DMA_ERR_IRQHandler            
00003773  DMA_INT0_IRQHandler           
00003773  DMA_INT1_IRQHandler           
00003773  DMA_INT2_IRQHandler           
00003773  DMA_INT3_IRQHandler           
00003773  DebugMon_Handler              
00003773  Default_Handler               
00003773  EUSCIA0_IRQHandler            
00003773  EUSCIA1_IRQHandler            
00003773  EUSCIA2_IRQHandler            
00003773  EUSCIA3_IRQHandler            
00003773  EUSCIB0_IRQHandler            
00003773  EUSCIB1_IRQHandler            
00003773  EUSCIB2_IRQHandler            
00003773  EUSCIB3_IRQHandler            
00003773  FLCTL_IRQHandler              
00003773  FPU_IRQHandler                
00003773  HardFault_Handler             
00003773  MemManage_Handler             
00003773  NMI_Handler                   
00003773  PCM_IRQHandler                
00003773  PORT1_IRQHandler              
00003773  PORT2_IRQHandler              
00003773  PORT3_IRQHandler              
00003773  PORT4_IRQHandler              
00003773  PORT5_IRQHandler              
00003773  PORT6_IRQHandler              
00003773  PSS_IRQHandler                
00003773  PendSV_Handler                
00003773  RTC_C_IRQHandler              
00003773  SVC_Handler                   
00003773  T32_INT1_IRQHandler           
00003773  T32_INT2_IRQHandler           
00003773  T32_INTC_IRQHandler           
00003773  TA0_0_IRQHandler              
00003773  TA0_N_IRQHandler              
00003773  TA1_0_IRQHandler              
00003773  TA1_N_IRQHandler              
00003773  TA2_0_IRQHandler              
00003773  TA2_N_IRQHandler              
00003773  UsageFault_Handler            
00003773  WDT_A_IRQHandler              
00003775  __TI_zero_init                
00003781  _system_pre_init              
00003785  C$$EXIT                       
00003785  abort                         
00003968  GRIPDUTY                      
000039a4  HEIGHTDUTY                    
000039e0  TILTDUTY                      
00003a8c  __TI_Handler_Table_Base       
00003a98  __TI_Handler_Table_Limit      
00003aa0  __TI_CINIT_Base               
00003ab0  __TI_CINIT_Limit              
20000000  buffer                        
20000400  LeftTach                      
20000414  RightTach                     
20000428  GripADC                       
2000042c  HeightADC                     
20000430  LeftSteps                     
20000434  RightSteps                    
20000438  TiltADC                       
2000043c  rotation                      
20000440  vccstate                      
20000444  ActualL                       
20000446  ActualR                       
20000448  StartX                        
2000044a  StartY                        
2000044c  Tachometer_FirstLeftTime      
2000044e  Tachometer_FirstRightTime     
20000450  Tachometer_SecondLeftTime     
20000452  Tachometer_SecondRightTime    
20000454  LeftDir                       
20000455  RightDir                      
20000458  HeightIndex                   
2000045c  TiltIndex                     
20000460  GripIndex                     
20000464  Time                          
20000468  currentMode                   
2000046a  DesiredL                      
2000046c  DesiredR                      
2000046e  LeftDuty                      
20000470  RightDuty                     
20000474  ClockFrequency                
20000478  Prewait                       
2000047c  CPMwait                       
20000480  Postwait                      
20000484  IFlags                        
20000488  Crystalstable                 
2000048c  Tachometer_RightSteps         
20000490  Tachometer_LeftSteps          
20000494  Tachometer_RightDir           
20000495  Tachometer_LeftDir            
20000496  CurrentX                      
20000498  CurrentY                      
2000049c  SystemCoreClock               
2000fe00  __stack                       
20010000  __STACK_END                   
4000480c  WDTCTL_SYM                    
ffffffff  __TI_pprof_out_hndl           
ffffffff  __TI_prof_data_size           
ffffffff  __TI_prof_data_start          
ffffffff  __binit__                     
ffffffff  __c_args__                    
ffffffff  binit                         
UNDEFED   __mpu_init                    
UNDEFED   _system_post_cinit            

[242 symbols]
