******************************************************************************
                  TI ARM Linker PC v18.12.2                    
******************************************************************************
>> Linked Thu Nov 14 09:01:11 2019

OUTPUT FILE NAME:   <Lab10_Debug.out>
ENTRY POINT SYMBOL: "_c_int00_noargs"  address: 00000b81


MEMORY CONFIGURATION

         name            origin    length      used     unused   attr    fill
----------------------  --------  ---------  --------  --------  ----  --------
  MAIN                  00000000   00040000  00000c6c  0003f394  R  X
  INFO                  00200000   00004000  00000000  00004000  R  X
  SRAM_CODE             01000000   00010000  00000c3c  0000f3c4  RW X
  SRAM_DATA             20000000   00010000  00000c3c  0000f3c4  RW  


SEGMENT ALLOCATION MAP

run origin  load origin   length   init length attrs members
----------  ----------- ---------- ----------- ----- -------
00000000    00000000    00000c70   00000c70    r-x
  00000000    00000000    000000e4   000000e4    r-- .intvecs
  000000e4    000000e4    00000b40   00000b40    r-x .text
  00000c28    00000c28    00000048   00000048    r-- .cinit
20000000    20000000    00000a3c   00000000    rw-
  20000000    20000000    00000a0c   00000000    rw- .bss
  20000a0c    20000a0c    00000030   00000000    rw- .data
2000fe00    2000fe00    00000200   00000000    rw-
  2000fe00    2000fe00    00000200   00000000    rw- .stack


SECTION ALLOCATION MAP

 output                                  attributes/
section   page    origin      length       input sections
--------  ----  ----------  ----------   ----------------
.intvecs   0    00000000    000000e4     
                  00000000    000000e4     startup_msp432p401r_ccs.obj (.intvecs:retain)

.text      0    000000e4    00000b40     
                  000000e4    0000032c     system_msp432p401r.obj (.text)
                  00000410    00000298     Lab10_Debugmain.obj (.text)
                  000006a8    000001e0     Clock.obj (.text)
                  00000888    000000f4     LaunchPad.obj (.text)
                  0000097c    0000009c     rtsv7M4_T_le_v4SPD16_eabi.lib : memcpy_t2.asm.obj (.text)
                  00000a18    0000007a                                   : memset_t2.asm.obj (.text)
                  00000a92    00000068                                   : copy_decompress_lzss.c.obj (.text:decompress:lzss:__TI_decompress_lzss)
                  00000afa    00000002     --HOLE-- [fill = 0]
                  00000afc    00000044                                   : autoinit.c.obj (.text:__TI_auto_init_nobinit_nopinit:__TI_auto_init_nobinit_nopinit)
                  00000b40    00000040     SysTickInts.obj (.text)
                  00000b80    00000034     rtsv7M4_T_le_v4SPD16_eabi.lib : boot_cortex_m.c.obj (.text:_c_int00_noargs:_c_int00_noargs)
                  00000bb4    00000024     CortexM.obj (.text)
                  00000bd8    0000001c     Bump.obj (.text)
                  00000bf4    0000000e     rtsv7M4_T_le_v4SPD16_eabi.lib : copy_decompress_none.c.obj (.text:decompress:none:__TI_decompress_none)
                  00000c02    0000000e     startup_msp432p401r_ccs.obj (.text)
                  00000c10    0000000c     rtsv7M4_T_le_v4SPD16_eabi.lib : copy_zero_init.c.obj (.text:decompress:ZI:__TI_zero_init)
                  00000c1c    00000004                                   : pre_init.c.obj (.text:_system_pre_init)
                  00000c20    00000004                                   : exit.c.obj (.text:abort:abort)

.cinit     0    00000c28    00000048     
                  00000c28    0000001e     (.cinit..data.load) [load image, compression = lzss]
                  00000c46    00000002     --HOLE-- [fill = 0]
                  00000c48    0000000c     (__TI_handler_table)
                  00000c54    00000004     --HOLE-- [fill = 0]
                  00000c58    00000008     (.cinit..bss.load) [load image, compression = zero_init]
                  00000c60    00000010     (__TI_cinit_table)

.init_array 
*          0    00000000    00000000     UNINITIALIZED

.binit     0    00000000    00000000     

.bss       0    20000000    00000a0c     UNINITIALIZED
                  20000000    00000400     (.common:debug_array_x)
                  20000400    00000400     (.common:debug_array_y)
                  20000800    00000200     (.common:Buffer)
                  20000a00    00000004     (.common:H)
                  20000a04    00000004     (.common:L)
                  20000a08    00000004     (.common:debug_array_element)

.data      0    20000a0c    00000030     UNINITIALIZED
                  20000a0c    00000018     Clock.obj (.data)
                  20000a24    00000014     Lab10_Debugmain.obj (.data)
                  20000a38    00000004     system_msp432p401r.obj (.data)

.stack     0    2000fe00    00000200     UNINITIALIZED
                  2000fe00    00000004     rtsv7M4_T_le_v4SPD16_eabi.lib : boot_cortex_m.c.obj (.stack)
                  2000fe04    000001fc     --HOLE--

MODULE SUMMARY

       Module                        code   ro data   rw data
       ------                        ----   -------   -------
    .\
       Lab10_Debugmain.obj           664    0         5184   
       system_msp432p401r.obj        812    0         8      
       Clock.obj                     480    0         48     
       LaunchPad.obj                 244    0         0      
       startup_msp432p401r_ccs.obj   14     228       0      
       SysTickInts.obj               64     0         0      
       CortexM.obj                   36     0         0      
       Bump.obj                      28     0         0      
    +--+-----------------------------+------+---------+---------+
       Total:                        2342   228       5240   
                                                             
    C:\ti\ccs910\ccs\tools\compiler\ti-cgt-arm_18.12.2.LTS\lib\rtsv7M4_T_le_v4SPD16_eabi.lib
       memcpy_t2.asm.obj             156    0         0      
       memset_t2.asm.obj             122    0         0      
       copy_decompress_lzss.c.obj    104    0         0      
       autoinit.c.obj                68     0         0      
       boot_cortex_m.c.obj           52     0         0      
       copy_decompress_none.c.obj    14     0         0      
       copy_zero_init.c.obj          12     0         0      
       exit.c.obj                    4      0         0      
       pre_init.c.obj                4      0         0      
    +--+-----------------------------+------+---------+---------+
       Total:                        536    0         0      
                                                             
       Stack:                        0      0         1024   
       Linker Generated:             0      66        0      
    +--+-----------------------------+------+---------+---------+
       Grand Total:                  2878   294       6264   


LINKER GENERATED COPY TABLES

__TI_cinit_table @ 00000c60 records: 2, size/record: 8, table size: 16
	.data: load addr=00000c28, load size=0000001e bytes, run addr=20000a0c, run size=00000030 bytes, compression=lzss
	.bss: load addr=00000c58, load size=00000008 bytes, run addr=20000000, run size=00000a0c bytes, compression=zero_init


LINKER GENERATED HANDLER TABLE

__TI_handler_table @ 00000c48 records: 3, size/record: 4, table size: 12
	index: 0, handler: __TI_decompress_lzss
	index: 1, handler: __TI_decompress_none
	index: 2, handler: __TI_zero_init


GLOBAL SYMBOLS: SORTED ALPHABETICALLY BY Name 

address   name                          
-------   ----                          
00000c0f  ADC14_IRQHandler              
00000c0f  AES256_IRQHandler             
20000800  Buffer                        
00000bd9  Bump_Init                     
00000be7  Bump_Read                     
00000c0f  BusFault_Handler              
00000c21  C$$EXIT                       
00000c0f  COMP_E0_IRQHandler            
00000c0f  COMP_E1_IRQHandler            
20000a14  CPMwait                       
00000c0f  CS_IRQHandler                 
20000a0c  ClockFrequency                
000007fd  Clock_Delay1ms                
000007d3  Clock_Delay1us                
000007bf  Clock_GetFreq                 
000006a9  Clock_Init48MHz               
20000a20  Crystalstable                 
00000c0f  DMA_ERR_IRQHandler            
00000c0f  DMA_INT0_IRQHandler           
00000c0f  DMA_INT1_IRQHandler           
00000c0f  DMA_INT2_IRQHandler           
00000c0f  DMA_INT3_IRQHandler           
00000c0f  DebugMon_Handler              
00000419  Debug_Dump                    
0000045f  Debug_FlashInit               
00000461  Debug_FlashRecord             
00000411  Debug_Init                    
00000c0f  Default_Handler               
00000bb5  DisableInterrupts             
00000c0f  EUSCIA0_IRQHandler            
00000c0f  EUSCIA1_IRQHandler            
00000c0f  EUSCIA2_IRQHandler            
00000c0f  EUSCIA3_IRQHandler            
00000c0f  EUSCIB0_IRQHandler            
00000c0f  EUSCIB1_IRQHandler            
00000c0f  EUSCIB2_IRQHandler            
00000c0f  EUSCIB3_IRQHandler            
00000bbb  EnableInterrupts              
00000bcb  EndCritical                   
00000c0f  FLCTL_IRQHandler              
00000c0f  FPU_IRQHandler                
20000a00  H                             
00000c0f  HardFault_Handler             
20000a30  High                          
20000a1c  IFlags                        
20000a04  L                             
00000889  LaunchPad_Init                
000008f9  LaunchPad_Input               
00000913  LaunchPad_LED                 
00000931  LaunchPad_Output              
20000a34  Low                           
00000c0f  MemManage_Handler             
00000c0f  NMI_Handler                   
00000c0f  PCM_IRQHandler                
00000c0f  PORT1_IRQHandler              
00000c0f  PORT2_IRQHandler              
00000c0f  PORT3_IRQHandler              
00000c0f  PORT4_IRQHandler              
00000c0f  PORT5_IRQHandler              
00000c0f  PORT6_IRQHandler              
00000c0f  PSS_IRQHandler                
00000c0f  PendSV_Handler                
20000a18  Postwait                      
20000a10  Prewait                       
00000513  Program10_1                   
0000055b  Program10_2                   
000005e5  Program10_3                   
00000c0f  RTC_C_IRQHandler              
00000c03  Reset_Handler                 
00000c0f  SVC_Handler                   
00000bc1  StartCritical                 
20000a28  Step_Size                     
0000046b  SysTick_Handler               
0000046b  SysTick_Handler               
00000b41  SysTick_Init                  
20000a38  SystemCoreClock               
000000e5  SystemCoreClockUpdate         
00000359  SystemInit                    
00000c0f  T32_INT1_IRQHandler           
00000c0f  T32_INT2_IRQHandler           
00000c0f  T32_INTC_IRQHandler           
00000c0f  TA0_0_IRQHandler              
00000c0f  TA0_N_IRQHandler              
00000c0f  TA1_0_IRQHandler              
00000c0f  TA1_N_IRQHandler              
00000c0f  TA2_0_IRQHandler              
00000c0f  TA2_N_IRQHandler              
00000c0f  TA3_0_IRQHandler              
00000c0f  TA3_N_IRQHandler              
20000a2c  Total                         
00000c0f  UsageFault_Handler            
4000480c  WDTCTL_SYM                    
00000c0f  WDT_A_IRQHandler              
00000bd3  WaitForInterrupt              
20010000  __STACK_END                   
00000200  __STACK_SIZE                  
00000c60  __TI_CINIT_Base               
00000c70  __TI_CINIT_Limit              
00000c48  __TI_Handler_Table_Base       
00000c54  __TI_Handler_Table_Limit      
00000afd  __TI_auto_init_nobinit_nopinit
00000a93  __TI_decompress_lzss          
00000bf5  __TI_decompress_none          
ffffffff  __TI_pprof_out_hndl           
ffffffff  __TI_prof_data_size           
ffffffff  __TI_prof_data_start          
00000000  __TI_static_base__            
00000c11  __TI_zero_init                
00000a19  __aeabi_memclr                
00000a19  __aeabi_memclr4               
00000a19  __aeabi_memclr8               
0000097d  __aeabi_memcpy                
0000097d  __aeabi_memcpy4               
0000097d  __aeabi_memcpy8               
00000a1b  __aeabi_memset                
00000a1b  __aeabi_memset4               
00000a1b  __aeabi_memset8               
ffffffff  __binit__                     
ffffffff  __c_args__                    
UNDEFED   __mpu_init                    
2000fe00  __stack                       
00000b81  _c_int00_noargs               
UNDEFED   _system_post_cinit            
00000c1d  _system_pre_init              
00000c21  abort                         
ffffffff  binit                         
20000a08  debug_array_element           
20000000  debug_array_x                 
20000400  debug_array_y                 
000007c5  delay                         
20000a24  i                             
00000000  interruptVectors              
000004dd  main                          
0000097d  memcpy                        
00000a21  memset                        


GLOBAL SYMBOLS: SORTED BY Symbol Address 

address   name                          
-------   ----                          
00000000  __TI_static_base__            
00000000  interruptVectors              
000000e5  SystemCoreClockUpdate         
00000200  __STACK_SIZE                  
00000359  SystemInit                    
00000411  Debug_Init                    
00000419  Debug_Dump                    
0000045f  Debug_FlashInit               
00000461  Debug_FlashRecord             
0000046b  SysTick_Handler               
0000046b  SysTick_Handler               
000004dd  main                          
00000513  Program10_1                   
0000055b  Program10_2                   
000005e5  Program10_3                   
000006a9  Clock_Init48MHz               
000007bf  Clock_GetFreq                 
000007c5  delay                         
000007d3  Clock_Delay1us                
000007fd  Clock_Delay1ms                
00000889  LaunchPad_Init                
000008f9  LaunchPad_Input               
00000913  LaunchPad_LED                 
00000931  LaunchPad_Output              
0000097d  __aeabi_memcpy                
0000097d  __aeabi_memcpy4               
0000097d  __aeabi_memcpy8               
0000097d  memcpy                        
00000a19  __aeabi_memclr                
00000a19  __aeabi_memclr4               
00000a19  __aeabi_memclr8               
00000a1b  __aeabi_memset                
00000a1b  __aeabi_memset4               
00000a1b  __aeabi_memset8               
00000a21  memset                        
00000a93  __TI_decompress_lzss          
00000afd  __TI_auto_init_nobinit_nopinit
00000b41  SysTick_Init                  
00000b81  _c_int00_noargs               
00000bb5  DisableInterrupts             
00000bbb  EnableInterrupts              
00000bc1  StartCritical                 
00000bcb  EndCritical                   
00000bd3  WaitForInterrupt              
00000bd9  Bump_Init                     
00000be7  Bump_Read                     
00000bf5  __TI_decompress_none          
00000c03  Reset_Handler                 
00000c0f  ADC14_IRQHandler              
00000c0f  AES256_IRQHandler             
00000c0f  BusFault_Handler              
00000c0f  COMP_E0_IRQHandler            
00000c0f  COMP_E1_IRQHandler            
00000c0f  CS_IRQHandler                 
00000c0f  DMA_ERR_IRQHandler            
00000c0f  DMA_INT0_IRQHandler           
00000c0f  DMA_INT1_IRQHandler           
00000c0f  DMA_INT2_IRQHandler           
00000c0f  DMA_INT3_IRQHandler           
00000c0f  DebugMon_Handler              
00000c0f  Default_Handler               
00000c0f  EUSCIA0_IRQHandler            
00000c0f  EUSCIA1_IRQHandler            
00000c0f  EUSCIA2_IRQHandler            
00000c0f  EUSCIA3_IRQHandler            
00000c0f  EUSCIB0_IRQHandler            
00000c0f  EUSCIB1_IRQHandler            
00000c0f  EUSCIB2_IRQHandler            
00000c0f  EUSCIB3_IRQHandler            
00000c0f  FLCTL_IRQHandler              
00000c0f  FPU_IRQHandler                
00000c0f  HardFault_Handler             
00000c0f  MemManage_Handler             
00000c0f  NMI_Handler                   
00000c0f  PCM_IRQHandler                
00000c0f  PORT1_IRQHandler              
00000c0f  PORT2_IRQHandler              
00000c0f  PORT3_IRQHandler              
00000c0f  PORT4_IRQHandler              
00000c0f  PORT5_IRQHandler              
00000c0f  PORT6_IRQHandler              
00000c0f  PSS_IRQHandler                
00000c0f  PendSV_Handler                
00000c0f  RTC_C_IRQHandler              
00000c0f  SVC_Handler                   
00000c0f  T32_INT1_IRQHandler           
00000c0f  T32_INT2_IRQHandler           
00000c0f  T32_INTC_IRQHandler           
00000c0f  TA0_0_IRQHandler              
00000c0f  TA0_N_IRQHandler              
00000c0f  TA1_0_IRQHandler              
00000c0f  TA1_N_IRQHandler              
00000c0f  TA2_0_IRQHandler              
00000c0f  TA2_N_IRQHandler              
00000c0f  TA3_0_IRQHandler              
00000c0f  TA3_N_IRQHandler              
00000c0f  UsageFault_Handler            
00000c0f  WDT_A_IRQHandler              
00000c11  __TI_zero_init                
00000c1d  _system_pre_init              
00000c21  C$$EXIT                       
00000c21  abort                         
00000c48  __TI_Handler_Table_Base       
00000c54  __TI_Handler_Table_Limit      
00000c60  __TI_CINIT_Base               
00000c70  __TI_CINIT_Limit              
20000000  debug_array_x                 
20000400  debug_array_y                 
20000800  Buffer                        
20000a00  H                             
20000a04  L                             
20000a08  debug_array_element           
20000a0c  ClockFrequency                
20000a10  Prewait                       
20000a14  CPMwait                       
20000a18  Postwait                      
20000a1c  IFlags                        
20000a20  Crystalstable                 
20000a24  i                             
20000a28  Step_Size                     
20000a2c  Total                         
20000a30  High                          
20000a34  Low                           
20000a38  SystemCoreClock               
2000fe00  __stack                       
20010000  __STACK_END                   
4000480c  WDTCTL_SYM                    
ffffffff  __TI_pprof_out_hndl           
ffffffff  __TI_prof_data_size           
ffffffff  __TI_prof_data_start          
ffffffff  __binit__                     
ffffffff  __c_args__                    
ffffffff  binit                         
UNDEFED   __mpu_init                    
UNDEFED   _system_post_cinit            

[135 symbols]
