******************************************************************************
                  TI ARM Linker PC v18.12.2                    
******************************************************************************
>> Linked Sun Nov 17 00:17:56 2019

OUTPUT FILE NAME:   <Lab10_Debug.out>
ENTRY POINT SYMBOL: "_c_int00_noargs"  address: 00000e9d


MEMORY CONFIGURATION

         name            origin    length      used     unused   attr    fill
----------------------  --------  ---------  --------  --------  ----  --------
  MAIN                  00000000   00040000  00000fc0  0003f040  R  X
  INFO                  00200000   00004000  00000000  00004000  R  X
  SRAM_CODE             01000000   00010000  00000c94  0000f36c  RW X
  SRAM_DATA             20000000   00010000  00000c94  0000f36c  RW  


SEGMENT ALLOCATION MAP

run origin  load origin   length   init length attrs members
----------  ----------- ---------- ----------- ----- -------
00000000    00000000    00000fc0   00000fc0    r-x
  00000000    00000000    000000e4   000000e4    r-- .intvecs
  000000e4    000000e4    00000e5c   00000e5c    r-x .text
  00000f40    00000f40    00000080   00000080    r-- .cinit
20000000    20000000    00000a94   00000000    rw-
  20000000    20000000    00000a0c   00000000    rw- .bss
  20000a0c    20000a0c    00000088   00000000    rw- .data
2000fe00    2000fe00    00000200   00000000    rw-
  2000fe00    2000fe00    00000200   00000000    rw- .stack


SECTION ALLOCATION MAP

 output                                  attributes/
section   page    origin      length       input sections
--------  ----  ----------  ----------   ----------------
.intvecs   0    00000000    000000e4     
                  00000000    000000e4     startup_msp432p401r_ccs.obj (.intvecs:retain)

.text      0    000000e4    00000e5c     
                  000000e4    000003b8     Lab10_Debugmain.obj (.text)
                  0000049c    0000032c     system_msp432p401r.obj (.text)
                  000007c8    000001fc     Reflectance.obj (.text)
                  000009c4    000001e0     Clock.obj (.text)
                  00000ba4    000000f4     LaunchPad.obj (.text)
                  00000c98    0000009c     rtsv7M4_T_le_v4SPD16_eabi.lib : memcpy_t2.asm.obj (.text)
                  00000d34    0000007a                                   : memset_t2.asm.obj (.text)
                  00000dae    00000068                                   : copy_decompress_lzss.c.obj (.text:decompress:lzss:__TI_decompress_lzss)
                  00000e16    00000002     --HOLE-- [fill = 0]
                  00000e18    00000044                                   : autoinit.c.obj (.text:__TI_auto_init_nobinit_nopinit:__TI_auto_init_nobinit_nopinit)
                  00000e5c    00000040     SysTickInts.obj (.text)
                  00000e9c    00000034     rtsv7M4_T_le_v4SPD16_eabi.lib : boot_cortex_m.c.obj (.text:_c_int00_noargs:_c_int00_noargs)
                  00000ed0    00000024     CortexM.obj (.text)
                  00000ef4    0000001c     Bump.obj (.text)
                  00000f10    0000000e     rtsv7M4_T_le_v4SPD16_eabi.lib : copy_decompress_none.c.obj (.text:decompress:none:__TI_decompress_none)
                  00000f1e    0000000e     startup_msp432p401r_ccs.obj (.text)
                  00000f2c    0000000c     rtsv7M4_T_le_v4SPD16_eabi.lib : copy_zero_init.c.obj (.text:decompress:ZI:__TI_zero_init)
                  00000f38    00000004                                   : pre_init.c.obj (.text:_system_pre_init)
                  00000f3c    00000004                                   : exit.c.obj (.text:abort:abort)

.cinit     0    00000f40    00000080     
                  00000f40    0000005c     (.cinit..data.load) [load image, compression = lzss]
                  00000f9c    0000000c     (__TI_handler_table)
                  00000fa8    00000008     (.cinit..bss.load) [load image, compression = zero_init]
                  00000fb0    00000010     (__TI_cinit_table)

.init_array 
*          0    00000000    00000000     UNINITIALIZED

.binit     0    00000000    00000000     

.bss       0    20000000    00000a0c     UNINITIALIZED
                  20000000    00000400     (.common:debug_array_x)
                  20000400    00000400     (.common:debug_array_y)
                  20000800    00000200     (.common:Buffer)
                  20000a00    00000004     (.common:H)
                  20000a04    00000004     (.common:L)
                  20000a08    00000004     (.common:debug_array_element)

.data      0    20000a0c    00000088     UNINITIALIZED
                  20000a0c    00000028     Lab10_Debugmain.obj (.data)
                  20000a34    00000020     Reflectance.obj (.data:HexPos)
                  20000a54    00000020     Reflectance.obj (.data:W)
                  20000a74    00000018     Clock.obj (.data)
                  20000a8c    00000004     Reflectance.obj (.data)
                  20000a90    00000004     system_msp432p401r.obj (.data)

.stack     0    2000fe00    00000200     UNINITIALIZED
                  2000fe00    00000004     rtsv7M4_T_le_v4SPD16_eabi.lib : boot_cortex_m.c.obj (.stack)
                  2000fe04    000001fc     --HOLE--

MODULE SUMMARY

       Module                        code   ro data   rw data
       ------                        ----   -------   -------
    .\
       Lab10_Debugmain.obj           952    0         5224   
       system_msp432p401r.obj        812    0         8      
       Reflectance.obj               508    0         136    
       Clock.obj                     480    0         48     
       LaunchPad.obj                 244    0         0      
       startup_msp432p401r_ccs.obj   14     228       0      
       SysTickInts.obj               64     0         0      
       CortexM.obj                   36     0         0      
       Bump.obj                      28     0         0      
    +--+-----------------------------+------+---------+---------+
       Total:                        3138   228       5416   
                                                             
    C:\ti\ccs910\ccs\tools\compiler\ti-cgt-arm_18.12.2.LTS\lib\rtsv7M4_T_le_v4SPD16_eabi.lib
       memcpy_t2.asm.obj             156    0         0      
       memset_t2.asm.obj             122    0         0      
       copy_decompress_lzss.c.obj    104    0         0      
       autoinit.c.obj                68     0         0      
       boot_cortex_m.c.obj           52     0         0      
       copy_decompress_none.c.obj    14     0         0      
       copy_zero_init.c.obj          12     0         0      
       exit.c.obj                    4      0         0      
       pre_init.c.obj                4      0         0      
    +--+-----------------------------+------+---------+---------+
       Total:                        536    0         0      
                                                             
       Stack:                        0      0         1024   
       Linker Generated:             0      128       0      
    +--+-----------------------------+------+---------+---------+
       Grand Total:                  3674   356       6440   


LINKER GENERATED COPY TABLES

__TI_cinit_table @ 00000fb0 records: 2, size/record: 8, table size: 16
	.data: load addr=00000f40, load size=0000005c bytes, run addr=20000a0c, run size=00000088 bytes, compression=lzss
	.bss: load addr=00000fa8, load size=00000008 bytes, run addr=20000000, run size=00000a0c bytes, compression=zero_init


LINKER GENERATED HANDLER TABLE

__TI_handler_table @ 00000f9c records: 3, size/record: 4, table size: 12
	index: 0, handler: __TI_decompress_lzss
	index: 1, handler: __TI_decompress_none
	index: 2, handler: __TI_zero_init


GLOBAL SYMBOLS: SORTED ALPHABETICALLY BY Name 

address   name                          
-------   ----                          
00000f2b  ADC14_IRQHandler              
00000f2b  AES256_IRQHandler             
20000800  Buffer                        
00000ef5  Bump_Init                     
00000f03  Bump_Read                     
00000f2b  BusFault_Handler              
00000f3d  C$$EXIT                       
00000f2b  COMP_E0_IRQHandler            
00000f2b  COMP_E1_IRQHandler            
20000a7c  CPMwait                       
00000f2b  CS_IRQHandler                 
20000a74  ClockFrequency                
00000b19  Clock_Delay1ms                
00000aef  Clock_Delay1us                
00000adb  Clock_GetFreq                 
000009c5  Clock_Init48MHz               
20000a88  Crystalstable                 
00000f2b  DMA_ERR_IRQHandler            
00000f2b  DMA_INT0_IRQHandler           
00000f2b  DMA_INT1_IRQHandler           
00000f2b  DMA_INT2_IRQHandler           
00000f2b  DMA_INT3_IRQHandler           
00000f2b  DebugMon_Handler              
000000ed  Debug_Dump                    
00000133  Debug_FlashInit               
00000135  Debug_FlashRecord             
000000e5  Debug_Init                    
00000f2b  Default_Handler               
00000ed1  DisableInterrupts             
00000f2b  EUSCIA0_IRQHandler            
00000f2b  EUSCIA1_IRQHandler            
00000f2b  EUSCIA2_IRQHandler            
00000f2b  EUSCIA3_IRQHandler            
00000f2b  EUSCIB0_IRQHandler            
00000f2b  EUSCIB1_IRQHandler            
00000f2b  EUSCIB2_IRQHandler            
00000f2b  EUSCIB3_IRQHandler            
00000ed7  EnableInterrupts              
00000ee7  EndCritical                   
00000f2b  FLCTL_IRQHandler              
00000f2b  FPU_IRQHandler                
20000a00  H                             
00000f2b  HardFault_Handler             
20000a34  HexPos                        
20000a18  High                          
20000a84  IFlags                        
20000a04  L                             
00000ba5  LaunchPad_Init                
00000c15  LaunchPad_Input               
00000c2f  LaunchPad_LED                 
00000c4d  LaunchPad_Output              
20000a1c  Low                           
00000f2b  MemManage_Handler             
00000f2b  NMI_Handler                   
00000f2b  PCM_IRQHandler                
00000f2b  PORT1_IRQHandler              
00000f2b  PORT2_IRQHandler              
00000f2b  PORT3_IRQHandler              
00000f2b  PORT4_IRQHandler              
00000f2b  PORT5_IRQHandler              
00000f2b  PORT6_IRQHandler              
00000f2b  PSS_IRQHandler                
0000013f  PWM_Example                   
00000209  PWM_Init                      
000001b1  PWM_LED                       
00000f2b  PendSV_Handler                
20000a24  Position                      
20000a80  Postwait                      
20000a78  Prewait                       
000002f3  Program10_1                   
0000033b  Program10_2                   
000003d1  Program10_3                   
00000f2b  RTC_C_IRQHandler              
000008b3  Reflectance_Center            
20000a20  Reflectance_Counter           
00000957  Reflectance_End               
00000227  Reflectance_Handler           
000007c9  Reflectance_Init              
000008bf  Reflectance_Position          
00000851  Reflectance_Read              
0000092d  Reflectance_Start             
00000f1f  Reset_Handler                 
00000f2b  SVC_Handler                   
00000edd  StartCritical                 
20000a10  Step_Size                     
000002c5  SysTick_Handler               
000002c5  SysTick_Handler               
00000e5d  SysTick_Init                  
20000a90  SystemCoreClock               
0000049d  SystemCoreClockUpdate         
00000711  SystemInit                    
00000f2b  T32_INT1_IRQHandler           
00000f2b  T32_INT2_IRQHandler           
00000f2b  T32_INTC_IRQHandler           
00000f2b  TA0_0_IRQHandler              
00000f2b  TA0_N_IRQHandler              
00000f2b  TA1_0_IRQHandler              
00000f2b  TA1_N_IRQHandler              
00000f2b  TA2_0_IRQHandler              
00000f2b  TA2_N_IRQHandler              
00000f2b  TA3_0_IRQHandler              
00000f2b  TA3_N_IRQHandler              
20000a14  Total                         
00000f2b  UsageFault_Handler            
20000a54  W                             
4000480c  WDTCTL_SYM                    
00000f2b  WDT_A_IRQHandler              
00000eef  WaitForInterrupt              
20010000  __STACK_END                   
00000200  __STACK_SIZE                  
00000fb0  __TI_CINIT_Base               
00000fc0  __TI_CINIT_Limit              
00000f9c  __TI_Handler_Table_Base       
00000fa8  __TI_Handler_Table_Limit      
00000e19  __TI_auto_init_nobinit_nopinit
00000daf  __TI_decompress_lzss          
00000f11  __TI_decompress_none          
ffffffff  __TI_pprof_out_hndl           
ffffffff  __TI_prof_data_size           
ffffffff  __TI_prof_data_start          
00000000  __TI_static_base__            
00000f2d  __TI_zero_init                
00000d35  __aeabi_memclr                
00000d35  __aeabi_memclr4               
00000d35  __aeabi_memclr8               
00000c99  __aeabi_memcpy                
00000c99  __aeabi_memcpy4               
00000c99  __aeabi_memcpy8               
00000d37  __aeabi_memset                
00000d37  __aeabi_memset4               
00000d37  __aeabi_memset8               
ffffffff  __binit__                     
ffffffff  __c_args__                    
UNDEFED   __mpu_init                    
2000fe00  __stack                       
00000e9d  _c_int00_noargs               
UNDEFED   _system_post_cinit            
00000f39  _system_pre_init              
00000f3d  abort                         
ffffffff  binit                         
20000a30  data                          
20000a08  debug_array_element           
20000000  debug_array_x                 
20000400  debug_array_y                 
00000ae1  delay                         
20000a0c  i                             
00000000  interruptVectors              
20000a8c  line_result                   
000002cd  main                          
00000c99  memcpy                        
00000d3d  memset                        
20000a28  power_percentage              
20000a2c  status                        


GLOBAL SYMBOLS: SORTED BY Symbol Address 

address   name                          
-------   ----                          
00000000  __TI_static_base__            
00000000  interruptVectors              
000000e5  Debug_Init                    
000000ed  Debug_Dump                    
00000133  Debug_FlashInit               
00000135  Debug_FlashRecord             
0000013f  PWM_Example                   
000001b1  PWM_LED                       
00000200  __STACK_SIZE                  
00000209  PWM_Init                      
00000227  Reflectance_Handler           
000002c5  SysTick_Handler               
000002c5  SysTick_Handler               
000002cd  main                          
000002f3  Program10_1                   
0000033b  Program10_2                   
000003d1  Program10_3                   
0000049d  SystemCoreClockUpdate         
00000711  SystemInit                    
000007c9  Reflectance_Init              
00000851  Reflectance_Read              
000008b3  Reflectance_Center            
000008bf  Reflectance_Position          
0000092d  Reflectance_Start             
00000957  Reflectance_End               
000009c5  Clock_Init48MHz               
00000adb  Clock_GetFreq                 
00000ae1  delay                         
00000aef  Clock_Delay1us                
00000b19  Clock_Delay1ms                
00000ba5  LaunchPad_Init                
00000c15  LaunchPad_Input               
00000c2f  LaunchPad_LED                 
00000c4d  LaunchPad_Output              
00000c99  __aeabi_memcpy                
00000c99  __aeabi_memcpy4               
00000c99  __aeabi_memcpy8               
00000c99  memcpy                        
00000d35  __aeabi_memclr                
00000d35  __aeabi_memclr4               
00000d35  __aeabi_memclr8               
00000d37  __aeabi_memset                
00000d37  __aeabi_memset4               
00000d37  __aeabi_memset8               
00000d3d  memset                        
00000daf  __TI_decompress_lzss          
00000e19  __TI_auto_init_nobinit_nopinit
00000e5d  SysTick_Init                  
00000e9d  _c_int00_noargs               
00000ed1  DisableInterrupts             
00000ed7  EnableInterrupts              
00000edd  StartCritical                 
00000ee7  EndCritical                   
00000eef  WaitForInterrupt              
00000ef5  Bump_Init                     
00000f03  Bump_Read                     
00000f11  __TI_decompress_none          
00000f1f  Reset_Handler                 
00000f2b  ADC14_IRQHandler              
00000f2b  AES256_IRQHandler             
00000f2b  BusFault_Handler              
00000f2b  COMP_E0_IRQHandler            
00000f2b  COMP_E1_IRQHandler            
00000f2b  CS_IRQHandler                 
00000f2b  DMA_ERR_IRQHandler            
00000f2b  DMA_INT0_IRQHandler           
00000f2b  DMA_INT1_IRQHandler           
00000f2b  DMA_INT2_IRQHandler           
00000f2b  DMA_INT3_IRQHandler           
00000f2b  DebugMon_Handler              
00000f2b  Default_Handler               
00000f2b  EUSCIA0_IRQHandler            
00000f2b  EUSCIA1_IRQHandler            
00000f2b  EUSCIA2_IRQHandler            
00000f2b  EUSCIA3_IRQHandler            
00000f2b  EUSCIB0_IRQHandler            
00000f2b  EUSCIB1_IRQHandler            
00000f2b  EUSCIB2_IRQHandler            
00000f2b  EUSCIB3_IRQHandler            
00000f2b  FLCTL_IRQHandler              
00000f2b  FPU_IRQHandler                
00000f2b  HardFault_Handler             
00000f2b  MemManage_Handler             
00000f2b  NMI_Handler                   
00000f2b  PCM_IRQHandler                
00000f2b  PORT1_IRQHandler              
00000f2b  PORT2_IRQHandler              
00000f2b  PORT3_IRQHandler              
00000f2b  PORT4_IRQHandler              
00000f2b  PORT5_IRQHandler              
00000f2b  PORT6_IRQHandler              
00000f2b  PSS_IRQHandler                
00000f2b  PendSV_Handler                
00000f2b  RTC_C_IRQHandler              
00000f2b  SVC_Handler                   
00000f2b  T32_INT1_IRQHandler           
00000f2b  T32_INT2_IRQHandler           
00000f2b  T32_INTC_IRQHandler           
00000f2b  TA0_0_IRQHandler              
00000f2b  TA0_N_IRQHandler              
00000f2b  TA1_0_IRQHandler              
00000f2b  TA1_N_IRQHandler              
00000f2b  TA2_0_IRQHandler              
00000f2b  TA2_N_IRQHandler              
00000f2b  TA3_0_IRQHandler              
00000f2b  TA3_N_IRQHandler              
00000f2b  UsageFault_Handler            
00000f2b  WDT_A_IRQHandler              
00000f2d  __TI_zero_init                
00000f39  _system_pre_init              
00000f3d  C$$EXIT                       
00000f3d  abort                         
00000f9c  __TI_Handler_Table_Base       
00000fa8  __TI_Handler_Table_Limit      
00000fb0  __TI_CINIT_Base               
00000fc0  __TI_CINIT_Limit              
20000000  debug_array_x                 
20000400  debug_array_y                 
20000800  Buffer                        
20000a00  H                             
20000a04  L                             
20000a08  debug_array_element           
20000a0c  i                             
20000a10  Step_Size                     
20000a14  Total                         
20000a18  High                          
20000a1c  Low                           
20000a20  Reflectance_Counter           
20000a24  Position                      
20000a28  power_percentage              
20000a2c  status                        
20000a30  data                          
20000a34  HexPos                        
20000a54  W                             
20000a74  ClockFrequency                
20000a78  Prewait                       
20000a7c  CPMwait                       
20000a80  Postwait                      
20000a84  IFlags                        
20000a88  Crystalstable                 
20000a8c  line_result                   
20000a90  SystemCoreClock               
2000fe00  __stack                       
20010000  __STACK_END                   
4000480c  WDTCTL_SYM                    
ffffffff  __TI_pprof_out_hndl           
ffffffff  __TI_prof_data_size           
ffffffff  __TI_prof_data_start          
ffffffff  __binit__                     
ffffffff  __c_args__                    
ffffffff  binit                         
UNDEFED   __mpu_init                    
UNDEFED   _system_post_cinit            

[153 symbols]
