******************************************************************************
                  TI ARM Linker PC v18.12.2                    
******************************************************************************
>> Linked Sat Dec 14 17:05:58 2019

OUTPUT FILE NAME:   <Lab20_CC3100.out>
ENTRY POINT SYMBOL: "_c_int00_noargs"  address: 0000c3d1


MEMORY CONFIGURATION

         name            origin    length      used     unused   attr    fill
----------------------  --------  ---------  --------  --------  ----  --------
  MAIN                  00000000   00040000  0000f8bf  00030741  R  X
  INFO                  00200000   00004000  00000000  00004000  R  X
  SRAM_CODE             01000000   00010000  00001ebf  0000e141  RW X
  SRAM_DATA             20000000   00010000  00001ebf  0000e141  RW  


SEGMENT ALLOCATION MAP

run origin  load origin   length   init length attrs members
----------  ----------- ---------- ----------- ----- -------
00000000    00000000    0000f8c0   0000f8c0    r-x
  00000000    00000000    000000e4   000000e4    r-- .intvecs
  000000e4    000000e4    0000c5e4   0000c5e4    r-x .text
  0000c6c8    0000c6c8    0000314f   0000314f    r-- .const
  0000f818    0000f818    000000a8   000000a8    r-- .cinit
20000000    20000000    00001cc0   00000000    rw-
  20000000    20000000    0000163f   00000000    rw- .bss
  20001640    20001640    00000400   00000000    rw- .sysmem
  20001a40    20001a40    00000280   00000000    rw- .data
2000fe00    2000fe00    00000200   00000000    rw-
  2000fe00    2000fe00    00000200   00000000    rw- .stack


SECTION ALLOCATION MAP

 output                                  attributes/
section   page    origin      length       input sections
--------  ----  ----------  ----------   ----------------
.intvecs   0    00000000    000000e4     
                  00000000    000000e4     startup_msp432p401r_ccs.obj (.intvecs:retain)

.text      0    000000e4    0000c5e4     
                  000000e4    00001db0     driver.obj (.text)
                  00001e94    00001340     SSD1306.obj (.text)
                  000031d4    00000f40     socket.obj (.text)
                  00004114    00000e4c     main.obj (.text)
                  00004f60    00000df8     wlan.obj (.text)
                  00005d58    00000c10     netapp.obj (.text)
                  00006968    00000ad0     odometry.obj (.text)
                  00007438    00000a4e     rtsv7M4_T_le_v4SPD16_eabi.lib : _printfi.c.obj (.text:__TI_printfi)
                  00007e86    00000002                                   : _lock.c.obj (.text:_nop)
                  00007e88    000006e0     UART0.obj (.text)
                  00008568    00000570     device.obj (.text)
                  00008ad8    00000420     PWM.obj (.text)
                  00008ef8    0000032c     system_msp432p401r.obj (.text)
                  00009224    00000270     rtsv7M4_T_le_v4SPD16_eabi.lib : _printfi.c.obj (.text:_pconv_a)
                  00009494    00000230     fixed.obj (.text)
                  000096c4    0000021c     spi.obj (.text)
                  000098e0    000001e0     Clock.obj (.text)
                  00009ac0    000001d0     rtsv7M4_T_le_v4SPD16_eabi.lib : _printfi.c.obj (.text:_pconv_g)
                  00009c90    000001b6                                   : fd_add_t2.asm.obj (.text)
                  00009e46    00000002                                   : div0.asm.obj (.text)
                  00009e48    0000019c     nonos.obj (.text)
                  00009fe4    00000170     Motor.obj (.text)
                  0000a154    00000168     netcfg.obj (.text)
                  0000a2bc    0000013c     Tachometer.obj (.text)
                  0000a3f8    0000013c     rtsv7M4_T_le_v4SPD16_eabi.lib : _printfi.c.obj (.text:_pconv_e)
                  0000a534    00000136                                   : fd_div_t2.asm.obj (.text)
                  0000a66a    00000002     --HOLE-- [fill = 0]
                  0000a66c    00000124                                   : _printfi.c.obj (.text:fcvt)
                  0000a790    0000011c     board.obj (.text)
                  0000a8ac    00000114     rtsv7M4_T_le_v4SPD16_eabi.lib : fputs.c.obj (.text:fputs)
                  0000a9c0    00000110                                   : s_scalbn.c.obj (.text:scalbn)
                  0000aad0    0000010c                                   : fopen.c.obj (.text:_openfile)
                  0000abdc    000000fc                                   : fd_mul_t2.asm.obj (.text)
                  0000acd8    000000f4     LaunchPad.obj (.text)
                  0000adcc    000000f4     rtsv7M4_T_le_v4SPD16_eabi.lib : memory.c.obj (.text:aligned_alloc)
                  0000aec0    000000e8                                   : memory.c.obj (.text:free)
                  0000afa8    000000dc                                   : setvbuf.c.obj (.text:setvbuf)
                  0000b084    000000c0     fpu.obj (.text)
                  0000b144    000000bc     rtsv7M4_T_le_v4SPD16_eabi.lib : open.c.obj (.text:open)
                  0000b200    000000b8                                   : add_device.c.obj (.text:add_device)
                  0000b2b8    000000b1                                   : _printfi.c.obj (.text:_ltostr)
                  0000b369    00000003     --HOLE-- [fill = 0]
                  0000b36c    0000009c                                   : fopen.c.obj (.text:fopen)
                  0000b408    0000009c                                   : memcpy_t2.asm.obj (.text)
                  0000b4a4    00000096                                   : ull_div_t2.asm.obj (.text)
                  0000b53a    00000002     --HOLE-- [fill = 0]
                  0000b53c    00000094     Bump.obj (.text)
                  0000b5d0    00000090     TimerA1.obj (.text)
                  0000b660    0000008c     rtsv7M4_T_le_v4SPD16_eabi.lib : fputc.c.obj (.text:fputc)
                  0000b6ec    00000086                                   : fd_cmp_t2.asm.obj (.text:__aeabi_cdcmple)
                  0000b772    00000086                                   : fd_cmp_t2.asm.obj (.text:__aeabi_cdrcmple)
                  0000b7f8    0000007c                                   : memory.c.obj (.text:split)
                  0000b874    0000007a                                   : memset_t2.asm.obj (.text)
                  0000b8ee    00000002     --HOLE-- [fill = 0]
                  0000b8f0    00000074                                   : fclose.c.obj (.text:__TI_closefile)
                  0000b964    00000070     Timer32.obj (.text)
                  0000b9d4    00000070     timer_tick.obj (.text)
                  0000ba44    0000006e     rtsv7M4_T_le_v4SPD16_eabi.lib : _printfi.c.obj (.text:_mcpy)
                  0000bab2    00000002     --HOLE-- [fill = 0]
                  0000bab4    00000068                                   : hostlseek.c.obj (.text:HOSTlseek)
                  0000bb1c    00000068                                   : hostrename.c.obj (.text:HOSTrename)
                  0000bb84    00000068                                   : copy_decompress_lzss.c.obj (.text:decompress:lzss:__TI_decompress_lzss)
                  0000bbec    00000068                                   : printf.c.obj (.text:printf)
                  0000bc54    00000064                                   : s_frexp.c.obj (.text:frexp)
                  0000bcb8    00000064                                   : fseek.c.obj (.text:fseek)
                  0000bd1c    00000062                                   : _io_perm.c.obj (.text:__TI_wrt_ok)
                  0000bd7e    00000002     --HOLE-- [fill = 0]
                  0000bd80    00000060                                   : hostopen.c.obj (.text:HOSTopen)
                  0000bde0    0000005c                                   : close.c.obj (.text:close)
                  0000be3c    00000058                                   : hostread.c.obj (.text:HOSTread)
                  0000be94    00000058                                   : hostwrite.c.obj (.text:HOSTwrite)
                  0000beec    00000058     blinker.obj (.text)
                  0000bf44    00000056     rtsv7M4_T_le_v4SPD16_eabi.lib : _printfi.c.obj (.text:_pconv_f)
                  0000bf9a    00000054                                   : ltoa.c.obj (.text:ltoa)
                  0000bfee    00000052                                   : _printfi.c.obj (.text:_ecpy)
                  0000c040    0000004c                                   : fflush.c.obj (.text:__TI_doflush)
                  0000c08c    0000004c                                   : atoi.c.obj (.text:atoi)
                  0000c0d8    00000048                                   : exit.c.obj (.text:exit)
                  0000c120    00000048                                   : fd_toi_t2.asm.obj (.text)
                  0000c168    00000044                                   : hostclose.c.obj (.text:HOSTclose)
                  0000c1ac    00000044                                   : hostunlink.c.obj (.text:HOSTunlink)
                  0000c1f0    00000044                                   : autoinit.c.obj (.text:__TI_auto_init_nobinit_nopinit:__TI_auto_init_nobinit_nopinit)
                  0000c234    00000044                                   : getdevice.c.obj (.text:getdevice)
                  0000c278    00000040                                   : sprintf.c.obj (.text:sprintf)
                  0000c2b8    0000003e                                   : _printfi.c.obj (.text:_fcpy)
                  0000c2f6    00000002     --HOLE-- [fill = 0]
                  0000c2f8    00000038                                   : trgmsg.c.obj (.text:__TI_writemsg)
                  0000c330    00000036                                   : strncpy.c.obj (.text:strncpy)
                  0000c366    00000002     --HOLE-- [fill = 0]
                  0000c368    00000034                                   : fopen.c.obj (.text:__TI_cleanup)
                  0000c39c    00000034                                   : trgmsg.c.obj (.text:__TI_readmsg)
                  0000c3d0    00000034                                   : boot_cortex_m.c.obj (.text:_c_int00_noargs:_c_int00_noargs)
                  0000c404    00000034                                   : fopen.c.obj (.text:freopen)
                  0000c438    00000030                                   : getdevice.c.obj (.text:finddevice)
                  0000c468    0000002e                                   : i_tofd_t2.asm.obj (.text)
                  0000c496    00000002     --HOLE-- [fill = 0]
                  0000c498    0000002c                                   : unlink.c.obj (.text:unlink)
                  0000c4c4    00000028     TA3InputCapture.obj (.text)
                  0000c4ec    00000028     rtsv7M4_T_le_v4SPD16_eabi.lib : memory.c.obj (.text:free_list_insert)
                  0000c514    00000028                                   : lseek.c.obj (.text:lseek)
                  0000c53c    00000028                                   : write.c.obj (.text:write)
                  0000c564    00000020                                   : memchr.c.obj (.text:memchr)
                  0000c584    0000001e                                   : strcat.c.obj (.text:strcat)
                  0000c5a2    00000002     --HOLE-- [fill = 0]
                  0000c5a4    0000001c                                   : memory.c.obj (.text:free_list_remove)
                  0000c5c0    0000001c                                   : memccpy.c.obj (.text:memccpy)
                  0000c5dc    0000001a                                   : s_copysign.c.obj (.text:copysign)
                  0000c5f6    00000018                                   : sprintf.c.obj (.text:_outs)
                  0000c60e    00000018                                   : strcmp.c.obj (.text:strcmp)
                  0000c626    00000016                                   : strchr.c.obj (.text:strchr)
                  0000c63c    00000014                                   : strcpy.c.obj (.text:strcpy)
                  0000c650    00000014                                   : strlen.c.obj (.text:strlen)
                  0000c664    00000012                                   : wcslen.c.obj (.text:wcslen)
                  0000c676    0000000e                                   : copy_decompress_none.c.obj (.text:decompress:none:__TI_decompress_none)
                  0000c684    0000000e     startup_msp432p401r_ccs.obj (.text)
                  0000c692    0000000c     rtsv7M4_T_le_v4SPD16_eabi.lib : copy_zero_init.c.obj (.text:decompress:ZI:__TI_zero_init)
                  0000c69e    0000000a                                   : sprintf.c.obj (.text:_outc)
                  0000c6a8    00000008                                   : errno.c.obj (.text:__aeabi_errno_addr)
                  0000c6b0    00000008                                   : memory.c.obj (.text:malloc)
                  0000c6b8    00000004                                   : printf.c.obj (.text:_outc)
                  0000c6bc    00000004                                   : printf.c.obj (.text:_outs)
                  0000c6c0    00000004                                   : pre_init.c.obj (.text:_system_pre_init)
                  0000c6c4    00000004                                   : exit.c.obj (.text:abort:abort)

.const     0    0000c6c8    0000314f     
                  0000c6c8    00002000     fixed.obj (.const:SinTab2)
                  0000e6c8    00000c48     fixed.obj (.const:SinTab)
                  0000f310    000001e0     SSD1306.obj (.const:ASCII)
                  0000f4f0    00000101     rtsv7M4_T_le_v4SPD16_eabi.lib : ctype.c.obj (.const:.string:_ctypes_)
                  0000f5f1    00000001     --HOLE-- [fill = 0]
                  0000f5f2    0000003c     driver.obj (.const:OpcodeTranslateTable)
                  0000f62e    00000002     SSD1306.obj (.const:.string:scrollList1a)
                  0000f630    00000038     driver.obj (.const:_SlActionLookupTable)
                  0000f668    0000002c     main.obj (.const:$P$T0$1)
                  0000f694    00000020     driver.obj (.const:RxMsgClassLUT)
                  0000f6b4    00000014     driver.obj (.const:$P$T0$1)
                  0000f6c8    00000014     nonos.obj (.const:$P$T0$1)
                  0000f6dc    00000014     main.obj (.const:$P$T1$2)
                  0000f6f0    00000010     socket.obj (.const:.string:_SlPayloadByProtocolLUT)
                  0000f700    0000000c     main.obj (.const:$P$T2$3)
                  0000f70c    00000008     SSD1306.obj (.const:.string:postmask)
                  0000f714    00000008     SSD1306.obj (.const:.string:premask)
                  0000f71c    00000008     device.obj (.const:StartResponseLUT)
                  0000f724    00000008     driver.obj (.const:g_H2NCnysPattern)
                  0000f72c    00000008     driver.obj (.const:g_H2NSyncPattern)
                  0000f734    00000006     SSD1306.obj (.const:.string:init5)
                  0000f73a    00000005     SSD1306.obj (.const:.string:dlist1)
                  0000f73f    00000001     --HOLE-- [fill = 0]
                  0000f740    00000004     netapp.obj (.const:$P$T0$1)
                  0000f744    00000004     socket.obj (.const:$P$T0$1)
                  0000f748    00000004     wlan.obj (.const:$P$T0$1)
                  0000f74c    00000004     socket.obj (.const:$P$T1$2)
                  0000f750    00000004     wlan.obj (.const:$P$T1$2)
                  0000f754    00000004     socket.obj (.const:$P$T2$3)
                  0000f758    00000004     wlan.obj (.const:$P$T2$3)
                  0000f75c    00000004     SSD1306.obj (.const:.string:init1)
                  0000f760    00000004     SSD1306.obj (.const:.string:init2)
                  0000f764    00000004     SSD1306.obj (.const:.string:init3)
                  0000f768    00000004     socket.obj (.const:_SlAcceptCmdCtrl)
                  0000f76c    00000004     device.obj (.const:_SlDeviceGetCmdCtrl)
                  0000f770    00000004     device.obj (.const:_SlDeviceSetCmdCtrl)
                  0000f774    00000004     device.obj (.const:_SlEventMaskGetCmdCtrl)
                  0000f778    00000004     device.obj (.const:_SlEventMaskSetCmdCtrl)
                  0000f77c    00000004     netapp.obj (.const:_SlGetHostByNameCtrl)
                  0000f780    00000004     netapp.obj (.const:_SlGetHostByServiceCtrl)
                  0000f784    00000004     netapp.obj (.const:_SlGetServiceListeCtrl)
                  0000f788    00000004     socket.obj (.const:_SlGetSockOptCmdCtrl)
                  0000f78c    00000004     socket.obj (.const:_SlListenCmdCtrl)
                  0000f790    00000004     netapp.obj (.const:_SlNetAppGetCmdCtrl)
                  0000f794    00000004     netapp.obj (.const:_SlNetAppSendTokenValueCmdCtrl)
                  0000f798    00000004     netapp.obj (.const:_SlNetAppSetCmdCtrl)
                  0000f79c    00000004     netapp.obj (.const:_SlNetAppStartCtrl)
                  0000f7a0    00000004     netapp.obj (.const:_SlNetAppStopCtrl)
                  0000f7a4    00000004     netcfg.obj (.const:_SlNetCfgGetCmdCtrl)
                  0000f7a8    00000004     netcfg.obj (.const:_SlNetCfgSetCmdCtrl)
                  0000f7ac    00000004     wlan.obj (.const:_SlPolicyGetCmdCtrl)
                  0000f7b0    00000004     wlan.obj (.const:_SlPolicySetCmdCtrl)
                  0000f7b4    00000004     wlan.obj (.const:_SlProfileDelCmdCtrl)
                  0000f7b8    00000004     wlan.obj (.const:_SlProfileGetCmdCtrl)
                  0000f7bc    00000004     socket.obj (.const:_SlRecvCmdCtrl)
                  0000f7c0    00000004     socket.obj (.const:_SlRecvfomCmdCtrl)
                  0000f7c4    00000004     netapp.obj (.const:_SlRegisterServiceCtrl)
                  0000f7c8    00000004     wlan.obj (.const:_SlRxFilterAddtCmdCtrl)
                  0000f7cc    00000004     wlan.obj (.const:_SlRxFilterGetCmdCtrl)
                  0000f7d0    00000004     wlan.obj (.const:_SlRxFilterSetCmdCtrl)
                  0000f7d4    00000004     socket.obj (.const:_SlSelectCmdCtrl)
                  0000f7d8    00000004     socket.obj (.const:_SlSendCmdCtrl)
                  0000f7dc    00000004     socket.obj (.const:_SlSetSockOptCmdCtrl)
                  0000f7e0    00000004     wlan.obj (.const:_SlSmartConfigStartCmdCtrl)
                  0000f7e4    00000004     socket.obj (.const:_SlSockCloseCmdCtrl)
                  0000f7e8    00000004     socket.obj (.const:_SlSockSocketCmdCtrl)
                  0000f7ec    00000004     device.obj (.const:_SlStopCmdCtrl)
                  0000f7f0    00000004     wlan.obj (.const:_SlWlanCfgGetCmdCtrl)
                  0000f7f4    00000004     wlan.obj (.const:_SlWlanCfgSetCmdCtrl)
                  0000f7f8    00000004     wlan.obj (.const:_SlWlanGetNetworkListCtrl)
                  0000f7fc    00000004     wlan.obj (.const:_SlWlanSetModeCmdCtrl)
                  0000f800    00000003     SSD1306.obj (.const:.string:init4b)
                  0000f803    00000003     SSD1306.obj (.const:.string:scrollList1b)
                  0000f806    00000003     SSD1306.obj (.const:.string:scrollList2b)
                  0000f809    00000002     SSD1306.obj (.const:.string:scrollList2a)
                  0000f80b    00000002     SSD1306.obj (.const:.string:scrollList3a)
                  0000f80d    00000002     SSD1306.obj (.const:.string:scrollList3b)
                  0000f80f    00000002     SSD1306.obj (.const:.string:scrollList3c)
                  0000f811    00000002     SSD1306.obj (.const:.string:scrollList4a)
                  0000f813    00000002     SSD1306.obj (.const:.string:scrollList4b)
                  0000f815    00000002     SSD1306.obj (.const:.string:scrollList4c)

.cinit     0    0000f818    000000a8     
                  0000f818    00000081     (.cinit..data.load) [load image, compression = lzss]
                  0000f899    00000003     --HOLE-- [fill = 0]
                  0000f89c    0000000c     (__TI_handler_table)
                  0000f8a8    00000008     (.cinit..bss.load) [load image, compression = zero_init]
                  0000f8b0    00000010     (__TI_cinit_table)

.init_array 
*          0    00000000    00000000     UNINITIALIZED

.binit     0    00000000    00000000     

.bss       0    20000000    0000163f     UNINITIALIZED
                  20000000    00000400     (.common:Recvbuff)
                  20000400    00000400     (.common:SendBuff)
                  20000800    00000400     (.common:buffer)
                  20000c00    00000364     (.common:LogMessage)
                  20000f64    00000168     driver.obj (.bss:g_StatMem)
                  200010cc    00000120     rtsv7M4_T_le_v4SPD16_eabi.lib : trgmsg.c.obj (.bss:_CIOBUF_)
                  200011ec    00000100     (.common:Value1String)
                  200012ec    00000100     (.common:Value2String)
                  200013ec    00000100     (.common:Value3String)
                  200014ec    000000a0     (.common:__TI_tmpnams)
                  2000158c    00000008     (.common:Messageb)
                  20001594    00000008     (.common:parmbuf)
                  2000159c    00000004     (.common:DataCount)
                  200015a0    00000004     (.common:DestinationIP)
                  200015a4    00000004     (.common:Error)
                  200015a8    00000004     (.common:L)
                  200015ac    00000004     (.common:LastLeftSteps)
                  200015b0    00000004     (.common:LastRightSteps)
                  200015b4    00000004     (.common:LeftSteps)
                  200015b8    00000004     (.common:Lr)
                  200015bc    00000004     (.common:Messageindexb)
                  200015c0    00000004     (.common:MyTheta)
                  200015c4    00000004     (.common:MyX)
                  200015c8    00000004     (.common:MyY)
                  200015cc    00000004     (.common:PeriodicTask32)
                  200015d0    00000004     (.common:R)
                  200015d4    00000004     (.common:RacingStatus)
                  200015d8    00000004     (.common:RightSteps)
                  200015dc    00000004     (.common:Robottheta)
                  200015e0    00000004     (.common:Robotx)
                  200015e4    00000004     (.common:Roboty)
                  200015e8    00000004     (.common:Rr)
                  200015ec    00000004     (.common:Running)
                  200015f0    00000004     (.common:SockID)
                  200015f4    00000004     (.common:TimerA1Task)
                  200015f8    00000004     (.common:TotalLeftSteps)
                  200015fc    00000004     (.common:TotalRightSteps)
                  20001600    00000004     (.common:badCount)
                  20001604    00000004     (.common:desiredTh)
                  20001608    00000004     (.common:desiredX)
                  2000160c    00000004     (.common:desiredY)
                  20001610    00000004     (.common:dtheta)
                  20001614    00000004     (.common:dz)
                  20001618    00000004     (.common:goal)
                  2000161c    00000004     (.common:lastgoal)
                  20001620    00000004     (.common:rotation)
                  20001624    00000004     (.common:vccstate)
                  20001628    00000002     (.common:LeftTach)
                  2000162a    00000002     (.common:RightTach)
                  2000162c    00000002     (.common:StartX)
                  2000162e    00000002     (.common:StartY)
                  20001630    00000002     (.common:Tachometer_FirstLeftTime)
                  20001632    00000002     (.common:Tachometer_FirstRightTime)
                  20001634    00000002     (.common:Tachometer_SecondLeftTime)
                  20001636    00000002     (.common:Tachometer_SecondRightTime)
                  20001638    00000001     (.common:Action)
                  20001639    00000001     (.common:Goal)
                  2000163a    00000001     (.common:IntIsMasked)
                  2000163b    00000001     (.common:LeftDir)
                  2000163c    00000001     (.common:RightDir)
                  2000163d    00000001     (.common:RxIrqCnt)
                  2000163e    00000001     (.common:g_bDeviceRestartIsRequired)

.sysmem    0    20001640    00000400     UNINITIALIZED
                  20001640    00000010     rtsv7M4_T_le_v4SPD16_eabi.lib : memory.c.obj (.sysmem)
                  20001650    000003f0     --HOLE--

.data      0    20001a40    00000280     UNINITIALIZED
                  20001a40    000000f0     rtsv7M4_T_le_v4SPD16_eabi.lib : defs.c.obj (.data:_ftable)
                  20001b30    00000078                                   : host_device.c.obj (.data:_device)
                  20001ba8    00000050                                   : host_device.c.obj (.data:_stream)
                  20001bf8    0000003c     nonos.obj (.data:g__SlNonOsCB)
                  20001c34    00000018     Clock.obj (.data)
                  20001c4c    00000010     rtsv7M4_T_le_v4SPD16_eabi.lib : defs.c.obj (.data)
                  20001c5c    0000000d     driver.obj (.data)
                  20001c69    00000003     --HOLE--
                  20001c6c    0000000c     rtsv7M4_T_le_v4SPD16_eabi.lib : exit.c.obj (.data:$O1$$)
                  20001c78    0000000a     Tachometer.obj (.data)
                  20001c82    00000002     --HOLE--
                  20001c84    00000008     rtsv7M4_T_le_v4SPD16_eabi.lib : _lock.c.obj (.data:$O1$$)
                  20001c8c    00000008                                   : memory.c.obj (.data:$O1$$)
                  20001c94    00000008     main.obj (.data)
                  20001c9c    00000008     odometry.obj (.data)
                  20001ca4    00000004     SSD1306.obj (.data)
                  20001ca8    00000004     board.obj (.data)
                  20001cac    00000004     rtsv7M4_T_le_v4SPD16_eabi.lib : add_device.c.obj (.data)
                  20001cb0    00000004                                   : errno.c.obj (.data)
                  20001cb4    00000004                                   : fopen.c.obj (.data)
                  20001cb8    00000004                                   : open.c.obj (.data)
                  20001cbc    00000004     system_msp432p401r.obj (.data)

.stack     0    2000fe00    00000200     UNINITIALIZED
                  2000fe00    00000004     rtsv7M4_T_le_v4SPD16_eabi.lib : boot_cortex_m.c.obj (.stack)
                  2000fe04    000001fc     --HOLE--

MODULE SUMMARY

       Module                        code    ro data   rw data
       ------                        ----    -------   -------
    ..\
       UART0.obj                     1760    0         24     
    +--+-----------------------------+-------+---------+---------+
       Total:                        1760    0         24     
                                                              
    .\
       fixed.obj                     560     11336     0      
       main.obj                      3660    76        7424   
       driver.obj                    7600    184       750    
       SSD1306.obj                   4928    544       2080   
       socket.obj                    3904    68        0      
       wlan.obj                      3576    60        0      
       netapp.obj                    3088    40        0      
       odometry.obj                  2768    0         232    
       device.obj                    1392    28        0      
       PWM.obj                       1056    0         0      
       system_msp432p401r.obj        812     0         8      
       nonos.obj                     412     20        120    
       spi.obj                       540     0         0      
       Clock.obj                     480     0         48     
       Motor.obj                     368     0         0      
       netcfg.obj                    360     8         0      
       Tachometer.obj                316     0         36     
       board.obj                     284     0         10     
       LaunchPad.obj                 244     0         0      
       startup_msp432p401r_ccs.obj   14      228       0      
       fpu.obj                       192     0         0      
       TimerA1.obj                   144     0         8      
       Bump.obj                      148     0         0      
       Timer32.obj                   112     0         8      
       timer_tick.obj                112     0         0      
       blinker.obj                   88      0         0      
       TA3InputCapture.obj           40      0         0      
    +--+-----------------------------+-------+---------+---------+
       Total:                        37198   12592     10724  
                                                              
    C:\ti\ccs910\ccs\tools\compiler\ti-cgt-arm_18.12.2.LTS\lib\rtsv7M4_T_le_v4SPD16_eabi.lib
       _printfi.c.obj                4851    0         0      
       defs.c.obj                    0       0         832    
       memory.c.obj                  676     0         16     
       trgmsg.c.obj                  108     0         576    
       fopen.c.obj                   528     0         8      
       fd_add_t2.asm.obj             438     0         0      
       host_device.c.obj             0       0         400    
       fd_div_t2.asm.obj             310     0         0      
       fputs.c.obj                   276     0         0      
       s_scalbn.c.obj                272     0         0      
       fd_cmp_t2.asm.obj             268     0         0      
       ctype.c.obj                   0       257       0      
       fd_mul_t2.asm.obj             252     0         0      
       setvbuf.c.obj                 220     0         0      
       open.c.obj                    188     0         8      
       add_device.c.obj              184     0         8      
       memcpy_t2.asm.obj             156     0         0      
       ull_div_t2.asm.obj            150     0         0      
       fputc.c.obj                   140     0         0      
       memset_t2.asm.obj             122     0         0      
       fclose.c.obj                  116     0         0      
       getdevice.c.obj               116     0         0      
       hostopen.c.obj                96      0         16     
       printf.c.obj                  112     0         0      
       copy_decompress_lzss.c.obj    104     0         0      
       hostlseek.c.obj               104     0         0      
       hostrename.c.obj              104     0         0      
       exit.c.obj                    76      0         24     
       fseek.c.obj                   100     0         0      
       s_frexp.c.obj                 100     0         0      
       _io_perm.c.obj                98      0         0      
       sprintf.c.obj                 98      0         0      
       close.c.obj                   92      0         0      
       hostread.c.obj                88      0         0      
       hostwrite.c.obj               88      0         0      
       ltoa.c.obj                    84      0         0      
       atoi.c.obj                    76      0         0      
       fflush.c.obj                  76      0         0      
       fd_toi_t2.asm.obj             72      0         0      
       autoinit.c.obj                68      0         0      
       hostclose.c.obj               68      0         0      
       hostunlink.c.obj              68      0         0      
       strncpy.c.obj                 54      0         0      
       boot_cortex_m.c.obj           52      0         0      
       i_tofd_t2.asm.obj             46      0         0      
       unlink.c.obj                  44      0         0      
       lseek.c.obj                   40      0         0      
       write.c.obj                   40      0         0      
       memchr.c.obj                  32      0         0      
       strcat.c.obj                  30      0         0      
       memccpy.c.obj                 28      0         0      
       s_copysign.c.obj              26      0         0      
       strcmp.c.obj                  24      0         0      
       strchr.c.obj                  22      0         0      
       strcpy.c.obj                  20      0         0      
       strlen.c.obj                  20      0         0      
       _lock.c.obj                   2       0         16     
       wcslen.c.obj                  18      0         0      
       errno.c.obj                   8       0         8      
       copy_decompress_none.c.obj    14      0         0      
       copy_zero_init.c.obj          12      0         0      
       pre_init.c.obj                4       0         0      
       div0.asm.obj                  2       0         0      
    +--+-----------------------------+-------+---------+---------+
       Total:                        11681   257       1912   
                                                              
       Heap:                         0       0         2048   
       Stack:                        0       0         1024   
       Linker Generated:             0       165       0      
    +--+-----------------------------+-------+---------+---------+
       Grand Total:                  50639   13014     15732  


LINKER GENERATED COPY TABLES

__TI_cinit_table @ 0000f8b0 records: 2, size/record: 8, table size: 16
	.data: load addr=0000f818, load size=00000081 bytes, run addr=20001a40, run size=00000280 bytes, compression=lzss
	.bss: load addr=0000f8a8, load size=00000008 bytes, run addr=20000000, run size=0000163f bytes, compression=zero_init


LINKER GENERATED HANDLER TABLE

__TI_handler_table @ 0000f89c records: 3, size/record: 4, table size: 12
	index: 0, handler: __TI_decompress_lzss
	index: 1, handler: __TI_decompress_none
	index: 2, handler: __TI_zero_init


GLOBAL SYMBOLS: SORTED ALPHABETICALLY BY Name 

address   name                                  
-------   ----                                  
0000c691  ADC14_IRQHandler                      
0000c691  AES256_IRQHandler                     
20001638  Action                                
0000beed  Blinker_Init                          
0000bf17  Blinker_Output                        
0000b53d  Bump_Init                             
0000b54b  Bump_Read                             
0000c691  BusFault_Handler                      
0000c6c5  C$$EXIT                               
0000c327  C$$IO$$                               
0000a7f9  CC3100_InterruptDisable               
0000a7cd  CC3100_InterruptEnable                
0000a7b5  CC3100_disable                        
0000a7c1  CC3100_enable                         
0000c691  COMP_E0_IRQHandler                    
0000c691  COMP_E1_IRQHandler                    
20001c3c  CPMwait                               
0000c691  CS_IRQHandler                         
00004161  CheckBumper                           
000073d9  CheckGoal                             
0000418b  ClearData                             
20001c34  ClockFrequency                        
00009a35  Clock_Delay1ms                        
00009a0b  Clock_Delay1us                        
000099f7  Clock_GetFreq                         
000098e1  Clock_Init48MHz                       
00004115  Crash                                 
20001c48  Crystalstable                         
20001ca4  CurrentX                              
20001ca6  CurrentY                              
0000c691  DMA_ERR_IRQHandler                    
0000c691  DMA_INT0_IRQHandler                   
0000c691  DMA_INT1_IRQHandler                   
0000c691  DMA_INT2_IRQHandler                   
0000c691  DMA_INT3_IRQHandler                   
2000159c  DataCount                             
0000c691  DebugMon_Handler                      
0000c691  Default_Handler                       
0000a84b  Delay                                 
200015a0  DestinationIP                         
00006d29  Display                               
0000c691  EUSCIA0_IRQHandler                    
0000c691  EUSCIA1_IRQHandler                    
0000c691  EUSCIA2_IRQHandler                    
0000c691  EUSCIA3_IRQHandler                    
0000c691  EUSCIB0_IRQHandler                    
0000c691  EUSCIB1_IRQHandler                    
0000c691  EUSCIB2_IRQHandler                    
0000c691  EUSCIB3_IRQHandler                    
200015a4  Error                                 
0000c691  FLCTL_IRQHandler                      
0000c691  FPU_IRQHandler                        
0000b097  FPU_disableModule                     
0000b0c3  FPU_disableStacking                   
0000b0b7  FPU_enableLazyStacking                
0000b085  FPU_enableModule                      
0000b0a5  FPU_enableStacking                    
0000b103  FPU_setFlushToZeroMode                
0000b0cf  FPU_setHalfPrecisionMode              
0000b0e9  FPU_setNaNMode                        
0000b11d  FPU_setRoundingMode                   
00006eb9  Forward                               
00006f71  ForwardUntilCrash                     
00007331  ForwardUntilThStatus                  
00006fb1  ForwardUntilX                         
00007053  ForwardUntilXStart                    
000070b9  ForwardUntilXStatus                   
00007129  ForwardUntilY                         
000071ad  ForwardUntilYStart                    
000071db  ForwardUntilYStatus                   
20001639  Goal                                  
0000c169  HOSTclose                             
0000bab5  HOSTlseek                             
0000bd81  HOSTopen                              
0000be3d  HOSTread                              
0000bb1d  HOSTrename                            
0000c1ad  HOSTunlink                            
0000be95  HOSTwrite                             
0000c691  HardFault_Handler                     
00006ed9  HardLeft                              
00006ef9  HardRight                             
20001c44  IFlags                                
2000163a  IntIsMasked                           
200015a8  L                                     
200015ac  LastLeftSteps                         
200015b0  LastRightSteps                        
0000acd9  LaunchPad_Init                        
0000ad49  LaunchPad_Input                       
0000ad63  LaunchPad_LED                         
0000ad81  LaunchPad_Output                      
2000163b  LeftDir                               
200015b4  LeftSteps                             
20001628  LeftTach                              
000041a1  LogData                               
20000c00  LogMessage                            
200015b8  Lr                                    
0000a80f  MaskIntHdlr                           
0000c691  MemManage_Handler                     
2000158c  Messageb                              
200015bc  Messageindexb                         
20001c9c  MotorFast                             
20001ca0  MotorSlow                             
0000a0ff  Motor_Backward                        
0000a03d  Motor_Forward                         
00009fe5  Motor_Init                            
0000a0bb  Motor_Left                            
0000a077  Motor_Right                           
0000a01d  Motor_Stop                            
200015c0  MyTheta                               
200015c4  MyX                                   
200015c8  MyY                                   
0000c691  NMI_Handler                           
00006c55  Odometry_Get                          
00006c45  Odometry_GetAngle                     
00006c39  Odometry_GetX                         
00006c3f  Odometry_GetY                         
00006981  Odometry_Init                         
00006969  Odometry_SetPower                     
000069a1  Odometry_Update                       
0000f5f2  OpcodeTranslateTable                  
0000c691  PCM_IRQHandler                        
0000c691  PORT1_IRQHandler                      
0000a829  PORT2_IRQHandler                      
0000a829  PORT2_IRQHandler                      
0000c691  PORT3_IRQHandler                      
0000c691  PORT4_IRQHandler                      
0000c691  PORT5_IRQHandler                      
0000c691  PORT6_IRQHandler                      
0000c691  PSS_IRQHandler                        
00008bc3  PWM_Duty1                             
00008be3  PWM_Duty2                             
00008c87  PWM_Duty3                             
00008ca7  PWM_Duty4                             
00008ad9  PWM_Init1                             
00008b3f  PWM_Init12                            
00008c03  PWM_Init34                            
00008def  PWM_RobotArmDuty0                     
00008e15  PWM_RobotArmDuty1                     
00008e3b  PWM_RobotArmDuty2                     
00008e0f  PWM_RobotArmGetDuty0                  
00008e35  PWM_RobotArmGetDuty1                  
00008e5b  PWM_RobotArmGetDuty2                  
00008cc7  PWM_RobotArmInit                      
0000c691  PendSV_Handler                        
200015cc  PeriodicTask32                        
20001c40  Postwait                              
20001c38  Prewait                               
200015d0  R                                     
0000c691  RTC_C_IRQHandler                      
0000417b  Racing                                
200015d4  RacingStatus                          
20000000  Recvbuff                              
0000c685  Reset_Handler                         
2000163c  RightDir                              
200015d8  RightSteps                            
2000162a  RightTach                             
200015dc  Robottheta                            
200015e0  Robotx                                
200015e4  Roboty                                
200015e8  Rr                                    
200015ec  Running                               
2000163d  RxIrqCnt                              
00004099  SL_FD_CLR                             
000040c1  SL_FD_ISSET                           
00004071  SL_FD_SET                             
000040ed  SL_FD_ZERO                            
000022b1  SSD1306_Clear                         
00002271  SSD1306_ClearBuffer                   
00002ccd  SSD1306_Dim                           
00002b87  SSD1306_DisplayBuffer                 
00002173  SSD1306_DrawChar                      
00002549  SSD1306_DrawFastHLine                 
0000276d  SSD1306_DrawFastVLine                 
00002305  SSD1306_DrawFullImage                 
00002005  SSD1306_DrawPixel                     
00002221  SSD1306_DrawString                    
00002b83  SSD1306_GetBuffer                     
00002a85  SSD1306_GetPixel                      
00001eff  SSD1306_Init                          
00002cb7  SSD1306_InvertDisplay                 
00002d79  SSD1306_OutChar                       
0000307b  SSD1306_OutHex7                       
00002eb5  SSD1306_OutSDec                       
00002f8d  SSD1306_OutSFix1                      
00002e9f  SSD1306_OutString                     
00002ea9  SSD1306_OutUDec                       
000030d9  SSD1306_OutUDec16                     
00003175  SSD1306_OutUDec2                      
00002ed9  SSD1306_OutUFix1                      
000030b1  SSD1306_OutUHex7                      
00002369  SSD1306_PrintBMP                      
00002cff  SSD1306_SetCursor                     
0000265b  SSD1306_drawFastHLineInternal         
00002885  SSD1306_drawFastVLineInternal         
00002c6d  SSD1306_startscrolldiagleft           
00002c29  SSD1306_startscrolldiagright          
00002bf3  SSD1306_startscrollleft               
00002bc1  SSD1306_startscrollright              
00002cad  SSD1306_stopscroll                    
0000c691  SVC_Handler                           
20000400  SendBuff                              
00004251  SendData                              
00004d13  SimpleLinkGeneralEventHandler         
00004d05  SimpleLinkHttpServerCallback          
00004cd5  SimpleLinkNetAppEventHandler          
00004d25  SimpleLinkSockEventHandler            
00004c65  SimpleLinkWlanEventHandler            
0000e6c8  SinTab                                
0000c6c8  SinTab2                               
200015f0  SockID                                
00006f19  SoftLeft                              
0000724b  SoftLeftUntilTh                       
000072f5  SoftLeftUntilThStart                  
00006f3d  SoftRight                             
2000162c  StartX                                
2000162e  StartY                                
00006ea3  StopUntilBumperTouched                
0000c691  SysTick_Handler                       
20001cbc  SystemCoreClock                       
00008ef9  SystemCoreClockUpdate                 
0000916d  SystemInit                            
0000b9ad  T32_INT1_IRQHandler                   
0000b9ad  T32_INT1_IRQHandler                   
0000c691  T32_INT2_IRQHandler                   
0000c691  T32_INTC_IRQHandler                   
0000c691  TA0_0_IRQHandler                      
0000c691  TA0_N_IRQHandler                      
0000b631  TA1_0_IRQHandler                      
0000b631  TA1_0_IRQHandler                      
0000c691  TA1_N_IRQHandler                      
0000c691  TA2_0_IRQHandler                      
0000c691  TA2_N_IRQHandler                      
0000c4dd  TA3_0_IRQHandler                      
0000c4dd  TA3_0_IRQHandler                      
0000c4df  TA3_N_IRQHandler                      
0000c4df  TA3_N_IRQHandler                      
20001630  Tachometer_FirstLeftTime              
20001632  Tachometer_FirstRightTime             
0000a373  Tachometer_Get                        
0000a349  Tachometer_Init                       
20001c81  Tachometer_LeftDir                    
20001c7c  Tachometer_LeftSteps                  
20001c80  Tachometer_RightDir                   
20001c78  Tachometer_RightSteps                 
20001634  Tachometer_SecondLeftTime             
20001636  Tachometer_SecondRightTime            
0000b965  Timer32_Init                          
200015f4  TimerA1Task                           
0000b5d1  TimerA1_Init                          
0000b62f  TimerA1_Stop                          
0000b9d5  TimerA2_Init                          
0000c4d1  TimerA3Capture_Init01                 
0000c4e1  TimerA3Capture_Init02                 
200015f8  TotalLeftSteps                        
200015fc  TotalRightSteps                       
00007ecf  UART0_InChar                          
00008379  UART0_InString                        
00007f19  UART0_InUDec                          
0000822d  UART0_InUHex                          
00007e89  UART0_Init                            
000084db  UART0_Initprintf                      
00007edf  UART0_OutChar                         
00007fcd  UART0_OutSDec                         
00007efb  UART0_OutString                       
00007f9d  UART0_OutUDec                         
00008141  UART0_OutUDec4                        
00008189  UART0_OutUDec5                        
000081bb  UART0_OutUFix1                        
000081e3  UART0_OutUFix2                        
000082f1  UART0_OutUHex                         
0000835d  UART0_OutUHex2                        
0000a817  UnMaskIntHdlr                         
00006cb5  UpdatePosition                        
0000c691  UsageFault_Handler                    
200011ec  Value1String                          
200012ec  Value2String                          
200013ec  Value3String                          
4000480c  WDTCTL_SYM                            
0000c691  WDT_A_IRQHandler                      
00006e2f  WaitUntilBumperTouched                
0000f630  _SlActionLookupTable                  
00001d4d  _SlDriverHandleError                  
00001561  _SlDrvBasicCmd                        
00000445  _SlDrvCmdOp                           
000015b5  _SlDrvCmdSend                         
00000501  _SlDrvDataReadOp                      
000006e5  _SlDrvDataWriteOp                     
00008a21  _SlDrvDeviceEventHandler              
00001bb9  _SlDrvDispatchHttpServerEvents        
000002c9  _SlDrvDriverCBDeinit                  
0000012b  _SlDrvDriverCBInit                    
00001ca3  _SlDrvGlobalObjUnLock                 
00001e0d  _SlDrvIsTimeoutExpired                
00001cc5  _SlDrvMemZero                         
0000116f  _SlDrvMsgReadSpawnCtx                 
00006855  _SlDrvNetAppEventHandler              
00001be9  _SlDrvObjLockWaitForever              
00001c3d  _SlDrvObjUnLock                       
000000e5  _SlDrvProtectAsyncRespSetting         
00001c0f  _SlDrvProtectionObjLockWaitForever    
00001c5d  _SlDrvProtectionObjUnLock             
000017c5  _SlDrvReleasePoolObj                  
00001cdb  _SlDrvResetCmdExt                     
000003ed  _SlDrvRxIrqHandler                    
00001ded  _SlDrvStartMeasureTimeout             
00001bc9  _SlDrvSyncObjSignal                   
00001ce9  _SlDrvSyncObjWaitForever              
00001d0d  _SlDrvSyncObjWaitTimeout              
00001639  _SlDrvWaitForPoolObj                  
0000f794  _SlNetAppSendTokenValueCmdCtrl        
00009f69  _SlNonOsMainLoopTask                  
00009e61  _SlNonOsSemGet                        
00009e49  _SlNonOsSemSet                        
00009f09  _SlNonOsSpawn                         
200010cc  __CIOBUF_                             
20010000  __STACK_END                           
00000200  __STACK_SIZE                          
00000400  __SYSMEM_SIZE                         
0000f8b0  __TI_CINIT_Base                       
0000f8c0  __TI_CINIT_Limit                      
0000f89c  __TI_Handler_Table_Base               
0000f8a8  __TI_Handler_Table_Limit              
0000c1f1  __TI_auto_init_nobinit_nopinit        
0000c369  __TI_cleanup                          
20001c6c  __TI_cleanup_ptr                      
0000b8f1  __TI_closefile                        
0000bb85  __TI_decompress_lzss                  
0000c677  __TI_decompress_none                  
0000c041  __TI_doflush                          
20001c70  __TI_dtors_ptr                        
20001c74  __TI_enable_exit_profile_output       
20001c4c  __TI_ft_end                           
ffffffff  __TI_pprof_out_hndl                   
00007439  __TI_printfi                          
ffffffff  __TI_prof_data_size                   
ffffffff  __TI_prof_data_start                  
0000c39d  __TI_readmsg                          
00000000  __TI_static_base__                    
200014ec  __TI_tmpnams                          
0000c2f9  __TI_writemsg                         
0000bd1d  __TI_wrt_ok                           
0000c693  __TI_zero_init                        
0000b6ed  __aeabi_cdcmpeq                       
0000b6ed  __aeabi_cdcmple                       
0000b773  __aeabi_cdrcmple                      
0000c121  __aeabi_d2iz                          
00009c9b  __aeabi_dadd                          
0000a535  __aeabi_ddiv                          
0000abdd  __aeabi_dmul                          
00009c91  __aeabi_dsub                          
0000c6a9  __aeabi_errno_addr                    
0000c469  __aeabi_i2d                           
00009e47  __aeabi_idiv0                         
00009e47  __aeabi_ldiv0                         
0000b875  __aeabi_memclr                        
0000b875  __aeabi_memclr4                       
0000b875  __aeabi_memclr8                       
0000b409  __aeabi_memcpy                        
0000b409  __aeabi_memcpy4                       
0000b409  __aeabi_memcpy8                       
0000b877  __aeabi_memset                        
0000b877  __aeabi_memset4                       
0000b877  __aeabi_memset8                       
20001c58  __aeabi_stderr                        
20001c50  __aeabi_stdin                         
20001c54  __aeabi_stdout                        
0000b4a5  __aeabi_uldivmod                      
ffffffff  __binit__                             
ffffffff  __c_args__                            
UNDEFED   __mpu_init                            
2000fe00  __stack                               
0000c3d1  _c_int00_noargs                       
0000f4f0  _ctypes_                              
20001b30  _device                               
20001a40  _ftable                               
20001c84  _lock                                 
00007e87  _nop                                  
00003c6d  _sl_HandleAsync_Accept                
0000382b  _sl_HandleAsync_Connect               
00006257  _sl_HandleAsync_DnsGetHostByAddr      
000063a5  _sl_HandleAsync_DnsGetHostByName      
00006191  _sl_HandleAsync_DnsGetHostByService   
00008659  _sl_HandleAsync_InitComplete          
00006479  _sl_HandleAsync_PingResponse          
00003ccd  _sl_HandleAsync_Select                
000086dd  _sl_HandleAsync_Stop                  
00006735  _sl_NetAppSendTokenValue              
0000325d  _sl_ParseAddress                      
20001ba8  _stream                               
20001640  _sys_memory                           
UNDEFED   _system_post_cinit                    
0000c6c1  _system_pre_init                      
20001c88  _unlock                               
0000c6c5  abort                                 
00006c91  abs                                   
0000b201  add_device                            
0000adcd  aligned_alloc                         
0000c08d  atoi                                  
20001c98  bWifi                                 
20001600  badCount                              
ffffffff  binit                                 
20000800  buffer                                
0000bde1  close                                 
000049f1  configureSimpleLinkToDefaultState     
0000c5dd  copysign                              
0000c5dd  copysignl                             
000099fd  delay                                 
20001604  desiredTh                             
20001608  desiredX                              
2000160c  desiredY                              
00004c33  disconnectFromAP                      
20001610  dtheta                                
20001614  dz                                    
20001cb0  errno                                 
00004bcf  establishConnectionWithAP             
0000c0d9  exit                                  
0000840d  ferror                                
000083f3  fgetc                                 
0000c439  finddevice                            
0000950d  fixed_cos                             
00009617  fixed_cos2                            
00009495  fixed_sin                             
00009589  fixed_sin2                            
0000b36d  fopen                                 
0000b661  fputc                                 
0000a8ad  fputs                                 
0000aec1  free                                  
0000c405  freopen                               
0000bc55  frexp                                 
0000bc55  frexpl                                
0000bcb9  fseek                                 
20001c5c  g_SlDeviceStatus                      
20001c94  g_Status                              
20001bf8  g__SlNonOsCB                          
2000163e  g_bDeviceRestartIsRequired            
20001c60  g_pCB                                 
0000c235  getdevice                             
20001618  goal                                  
0000a791  initClk                               
00000000  interruptVectors                      
2000161c  lastgoal                              
0000a9c1  ldexp                                 
0000a9c1  ldexpl                                
0000c515  lseek                                 
0000bf9b  ltoa                                  
00004515  main                                  
0000c6b1  malloc                                
0000adcd  memalign                              
0000c5c1  memccpy                               
0000c565  memchr                                
0000b409  memcpy                                
0000b87d  memset                                
0000b145  open                                  
00008335  outnibble                             
20001ca8  pIraEventHandler                      
20001c64  pPingCallBackFunc                     
20001594  parmbuf                               
0000bbed  printf                                
0000b661  putc                                  
0000a7a1  registerInterruptHandler              
0000c499  remove                                
20001620  rotation                              
0000a9c1  scalbn                                
0000a9c1  scalbnl                               
0000afa9  setvbuf                               
00003a45  sl_Accept                             
00003387  sl_Bind                               
00003335  sl_Close                              
000036b5  sl_Connect                            
000088cd  sl_DevGet                             
00008991  sl_DevSet                             
00008861  sl_EventMaskGet                       
000087fb  sl_EventMaskSet                       
00003e57  sl_GetSockOpt                         
00003beb  sl_Htonl                              
00003c31  sl_Htons                              
000039d5  sl_Listen                             
00006269  sl_NetAppDnsGetHostByName             
00006089  sl_NetAppDnsGetHostByService          
000067a1  sl_NetAppGet                          
00005df1  sl_NetAppGetServiceList               
00005fb9  sl_NetAppMDNSRegisterService          
00005ee3  sl_NetAppMDNSRegisterUnregisterService
0000601d  sl_NetAppMDNSUnRegisterService        
00006505  sl_NetAppPingStart                    
000066a3  sl_NetAppSet                          
00005d59  sl_NetAppStart                        
00005da5  sl_NetAppStop                         
0000a1df  sl_NetCfgGet                          
0000a155  sl_NetCfgSet                          
00003d25  sl_Recv                               
00003575  sl_RecvFrom                           
00003f0f  sl_Select                             
000038a9  sl_Send                               
00003435  sl_SendTo                             
00003dcd  sl_SetSockOpt                         
000032b7  sl_Socket                             
00008585  sl_Start                              
00008727  sl_Stop                               
0000857d  sl_Task                               
00004f61  sl_WlanConnect                        
000051d1  sl_WlanDisconnect                     
00005c81  sl_WlanGet                            
00005799  sl_WlanGetNetworkList                 
00005295  sl_WlanPolicyGet                      
00005205  sl_WlanPolicySet                      
00005389  sl_WlanProfileAdd                     
00005747  sl_WlanProfileDel                     
0000563d  sl_WlanProfileGet                     
0000582f  sl_WlanRxFilterAdd                    
00005949  sl_WlanRxFilterGet                    
000058c5  sl_WlanRxFilterSet                    
00005a41  sl_WlanRxStatGet                      
000059dd  sl_WlanRxStatStart                    
00005a0d  sl_WlanRxStatStop                     
00005be5  sl_WlanSet                            
00005b8d  sl_WlanSetMode                        
00005ad5  sl_WlanSmartConfigStart               
00005aa1  sl_WlanSmartConfigStop                
000096c5  spi_Close                             
000096d1  spi_Open                              
0000982b  spi_Read                              
000097d1  spi_Write                             
0000c279  sprintf                               
00001ea1  ssd1306_Testcommandwrite              
00001eb7  ssd1306_command                       
00001ec7  ssd1306_command1                      
00001ed7  ssd1306_commandList                   
0000a81f  stopWDT                               
0000c585  strcat                                
0000c627  strchr                                
0000c60f  strcmp                                
0000c63d  strcpy                                
0000c651  strlen                                
0000c331  strncpy                               
0000c4c5  ta3dummy                              
0000a303  tachometerLeftInt                     
0000a2bd  tachometerRightInt                    
0000ba0f  timer_GetCurrentTimestamp             
00008433  uart_close                            
000084b1  uart_lseek                            
00008423  uart_open                             
0000843f  uart_read                             
000084cd  uart_rename                           
000084c1  uart_unlink                           
0000846f  uart_write                            
0000c499  unlink                                
20001624  vccstate                              
0000c665  wcslen                                
0000c53d  write                                 


GLOBAL SYMBOLS: SORTED BY Symbol Address 

address   name                                  
-------   ----                                  
00000000  __TI_static_base__                    
00000000  interruptVectors                      
000000e5  _SlDrvProtectAsyncRespSetting         
0000012b  _SlDrvDriverCBInit                    
00000200  __STACK_SIZE                          
000002c9  _SlDrvDriverCBDeinit                  
000003ed  _SlDrvRxIrqHandler                    
00000400  __SYSMEM_SIZE                         
00000445  _SlDrvCmdOp                           
00000501  _SlDrvDataReadOp                      
000006e5  _SlDrvDataWriteOp                     
0000116f  _SlDrvMsgReadSpawnCtx                 
00001561  _SlDrvBasicCmd                        
000015b5  _SlDrvCmdSend                         
00001639  _SlDrvWaitForPoolObj                  
000017c5  _SlDrvReleasePoolObj                  
00001bb9  _SlDrvDispatchHttpServerEvents        
00001bc9  _SlDrvSyncObjSignal                   
00001be9  _SlDrvObjLockWaitForever              
00001c0f  _SlDrvProtectionObjLockWaitForever    
00001c3d  _SlDrvObjUnLock                       
00001c5d  _SlDrvProtectionObjUnLock             
00001ca3  _SlDrvGlobalObjUnLock                 
00001cc5  _SlDrvMemZero                         
00001cdb  _SlDrvResetCmdExt                     
00001ce9  _SlDrvSyncObjWaitForever              
00001d0d  _SlDrvSyncObjWaitTimeout              
00001d4d  _SlDriverHandleError                  
00001ded  _SlDrvStartMeasureTimeout             
00001e0d  _SlDrvIsTimeoutExpired                
00001ea1  ssd1306_Testcommandwrite              
00001eb7  ssd1306_command                       
00001ec7  ssd1306_command1                      
00001ed7  ssd1306_commandList                   
00001eff  SSD1306_Init                          
00002005  SSD1306_DrawPixel                     
00002173  SSD1306_DrawChar                      
00002221  SSD1306_DrawString                    
00002271  SSD1306_ClearBuffer                   
000022b1  SSD1306_Clear                         
00002305  SSD1306_DrawFullImage                 
00002369  SSD1306_PrintBMP                      
00002549  SSD1306_DrawFastHLine                 
0000265b  SSD1306_drawFastHLineInternal         
0000276d  SSD1306_DrawFastVLine                 
00002885  SSD1306_drawFastVLineInternal         
00002a85  SSD1306_GetPixel                      
00002b83  SSD1306_GetBuffer                     
00002b87  SSD1306_DisplayBuffer                 
00002bc1  SSD1306_startscrollright              
00002bf3  SSD1306_startscrollleft               
00002c29  SSD1306_startscrolldiagright          
00002c6d  SSD1306_startscrolldiagleft           
00002cad  SSD1306_stopscroll                    
00002cb7  SSD1306_InvertDisplay                 
00002ccd  SSD1306_Dim                           
00002cff  SSD1306_SetCursor                     
00002d79  SSD1306_OutChar                       
00002e9f  SSD1306_OutString                     
00002ea9  SSD1306_OutUDec                       
00002eb5  SSD1306_OutSDec                       
00002ed9  SSD1306_OutUFix1                      
00002f8d  SSD1306_OutSFix1                      
0000307b  SSD1306_OutHex7                       
000030b1  SSD1306_OutUHex7                      
000030d9  SSD1306_OutUDec16                     
00003175  SSD1306_OutUDec2                      
0000325d  _sl_ParseAddress                      
000032b7  sl_Socket                             
00003335  sl_Close                              
00003387  sl_Bind                               
00003435  sl_SendTo                             
00003575  sl_RecvFrom                           
000036b5  sl_Connect                            
0000382b  _sl_HandleAsync_Connect               
000038a9  sl_Send                               
000039d5  sl_Listen                             
00003a45  sl_Accept                             
00003beb  sl_Htonl                              
00003c31  sl_Htons                              
00003c6d  _sl_HandleAsync_Accept                
00003ccd  _sl_HandleAsync_Select                
00003d25  sl_Recv                               
00003dcd  sl_SetSockOpt                         
00003e57  sl_GetSockOpt                         
00003f0f  sl_Select                             
00004071  SL_FD_SET                             
00004099  SL_FD_CLR                             
000040c1  SL_FD_ISSET                           
000040ed  SL_FD_ZERO                            
00004115  Crash                                 
00004161  CheckBumper                           
0000417b  Racing                                
0000418b  ClearData                             
000041a1  LogData                               
00004251  SendData                              
00004515  main                                  
000049f1  configureSimpleLinkToDefaultState     
00004bcf  establishConnectionWithAP             
00004c33  disconnectFromAP                      
00004c65  SimpleLinkWlanEventHandler            
00004cd5  SimpleLinkNetAppEventHandler          
00004d05  SimpleLinkHttpServerCallback          
00004d13  SimpleLinkGeneralEventHandler         
00004d25  SimpleLinkSockEventHandler            
00004f61  sl_WlanConnect                        
000051d1  sl_WlanDisconnect                     
00005205  sl_WlanPolicySet                      
00005295  sl_WlanPolicyGet                      
00005389  sl_WlanProfileAdd                     
0000563d  sl_WlanProfileGet                     
00005747  sl_WlanProfileDel                     
00005799  sl_WlanGetNetworkList                 
0000582f  sl_WlanRxFilterAdd                    
000058c5  sl_WlanRxFilterSet                    
00005949  sl_WlanRxFilterGet                    
000059dd  sl_WlanRxStatStart                    
00005a0d  sl_WlanRxStatStop                     
00005a41  sl_WlanRxStatGet                      
00005aa1  sl_WlanSmartConfigStop                
00005ad5  sl_WlanSmartConfigStart               
00005b8d  sl_WlanSetMode                        
00005be5  sl_WlanSet                            
00005c81  sl_WlanGet                            
00005d59  sl_NetAppStart                        
00005da5  sl_NetAppStop                         
00005df1  sl_NetAppGetServiceList               
00005ee3  sl_NetAppMDNSRegisterUnregisterService
00005fb9  sl_NetAppMDNSRegisterService          
0000601d  sl_NetAppMDNSUnRegisterService        
00006089  sl_NetAppDnsGetHostByService          
00006191  _sl_HandleAsync_DnsGetHostByService   
00006257  _sl_HandleAsync_DnsGetHostByAddr      
00006269  sl_NetAppDnsGetHostByName             
000063a5  _sl_HandleAsync_DnsGetHostByName      
00006479  _sl_HandleAsync_PingResponse          
00006505  sl_NetAppPingStart                    
000066a3  sl_NetAppSet                          
00006735  _sl_NetAppSendTokenValue              
000067a1  sl_NetAppGet                          
00006855  _SlDrvNetAppEventHandler              
00006969  Odometry_SetPower                     
00006981  Odometry_Init                         
000069a1  Odometry_Update                       
00006c39  Odometry_GetX                         
00006c3f  Odometry_GetY                         
00006c45  Odometry_GetAngle                     
00006c55  Odometry_Get                          
00006c91  abs                                   
00006cb5  UpdatePosition                        
00006d29  Display                               
00006e2f  WaitUntilBumperTouched                
00006ea3  StopUntilBumperTouched                
00006eb9  Forward                               
00006ed9  HardLeft                              
00006ef9  HardRight                             
00006f19  SoftLeft                              
00006f3d  SoftRight                             
00006f71  ForwardUntilCrash                     
00006fb1  ForwardUntilX                         
00007053  ForwardUntilXStart                    
000070b9  ForwardUntilXStatus                   
00007129  ForwardUntilY                         
000071ad  ForwardUntilYStart                    
000071db  ForwardUntilYStatus                   
0000724b  SoftLeftUntilTh                       
000072f5  SoftLeftUntilThStart                  
00007331  ForwardUntilThStatus                  
000073d9  CheckGoal                             
00007439  __TI_printfi                          
00007e87  _nop                                  
00007e89  UART0_Init                            
00007ecf  UART0_InChar                          
00007edf  UART0_OutChar                         
00007efb  UART0_OutString                       
00007f19  UART0_InUDec                          
00007f9d  UART0_OutUDec                         
00007fcd  UART0_OutSDec                         
00008141  UART0_OutUDec4                        
00008189  UART0_OutUDec5                        
000081bb  UART0_OutUFix1                        
000081e3  UART0_OutUFix2                        
0000822d  UART0_InUHex                          
000082f1  UART0_OutUHex                         
00008335  outnibble                             
0000835d  UART0_OutUHex2                        
00008379  UART0_InString                        
000083f3  fgetc                                 
0000840d  ferror                                
00008423  uart_open                             
00008433  uart_close                            
0000843f  uart_read                             
0000846f  uart_write                            
000084b1  uart_lseek                            
000084c1  uart_unlink                           
000084cd  uart_rename                           
000084db  UART0_Initprintf                      
0000857d  sl_Task                               
00008585  sl_Start                              
00008659  _sl_HandleAsync_InitComplete          
000086dd  _sl_HandleAsync_Stop                  
00008727  sl_Stop                               
000087fb  sl_EventMaskSet                       
00008861  sl_EventMaskGet                       
000088cd  sl_DevGet                             
00008991  sl_DevSet                             
00008a21  _SlDrvDeviceEventHandler              
00008ad9  PWM_Init1                             
00008b3f  PWM_Init12                            
00008bc3  PWM_Duty1                             
00008be3  PWM_Duty2                             
00008c03  PWM_Init34                            
00008c87  PWM_Duty3                             
00008ca7  PWM_Duty4                             
00008cc7  PWM_RobotArmInit                      
00008def  PWM_RobotArmDuty0                     
00008e0f  PWM_RobotArmGetDuty0                  
00008e15  PWM_RobotArmDuty1                     
00008e35  PWM_RobotArmGetDuty1                  
00008e3b  PWM_RobotArmDuty2                     
00008e5b  PWM_RobotArmGetDuty2                  
00008ef9  SystemCoreClockUpdate                 
0000916d  SystemInit                            
00009495  fixed_sin                             
0000950d  fixed_cos                             
00009589  fixed_sin2                            
00009617  fixed_cos2                            
000096c5  spi_Close                             
000096d1  spi_Open                              
000097d1  spi_Write                             
0000982b  spi_Read                              
000098e1  Clock_Init48MHz                       
000099f7  Clock_GetFreq                         
000099fd  delay                                 
00009a0b  Clock_Delay1us                        
00009a35  Clock_Delay1ms                        
00009c91  __aeabi_dsub                          
00009c9b  __aeabi_dadd                          
00009e47  __aeabi_idiv0                         
00009e47  __aeabi_ldiv0                         
00009e49  _SlNonOsSemSet                        
00009e61  _SlNonOsSemGet                        
00009f09  _SlNonOsSpawn                         
00009f69  _SlNonOsMainLoopTask                  
00009fe5  Motor_Init                            
0000a01d  Motor_Stop                            
0000a03d  Motor_Forward                         
0000a077  Motor_Right                           
0000a0bb  Motor_Left                            
0000a0ff  Motor_Backward                        
0000a155  sl_NetCfgSet                          
0000a1df  sl_NetCfgGet                          
0000a2bd  tachometerRightInt                    
0000a303  tachometerLeftInt                     
0000a349  Tachometer_Init                       
0000a373  Tachometer_Get                        
0000a535  __aeabi_ddiv                          
0000a791  initClk                               
0000a7a1  registerInterruptHandler              
0000a7b5  CC3100_disable                        
0000a7c1  CC3100_enable                         
0000a7cd  CC3100_InterruptEnable                
0000a7f9  CC3100_InterruptDisable               
0000a80f  MaskIntHdlr                           
0000a817  UnMaskIntHdlr                         
0000a81f  stopWDT                               
0000a829  PORT2_IRQHandler                      
0000a829  PORT2_IRQHandler                      
0000a84b  Delay                                 
0000a8ad  fputs                                 
0000a9c1  ldexp                                 
0000a9c1  ldexpl                                
0000a9c1  scalbn                                
0000a9c1  scalbnl                               
0000abdd  __aeabi_dmul                          
0000acd9  LaunchPad_Init                        
0000ad49  LaunchPad_Input                       
0000ad63  LaunchPad_LED                         
0000ad81  LaunchPad_Output                      
0000adcd  aligned_alloc                         
0000adcd  memalign                              
0000aec1  free                                  
0000afa9  setvbuf                               
0000b085  FPU_enableModule                      
0000b097  FPU_disableModule                     
0000b0a5  FPU_enableStacking                    
0000b0b7  FPU_enableLazyStacking                
0000b0c3  FPU_disableStacking                   
0000b0cf  FPU_setHalfPrecisionMode              
0000b0e9  FPU_setNaNMode                        
0000b103  FPU_setFlushToZeroMode                
0000b11d  FPU_setRoundingMode                   
0000b145  open                                  
0000b201  add_device                            
0000b36d  fopen                                 
0000b409  __aeabi_memcpy                        
0000b409  __aeabi_memcpy4                       
0000b409  __aeabi_memcpy8                       
0000b409  memcpy                                
0000b4a5  __aeabi_uldivmod                      
0000b53d  Bump_Init                             
0000b54b  Bump_Read                             
0000b5d1  TimerA1_Init                          
0000b62f  TimerA1_Stop                          
0000b631  TA1_0_IRQHandler                      
0000b631  TA1_0_IRQHandler                      
0000b661  fputc                                 
0000b661  putc                                  
0000b6ed  __aeabi_cdcmpeq                       
0000b6ed  __aeabi_cdcmple                       
0000b773  __aeabi_cdrcmple                      
0000b875  __aeabi_memclr                        
0000b875  __aeabi_memclr4                       
0000b875  __aeabi_memclr8                       
0000b877  __aeabi_memset                        
0000b877  __aeabi_memset4                       
0000b877  __aeabi_memset8                       
0000b87d  memset                                
0000b8f1  __TI_closefile                        
0000b965  Timer32_Init                          
0000b9ad  T32_INT1_IRQHandler                   
0000b9ad  T32_INT1_IRQHandler                   
0000b9d5  TimerA2_Init                          
0000ba0f  timer_GetCurrentTimestamp             
0000bab5  HOSTlseek                             
0000bb1d  HOSTrename                            
0000bb85  __TI_decompress_lzss                  
0000bbed  printf                                
0000bc55  frexp                                 
0000bc55  frexpl                                
0000bcb9  fseek                                 
0000bd1d  __TI_wrt_ok                           
0000bd81  HOSTopen                              
0000bde1  close                                 
0000be3d  HOSTread                              
0000be95  HOSTwrite                             
0000beed  Blinker_Init                          
0000bf17  Blinker_Output                        
0000bf9b  ltoa                                  
0000c041  __TI_doflush                          
0000c08d  atoi                                  
0000c0d9  exit                                  
0000c121  __aeabi_d2iz                          
0000c169  HOSTclose                             
0000c1ad  HOSTunlink                            
0000c1f1  __TI_auto_init_nobinit_nopinit        
0000c235  getdevice                             
0000c279  sprintf                               
0000c2f9  __TI_writemsg                         
0000c327  C$$IO$$                               
0000c331  strncpy                               
0000c369  __TI_cleanup                          
0000c39d  __TI_readmsg                          
0000c3d1  _c_int00_noargs                       
0000c405  freopen                               
0000c439  finddevice                            
0000c469  __aeabi_i2d                           
0000c499  remove                                
0000c499  unlink                                
0000c4c5  ta3dummy                              
0000c4d1  TimerA3Capture_Init01                 
0000c4dd  TA3_0_IRQHandler                      
0000c4dd  TA3_0_IRQHandler                      
0000c4df  TA3_N_IRQHandler                      
0000c4df  TA3_N_IRQHandler                      
0000c4e1  TimerA3Capture_Init02                 
0000c515  lseek                                 
0000c53d  write                                 
0000c565  memchr                                
0000c585  strcat                                
0000c5c1  memccpy                               
0000c5dd  copysign                              
0000c5dd  copysignl                             
0000c60f  strcmp                                
0000c627  strchr                                
0000c63d  strcpy                                
0000c651  strlen                                
0000c665  wcslen                                
0000c677  __TI_decompress_none                  
0000c685  Reset_Handler                         
0000c691  ADC14_IRQHandler                      
0000c691  AES256_IRQHandler                     
0000c691  BusFault_Handler                      
0000c691  COMP_E0_IRQHandler                    
0000c691  COMP_E1_IRQHandler                    
0000c691  CS_IRQHandler                         
0000c691  DMA_ERR_IRQHandler                    
0000c691  DMA_INT0_IRQHandler                   
0000c691  DMA_INT1_IRQHandler                   
0000c691  DMA_INT2_IRQHandler                   
0000c691  DMA_INT3_IRQHandler                   
0000c691  DebugMon_Handler                      
0000c691  Default_Handler                       
0000c691  EUSCIA0_IRQHandler                    
0000c691  EUSCIA1_IRQHandler                    
0000c691  EUSCIA2_IRQHandler                    
0000c691  EUSCIA3_IRQHandler                    
0000c691  EUSCIB0_IRQHandler                    
0000c691  EUSCIB1_IRQHandler                    
0000c691  EUSCIB2_IRQHandler                    
0000c691  EUSCIB3_IRQHandler                    
0000c691  FLCTL_IRQHandler                      
0000c691  FPU_IRQHandler                        
0000c691  HardFault_Handler                     
0000c691  MemManage_Handler                     
0000c691  NMI_Handler                           
0000c691  PCM_IRQHandler                        
0000c691  PORT1_IRQHandler                      
0000c691  PORT3_IRQHandler                      
0000c691  PORT4_IRQHandler                      
0000c691  PORT5_IRQHandler                      
0000c691  PORT6_IRQHandler                      
0000c691  PSS_IRQHandler                        
0000c691  PendSV_Handler                        
0000c691  RTC_C_IRQHandler                      
0000c691  SVC_Handler                           
0000c691  SysTick_Handler                       
0000c691  T32_INT2_IRQHandler                   
0000c691  T32_INTC_IRQHandler                   
0000c691  TA0_0_IRQHandler                      
0000c691  TA0_N_IRQHandler                      
0000c691  TA1_N_IRQHandler                      
0000c691  TA2_0_IRQHandler                      
0000c691  TA2_N_IRQHandler                      
0000c691  UsageFault_Handler                    
0000c691  WDT_A_IRQHandler                      
0000c693  __TI_zero_init                        
0000c6a9  __aeabi_errno_addr                    
0000c6b1  malloc                                
0000c6c1  _system_pre_init                      
0000c6c5  C$$EXIT                               
0000c6c5  abort                                 
0000c6c8  SinTab2                               
0000e6c8  SinTab                                
0000f4f0  _ctypes_                              
0000f5f2  OpcodeTranslateTable                  
0000f630  _SlActionLookupTable                  
0000f794  _SlNetAppSendTokenValueCmdCtrl        
0000f89c  __TI_Handler_Table_Base               
0000f8a8  __TI_Handler_Table_Limit              
0000f8b0  __TI_CINIT_Base                       
0000f8c0  __TI_CINIT_Limit                      
20000000  Recvbuff                              
20000400  SendBuff                              
20000800  buffer                                
20000c00  LogMessage                            
200010cc  __CIOBUF_                             
200011ec  Value1String                          
200012ec  Value2String                          
200013ec  Value3String                          
200014ec  __TI_tmpnams                          
2000158c  Messageb                              
20001594  parmbuf                               
2000159c  DataCount                             
200015a0  DestinationIP                         
200015a4  Error                                 
200015a8  L                                     
200015ac  LastLeftSteps                         
200015b0  LastRightSteps                        
200015b4  LeftSteps                             
200015b8  Lr                                    
200015bc  Messageindexb                         
200015c0  MyTheta                               
200015c4  MyX                                   
200015c8  MyY                                   
200015cc  PeriodicTask32                        
200015d0  R                                     
200015d4  RacingStatus                          
200015d8  RightSteps                            
200015dc  Robottheta                            
200015e0  Robotx                                
200015e4  Roboty                                
200015e8  Rr                                    
200015ec  Running                               
200015f0  SockID                                
200015f4  TimerA1Task                           
200015f8  TotalLeftSteps                        
200015fc  TotalRightSteps                       
20001600  badCount                              
20001604  desiredTh                             
20001608  desiredX                              
2000160c  desiredY                              
20001610  dtheta                                
20001614  dz                                    
20001618  goal                                  
2000161c  lastgoal                              
20001620  rotation                              
20001624  vccstate                              
20001628  LeftTach                              
2000162a  RightTach                             
2000162c  StartX                                
2000162e  StartY                                
20001630  Tachometer_FirstLeftTime              
20001632  Tachometer_FirstRightTime             
20001634  Tachometer_SecondLeftTime             
20001636  Tachometer_SecondRightTime            
20001638  Action                                
20001639  Goal                                  
2000163a  IntIsMasked                           
2000163b  LeftDir                               
2000163c  RightDir                              
2000163d  RxIrqCnt                              
2000163e  g_bDeviceRestartIsRequired            
20001640  _sys_memory                           
20001a40  _ftable                               
20001b30  _device                               
20001ba8  _stream                               
20001bf8  g__SlNonOsCB                          
20001c34  ClockFrequency                        
20001c38  Prewait                               
20001c3c  CPMwait                               
20001c40  Postwait                              
20001c44  IFlags                                
20001c48  Crystalstable                         
20001c4c  __TI_ft_end                           
20001c50  __aeabi_stdin                         
20001c54  __aeabi_stdout                        
20001c58  __aeabi_stderr                        
20001c5c  g_SlDeviceStatus                      
20001c60  g_pCB                                 
20001c64  pPingCallBackFunc                     
20001c6c  __TI_cleanup_ptr                      
20001c70  __TI_dtors_ptr                        
20001c74  __TI_enable_exit_profile_output       
20001c78  Tachometer_RightSteps                 
20001c7c  Tachometer_LeftSteps                  
20001c80  Tachometer_RightDir                   
20001c81  Tachometer_LeftDir                    
20001c84  _lock                                 
20001c88  _unlock                               
20001c94  g_Status                              
20001c98  bWifi                                 
20001c9c  MotorFast                             
20001ca0  MotorSlow                             
20001ca4  CurrentX                              
20001ca6  CurrentY                              
20001ca8  pIraEventHandler                      
20001cb0  errno                                 
20001cbc  SystemCoreClock                       
2000fe00  __stack                               
20010000  __STACK_END                           
4000480c  WDTCTL_SYM                            
ffffffff  __TI_pprof_out_hndl                   
ffffffff  __TI_prof_data_size                   
ffffffff  __TI_prof_data_start                  
ffffffff  __binit__                             
ffffffff  __c_args__                            
ffffffff  binit                                 
UNDEFED   __mpu_init                            
UNDEFED   _system_post_cinit                    

[550 symbols]
