******************************************************************************
                  TI ARM Linker PC v18.12.1                    
******************************************************************************
>> Linked Wed Jul 31 21:54:23 2019

OUTPUT FILE NAME:   <Lab20_CC3100.out>
ENTRY POINT SYMBOL: "_c_int00_noargs"  address: 0000ca15


MEMORY CONFIGURATION

         name            origin    length      used     unused   attr    fill
----------------------  --------  ---------  --------  --------  ----  --------
  MAIN                  00000000   00040000  0000ff07  000300f9  R  X
  INFO                  00200000   00004000  00000000  00004000  R  X
  SRAM_CODE             01000000   00010000  00001ecb  0000e135  RW X
  SRAM_DATA             20000000   00010000  00001ecb  0000e135  RW  


SEGMENT ALLOCATION MAP

run origin  load origin   length   init length attrs members
----------  ----------- ---------- ----------- ----- -------
00000000    00000000    0000ff08   0000ff08    r-x
  00000000    00000000    000000e4   000000e4    r-- .intvecs
  000000e4    000000e4    0000cc24   0000cc24    r-x .text
  0000cd08    0000cd08    0000314f   0000314f    r-- .const
  0000fe58    0000fe58    000000b0   000000b0    r-- .cinit
20000000    20000000    00001ccc   00000000    rw-
  20000000    20000000    0000163f   00000000    rw- .bss
  20001640    20001640    00000400   00000000    rw- .sysmem
  20001a40    20001a40    0000028c   00000000    rw- .data
2000fe00    2000fe00    00000200   00000000    rw-
  2000fe00    2000fe00    00000200   00000000    rw- .stack


SECTION ALLOCATION MAP

 output                                  attributes/
section   page    origin      length       input sections
--------  ----  ----------  ----------   ----------------
.intvecs   0    00000000    000000e4     
                  00000000    000000e4     startup_msp432p401r_ccs.obj (.intvecs:retain)

.text      0    000000e4    0000cc24     
                  000000e4    00001db0     driver.obj (.text)
                  00001e94    00001798     SSD1306.obj (.text)
                  0000362c    00000f40     socket.obj (.text)
                  0000456c    00000e4c     main.obj (.text)
                  000053b8    00000df8     wlan.obj (.text)
                  000061b0    00000c10     netapp.obj (.text)
                  00006dc0    00000ad0     odometry.obj (.text)
                  00007890    00000a4e     rtsv7M4_T_le_v4SPD16_eabi.lib : _printfi.c.obj (.text:__TI_printfi)
                  000082de    00000002                                   : _lock.c.obj (.text:_nop)
                  000082e0    000006e0     UART0.obj (.text)
                  000089c0    00000570     device.obj (.text)
                  00008f30    00000420     PWM.obj (.text)
                  00009350    0000032c     system_msp432p401r.obj (.text)
                  0000967c    00000270     rtsv7M4_T_le_v4SPD16_eabi.lib : _printfi.c.obj (.text:_pconv_a)
                  000098ec    00000230     fixed.obj (.text)
                  00009b1c    0000021c     spi.obj (.text)
                  00009d38    000001e0     Clock.obj (.text)
                  00009f18    000001d4     TA3InputCapture.obj (.text)
                  0000a0ec    000001d0     rtsv7M4_T_le_v4SPD16_eabi.lib : _printfi.c.obj (.text:_pconv_g)
                  0000a2bc    000001b6                                   : fd_add_t2.asm.obj (.text)
                  0000a472    00000002                                   : div0.asm.obj (.text)
                  0000a474    0000019c     nonos.obj (.text)
                  0000a610    0000018c     Motor.obj (.text)
                  0000a79c    00000168     netcfg.obj (.text)
                  0000a904    0000013c     Tachometer.obj (.text)
                  0000aa40    0000013c     rtsv7M4_T_le_v4SPD16_eabi.lib : _printfi.c.obj (.text:_pconv_e)
                  0000ab7c    00000136                                   : fd_div_t2.asm.obj (.text)
                  0000acb2    00000002     --HOLE-- [fill = 0]
                  0000acb4    00000124                                   : _printfi.c.obj (.text:fcvt)
                  0000add8    0000011c     board.obj (.text)
                  0000aef4    00000114     rtsv7M4_T_le_v4SPD16_eabi.lib : fputs.c.obj (.text:fputs)
                  0000b008    00000110                                   : s_scalbn.c.obj (.text:scalbn)
                  0000b118    0000010c                                   : fopen.c.obj (.text:_openfile)
                  0000b224    000000fc                                   : fd_mul_t2.asm.obj (.text)
                  0000b320    000000f4     LaunchPad.obj (.text)
                  0000b414    000000f4     rtsv7M4_T_le_v4SPD16_eabi.lib : memory.c.obj (.text:aligned_alloc)
                  0000b508    000000e8                                   : memory.c.obj (.text:free)
                  0000b5f0    000000dc                                   : setvbuf.c.obj (.text:setvbuf)
                  0000b6cc    000000c0     fpu.obj (.text)
                  0000b78c    000000bc     rtsv7M4_T_le_v4SPD16_eabi.lib : open.c.obj (.text:open)
                  0000b848    000000b8                                   : add_device.c.obj (.text:add_device)
                  0000b900    000000b1                                   : _printfi.c.obj (.text:_ltostr)
                  0000b9b1    00000003     --HOLE-- [fill = 0]
                  0000b9b4    000000a8     TimerA1.obj (.text)
                  0000ba5c    0000009c     rtsv7M4_T_le_v4SPD16_eabi.lib : fopen.c.obj (.text:fopen)
                  0000baf8    0000009c                                   : memcpy_t2.asm.obj (.text)
                  0000bb94    00000096                                   : ull_div_t2.asm.obj (.text)
                  0000bc2a    00000002     --HOLE-- [fill = 0]
                  0000bc2c    0000008c                                   : fputc.c.obj (.text:fputc)
                  0000bcb8    00000086                                   : fd_cmp_t2.asm.obj (.text:__aeabi_cdcmple)
                  0000bd3e    00000086                                   : fd_cmp_t2.asm.obj (.text:__aeabi_cdrcmple)
                  0000bdc4    0000007c                                   : memory.c.obj (.text:split)
                  0000be40    0000007a                                   : memset_t2.asm.obj (.text)
                  0000beba    00000002     --HOLE-- [fill = 0]
                  0000bebc    00000078     Bump.obj (.text)
                  0000bf34    00000074     rtsv7M4_T_le_v4SPD16_eabi.lib : fclose.c.obj (.text:__TI_closefile)
                  0000bfa8    00000070     Timer32.obj (.text)
                  0000c018    00000070     timer_tick.obj (.text)
                  0000c088    0000006e     rtsv7M4_T_le_v4SPD16_eabi.lib : _printfi.c.obj (.text:_mcpy)
                  0000c0f6    00000002     --HOLE-- [fill = 0]
                  0000c0f8    00000068                                   : hostlseek.c.obj (.text:HOSTlseek)
                  0000c160    00000068                                   : hostrename.c.obj (.text:HOSTrename)
                  0000c1c8    00000068                                   : copy_decompress_lzss.c.obj (.text:decompress:lzss:__TI_decompress_lzss)
                  0000c230    00000068                                   : printf.c.obj (.text:printf)
                  0000c298    00000064                                   : s_frexp.c.obj (.text:frexp)
                  0000c2fc    00000064                                   : fseek.c.obj (.text:fseek)
                  0000c360    00000062                                   : _io_perm.c.obj (.text:__TI_wrt_ok)
                  0000c3c2    00000002     --HOLE-- [fill = 0]
                  0000c3c4    00000060                                   : hostopen.c.obj (.text:HOSTopen)
                  0000c424    0000005c                                   : close.c.obj (.text:close)
                  0000c480    00000058                                   : hostread.c.obj (.text:HOSTread)
                  0000c4d8    00000058                                   : hostwrite.c.obj (.text:HOSTwrite)
                  0000c530    00000058     blinker.obj (.text)
                  0000c588    00000056     rtsv7M4_T_le_v4SPD16_eabi.lib : _printfi.c.obj (.text:_pconv_f)
                  0000c5de    00000054                                   : ltoa.c.obj (.text:ltoa)
                  0000c632    00000052                                   : _printfi.c.obj (.text:_ecpy)
                  0000c684    0000004c                                   : fflush.c.obj (.text:__TI_doflush)
                  0000c6d0    0000004c                                   : atoi.c.obj (.text:atoi)
                  0000c71c    00000048                                   : exit.c.obj (.text:exit)
                  0000c764    00000048                                   : fd_toi_t2.asm.obj (.text)
                  0000c7ac    00000044                                   : hostclose.c.obj (.text:HOSTclose)
                  0000c7f0    00000044                                   : hostunlink.c.obj (.text:HOSTunlink)
                  0000c834    00000044                                   : autoinit.c.obj (.text:__TI_auto_init_nobinit_nopinit:__TI_auto_init_nobinit_nopinit)
                  0000c878    00000044                                   : getdevice.c.obj (.text:getdevice)
                  0000c8bc    00000040                                   : sprintf.c.obj (.text:sprintf)
                  0000c8fc    0000003e                                   : _printfi.c.obj (.text:_fcpy)
                  0000c93a    00000002     --HOLE-- [fill = 0]
                  0000c93c    00000038                                   : trgmsg.c.obj (.text:__TI_writemsg)
                  0000c974    00000036                                   : strncpy.c.obj (.text:strncpy)
                  0000c9aa    00000002     --HOLE-- [fill = 0]
                  0000c9ac    00000034                                   : fopen.c.obj (.text:__TI_cleanup)
                  0000c9e0    00000034                                   : trgmsg.c.obj (.text:__TI_readmsg)
                  0000ca14    00000034                                   : boot_cortex_m.c.obj (.text:_c_int00_noargs:_c_int00_noargs)
                  0000ca48    00000034                                   : fopen.c.obj (.text:freopen)
                  0000ca7c    00000030                                   : getdevice.c.obj (.text:finddevice)
                  0000caac    0000002e                                   : i_tofd_t2.asm.obj (.text)
                  0000cada    00000002     --HOLE-- [fill = 0]
                  0000cadc    0000002c                                   : unlink.c.obj (.text:unlink)
                  0000cb08    00000028                                   : memory.c.obj (.text:free_list_insert)
                  0000cb30    00000028                                   : lseek.c.obj (.text:lseek)
                  0000cb58    00000028                                   : write.c.obj (.text:write)
                  0000cb80    00000024     CortexM.obj (.text)
                  0000cba4    00000020     rtsv7M4_T_le_v4SPD16_eabi.lib : memchr.c.obj (.text:memchr)
                  0000cbc4    0000001e                                   : strcat.c.obj (.text:strcat)
                  0000cbe2    00000002     --HOLE-- [fill = 0]
                  0000cbe4    0000001c                                   : memory.c.obj (.text:free_list_remove)
                  0000cc00    0000001c                                   : memccpy.c.obj (.text:memccpy)
                  0000cc1c    0000001a                                   : s_copysign.c.obj (.text:copysign)
                  0000cc36    00000018                                   : sprintf.c.obj (.text:_outs)
                  0000cc4e    00000018                                   : strcmp.c.obj (.text:strcmp)
                  0000cc66    00000016                                   : strchr.c.obj (.text:strchr)
                  0000cc7c    00000014                                   : strcpy.c.obj (.text:strcpy)
                  0000cc90    00000014                                   : strlen.c.obj (.text:strlen)
                  0000cca4    00000012                                   : wcslen.c.obj (.text:wcslen)
                  0000ccb6    0000000e                                   : copy_decompress_none.c.obj (.text:decompress:none:__TI_decompress_none)
                  0000ccc4    0000000e     startup_msp432p401r_ccs.obj (.text)
                  0000ccd2    0000000c     rtsv7M4_T_le_v4SPD16_eabi.lib : copy_zero_init.c.obj (.text:decompress:ZI:__TI_zero_init)
                  0000ccde    0000000a                                   : sprintf.c.obj (.text:_outc)
                  0000cce8    00000008                                   : errno.c.obj (.text:__aeabi_errno_addr)
                  0000ccf0    00000008                                   : memory.c.obj (.text:malloc)
                  0000ccf8    00000004                                   : printf.c.obj (.text:_outc)
                  0000ccfc    00000004                                   : printf.c.obj (.text:_outs)
                  0000cd00    00000004                                   : pre_init.c.obj (.text:_system_pre_init)
                  0000cd04    00000004                                   : exit.c.obj (.text:abort:abort)

.const     0    0000cd08    0000314f     
                  0000cd08    00002000     fixed.obj (.const:SinTab2)
                  0000ed08    00000c48     fixed.obj (.const:SinTab)
                  0000f950    000001e0     SSD1306.obj (.const:ASCII)
                  0000fb30    00000101     rtsv7M4_T_le_v4SPD16_eabi.lib : ctype.c.obj (.const:.string:_ctypes_)
                  0000fc31    00000001     --HOLE-- [fill = 0]
                  0000fc32    0000003c     driver.obj (.const:OpcodeTranslateTable)
                  0000fc6e    00000002     SSD1306.obj (.const:.string:scrollList1a)
                  0000fc70    00000038     driver.obj (.const:_SlActionLookupTable)
                  0000fca8    0000002c     main.obj (.const:$P$T0$1)
                  0000fcd4    00000020     driver.obj (.const:RxMsgClassLUT)
                  0000fcf4    00000014     driver.obj (.const:$P$T0$1)
                  0000fd08    00000014     nonos.obj (.const:$P$T0$1)
                  0000fd1c    00000014     main.obj (.const:$P$T1$2)
                  0000fd30    00000010     socket.obj (.const:.string:_SlPayloadByProtocolLUT)
                  0000fd40    0000000c     main.obj (.const:$P$T2$3)
                  0000fd4c    00000008     SSD1306.obj (.const:.string:postmask)
                  0000fd54    00000008     SSD1306.obj (.const:.string:premask)
                  0000fd5c    00000008     device.obj (.const:StartResponseLUT)
                  0000fd64    00000008     driver.obj (.const:g_H2NCnysPattern)
                  0000fd6c    00000008     driver.obj (.const:g_H2NSyncPattern)
                  0000fd74    00000006     SSD1306.obj (.const:.string:init5)
                  0000fd7a    00000005     SSD1306.obj (.const:.string:dlist1)
                  0000fd7f    00000001     --HOLE-- [fill = 0]
                  0000fd80    00000004     netapp.obj (.const:$P$T0$1)
                  0000fd84    00000004     socket.obj (.const:$P$T0$1)
                  0000fd88    00000004     wlan.obj (.const:$P$T0$1)
                  0000fd8c    00000004     socket.obj (.const:$P$T1$2)
                  0000fd90    00000004     wlan.obj (.const:$P$T1$2)
                  0000fd94    00000004     socket.obj (.const:$P$T2$3)
                  0000fd98    00000004     wlan.obj (.const:$P$T2$3)
                  0000fd9c    00000004     SSD1306.obj (.const:.string:init1)
                  0000fda0    00000004     SSD1306.obj (.const:.string:init2)
                  0000fda4    00000004     SSD1306.obj (.const:.string:init3)
                  0000fda8    00000004     socket.obj (.const:_SlAcceptCmdCtrl)
                  0000fdac    00000004     device.obj (.const:_SlDeviceGetCmdCtrl)
                  0000fdb0    00000004     device.obj (.const:_SlDeviceSetCmdCtrl)
                  0000fdb4    00000004     device.obj (.const:_SlEventMaskGetCmdCtrl)
                  0000fdb8    00000004     device.obj (.const:_SlEventMaskSetCmdCtrl)
                  0000fdbc    00000004     netapp.obj (.const:_SlGetHostByNameCtrl)
                  0000fdc0    00000004     netapp.obj (.const:_SlGetHostByServiceCtrl)
                  0000fdc4    00000004     netapp.obj (.const:_SlGetServiceListeCtrl)
                  0000fdc8    00000004     socket.obj (.const:_SlGetSockOptCmdCtrl)
                  0000fdcc    00000004     socket.obj (.const:_SlListenCmdCtrl)
                  0000fdd0    00000004     netapp.obj (.const:_SlNetAppGetCmdCtrl)
                  0000fdd4    00000004     netapp.obj (.const:_SlNetAppSendTokenValueCmdCtrl)
                  0000fdd8    00000004     netapp.obj (.const:_SlNetAppSetCmdCtrl)
                  0000fddc    00000004     netapp.obj (.const:_SlNetAppStartCtrl)
                  0000fde0    00000004     netapp.obj (.const:_SlNetAppStopCtrl)
                  0000fde4    00000004     netcfg.obj (.const:_SlNetCfgGetCmdCtrl)
                  0000fde8    00000004     netcfg.obj (.const:_SlNetCfgSetCmdCtrl)
                  0000fdec    00000004     wlan.obj (.const:_SlPolicyGetCmdCtrl)
                  0000fdf0    00000004     wlan.obj (.const:_SlPolicySetCmdCtrl)
                  0000fdf4    00000004     wlan.obj (.const:_SlProfileDelCmdCtrl)
                  0000fdf8    00000004     wlan.obj (.const:_SlProfileGetCmdCtrl)
                  0000fdfc    00000004     socket.obj (.const:_SlRecvCmdCtrl)
                  0000fe00    00000004     socket.obj (.const:_SlRecvfomCmdCtrl)
                  0000fe04    00000004     netapp.obj (.const:_SlRegisterServiceCtrl)
                  0000fe08    00000004     wlan.obj (.const:_SlRxFilterAddtCmdCtrl)
                  0000fe0c    00000004     wlan.obj (.const:_SlRxFilterGetCmdCtrl)
                  0000fe10    00000004     wlan.obj (.const:_SlRxFilterSetCmdCtrl)
                  0000fe14    00000004     socket.obj (.const:_SlSelectCmdCtrl)
                  0000fe18    00000004     socket.obj (.const:_SlSendCmdCtrl)
                  0000fe1c    00000004     socket.obj (.const:_SlSetSockOptCmdCtrl)
                  0000fe20    00000004     wlan.obj (.const:_SlSmartConfigStartCmdCtrl)
                  0000fe24    00000004     socket.obj (.const:_SlSockCloseCmdCtrl)
                  0000fe28    00000004     socket.obj (.const:_SlSockSocketCmdCtrl)
                  0000fe2c    00000004     device.obj (.const:_SlStopCmdCtrl)
                  0000fe30    00000004     wlan.obj (.const:_SlWlanCfgGetCmdCtrl)
                  0000fe34    00000004     wlan.obj (.const:_SlWlanCfgSetCmdCtrl)
                  0000fe38    00000004     wlan.obj (.const:_SlWlanGetNetworkListCtrl)
                  0000fe3c    00000004     wlan.obj (.const:_SlWlanSetModeCmdCtrl)
                  0000fe40    00000003     SSD1306.obj (.const:.string:init4b)
                  0000fe43    00000003     SSD1306.obj (.const:.string:scrollList1b)
                  0000fe46    00000003     SSD1306.obj (.const:.string:scrollList2b)
                  0000fe49    00000002     SSD1306.obj (.const:.string:scrollList2a)
                  0000fe4b    00000002     SSD1306.obj (.const:.string:scrollList3a)
                  0000fe4d    00000002     SSD1306.obj (.const:.string:scrollList3b)
                  0000fe4f    00000002     SSD1306.obj (.const:.string:scrollList3c)
                  0000fe51    00000002     SSD1306.obj (.const:.string:scrollList4a)
                  0000fe53    00000002     SSD1306.obj (.const:.string:scrollList4b)
                  0000fe55    00000002     SSD1306.obj (.const:.string:scrollList4c)

.cinit     0    0000fe58    000000b0     
                  0000fe58    00000087     (.cinit..data.load) [load image, compression = lzss]
                  0000fedf    00000001     --HOLE-- [fill = 0]
                  0000fee0    0000000c     (__TI_handler_table)
                  0000feec    00000004     --HOLE-- [fill = 0]
                  0000fef0    00000008     (.cinit..bss.load) [load image, compression = zero_init]
                  0000fef8    00000010     (__TI_cinit_table)

.init_array 
*          0    00000000    00000000     UNINITIALIZED

.binit     0    00000000    00000000     

.bss       0    20000000    0000163f     UNINITIALIZED
                  20000000    00000400     (.common:Recvbuff)
                  20000400    00000400     (.common:SendBuff)
                  20000800    00000400     (.common:buffer)
                  20000c00    00000364     (.common:LogMessage)
                  20000f64    00000168     driver.obj (.bss:g_StatMem)
                  200010cc    00000120     rtsv7M4_T_le_v4SPD16_eabi.lib : trgmsg.c.obj (.bss:_CIOBUF_)
                  200011ec    00000100     (.common:Value1String)
                  200012ec    00000100     (.common:Value2String)
                  200013ec    00000100     (.common:Value3String)
                  200014ec    000000a0     (.common:__TI_tmpnams)
                  2000158c    00000008     (.common:Messageb)
                  20001594    00000008     (.common:parmbuf)
                  2000159c    00000004     (.common:DataCount)
                  200015a0    00000004     (.common:DestinationIP)
                  200015a4    00000004     (.common:Error)
                  200015a8    00000004     (.common:L)
                  200015ac    00000004     (.common:LastLeftSteps)
                  200015b0    00000004     (.common:LastRightSteps)
                  200015b4    00000004     (.common:LeftSteps)
                  200015b8    00000004     (.common:Lr)
                  200015bc    00000004     (.common:Messageindexb)
                  200015c0    00000004     (.common:MyTheta)
                  200015c4    00000004     (.common:MyX)
                  200015c8    00000004     (.common:MyY)
                  200015cc    00000004     (.common:PeriodicTask32)
                  200015d0    00000004     (.common:R)
                  200015d4    00000004     (.common:RacingStatus)
                  200015d8    00000004     (.common:RightSteps)
                  200015dc    00000004     (.common:Robottheta)
                  200015e0    00000004     (.common:Robotx)
                  200015e4    00000004     (.common:Roboty)
                  200015e8    00000004     (.common:Rr)
                  200015ec    00000004     (.common:Running)
                  200015f0    00000004     (.common:SockID)
                  200015f4    00000004     (.common:TimerA1Task)
                  200015f8    00000004     (.common:TotalLeftSteps)
                  200015fc    00000004     (.common:TotalRightSteps)
                  20001600    00000004     (.common:badCount)
                  20001604    00000004     (.common:desiredTh)
                  20001608    00000004     (.common:desiredX)
                  2000160c    00000004     (.common:desiredY)
                  20001610    00000004     (.common:dtheta)
                  20001614    00000004     (.common:dz)
                  20001618    00000004     (.common:goal)
                  2000161c    00000004     (.common:lastgoal)
                  20001620    00000004     (.common:rotation)
                  20001624    00000004     (.common:vccstate)
                  20001628    00000002     (.common:LeftTach)
                  2000162a    00000002     (.common:RightTach)
                  2000162c    00000002     (.common:StartX)
                  2000162e    00000002     (.common:StartY)
                  20001630    00000002     (.common:Tachometer_FirstLeftTime)
                  20001632    00000002     (.common:Tachometer_FirstRightTime)
                  20001634    00000002     (.common:Tachometer_SecondLeftTime)
                  20001636    00000002     (.common:Tachometer_SecondRightTime)
                  20001638    00000001     (.common:Action)
                  20001639    00000001     (.common:Goal)
                  2000163a    00000001     (.common:IntIsMasked)
                  2000163b    00000001     (.common:LeftDir)
                  2000163c    00000001     (.common:RightDir)
                  2000163d    00000001     (.common:RxIrqCnt)
                  2000163e    00000001     (.common:g_bDeviceRestartIsRequired)

.sysmem    0    20001640    00000400     UNINITIALIZED
                  20001640    00000010     rtsv7M4_T_le_v4SPD16_eabi.lib : memory.c.obj (.sysmem)
                  20001650    000003f0     --HOLE--

.data      0    20001a40    0000028c     UNINITIALIZED
                  20001a40    000000f0     rtsv7M4_T_le_v4SPD16_eabi.lib : defs.c.obj (.data:_ftable)
                  20001b30    00000078                                   : host_device.c.obj (.data:_device)
                  20001ba8    00000050                                   : host_device.c.obj (.data:_stream)
                  20001bf8    0000003c     nonos.obj (.data:g__SlNonOsCB)
                  20001c34    00000018     Clock.obj (.data)
                  20001c4c    00000010     rtsv7M4_T_le_v4SPD16_eabi.lib : defs.c.obj (.data)
                  20001c5c    0000000d     driver.obj (.data)
                  20001c69    00000003     --HOLE--
                  20001c6c    0000000c     rtsv7M4_T_le_v4SPD16_eabi.lib : exit.c.obj (.data:$O1$$)
                  20001c78    0000000c     TA3InputCapture.obj (.data)
                  20001c84    0000000a     Tachometer.obj (.data)
                  20001c8e    00000002     --HOLE--
                  20001c90    00000008     rtsv7M4_T_le_v4SPD16_eabi.lib : _lock.c.obj (.data:$O1$$)
                  20001c98    00000008                                   : memory.c.obj (.data:$O1$$)
                  20001ca0    00000008     main.obj (.data)
                  20001ca8    00000008     odometry.obj (.data)
                  20001cb0    00000004     SSD1306.obj (.data)
                  20001cb4    00000004     board.obj (.data)
                  20001cb8    00000004     rtsv7M4_T_le_v4SPD16_eabi.lib : add_device.c.obj (.data)
                  20001cbc    00000004                                   : errno.c.obj (.data)
                  20001cc0    00000004                                   : fopen.c.obj (.data)
                  20001cc4    00000004                                   : open.c.obj (.data)
                  20001cc8    00000004     system_msp432p401r.obj (.data)

.stack     0    2000fe00    00000200     UNINITIALIZED
                  2000fe00    00000004     rtsv7M4_T_le_v4SPD16_eabi.lib : boot_cortex_m.c.obj (.stack)
                  2000fe04    000001fc     --HOLE--

MODULE SUMMARY

       Module                        code    ro data   rw data
       ------                        ----    -------   -------
    ..\
       UART0.obj                     1760    0         24     
    +--+-----------------------------+-------+---------+---------+
       Total:                        1760    0         24     
                                                              
    .\
       fixed.obj                     560     11336     0      
       main.obj                      3660    76        7424   
       SSD1306.obj                   6040    544       2080   
       driver.obj                    7600    184       750    
       socket.obj                    3904    68        0      
       wlan.obj                      3576    60        0      
       netapp.obj                    3088    40        0      
       odometry.obj                  2768    0         232    
       device.obj                    1392    28        0      
       PWM.obj                       1056    0         0      
       system_msp432p401r.obj        812     0         8      
       nonos.obj                     412     20        120    
       spi.obj                       540     0         0      
       Clock.obj                     480     0         48     
       TA3InputCapture.obj           468     0         24     
       Motor.obj                     396     0         0      
       netcfg.obj                    360     8         0      
       Tachometer.obj                316     0         36     
       board.obj                     284     0         10     
       LaunchPad.obj                 244     0         0      
       startup_msp432p401r_ccs.obj   14      228       0      
       fpu.obj                       192     0         0      
       TimerA1.obj                   168     0         8      
       Bump.obj                      120     0         0      
       Timer32.obj                   112     0         8      
       timer_tick.obj                112     0         0      
       blinker.obj                   88      0         0      
       CortexM.obj                   36      0         0      
    +--+-----------------------------+-------+---------+---------+
       Total:                        38798   12592     10748  
                                                              
    E:\ti\ccs900\ccs\tools\compiler\ti-cgt-arm_18.12.1.LTS\lib\rtsv7M4_T_le_v4SPD16_eabi.lib
       _printfi.c.obj                4851    0         0      
       defs.c.obj                    0       0         832    
       memory.c.obj                  676     0         16     
       trgmsg.c.obj                  108     0         576    
       fopen.c.obj                   528     0         8      
       fd_add_t2.asm.obj             438     0         0      
       host_device.c.obj             0       0         400    
       fd_div_t2.asm.obj             310     0         0      
       fputs.c.obj                   276     0         0      
       s_scalbn.c.obj                272     0         0      
       fd_cmp_t2.asm.obj             268     0         0      
       ctype.c.obj                   0       257       0      
       fd_mul_t2.asm.obj             252     0         0      
       setvbuf.c.obj                 220     0         0      
       open.c.obj                    188     0         8      
       add_device.c.obj              184     0         8      
       memcpy_t2.asm.obj             156     0         0      
       ull_div_t2.asm.obj            150     0         0      
       fputc.c.obj                   140     0         0      
       memset_t2.asm.obj             122     0         0      
       fclose.c.obj                  116     0         0      
       getdevice.c.obj               116     0         0      
       hostopen.c.obj                96      0         16     
       printf.c.obj                  112     0         0      
       copy_decompress_lzss.c.obj    104     0         0      
       hostlseek.c.obj               104     0         0      
       hostrename.c.obj              104     0         0      
       exit.c.obj                    76      0         24     
       fseek.c.obj                   100     0         0      
       s_frexp.c.obj                 100     0         0      
       _io_perm.c.obj                98      0         0      
       sprintf.c.obj                 98      0         0      
       close.c.obj                   92      0         0      
       hostread.c.obj                88      0         0      
       hostwrite.c.obj               88      0         0      
       ltoa.c.obj                    84      0         0      
       atoi.c.obj                    76      0         0      
       fflush.c.obj                  76      0         0      
       fd_toi_t2.asm.obj             72      0         0      
       autoinit.c.obj                68      0         0      
       hostclose.c.obj               68      0         0      
       hostunlink.c.obj              68      0         0      
       strncpy.c.obj                 54      0         0      
       boot_cortex_m.c.obj           52      0         0      
       i_tofd_t2.asm.obj             46      0         0      
       unlink.c.obj                  44      0         0      
       lseek.c.obj                   40      0         0      
       write.c.obj                   40      0         0      
       memchr.c.obj                  32      0         0      
       strcat.c.obj                  30      0         0      
       memccpy.c.obj                 28      0         0      
       s_copysign.c.obj              26      0         0      
       strcmp.c.obj                  24      0         0      
       strchr.c.obj                  22      0         0      
       strcpy.c.obj                  20      0         0      
       strlen.c.obj                  20      0         0      
       _lock.c.obj                   2       0         16     
       wcslen.c.obj                  18      0         0      
       errno.c.obj                   8       0         8      
       copy_decompress_none.c.obj    14      0         0      
       copy_zero_init.c.obj          12      0         0      
       pre_init.c.obj                4       0         0      
       div0.asm.obj                  2       0         0      
    +--+-----------------------------+-------+---------+---------+
       Total:                        11681   257       1912   
                                                              
       Heap:                         0       0         2048   
       Stack:                        0       0         1024   
       Linker Generated:             0       171       0      
    +--+-----------------------------+-------+---------+---------+
       Grand Total:                  52239   13020     15756  


LINKER GENERATED COPY TABLES

__TI_cinit_table @ 0000fef8 records: 2, size/record: 8, table size: 16
	.data: load addr=0000fe58, load size=00000087 bytes, run addr=20001a40, run size=0000028c bytes, compression=lzss
	.bss: load addr=0000fef0, load size=00000008 bytes, run addr=20000000, run size=0000163f bytes, compression=zero_init


LINKER GENERATED HANDLER TABLE

__TI_handler_table @ 0000fee0 records: 3, size/record: 4, table size: 12
	index: 0, handler: __TI_decompress_lzss
	index: 1, handler: __TI_decompress_none
	index: 2, handler: __TI_zero_init


GLOBAL SYMBOLS: SORTED ALPHABETICALLY BY Name 

address   name                                  
-------   ----                                  
0000ccd1  ADC14_IRQHandler                      
0000ccd1  AES256_IRQHandler                     
20001638  Action                                
0000c531  Blinker_Init                          
0000c55b  Blinker_Output                        
0000bebd  Bump_Init                             
0000bef1  Bump_Read                             
0000ccd1  BusFault_Handler                      
0000cd05  C$$EXIT                               
0000c96b  C$$IO$$                               
0000ae41  CC3100_InterruptDisable               
0000ae15  CC3100_InterruptEnable                
0000adfd  CC3100_disable                        
0000ae09  CC3100_enable                         
0000ccd1  COMP_E0_IRQHandler                    
0000ccd1  COMP_E1_IRQHandler                    
20001c3c  CPMwait                               
0000ccd1  CS_IRQHandler                         
20001c78  CaptureTask0                          
20001c7c  CaptureTask1                          
20001c80  CaptureTask2                          
000045b9  CheckBumper                           
00007831  CheckGoal                             
000045e3  ClearData                             
20001c34  ClockFrequency                        
00009e8d  Clock_Delay1ms                        
00009e63  Clock_Delay1us                        
00009e4f  Clock_GetFreq                         
00009d39  Clock_Init48MHz                       
0000456d  Crash                                 
20001c48  Crystalstable                         
20001cb0  CurrentX                              
20001cb2  CurrentY                              
0000ccd1  DMA_ERR_IRQHandler                    
0000ccd1  DMA_INT0_IRQHandler                   
0000ccd1  DMA_INT1_IRQHandler                   
0000ccd1  DMA_INT2_IRQHandler                   
0000ccd1  DMA_INT3_IRQHandler                   
2000159c  DataCount                             
0000ccd1  DebugMon_Handler                      
0000ccd1  Default_Handler                       
0000ae93  Delay                                 
200015a0  DestinationIP                         
0000cb81  DisableInterrupts                     
00007181  Display                               
0000ccd1  EUSCIA0_IRQHandler                    
0000ccd1  EUSCIA1_IRQHandler                    
0000ccd1  EUSCIA2_IRQHandler                    
0000ccd1  EUSCIA3_IRQHandler                    
0000ccd1  EUSCIB0_IRQHandler                    
0000ccd1  EUSCIB1_IRQHandler                    
0000ccd1  EUSCIB2_IRQHandler                    
0000ccd1  EUSCIB3_IRQHandler                    
0000cb87  EnableInterrupts                      
0000cb97  EndCritical                           
200015a4  Error                                 
0000ccd1  FLCTL_IRQHandler                      
0000ccd1  FPU_IRQHandler                        
0000b6df  FPU_disableModule                     
0000b70b  FPU_disableStacking                   
0000b6ff  FPU_enableLazyStacking                
0000b6cd  FPU_enableModule                      
0000b6ed  FPU_enableStacking                    
0000b74b  FPU_setFlushToZeroMode                
0000b717  FPU_setHalfPrecisionMode              
0000b731  FPU_setNaNMode                        
0000b765  FPU_setRoundingMode                   
00007311  Forward                               
000073c9  ForwardUntilCrash                     
00007789  ForwardUntilThStatus                  
00007409  ForwardUntilX                         
000074ab  ForwardUntilXStart                    
00007511  ForwardUntilXStatus                   
00007581  ForwardUntilY                         
00007605  ForwardUntilYStart                    
00007633  ForwardUntilYStatus                   
20001639  Goal                                  
0000c7ad  HOSTclose                             
0000c0f9  HOSTlseek                             
0000c3c5  HOSTopen                              
0000c481  HOSTread                              
0000c161  HOSTrename                            
0000c7f1  HOSTunlink                            
0000c4d9  HOSTwrite                             
0000ccd1  HardFault_Handler                     
00007331  HardLeft                              
00007351  HardRight                             
20001c44  IFlags                                
2000163a  IntIsMasked                           
200015a8  L                                     
200015ac  LastLeftSteps                         
200015b0  LastRightSteps                        
0000b321  LaunchPad_Init                        
0000b391  LaunchPad_Input                       
0000b3ab  LaunchPad_LED                         
0000b3c9  LaunchPad_Output                      
2000163b  LeftDir                               
200015b4  LeftSteps                             
20001628  LeftTach                              
000045f9  LogData                               
20000c00  LogMessage                            
200015b8  Lr                                    
0000ae57  MaskIntHdlr                           
0000ccd1  MemManage_Handler                     
2000158c  Messageb                              
200015bc  Messageindexb                         
20001ca8  MotorFast                             
20001cac  MotorSlow                             
0000a73f  Motor_Backward                        
0000a677  Motor_Forward                         
0000a611  Motor_Init                            
0000a6f9  Motor_Left                            
0000a6b3  Motor_Right                           
0000a663  Motor_Stop                            
200015c0  MyTheta                               
200015c4  MyX                                   
200015c8  MyY                                   
0000ccd1  NMI_Handler                           
000070ad  Odometry_Get                          
0000709d  Odometry_GetAngle                     
00007091  Odometry_GetX                         
00007097  Odometry_GetY                         
00006dd9  Odometry_Init                         
00006dc1  Odometry_SetPower                     
00006df9  Odometry_Update                       
0000fc32  OpcodeTranslateTable                  
0000ccd1  PCM_IRQHandler                        
0000ccd1  PORT1_IRQHandler                      
0000ae71  PORT2_IRQHandler                      
0000ae71  PORT2_IRQHandler                      
0000ccd1  PORT3_IRQHandler                      
0000ccd1  PORT4_IRQHandler                      
0000ccd1  PORT5_IRQHandler                      
0000ccd1  PORT6_IRQHandler                      
0000ccd1  PSS_IRQHandler                        
0000901b  PWM_Duty1                             
0000903b  PWM_Duty2                             
000090df  PWM_Duty3                             
000090ff  PWM_Duty4                             
00008f31  PWM_Init1                             
00008f97  PWM_Init12                            
0000905b  PWM_Init34                            
00009247  PWM_RobotArmDuty0                     
0000926d  PWM_RobotArmDuty1                     
00009293  PWM_RobotArmDuty2                     
00009267  PWM_RobotArmGetDuty0                  
0000928d  PWM_RobotArmGetDuty1                  
000092b3  PWM_RobotArmGetDuty2                  
0000911f  PWM_RobotArmInit                      
0000ccd1  PendSV_Handler                        
200015cc  PeriodicTask32                        
20001c40  Postwait                              
20001c38  Prewait                               
200015d0  R                                     
0000ccd1  RTC_C_IRQHandler                      
000045d3  Racing                                
200015d4  RacingStatus                          
20000000  Recvbuff                              
0000ccc5  Reset_Handler                         
2000163c  RightDir                              
200015d8  RightSteps                            
2000162a  RightTach                             
200015dc  Robottheta                            
200015e0  Robotx                                
200015e4  Roboty                                
200015e8  Rr                                    
200015ec  Running                               
2000163d  RxIrqCnt                              
000044f1  SL_FD_CLR                             
00004519  SL_FD_ISSET                           
000044c9  SL_FD_SET                             
00004545  SL_FD_ZERO                            
000022f9  SSD1306_Clear                         
000022b9  SSD1306_ClearBuffer                   
00002d15  SSD1306_Dim                           
00002bcf  SSD1306_DisplayBuffer                 
000021b9  SSD1306_DrawChar                      
00002591  SSD1306_DrawFastHLine                 
000027b5  SSD1306_DrawFastVLine                 
0000234d  SSD1306_DrawFullImage                 
00002039  SSD1306_DrawPixel                     
0000226d  SSD1306_DrawString                    
00002bcb  SSD1306_GetBuffer                     
00002acd  SSD1306_GetPixel                      
00001f33  SSD1306_Init                          
00002cff  SSD1306_InvertDisplay                 
00002dc1  SSD1306_OutChar                       
000034d7  SSD1306_OutHex7                       
00003125  SSD1306_OutSDec                       
000033e9  SSD1306_OutSFix1                      
00002ee7  SSD1306_OutString                     
00002f41  SSD1306_OutUDec                       
00003535  SSD1306_OutUDec16                     
000035cd  SSD1306_OutUDec2                      
0000335b  SSD1306_OutUFix1                      
0000350d  SSD1306_OutUHex7                      
000023b1  SSD1306_PrintBMP                      
00002d47  SSD1306_SetCursor                     
000026a3  SSD1306_drawFastHLineInternal         
000028cd  SSD1306_drawFastVLineInternal         
00002cb5  SSD1306_startscrolldiagleft           
00002c71  SSD1306_startscrolldiagright          
00002c3b  SSD1306_startscrollleft               
00002c09  SSD1306_startscrollright              
00002cf5  SSD1306_stopscroll                    
0000ccd1  SVC_Handler                           
20000400  SendBuff                              
000046a9  SendData                              
0000516b  SimpleLinkGeneralEventHandler         
0000515d  SimpleLinkHttpServerCallback          
0000512d  SimpleLinkNetAppEventHandler          
0000517d  SimpleLinkSockEventHandler            
000050bd  SimpleLinkWlanEventHandler            
0000ed08  SinTab                                
0000cd08  SinTab2                               
200015f0  SockID                                
00007371  SoftLeft                              
000076a3  SoftLeftUntilTh                       
0000774d  SoftLeftUntilThStart                  
00007395  SoftRight                             
0000cb8d  StartCritical                         
2000162c  StartX                                
2000162e  StartY                                
000072fb  StopUntilBumperTouched                
0000ccd1  SysTick_Handler                       
20001cc8  SystemCoreClock                       
00009351  SystemCoreClockUpdate                 
000095c5  SystemInit                            
0000bff1  T32_INT1_IRQHandler                   
0000bff1  T32_INT1_IRQHandler                   
0000ccd1  T32_INT2_IRQHandler                   
0000ccd1  T32_INTC_IRQHandler                   
0000ccd1  TA0_0_IRQHandler                      
0000ccd1  TA0_N_IRQHandler                      
0000ba27  TA1_0_IRQHandler                      
0000ba27  TA1_0_IRQHandler                      
0000ccd1  TA1_N_IRQHandler                      
0000ccd1  TA2_0_IRQHandler                      
0000ccd1  TA2_N_IRQHandler                      
00009fa5  TA3_0_IRQHandler                      
00009fa5  TA3_0_IRQHandler                      
00009fbf  TA3_N_IRQHandler                      
00009fbf  TA3_N_IRQHandler                      
20001630  Tachometer_FirstLeftTime              
20001632  Tachometer_FirstRightTime             
0000a9bb  Tachometer_Get                        
0000a991  Tachometer_Init                       
20001c8d  Tachometer_LeftDir                    
20001c88  Tachometer_LeftSteps                  
20001c8c  Tachometer_RightDir                   
20001c84  Tachometer_RightSteps                 
20001634  Tachometer_SecondLeftTime             
20001636  Tachometer_SecondRightTime            
0000bfa9  Timer32_Init                          
200015f4  TimerA1Task                           
0000b9b5  TimerA1_Init                          
0000ba13  TimerA1_Stop                          
0000c019  TimerA2_Init                          
00009f25  TimerA3Capture_Init01                 
00009fff  TimerA3Capture_Init02                 
200015f8  TotalLeftSteps                        
200015fc  TotalRightSteps                       
00008327  UART0_InChar                          
000087d1  UART0_InString                        
00008371  UART0_InUDec                          
00008685  UART0_InUHex                          
000082e1  UART0_Init                            
00008933  UART0_Initprintf                      
00008337  UART0_OutChar                         
00008425  UART0_OutSDec                         
00008353  UART0_OutString                       
000083f5  UART0_OutUDec                         
00008599  UART0_OutUDec4                        
000085e1  UART0_OutUDec5                        
00008613  UART0_OutUFix1                        
0000863b  UART0_OutUFix2                        
00008749  UART0_OutUHex                         
000087b5  UART0_OutUHex2                        
0000ae5f  UnMaskIntHdlr                         
0000710d  UpdatePosition                        
0000ccd1  UsageFault_Handler                    
200011ec  Value1String                          
200012ec  Value2String                          
200013ec  Value3String                          
4000480c  WDTCTL_SYM                            
0000ccd1  WDT_A_IRQHandler                      
0000cb9f  WaitForInterrupt                      
00007287  WaitUntilBumperTouched                
0000fc70  _SlActionLookupTable                  
00001d4d  _SlDriverHandleError                  
00001561  _SlDrvBasicCmd                        
00000445  _SlDrvCmdOp                           
000015b5  _SlDrvCmdSend                         
00000501  _SlDrvDataReadOp                      
000006e5  _SlDrvDataWriteOp                     
00008e79  _SlDrvDeviceEventHandler              
00001bb9  _SlDrvDispatchHttpServerEvents        
000002c9  _SlDrvDriverCBDeinit                  
0000012b  _SlDrvDriverCBInit                    
00001ca3  _SlDrvGlobalObjUnLock                 
00001e0d  _SlDrvIsTimeoutExpired                
00001cc5  _SlDrvMemZero                         
0000116f  _SlDrvMsgReadSpawnCtx                 
00006cad  _SlDrvNetAppEventHandler              
00001be9  _SlDrvObjLockWaitForever              
00001c3d  _SlDrvObjUnLock                       
000000e5  _SlDrvProtectAsyncRespSetting         
00001c0f  _SlDrvProtectionObjLockWaitForever    
00001c5d  _SlDrvProtectionObjUnLock             
000017c5  _SlDrvReleasePoolObj                  
00001cdb  _SlDrvResetCmdExt                     
000003ed  _SlDrvRxIrqHandler                    
00001ded  _SlDrvStartMeasureTimeout             
00001bc9  _SlDrvSyncObjSignal                   
00001ce9  _SlDrvSyncObjWaitForever              
00001d0d  _SlDrvSyncObjWaitTimeout              
00001639  _SlDrvWaitForPoolObj                  
0000fdd4  _SlNetAppSendTokenValueCmdCtrl        
0000a595  _SlNonOsMainLoopTask                  
0000a48d  _SlNonOsSemGet                        
0000a475  _SlNonOsSemSet                        
0000a535  _SlNonOsSpawn                         
200010cc  __CIOBUF_                             
20010000  __STACK_END                           
00000200  __STACK_SIZE                          
00000400  __SYSMEM_SIZE                         
0000fef8  __TI_CINIT_Base                       
0000ff08  __TI_CINIT_Limit                      
0000fee0  __TI_Handler_Table_Base               
0000feec  __TI_Handler_Table_Limit              
0000c835  __TI_auto_init_nobinit_nopinit        
0000c9ad  __TI_cleanup                          
20001c6c  __TI_cleanup_ptr                      
0000bf35  __TI_closefile                        
0000c1c9  __TI_decompress_lzss                  
0000ccb7  __TI_decompress_none                  
0000c685  __TI_doflush                          
20001c70  __TI_dtors_ptr                        
20001c74  __TI_enable_exit_profile_output       
20001c4c  __TI_ft_end                           
ffffffff  __TI_pprof_out_hndl                   
00007891  __TI_printfi                          
ffffffff  __TI_prof_data_size                   
ffffffff  __TI_prof_data_start                  
0000c9e1  __TI_readmsg                          
00000000  __TI_static_base__                    
200014ec  __TI_tmpnams                          
0000c93d  __TI_writemsg                         
0000c361  __TI_wrt_ok                           
0000ccd3  __TI_zero_init                        
0000bcb9  __aeabi_cdcmpeq                       
0000bcb9  __aeabi_cdcmple                       
0000bd3f  __aeabi_cdrcmple                      
0000c765  __aeabi_d2iz                          
0000a2c7  __aeabi_dadd                          
0000ab7d  __aeabi_ddiv                          
0000b225  __aeabi_dmul                          
0000a2bd  __aeabi_dsub                          
0000cce9  __aeabi_errno_addr                    
0000caad  __aeabi_i2d                           
0000a473  __aeabi_idiv0                         
0000a473  __aeabi_ldiv0                         
0000be41  __aeabi_memclr                        
0000be41  __aeabi_memclr4                       
0000be41  __aeabi_memclr8                       
0000baf9  __aeabi_memcpy                        
0000baf9  __aeabi_memcpy4                       
0000baf9  __aeabi_memcpy8                       
0000be43  __aeabi_memset                        
0000be43  __aeabi_memset4                       
0000be43  __aeabi_memset8                       
20001c58  __aeabi_stderr                        
20001c50  __aeabi_stdin                         
20001c54  __aeabi_stdout                        
0000bb95  __aeabi_uldivmod                      
ffffffff  __binit__                             
ffffffff  __c_args__                            
UNDEFED   __mpu_init                            
2000fe00  __stack                               
0000ca15  _c_int00_noargs                       
0000fb30  _ctypes_                              
20001b30  _device                               
20001a40  _ftable                               
20001c90  _lock                                 
000082df  _nop                                  
000040c5  _sl_HandleAsync_Accept                
00003c83  _sl_HandleAsync_Connect               
000066af  _sl_HandleAsync_DnsGetHostByAddr      
000067fd  _sl_HandleAsync_DnsGetHostByName      
000065e9  _sl_HandleAsync_DnsGetHostByService   
00008ab1  _sl_HandleAsync_InitComplete          
000068d1  _sl_HandleAsync_PingResponse          
00004125  _sl_HandleAsync_Select                
00008b35  _sl_HandleAsync_Stop                  
00006b8d  _sl_NetAppSendTokenValue              
000036b5  _sl_ParseAddress                      
20001ba8  _stream                               
20001640  _sys_memory                           
UNDEFED   _system_post_cinit                    
0000cd01  _system_pre_init                      
20001c94  _unlock                               
0000cd05  abort                                 
000070e9  abs                                   
0000b849  add_device                            
0000b415  aligned_alloc                         
0000c6d1  atoi                                  
20001ca4  bWifi                                 
20001600  badCount                              
ffffffff  binit                                 
20000800  buffer                                
0000c425  close                                 
00004e49  configureSimpleLinkToDefaultState     
0000cc1d  copysign                              
0000cc1d  copysignl                             
00009e55  delay                                 
20001604  desiredTh                             
20001608  desiredX                              
2000160c  desiredY                              
0000508b  disconnectFromAP                      
20001610  dtheta                                
20001614  dz                                    
20001cbc  errno                                 
00005027  establishConnectionWithAP             
0000c71d  exit                                  
00008865  ferror                                
0000884b  fgetc                                 
0000ca7d  finddevice                            
00009965  fixed_cos                             
00009a6f  fixed_cos2                            
000098ed  fixed_sin                             
000099e1  fixed_sin2                            
0000ba5d  fopen                                 
0000bc2d  fputc                                 
0000aef5  fputs                                 
0000b509  free                                  
0000ca49  freopen                               
0000c299  frexp                                 
0000c299  frexpl                                
0000c2fd  fseek                                 
20001c5c  g_SlDeviceStatus                      
20001ca0  g_Status                              
20001bf8  g__SlNonOsCB                          
2000163e  g_bDeviceRestartIsRequired            
20001c60  g_pCB                                 
0000c879  getdevice                             
20001618  goal                                  
0000add9  initClk                               
00000000  interruptVectors                      
2000161c  lastgoal                              
0000b009  ldexp                                 
0000b009  ldexpl                                
0000cb31  lseek                                 
0000c5df  ltoa                                  
0000496d  main                                  
0000ccf1  malloc                                
0000b415  memalign                              
0000cc01  memccpy                               
0000cba5  memchr                                
0000baf9  memcpy                                
0000be49  memset                                
0000b78d  open                                  
0000878d  outnibble                             
20001cb4  pIraEventHandler                      
20001c64  pPingCallBackFunc                     
20001594  parmbuf                               
0000c231  printf                                
0000bc2d  putc                                  
0000ade9  registerInterruptHandler              
0000cadd  remove                                
20001620  rotation                              
0000b009  scalbn                                
0000b009  scalbnl                               
0000b5f1  setvbuf                               
00003e9d  sl_Accept                             
000037df  sl_Bind                               
0000378d  sl_Close                              
00003b0d  sl_Connect                            
00008d25  sl_DevGet                             
00008de9  sl_DevSet                             
00008cb9  sl_EventMaskGet                       
00008c53  sl_EventMaskSet                       
000042af  sl_GetSockOpt                         
00004043  sl_Htonl                              
00004089  sl_Htons                              
00003e2d  sl_Listen                             
000066c1  sl_NetAppDnsGetHostByName             
000064e1  sl_NetAppDnsGetHostByService          
00006bf9  sl_NetAppGet                          
00006249  sl_NetAppGetServiceList               
00006411  sl_NetAppMDNSRegisterService          
0000633b  sl_NetAppMDNSRegisterUnregisterService
00006475  sl_NetAppMDNSUnRegisterService        
0000695d  sl_NetAppPingStart                    
00006afb  sl_NetAppSet                          
000061b1  sl_NetAppStart                        
000061fd  sl_NetAppStop                         
0000a827  sl_NetCfgGet                          
0000a79d  sl_NetCfgSet                          
0000417d  sl_Recv                               
000039cd  sl_RecvFrom                           
00004367  sl_Select                             
00003d01  sl_Send                               
0000388d  sl_SendTo                             
00004225  sl_SetSockOpt                         
0000370f  sl_Socket                             
000089dd  sl_Start                              
00008b7f  sl_Stop                               
000089d5  sl_Task                               
000053b9  sl_WlanConnect                        
00005629  sl_WlanDisconnect                     
000060d9  sl_WlanGet                            
00005bf1  sl_WlanGetNetworkList                 
000056ed  sl_WlanPolicyGet                      
0000565d  sl_WlanPolicySet                      
000057e1  sl_WlanProfileAdd                     
00005b9f  sl_WlanProfileDel                     
00005a95  sl_WlanProfileGet                     
00005c87  sl_WlanRxFilterAdd                    
00005da1  sl_WlanRxFilterGet                    
00005d1d  sl_WlanRxFilterSet                    
00005e99  sl_WlanRxStatGet                      
00005e35  sl_WlanRxStatStart                    
00005e65  sl_WlanRxStatStop                     
0000603d  sl_WlanSet                            
00005fe5  sl_WlanSetMode                        
00005f2d  sl_WlanSmartConfigStart               
00005ef9  sl_WlanSmartConfigStop                
00009b1d  spi_Close                             
00009b29  spi_Open                              
00009c83  spi_Read                              
00009c29  spi_Write                             
0000c8bd  sprintf                               
00001ebf  ssd1306_Testcommandwrite              
00001eeb  ssd1306_command                       
00001efb  ssd1306_command1                      
00001f0b  ssd1306_commandList                   
0000ae67  stopWDT                               
0000cbc5  strcat                                
0000cc67  strchr                                
0000cc4f  strcmp                                
0000cc7d  strcpy                                
0000cc91  strlen                                
0000c975  strncpy                               
00009f19  ta3dummy                              
0000a94b  tachometerLeftInt                     
0000a905  tachometerRightInt                    
0000c053  timer_GetCurrentTimestamp             
0000888b  uart_close                            
00008909  uart_lseek                            
0000887b  uart_open                             
00008897  uart_read                             
00008925  uart_rename                           
00008919  uart_unlink                           
000088c7  uart_write                            
0000cadd  unlink                                
20001624  vccstate                              
0000cca5  wcslen                                
0000cb59  write                                 


GLOBAL SYMBOLS: SORTED BY Symbol Address 

address   name                                  
-------   ----                                  
00000000  __TI_static_base__                    
00000000  interruptVectors                      
000000e5  _SlDrvProtectAsyncRespSetting         
0000012b  _SlDrvDriverCBInit                    
00000200  __STACK_SIZE                          
000002c9  _SlDrvDriverCBDeinit                  
000003ed  _SlDrvRxIrqHandler                    
00000400  __SYSMEM_SIZE                         
00000445  _SlDrvCmdOp                           
00000501  _SlDrvDataReadOp                      
000006e5  _SlDrvDataWriteOp                     
0000116f  _SlDrvMsgReadSpawnCtx                 
00001561  _SlDrvBasicCmd                        
000015b5  _SlDrvCmdSend                         
00001639  _SlDrvWaitForPoolObj                  
000017c5  _SlDrvReleasePoolObj                  
00001bb9  _SlDrvDispatchHttpServerEvents        
00001bc9  _SlDrvSyncObjSignal                   
00001be9  _SlDrvObjLockWaitForever              
00001c0f  _SlDrvProtectionObjLockWaitForever    
00001c3d  _SlDrvObjUnLock                       
00001c5d  _SlDrvProtectionObjUnLock             
00001ca3  _SlDrvGlobalObjUnLock                 
00001cc5  _SlDrvMemZero                         
00001cdb  _SlDrvResetCmdExt                     
00001ce9  _SlDrvSyncObjWaitForever              
00001d0d  _SlDrvSyncObjWaitTimeout              
00001d4d  _SlDriverHandleError                  
00001ded  _SlDrvStartMeasureTimeout             
00001e0d  _SlDrvIsTimeoutExpired                
00001ebf  ssd1306_Testcommandwrite              
00001eeb  ssd1306_command                       
00001efb  ssd1306_command1                      
00001f0b  ssd1306_commandList                   
00001f33  SSD1306_Init                          
00002039  SSD1306_DrawPixel                     
000021b9  SSD1306_DrawChar                      
0000226d  SSD1306_DrawString                    
000022b9  SSD1306_ClearBuffer                   
000022f9  SSD1306_Clear                         
0000234d  SSD1306_DrawFullImage                 
000023b1  SSD1306_PrintBMP                      
00002591  SSD1306_DrawFastHLine                 
000026a3  SSD1306_drawFastHLineInternal         
000027b5  SSD1306_DrawFastVLine                 
000028cd  SSD1306_drawFastVLineInternal         
00002acd  SSD1306_GetPixel                      
00002bcb  SSD1306_GetBuffer                     
00002bcf  SSD1306_DisplayBuffer                 
00002c09  SSD1306_startscrollright              
00002c3b  SSD1306_startscrollleft               
00002c71  SSD1306_startscrolldiagright          
00002cb5  SSD1306_startscrolldiagleft           
00002cf5  SSD1306_stopscroll                    
00002cff  SSD1306_InvertDisplay                 
00002d15  SSD1306_Dim                           
00002d47  SSD1306_SetCursor                     
00002dc1  SSD1306_OutChar                       
00002ee7  SSD1306_OutString                     
00002f41  SSD1306_OutUDec                       
00003125  SSD1306_OutSDec                       
0000335b  SSD1306_OutUFix1                      
000033e9  SSD1306_OutSFix1                      
000034d7  SSD1306_OutHex7                       
0000350d  SSD1306_OutUHex7                      
00003535  SSD1306_OutUDec16                     
000035cd  SSD1306_OutUDec2                      
000036b5  _sl_ParseAddress                      
0000370f  sl_Socket                             
0000378d  sl_Close                              
000037df  sl_Bind                               
0000388d  sl_SendTo                             
000039cd  sl_RecvFrom                           
00003b0d  sl_Connect                            
00003c83  _sl_HandleAsync_Connect               
00003d01  sl_Send                               
00003e2d  sl_Listen                             
00003e9d  sl_Accept                             
00004043  sl_Htonl                              
00004089  sl_Htons                              
000040c5  _sl_HandleAsync_Accept                
00004125  _sl_HandleAsync_Select                
0000417d  sl_Recv                               
00004225  sl_SetSockOpt                         
000042af  sl_GetSockOpt                         
00004367  sl_Select                             
000044c9  SL_FD_SET                             
000044f1  SL_FD_CLR                             
00004519  SL_FD_ISSET                           
00004545  SL_FD_ZERO                            
0000456d  Crash                                 
000045b9  CheckBumper                           
000045d3  Racing                                
000045e3  ClearData                             
000045f9  LogData                               
000046a9  SendData                              
0000496d  main                                  
00004e49  configureSimpleLinkToDefaultState     
00005027  establishConnectionWithAP             
0000508b  disconnectFromAP                      
000050bd  SimpleLinkWlanEventHandler            
0000512d  SimpleLinkNetAppEventHandler          
0000515d  SimpleLinkHttpServerCallback          
0000516b  SimpleLinkGeneralEventHandler         
0000517d  SimpleLinkSockEventHandler            
000053b9  sl_WlanConnect                        
00005629  sl_WlanDisconnect                     
0000565d  sl_WlanPolicySet                      
000056ed  sl_WlanPolicyGet                      
000057e1  sl_WlanProfileAdd                     
00005a95  sl_WlanProfileGet                     
00005b9f  sl_WlanProfileDel                     
00005bf1  sl_WlanGetNetworkList                 
00005c87  sl_WlanRxFilterAdd                    
00005d1d  sl_WlanRxFilterSet                    
00005da1  sl_WlanRxFilterGet                    
00005e35  sl_WlanRxStatStart                    
00005e65  sl_WlanRxStatStop                     
00005e99  sl_WlanRxStatGet                      
00005ef9  sl_WlanSmartConfigStop                
00005f2d  sl_WlanSmartConfigStart               
00005fe5  sl_WlanSetMode                        
0000603d  sl_WlanSet                            
000060d9  sl_WlanGet                            
000061b1  sl_NetAppStart                        
000061fd  sl_NetAppStop                         
00006249  sl_NetAppGetServiceList               
0000633b  sl_NetAppMDNSRegisterUnregisterService
00006411  sl_NetAppMDNSRegisterService          
00006475  sl_NetAppMDNSUnRegisterService        
000064e1  sl_NetAppDnsGetHostByService          
000065e9  _sl_HandleAsync_DnsGetHostByService   
000066af  _sl_HandleAsync_DnsGetHostByAddr      
000066c1  sl_NetAppDnsGetHostByName             
000067fd  _sl_HandleAsync_DnsGetHostByName      
000068d1  _sl_HandleAsync_PingResponse          
0000695d  sl_NetAppPingStart                    
00006afb  sl_NetAppSet                          
00006b8d  _sl_NetAppSendTokenValue              
00006bf9  sl_NetAppGet                          
00006cad  _SlDrvNetAppEventHandler              
00006dc1  Odometry_SetPower                     
00006dd9  Odometry_Init                         
00006df9  Odometry_Update                       
00007091  Odometry_GetX                         
00007097  Odometry_GetY                         
0000709d  Odometry_GetAngle                     
000070ad  Odometry_Get                          
000070e9  abs                                   
0000710d  UpdatePosition                        
00007181  Display                               
00007287  WaitUntilBumperTouched                
000072fb  StopUntilBumperTouched                
00007311  Forward                               
00007331  HardLeft                              
00007351  HardRight                             
00007371  SoftLeft                              
00007395  SoftRight                             
000073c9  ForwardUntilCrash                     
00007409  ForwardUntilX                         
000074ab  ForwardUntilXStart                    
00007511  ForwardUntilXStatus                   
00007581  ForwardUntilY                         
00007605  ForwardUntilYStart                    
00007633  ForwardUntilYStatus                   
000076a3  SoftLeftUntilTh                       
0000774d  SoftLeftUntilThStart                  
00007789  ForwardUntilThStatus                  
00007831  CheckGoal                             
00007891  __TI_printfi                          
000082df  _nop                                  
000082e1  UART0_Init                            
00008327  UART0_InChar                          
00008337  UART0_OutChar                         
00008353  UART0_OutString                       
00008371  UART0_InUDec                          
000083f5  UART0_OutUDec                         
00008425  UART0_OutSDec                         
00008599  UART0_OutUDec4                        
000085e1  UART0_OutUDec5                        
00008613  UART0_OutUFix1                        
0000863b  UART0_OutUFix2                        
00008685  UART0_InUHex                          
00008749  UART0_OutUHex                         
0000878d  outnibble                             
000087b5  UART0_OutUHex2                        
000087d1  UART0_InString                        
0000884b  fgetc                                 
00008865  ferror                                
0000887b  uart_open                             
0000888b  uart_close                            
00008897  uart_read                             
000088c7  uart_write                            
00008909  uart_lseek                            
00008919  uart_unlink                           
00008925  uart_rename                           
00008933  UART0_Initprintf                      
000089d5  sl_Task                               
000089dd  sl_Start                              
00008ab1  _sl_HandleAsync_InitComplete          
00008b35  _sl_HandleAsync_Stop                  
00008b7f  sl_Stop                               
00008c53  sl_EventMaskSet                       
00008cb9  sl_EventMaskGet                       
00008d25  sl_DevGet                             
00008de9  sl_DevSet                             
00008e79  _SlDrvDeviceEventHandler              
00008f31  PWM_Init1                             
00008f97  PWM_Init12                            
0000901b  PWM_Duty1                             
0000903b  PWM_Duty2                             
0000905b  PWM_Init34                            
000090df  PWM_Duty3                             
000090ff  PWM_Duty4                             
0000911f  PWM_RobotArmInit                      
00009247  PWM_RobotArmDuty0                     
00009267  PWM_RobotArmGetDuty0                  
0000926d  PWM_RobotArmDuty1                     
0000928d  PWM_RobotArmGetDuty1                  
00009293  PWM_RobotArmDuty2                     
000092b3  PWM_RobotArmGetDuty2                  
00009351  SystemCoreClockUpdate                 
000095c5  SystemInit                            
000098ed  fixed_sin                             
00009965  fixed_cos                             
000099e1  fixed_sin2                            
00009a6f  fixed_cos2                            
00009b1d  spi_Close                             
00009b29  spi_Open                              
00009c29  spi_Write                             
00009c83  spi_Read                              
00009d39  Clock_Init48MHz                       
00009e4f  Clock_GetFreq                         
00009e55  delay                                 
00009e63  Clock_Delay1us                        
00009e8d  Clock_Delay1ms                        
00009f19  ta3dummy                              
00009f25  TimerA3Capture_Init01                 
00009fa5  TA3_0_IRQHandler                      
00009fa5  TA3_0_IRQHandler                      
00009fbf  TA3_N_IRQHandler                      
00009fbf  TA3_N_IRQHandler                      
00009fff  TimerA3Capture_Init02                 
0000a2bd  __aeabi_dsub                          
0000a2c7  __aeabi_dadd                          
0000a473  __aeabi_idiv0                         
0000a473  __aeabi_ldiv0                         
0000a475  _SlNonOsSemSet                        
0000a48d  _SlNonOsSemGet                        
0000a535  _SlNonOsSpawn                         
0000a595  _SlNonOsMainLoopTask                  
0000a611  Motor_Init                            
0000a663  Motor_Stop                            
0000a677  Motor_Forward                         
0000a6b3  Motor_Right                           
0000a6f9  Motor_Left                            
0000a73f  Motor_Backward                        
0000a79d  sl_NetCfgSet                          
0000a827  sl_NetCfgGet                          
0000a905  tachometerRightInt                    
0000a94b  tachometerLeftInt                     
0000a991  Tachometer_Init                       
0000a9bb  Tachometer_Get                        
0000ab7d  __aeabi_ddiv                          
0000add9  initClk                               
0000ade9  registerInterruptHandler              
0000adfd  CC3100_disable                        
0000ae09  CC3100_enable                         
0000ae15  CC3100_InterruptEnable                
0000ae41  CC3100_InterruptDisable               
0000ae57  MaskIntHdlr                           
0000ae5f  UnMaskIntHdlr                         
0000ae67  stopWDT                               
0000ae71  PORT2_IRQHandler                      
0000ae71  PORT2_IRQHandler                      
0000ae93  Delay                                 
0000aef5  fputs                                 
0000b009  ldexp                                 
0000b009  ldexpl                                
0000b009  scalbn                                
0000b009  scalbnl                               
0000b225  __aeabi_dmul                          
0000b321  LaunchPad_Init                        
0000b391  LaunchPad_Input                       
0000b3ab  LaunchPad_LED                         
0000b3c9  LaunchPad_Output                      
0000b415  aligned_alloc                         
0000b415  memalign                              
0000b509  free                                  
0000b5f1  setvbuf                               
0000b6cd  FPU_enableModule                      
0000b6df  FPU_disableModule                     
0000b6ed  FPU_enableStacking                    
0000b6ff  FPU_enableLazyStacking                
0000b70b  FPU_disableStacking                   
0000b717  FPU_setHalfPrecisionMode              
0000b731  FPU_setNaNMode                        
0000b74b  FPU_setFlushToZeroMode                
0000b765  FPU_setRoundingMode                   
0000b78d  open                                  
0000b849  add_device                            
0000b9b5  TimerA1_Init                          
0000ba13  TimerA1_Stop                          
0000ba27  TA1_0_IRQHandler                      
0000ba27  TA1_0_IRQHandler                      
0000ba5d  fopen                                 
0000baf9  __aeabi_memcpy                        
0000baf9  __aeabi_memcpy4                       
0000baf9  __aeabi_memcpy8                       
0000baf9  memcpy                                
0000bb95  __aeabi_uldivmod                      
0000bc2d  fputc                                 
0000bc2d  putc                                  
0000bcb9  __aeabi_cdcmpeq                       
0000bcb9  __aeabi_cdcmple                       
0000bd3f  __aeabi_cdrcmple                      
0000be41  __aeabi_memclr                        
0000be41  __aeabi_memclr4                       
0000be41  __aeabi_memclr8                       
0000be43  __aeabi_memset                        
0000be43  __aeabi_memset4                       
0000be43  __aeabi_memset8                       
0000be49  memset                                
0000bebd  Bump_Init                             
0000bef1  Bump_Read                             
0000bf35  __TI_closefile                        
0000bfa9  Timer32_Init                          
0000bff1  T32_INT1_IRQHandler                   
0000bff1  T32_INT1_IRQHandler                   
0000c019  TimerA2_Init                          
0000c053  timer_GetCurrentTimestamp             
0000c0f9  HOSTlseek                             
0000c161  HOSTrename                            
0000c1c9  __TI_decompress_lzss                  
0000c231  printf                                
0000c299  frexp                                 
0000c299  frexpl                                
0000c2fd  fseek                                 
0000c361  __TI_wrt_ok                           
0000c3c5  HOSTopen                              
0000c425  close                                 
0000c481  HOSTread                              
0000c4d9  HOSTwrite                             
0000c531  Blinker_Init                          
0000c55b  Blinker_Output                        
0000c5df  ltoa                                  
0000c685  __TI_doflush                          
0000c6d1  atoi                                  
0000c71d  exit                                  
0000c765  __aeabi_d2iz                          
0000c7ad  HOSTclose                             
0000c7f1  HOSTunlink                            
0000c835  __TI_auto_init_nobinit_nopinit        
0000c879  getdevice                             
0000c8bd  sprintf                               
0000c93d  __TI_writemsg                         
0000c96b  C$$IO$$                               
0000c975  strncpy                               
0000c9ad  __TI_cleanup                          
0000c9e1  __TI_readmsg                          
0000ca15  _c_int00_noargs                       
0000ca49  freopen                               
0000ca7d  finddevice                            
0000caad  __aeabi_i2d                           
0000cadd  remove                                
0000cadd  unlink                                
0000cb31  lseek                                 
0000cb59  write                                 
0000cb81  DisableInterrupts                     
0000cb87  EnableInterrupts                      
0000cb8d  StartCritical                         
0000cb97  EndCritical                           
0000cb9f  WaitForInterrupt                      
0000cba5  memchr                                
0000cbc5  strcat                                
0000cc01  memccpy                               
0000cc1d  copysign                              
0000cc1d  copysignl                             
0000cc4f  strcmp                                
0000cc67  strchr                                
0000cc7d  strcpy                                
0000cc91  strlen                                
0000cca5  wcslen                                
0000ccb7  __TI_decompress_none                  
0000ccc5  Reset_Handler                         
0000ccd1  ADC14_IRQHandler                      
0000ccd1  AES256_IRQHandler                     
0000ccd1  BusFault_Handler                      
0000ccd1  COMP_E0_IRQHandler                    
0000ccd1  COMP_E1_IRQHandler                    
0000ccd1  CS_IRQHandler                         
0000ccd1  DMA_ERR_IRQHandler                    
0000ccd1  DMA_INT0_IRQHandler                   
0000ccd1  DMA_INT1_IRQHandler                   
0000ccd1  DMA_INT2_IRQHandler                   
0000ccd1  DMA_INT3_IRQHandler                   
0000ccd1  DebugMon_Handler                      
0000ccd1  Default_Handler                       
0000ccd1  EUSCIA0_IRQHandler                    
0000ccd1  EUSCIA1_IRQHandler                    
0000ccd1  EUSCIA2_IRQHandler                    
0000ccd1  EUSCIA3_IRQHandler                    
0000ccd1  EUSCIB0_IRQHandler                    
0000ccd1  EUSCIB1_IRQHandler                    
0000ccd1  EUSCIB2_IRQHandler                    
0000ccd1  EUSCIB3_IRQHandler                    
0000ccd1  FLCTL_IRQHandler                      
0000ccd1  FPU_IRQHandler                        
0000ccd1  HardFault_Handler                     
0000ccd1  MemManage_Handler                     
0000ccd1  NMI_Handler                           
0000ccd1  PCM_IRQHandler                        
0000ccd1  PORT1_IRQHandler                      
0000ccd1  PORT3_IRQHandler                      
0000ccd1  PORT4_IRQHandler                      
0000ccd1  PORT5_IRQHandler                      
0000ccd1  PORT6_IRQHandler                      
0000ccd1  PSS_IRQHandler                        
0000ccd1  PendSV_Handler                        
0000ccd1  RTC_C_IRQHandler                      
0000ccd1  SVC_Handler                           
0000ccd1  SysTick_Handler                       
0000ccd1  T32_INT2_IRQHandler                   
0000ccd1  T32_INTC_IRQHandler                   
0000ccd1  TA0_0_IRQHandler                      
0000ccd1  TA0_N_IRQHandler                      
0000ccd1  TA1_N_IRQHandler                      
0000ccd1  TA2_0_IRQHandler                      
0000ccd1  TA2_N_IRQHandler                      
0000ccd1  UsageFault_Handler                    
0000ccd1  WDT_A_IRQHandler                      
0000ccd3  __TI_zero_init                        
0000cce9  __aeabi_errno_addr                    
0000ccf1  malloc                                
0000cd01  _system_pre_init                      
0000cd05  C$$EXIT                               
0000cd05  abort                                 
0000cd08  SinTab2                               
0000ed08  SinTab                                
0000fb30  _ctypes_                              
0000fc32  OpcodeTranslateTable                  
0000fc70  _SlActionLookupTable                  
0000fdd4  _SlNetAppSendTokenValueCmdCtrl        
0000fee0  __TI_Handler_Table_Base               
0000feec  __TI_Handler_Table_Limit              
0000fef8  __TI_CINIT_Base                       
0000ff08  __TI_CINIT_Limit                      
20000000  Recvbuff                              
20000400  SendBuff                              
20000800  buffer                                
20000c00  LogMessage                            
200010cc  __CIOBUF_                             
200011ec  Value1String                          
200012ec  Value2String                          
200013ec  Value3String                          
200014ec  __TI_tmpnams                          
2000158c  Messageb                              
20001594  parmbuf                               
2000159c  DataCount                             
200015a0  DestinationIP                         
200015a4  Error                                 
200015a8  L                                     
200015ac  LastLeftSteps                         
200015b0  LastRightSteps                        
200015b4  LeftSteps                             
200015b8  Lr                                    
200015bc  Messageindexb                         
200015c0  MyTheta                               
200015c4  MyX                                   
200015c8  MyY                                   
200015cc  PeriodicTask32                        
200015d0  R                                     
200015d4  RacingStatus                          
200015d8  RightSteps                            
200015dc  Robottheta                            
200015e0  Robotx                                
200015e4  Roboty                                
200015e8  Rr                                    
200015ec  Running                               
200015f0  SockID                                
200015f4  TimerA1Task                           
200015f8  TotalLeftSteps                        
200015fc  TotalRightSteps                       
20001600  badCount                              
20001604  desiredTh                             
20001608  desiredX                              
2000160c  desiredY                              
20001610  dtheta                                
20001614  dz                                    
20001618  goal                                  
2000161c  lastgoal                              
20001620  rotation                              
20001624  vccstate                              
20001628  LeftTach                              
2000162a  RightTach                             
2000162c  StartX                                
2000162e  StartY                                
20001630  Tachometer_FirstLeftTime              
20001632  Tachometer_FirstRightTime             
20001634  Tachometer_SecondLeftTime             
20001636  Tachometer_SecondRightTime            
20001638  Action                                
20001639  Goal                                  
2000163a  IntIsMasked                           
2000163b  LeftDir                               
2000163c  RightDir                              
2000163d  RxIrqCnt                              
2000163e  g_bDeviceRestartIsRequired            
20001640  _sys_memory                           
20001a40  _ftable                               
20001b30  _device                               
20001ba8  _stream                               
20001bf8  g__SlNonOsCB                          
20001c34  ClockFrequency                        
20001c38  Prewait                               
20001c3c  CPMwait                               
20001c40  Postwait                              
20001c44  IFlags                                
20001c48  Crystalstable                         
20001c4c  __TI_ft_end                           
20001c50  __aeabi_stdin                         
20001c54  __aeabi_stdout                        
20001c58  __aeabi_stderr                        
20001c5c  g_SlDeviceStatus                      
20001c60  g_pCB                                 
20001c64  pPingCallBackFunc                     
20001c6c  __TI_cleanup_ptr                      
20001c70  __TI_dtors_ptr                        
20001c74  __TI_enable_exit_profile_output       
20001c78  CaptureTask0                          
20001c7c  CaptureTask1                          
20001c80  CaptureTask2                          
20001c84  Tachometer_RightSteps                 
20001c88  Tachometer_LeftSteps                  
20001c8c  Tachometer_RightDir                   
20001c8d  Tachometer_LeftDir                    
20001c90  _lock                                 
20001c94  _unlock                               
20001ca0  g_Status                              
20001ca4  bWifi                                 
20001ca8  MotorFast                             
20001cac  MotorSlow                             
20001cb0  CurrentX                              
20001cb2  CurrentY                              
20001cb4  pIraEventHandler                      
20001cbc  errno                                 
20001cc8  SystemCoreClock                       
2000fe00  __stack                               
20010000  __STACK_END                           
4000480c  WDTCTL_SYM                            
ffffffff  __TI_pprof_out_hndl                   
ffffffff  __TI_prof_data_size                   
ffffffff  __TI_prof_data_start                  
ffffffff  __binit__                             
ffffffff  __c_args__                            
ffffffff  binit                                 
UNDEFED   __mpu_init                            
UNDEFED   _system_post_cinit                    

[558 symbols]
